[11:29:26 19/7/2026] [MAIN] [INFO] MAIN [RUN-START] Starting Microsoft Rewards Script | v4.0.3 | Accounts: 1 | Proxy routes: 1 | Workers: 1 (auto)
[11:29:26 19/7/2026] [xiii-sexiao7821] [INFO] MAIN [ACCOUNT-START] Starting account: xiii-sexiao7821@hotmail.com | geoLocale: auto
[11:29:27 19/7/2026] [xiii-sexiao7821] [INFO] MAIN [PROXY] Proxy route verified for account; direct HTTP fallback is disabled
[11:29:27 19/7/2026] [xiii-sexiao7821] [INFO] MAIN [FLOW] Starting session for xiii-sexiao7821@hotmail.com
[11:29:27 19/7/2026] [xiii-sexiao7821] [INFO] MOBILE [BROWSER] Launching bundled patched Chromium (Edge UA) | headless: true | platform: win32 | proxy: yes (TLS errors ignored)
[11:29:28 19/7/2026] [xiii-sexiao7821] [INFO] MOBILE [BROWSER] Created context | User-Agent: "Mozilla/5.0 (Linux; Android 11; K) AppleWebKit/537.36 (KHTML, like Gecko) Chrome/151.0.0.0 Mobile Safari/537.36 EdgA/150.0.4078.65"
[11:29:28 19/7/2026] [xiii-sexiao7821] [INFO] MAIN [BROWSER] Mobile Browser started | xiii-sexiao7821@hotmail.com
[11:29:28 19/7/2026] [xiii-sexiao7821] [INFO] MOBILE [LOGIN] Starting login process
[11:29:37 19/7/2026] [xiii-sexiao7821] [INFO] MOBILE [LOGIN] Authentication flow reached Rewards | phase=initial login
[11:29:37 19/7/2026] [xiii-sexiao7821] [INFO] MOBILE [LOGIN] Finalizing login
[11:29:41 19/7/2026] [xiii-sexiao7821] [INFO] MOBILE [LOGIN] Rewards landing reached; dashboard verification pending
[11:29:41 19/7/2026] [xiii-sexiao7821] [INFO] MOBILE [LOGIN] Starting Bing session verification
[11:29:41 19/7/2026] [xiii-sexiao7821] [INFO] MOBILE [LOGIN-BING] Verifying Bing session
[11:29:50 19/7/2026] [xiii-sexiao7821] [INFO] MOBILE [LOGIN-BING] Bing session verified successfully
[11:29:50 19/7/2026] [xiii-sexiao7821] [INFO] MOBILE [LOGIN] Acquiring rewards context
[11:29:50 19/7/2026] [xiii-sexiao7821] [INFO] MOBILE [GET-REWARD-SESSION] Bootstrapping rewards context
[11:29:51 19/7/2026] [xiii-sexiao7821] [INFO] MOBILE [REACT-PARSE] Snapshot complete | offers=22 | reportable=9 | streaks=3 | streakProtectionEnabled=true | streakProtectionRemainingDays=14 | streakCounter=3 | level=null | account=xiii-sexiao7821@hotmail.com
[11:29:55 19/7/2026] [xiii-sexiao7821] [INFO] MOBILE [BOOTSTRAP] Context ready | actions=15 | reportable=9 | available=null
[11:29:55 19/7/2026] [xiii-sexiao7821] [INFO] MOBILE [BUILD] Rewards build | id=unknown
[11:29:55 19/7/2026] [xiii-sexiao7821] [INFO] MOBILE [GET-REWARD-SESSION] Context ready | actions=15 | reportable=9 | available=null
[11:29:55 19/7/2026] [xiii-sexiao7821] [INFO] MOBILE [LOGIN] Logged into Microsoft Rewards successfully
[11:29:55 19/7/2026] [xiii-sexiao7821] [INFO] MOBILE [LOGIN] Login completed, session saved
[11:29:55 19/7/2026] [xiii-sexiao7821] [INFO] MOBILE [GET-APP-TOKEN] Requesting mobile access token
[11:29:57 19/7/2026] [xiii-sexiao7821] [INFO] MOBILE [LOGIN-APP] Mobile access token received
[11:30:00 19/7/2026] [xiii-sexiao7821] [INFO] MAIN [POINTS] Earnable today | Mobile: 95 | Browser: 60 | App: 35 | xiii-sexiao7821@hotmail.com | locale: vn
[11:30:00 19/7/2026] [xiii-sexiao7821] [INFO] MOBILE [ENABLE-STREAK-PROTECTION] Already enabled | remainingDays=14
[11:30:00 19/7/2026] [xiii-sexiao7821] [INFO] MOBILE [DAILY-SET] Started solving "Daily Set" items
[11:30:00 19/7/2026] [xiii-sexiao7821] [INFO] MOBILE [ACTIVITY] Found activity type "UrlReward" | title="Turn referrals into rewards" | offerId=Global_DailySet_20260719_Child1
[11:30:00 19/7/2026] [xiii-sexiao7821] [INFO] MOBILE [URL-REWARD] Starting UrlReward | offerId=Global_DailySet_20260719_Child1 | geo=vn | currentBalance=835
[11:30:01 19/7/2026] [xiii-sexiao7821] [INFO] MOBILE [URL-REWARD] Completed UrlReward | offerId=Global_DailySet_20260719_Child1 | pointsGained=10 | currentBalance=845
[11:30:15 19/7/2026] [xiii-sexiao7821] [INFO] MOBILE [ACTIVITY] Found activity type "UrlReward" | title="Spring in the Bay" | offerId=Global_DailySet_20260719_Child2
[11:30:15 19/7/2026] [xiii-sexiao7821] [INFO] MOBILE [URL-REWARD] Starting UrlReward | offerId=Global_DailySet_20260719_Child2 | geo=vn | currentBalance=845
[11:30:16 19/7/2026] [xiii-sexiao7821] [INFO] MOBILE [URL-REWARD] Completed UrlReward | offerId=Global_DailySet_20260719_Child2 | pointsGained=10 | currentBalance=855
[11:30:38 19/7/2026] [xiii-sexiao7821] [INFO] MOBILE [ACTIVITY] Found activity type "UrlReward" | title="Grilled Perfection?" | offerId=Global_DailySet_20260719_Child3
[11:30:38 19/7/2026] [xiii-sexiao7821] [INFO] MOBILE [URL-REWARD] Starting UrlReward | offerId=Global_DailySet_20260719_Child3 | geo=vn | currentBalance=855
[11:30:39 19/7/2026] [xiii-sexiao7821] [INFO] MOBILE [URL-REWARD] Completed UrlReward | offerId=Global_DailySet_20260719_Child3 | pointsGained=10 | currentBalance=865
[11:30:58 19/7/2026] [xiii-sexiao7821] [INFO] MOBILE [DAILY-SET] All "Daily Set" items have been completed
[11:30:58 19/7/2026] [xiii-sexiao7821] [INFO] MOBILE [MORE-PROMOTIONS] Started solving 2 "More Promotions" items
[11:30:58 19/7/2026] [xiii-sexiao7821] [INFO] MOBILE [ACTIVITY] Found activity type "UrlReward" | title="Do you know the answer?" | offerId=ENstar_Rewards_DailyGlobalOffer_Evergreen_Sunday
[11:30:58 19/7/2026] [xiii-sexiao7821] [INFO] MOBILE [URL-REWARD] Starting UrlReward | offerId=ENstar_Rewards_DailyGlobalOffer_Evergreen_Sunday | geo=vn | currentBalance=865
[11:30:59 19/7/2026] [xiii-sexiao7821] [INFO] MOBILE [URL-REWARD] Completed UrlReward | offerId=ENstar_Rewards_DailyGlobalOffer_Evergreen_Sunday | pointsGained=5 | currentBalance=870
[11:31:14 19/7/2026] [xiii-sexiao7821] [INFO] MOBILE [ACTIVITY] Ignoring non-actionable welcome tour "Take the tour" | offerId=Gamification_FRE_Offer6nonwindows
[11:31:14 19/7/2026] [xiii-sexiao7821] [INFO] MOBILE [MORE-PROMOTIONS] All "More Promotion" items have been completed
[11:31:14 19/7/2026] [xiii-sexiao7821] [INFO] MOBILE [DAILY-CHECK-IN] Starting Daily Check-In | geo=vn | currentBalance=870
[11:31:14 19/7/2026] [xiii-sexiao7821] [INFO] MOBILE [DAILY-CHECK-IN] Completed Daily Check-In | type=103 | pointsGained=10 | currentBalance=880
[11:31:14 19/7/2026] [xiii-sexiao7821] [INFO] MOBILE [APP-PROMOTIONS] All "App Promotions" items have already been completed
[11:31:14 19/7/2026] [xiii-sexiao7821] [INFO] MOBILE [READ-TO-EARN] Starting Read to Earn | geo=vn | delayRange=30sec-50sec | currentBalance=880
[11:31:14 19/7/2026] [xiii-sexiao7821] [INFO] MOBILE [READ-TO-EARN] Read article 1/10 | status=200 | pointsGained=3 | currentBalance=883
