[22:26:23 18/7/2026] [MAIN] [INFO] MAIN [RUN-START] Starting Microsoft Rewards Script | v4.0.3 | Accounts: 1 | Proxy routes: 1 | Workers: 1 (auto)
[22:26:23 18/7/2026] [jacknoahkrystol7] [INFO] MAIN [ACCOUNT-START] Starting account: jacknoahkrystol7@hotmail.com | geoLocale: auto
[22:26:24 18/7/2026] [jacknoahkrystol7] [INFO] MAIN [PROXY] Proxy route verified for account; direct HTTP fallback is disabled
[22:26:24 18/7/2026] [jacknoahkrystol7] [INFO] MAIN [FLOW] Starting session for jacknoahkrystol7@hotmail.com
[22:26:24 18/7/2026] [jacknoahkrystol7] [INFO] MOBILE [BROWSER] Launching bundled patched Chromium (Edge UA) | headless: true | platform: win32 | proxy: yes (TLS errors ignored)
[22:26:26 18/7/2026] [jacknoahkrystol7] [INFO] MOBILE [BROWSER] Created context | User-Agent: "Mozilla/5.0 (Linux; Android 14; K) AppleWebKit/537.36 (KHTML, like Gecko) Chrome/151.0.0.0 Mobile Safari/537.36 EdgA/150.0.4078.65"
[22:26:26 18/7/2026] [jacknoahkrystol7] [INFO] MAIN [BROWSER] Mobile Browser started | jacknoahkrystol7@hotmail.com
[22:26:26 18/7/2026] [jacknoahkrystol7] [INFO] MOBILE [LOGIN] Starting login process
[22:32:23 18/7/2026] [MAIN] [INFO] MAIN [RUN-START] Starting Microsoft Rewards Script | v4.0.3 | Accounts: 1 | Proxy routes: 1 | Workers: 1 (auto)
[22:32:23 18/7/2026] [jacknoahkrystol7] [INFO] MAIN [ACCOUNT-START] Starting account: jacknoahkrystol7@hotmail.com | geoLocale: auto
[22:32:24 18/7/2026] [jacknoahkrystol7] [INFO] MAIN [PROXY] Proxy route verified for account; direct HTTP fallback is disabled
[22:32:24 18/7/2026] [jacknoahkrystol7] [INFO] MAIN [FLOW] Starting session for jacknoahkrystol7@hotmail.com
[22:32:24 18/7/2026] [jacknoahkrystol7] [INFO] MOBILE [BROWSER] Launching bundled patched Chromium (Edge UA) | headless: true | platform: win32 | proxy: yes (TLS errors ignored)
[22:32:25 18/7/2026] [jacknoahkrystol7] [INFO] MOBILE [BROWSER] Created context | User-Agent: "Mozilla/5.0 (Linux; Android 14; K) AppleWebKit/537.36 (KHTML, like Gecko) Chrome/151.0.0.0 Mobile Safari/537.36 EdgA/150.0.4078.65"
[22:32:25 18/7/2026] [jacknoahkrystol7] [INFO] MAIN [BROWSER] Mobile Browser started | jacknoahkrystol7@hotmail.com
[22:32:25 18/7/2026] [jacknoahkrystol7] [INFO] MOBILE [LOGIN] Starting login process
[22:32:36 18/7/2026] [jacknoahkrystol7] [INFO] MOBILE [LOGIN] Entering email
[22:32:41 18/7/2026] [jacknoahkrystol7] [INFO] MOBILE [LOGIN-ENTER-EMAIL] Email submitted
[22:32:46 18/7/2026] [jacknoahkrystol7] [INFO] MOBILE [LOGIN] Email entered successfully
[22:32:53 18/7/2026] [jacknoahkrystol7] [INFO] MOBILE [LOGIN] State transition: EMAIL_INPUT → GET_A_CODE
[22:32:53 18/7/2026] [jacknoahkrystol7] [INFO] MOBILE [LOGIN] Attempting to bypass "Get code" page
[22:33:00 18/7/2026] [jacknoahkrystol7] [INFO] MOBILE [LOGIN] Other ways to sign in clicked
[22:33:08 18/7/2026] [jacknoahkrystol7] [INFO] MOBILE [LOGIN] State transition: GET_A_CODE → UNKNOWN
[22:33:08 18/7/2026] [jacknoahkrystol7] [WARN] MOBILE [LOGIN] Unknown state at login.live.com/oauth20_authorize.srf, waiting
[22:33:15 18/7/2026] [jacknoahkrystol7] [WARN] MOBILE [LOGIN] Unknown state at login.live.com/oauth20_authorize.srf, waiting
[22:33:23 18/7/2026] [jacknoahkrystol7] [INFO] MOBILE [LOGIN] OTP code entry page detected, attempting to find password option
[22:33:30 18/7/2026] [jacknoahkrystol7] [INFO] MOBILE [LOGIN] Footer link clicked
[22:33:30 18/7/2026] [jacknoahkrystol7] [INFO] MOBILE [LOGIN] Navigated back from OTP entry page
[22:33:37 18/7/2026] [jacknoahkrystol7] [INFO] MOBILE [LOGIN] State transition: OTP_CODE_ENTRY → UNKNOWN
[22:33:37 18/7/2026] [jacknoahkrystol7] [WARN] MOBILE [LOGIN] Unknown state at login.live.com/oauth20_authorize.srf, waiting
[22:33:44 18/7/2026] [jacknoahkrystol7] [INFO] MOBILE [LOGIN] Entering password
[22:33:48 18/7/2026] [jacknoahkrystol7] [INFO] MOBILE [LOGIN-ENTER-PASSWORD] Password submitted
[22:33:51 18/7/2026] [jacknoahkrystol7] [INFO] MOBILE [LOGIN] Password entered successfully
[22:33:53 18/7/2026] [jacknoahkrystol7] [INFO] MOBILE [LOGIN] State transition: PASSWORD_INPUT → KMSI_PROMPT
[22:33:53 18/7/2026] [jacknoahkrystol7] [INFO] MOBILE [LOGIN] Accepting KMSI prompt
[22:33:58 18/7/2026] [jacknoahkrystol7] [INFO] MOBILE [LOGIN] KMSI prompt accepted
[22:34:07 18/7/2026] [jacknoahkrystol7] [INFO] MOBILE [LOGIN] State transition: KMSI_PROMPT → UNKNOWN
[22:34:07 18/7/2026] [jacknoahkrystol7] [WARN] MOBILE [LOGIN] Unknown state at rewards.bing.com/about, waiting
[22:34:09 18/7/2026] [jacknoahkrystol7] [INFO] MOBILE [LOGIN] Authentication flow reached Rewards | phase=initial login
[22:34:09 18/7/2026] [jacknoahkrystol7] [INFO] MOBILE [LOGIN] Finalizing login
[22:34:13 18/7/2026] [jacknoahkrystol7] [INFO] MOBILE [LOGIN] Rewards landing reached; dashboard verification pending
[22:34:20 18/7/2026] [jacknoahkrystol7] [INFO] MOBILE [LOGIN] Starting Bing session verification
[22:34:20 18/7/2026] [jacknoahkrystol7] [INFO] MOBILE [LOGIN-BING] Verifying Bing session
[22:34:36 18/7/2026] [jacknoahkrystol7] [INFO] MOBILE [LOGIN-BING] Bing session verified successfully
[22:34:36 18/7/2026] [jacknoahkrystol7] [INFO] MOBILE [LOGIN] Acquiring rewards context
[22:34:36 18/7/2026] [jacknoahkrystol7] [INFO] MOBILE [GET-REWARD-SESSION] Bootstrapping rewards context
[22:34:38 18/7/2026] [jacknoahkrystol7] [WARN] MOBILE [BOOTSTRAP] Rewards /dashboard navigation stopped | attempt=1/3 | url=login.live.com/oauth20_authorize.srf | error=Rewards authentication is required after redirect to login.live.com/oauth20_authorize.srf
[22:34:38 18/7/2026] [jacknoahkrystol7] [WARN] MOBILE [GET-REWARD-SESSION] Rewards authentication required at login.live.com/oauth20_authorize.srf; resuming Microsoft login flow once
[22:34:44 18/7/2026] [jacknoahkrystol7] [INFO] MOBILE [LOGIN] Authentication flow reached Rewards | phase=Rewards OAuth recovery
[22:34:46 18/7/2026] [jacknoahkrystol7] [INFO] MOBILE [REACT-PARSE] Snapshot complete | offers=29 | reportable=18 | streaks=4 | streakProtectionEnabled=true | streakProtectionRemainingDays=14 | streakCounter=1 | level=null | account=jacknoahkrystol7@hotmail.com
[22:34:59 18/7/2026] [jacknoahkrystol7] [INFO] MOBILE [BOOTSTRAP] Context ready | actions=15 | reportable=18 | available=null
[22:34:59 18/7/2026] [jacknoahkrystol7] [INFO] MOBILE [BUILD] Rewards build | id=unknown
[22:34:59 18/7/2026] [jacknoahkrystol7] [INFO] MOBILE [GET-REWARD-SESSION] Context ready | actions=15 | reportable=18 | available=null
[22:34:59 18/7/2026] [jacknoahkrystol7] [INFO] MOBILE [LOGIN] Logged into Microsoft Rewards successfully
[22:35:00 18/7/2026] [jacknoahkrystol7] [INFO] MOBILE [LOGIN] Login completed, session saved
[22:35:00 18/7/2026] [jacknoahkrystol7] [INFO] MOBILE [GET-APP-TOKEN] Requesting mobile access token
[22:35:03 18/7/2026] [jacknoahkrystol7] [INFO] MOBILE [LOGIN-APP] Mobile access token received
[22:35:07 18/7/2026] [jacknoahkrystol7] [INFO] MAIN [POINTS] Earnable today | Mobile: 35 | Browser: 0 | App: 35 | jacknoahkrystol7@hotmail.com | locale: vn
[22:35:07 18/7/2026] [jacknoahkrystol7] [INFO] MOBILE [ENABLE-STREAK-PROTECTION] Already enabled | remainingDays=14
[22:35:07 18/7/2026] [jacknoahkrystol7] [INFO] MOBILE [DAILY-SET] Started solving "Daily Set" items
[22:35:07 18/7/2026] [jacknoahkrystol7] [INFO] MOBILE [ACTIVITY] Found activity type "UrlReward" | title="Upcoming comedy events" | offerId=Global_DailySet_20260718_Child1
[22:35:07 18/7/2026] [jacknoahkrystol7] [INFO] MOBILE [URL-REWARD] Starting UrlReward | offerId=Global_DailySet_20260718_Child1 | geo=vn | currentBalance=180
[22:35:08 18/7/2026] [jacknoahkrystol7] [INFO] MOBILE [URL-REWARD] Completed UrlReward | offerId=Global_DailySet_20260718_Child1 | pointsGained=10 | currentBalance=190
[22:35:33 18/7/2026] [jacknoahkrystol7] [INFO] MOBILE [ACTIVITY] Found activity type "UrlReward" | title="Boston’s spring bloom" | offerId=Global_DailySet_20260718_Child2
[22:35:33 18/7/2026] [jacknoahkrystol7] [INFO] MOBILE [URL-REWARD] Starting UrlReward | offerId=Global_DailySet_20260718_Child2 | geo=vn | currentBalance=190
[22:35:34 18/7/2026] [jacknoahkrystol7] [INFO] MOBILE [URL-REWARD] Completed UrlReward | offerId=Global_DailySet_20260718_Child2 | pointsGained=10 | currentBalance=200
[22:35:51 18/7/2026] [jacknoahkrystol7] [INFO] MOBILE [ACTIVITY] Found activity type "UrlReward" | title="Starry Visionary?" | offerId=Global_DailySet_20260718_Child3
[22:35:51 18/7/2026] [jacknoahkrystol7] [INFO] MOBILE [URL-REWARD] Starting UrlReward | offerId=Global_DailySet_20260718_Child3 | geo=vn | currentBalance=200
[22:35:52 18/7/2026] [jacknoahkrystol7] [INFO] MOBILE [URL-REWARD] Completed UrlReward | offerId=Global_DailySet_20260718_Child3 | pointsGained=10 | currentBalance=210
[22:36:10 18/7/2026] [jacknoahkrystol7] [INFO] MOBILE [DAILY-SET] All "Daily Set" items have been completed
[22:36:10 18/7/2026] [jacknoahkrystol7] [INFO] MOBILE [MORE-PROMOTIONS] Started solving 13 "More Promotions" items
[22:36:10 18/7/2026] [jacknoahkrystol7] [INFO] MOBILE [ACTIVITY] Found activity type "UrlReward" | title="Have you heard this quote?" | offerId=ENstar_Rewards_DailyGlobalOffer_Evergreen_Saturday
[22:36:10 18/7/2026] [jacknoahkrystol7] [INFO] MOBILE [URL-REWARD] Starting UrlReward | offerId=ENstar_Rewards_DailyGlobalOffer_Evergreen_Saturday | geo=vn | currentBalance=210
[22:36:11 18/7/2026] [jacknoahkrystol7] [INFO] MOBILE [URL-REWARD] Completed UrlReward | offerId=ENstar_Rewards_DailyGlobalOffer_Evergreen_Saturday | pointsGained=5 | currentBalance=215
[22:36:30 18/7/2026] [jacknoahkrystol7] [WARN] MOBILE [ACTIVITY] Skipped activity "Take the tour" | offerId=Gamification_FRE_Offer6nonwindows | Reason: Unsupported type "welcometour"
[22:36:37 18/7/2026] [jacknoahkrystol7] [INFO] MOBILE [ACTIVITY] Found activity type "UrlReward" | title="Soccer legend" | offerId=WW_Rewards_Campaign_Global_EU_Expansion_BingOffer2
[22:36:37 18/7/2026] [jacknoahkrystol7] [INFO] MOBILE [URL-REWARD] Starting UrlReward | offerId=WW_Rewards_Campaign_Global_EU_Expansion_BingOffer2 | geo=vn | currentBalance=215
[22:36:38 18/7/2026] [jacknoahkrystol7] [INFO] MOBILE [URL-REWARD] Completed UrlReward | offerId=WW_Rewards_Campaign_Global_EU_Expansion_BingOffer2 | pointsGained=5 | currentBalance=220
[22:36:59 18/7/2026] [jacknoahkrystol7] [INFO] MOBILE [ACTIVITY] Found activity type "UrlReward" | title="It's all Greek" | offerId=WW_Rewards_Campaign_Global_EU_Expansion_BingOffer3
[22:36:59 18/7/2026] [jacknoahkrystol7] [INFO] MOBILE [URL-REWARD] Starting UrlReward | offerId=WW_Rewards_Campaign_Global_EU_Expansion_BingOffer3 | geo=vn | currentBalance=220
[22:37:00 18/7/2026] [jacknoahkrystol7] [INFO] MOBILE [URL-REWARD] Completed UrlReward | offerId=WW_Rewards_Campaign_Global_EU_Expansion_BingOffer3 | pointsGained=5 | currentBalance=225
[22:37:14 18/7/2026] [jacknoahkrystol7] [INFO] MOBILE [ACTIVITY] Found activity type "UrlReward" | title="Dinner ideas" | offerId=WW_Rewards_Campaign_Global_EU_Expansion_BingOffer4
[22:37:14 18/7/2026] [jacknoahkrystol7] [INFO] MOBILE [URL-REWARD] Starting UrlReward | offerId=WW_Rewards_Campaign_Global_EU_Expansion_BingOffer4 | geo=vn | currentBalance=225
[22:37:15 18/7/2026] [jacknoahkrystol7] [INFO] MOBILE [URL-REWARD] Completed UrlReward | offerId=WW_Rewards_Campaign_Global_EU_Expansion_BingOffer4 | pointsGained=5 | currentBalance=230
[22:37:28 18/7/2026] [jacknoahkrystol7] [INFO] MOBILE [ACTIVITY] Found activity type "UrlReward" | title="Lock and key" | offerId=WW_Rewards_Campaign_Global_EU_Expansion_EdgeOffer1
[22:37:28 18/7/2026] [jacknoahkrystol7] [INFO] MOBILE [URL-REWARD] Starting UrlReward | offerId=WW_Rewards_Campaign_Global_EU_Expansion_EdgeOffer1 | geo=vn | currentBalance=230
[22:37:29 18/7/2026] [jacknoahkrystol7] [INFO] MOBILE [URL-REWARD] Completed UrlReward | offerId=WW_Rewards_Campaign_Global_EU_Expansion_EdgeOffer1 | pointsGained=5 | currentBalance=235
[22:37:47 18/7/2026] [jacknoahkrystol7] [INFO] MOBILE [ACTIVITY] Found activity type "UrlReward" | title="A new web hero" | offerId=WW_Rewards_Campaign_Global_EU_Expansion_EdgeOffer2
[22:37:47 18/7/2026] [jacknoahkrystol7] [INFO] MOBILE [URL-REWARD] Starting UrlReward | offerId=WW_Rewards_Campaign_Global_EU_Expansion_EdgeOffer2 | geo=vn | currentBalance=235
[22:37:49 18/7/2026] [jacknoahkrystol7] [INFO] MOBILE [URL-REWARD] Completed UrlReward | offerId=WW_Rewards_Campaign_Global_EU_Expansion_EdgeOffer2 | pointsGained=5 | currentBalance=240
[22:38:01 18/7/2026] [jacknoahkrystol7] [INFO] MOBILE [ACTIVITY] Found activity type "UrlReward" | title="Take today's news quiz" | offerId=ENstar_Rewards_DailyGlobalOffer_Evergreen_Friday
[22:38:01 18/7/2026] [jacknoahkrystol7] [INFO] MOBILE [URL-REWARD] Starting UrlReward | offerId=ENstar_Rewards_DailyGlobalOffer_Evergreen_Friday | geo=vn | currentBalance=240
[22:38:02 18/7/2026] [jacknoahkrystol7] [INFO] MOBILE [URL-REWARD] Completed UrlReward | offerId=ENstar_Rewards_DailyGlobalOffer_Evergreen_Friday | pointsGained=5 | currentBalance=245
[22:38:25 18/7/2026] [jacknoahkrystol7] [INFO] MOBILE [ACTIVITY] Found activity type "UrlReward" | title="Complete this puzzle" | offerId=ENstar_Rewards_DailyGlobalOffer_Evergreen_Monday
[22:38:25 18/7/2026] [jacknoahkrystol7] [INFO] MOBILE [URL-REWARD] Starting UrlReward | offerId=ENstar_Rewards_DailyGlobalOffer_Evergreen_Monday | geo=vn | currentBalance=245
[22:38:26 18/7/2026] [jacknoahkrystol7] [INFO] MOBILE [URL-REWARD] Completed UrlReward | offerId=ENstar_Rewards_DailyGlobalOffer_Evergreen_Monday | pointsGained=5 | currentBalance=250
[22:38:43 18/7/2026] [jacknoahkrystol7] [INFO] MOBILE [ACTIVITY] Found activity type "UrlReward" | title="Do you know the answer?" | offerId=ENstar_Rewards_DailyGlobalOffer_Evergreen_Sunday
[22:38:43 18/7/2026] [jacknoahkrystol7] [INFO] MOBILE [URL-REWARD] Starting UrlReward | offerId=ENstar_Rewards_DailyGlobalOffer_Evergreen_Sunday | geo=vn | currentBalance=250
[22:38:44 18/7/2026] [jacknoahkrystol7] [INFO] MOBILE [URL-REWARD] Completed UrlReward | offerId=ENstar_Rewards_DailyGlobalOffer_Evergreen_Sunday | pointsGained=5 | currentBalance=255
[22:39:06 18/7/2026] [jacknoahkrystol7] [INFO] MOBILE [ACTIVITY] Found activity type "UrlReward" | title="Mid-week puzzle" | offerId=ENstar_Rewards_DailyGlobalOffer_Evergreen_Thursday
[22:39:06 18/7/2026] [jacknoahkrystol7] [INFO] MOBILE [URL-REWARD] Starting UrlReward | offerId=ENstar_Rewards_DailyGlobalOffer_Evergreen_Thursday | geo=vn | currentBalance=255
[22:39:08 18/7/2026] [jacknoahkrystol7] [INFO] MOBILE [URL-REWARD] Completed UrlReward | offerId=ENstar_Rewards_DailyGlobalOffer_Evergreen_Thursday | pointsGained=5 | currentBalance=260
[22:39:32 18/7/2026] [jacknoahkrystol7] [INFO] MOBILE [ACTIVITY] Found activity type "UrlReward" | title="Do you know the answer?" | offerId=ENstar_Rewards_DailyGlobalOffer_Evergreen_Tuesday
[22:39:32 18/7/2026] [jacknoahkrystol7] [INFO] MOBILE [URL-REWARD] Starting UrlReward | offerId=ENstar_Rewards_DailyGlobalOffer_Evergreen_Tuesday | geo=vn | currentBalance=260
[22:39:33 18/7/2026] [jacknoahkrystol7] [INFO] MOBILE [URL-REWARD] Completed UrlReward | offerId=ENstar_Rewards_DailyGlobalOffer_Evergreen_Tuesday | pointsGained=5 | currentBalance=265
[22:39:54 18/7/2026] [jacknoahkrystol7] [INFO] MOBILE [ACTIVITY] Found activity type "UrlReward" | title="Quote of the day" | offerId=ENstar_Rewards_DailyGlobalOffer_Evergreen_Wednesday
[22:39:54 18/7/2026] [jacknoahkrystol7] [INFO] MOBILE [URL-REWARD] Starting UrlReward | offerId=ENstar_Rewards_DailyGlobalOffer_Evergreen_Wednesday | geo=vn | currentBalance=265
[22:39:56 18/7/2026] [jacknoahkrystol7] [INFO] MOBILE [URL-REWARD] Completed UrlReward | offerId=ENstar_Rewards_DailyGlobalOffer_Evergreen_Wednesday | pointsGained=5 | currentBalance=270
[22:40:07 18/7/2026] [jacknoahkrystol7] [INFO] MOBILE [MORE-PROMOTIONS] All "More Promotion" items have been completed
[22:40:07 18/7/2026] [jacknoahkrystol7] [INFO] MOBILE [DAILY-CHECK-IN] Starting Daily Check-In | geo=vn | currentBalance=270
[22:40:08 18/7/2026] [jacknoahkrystol7] [INFO] MOBILE [DAILY-CHECK-IN] Completed Daily Check-In | type=103 | pointsGained=5 | currentBalance=275
[22:40:08 18/7/2026] [jacknoahkrystol7] [INFO] MOBILE [APP-PROMOTIONS] All "App Promotions" items have already been completed
[22:40:08 18/7/2026] [jacknoahkrystol7] [INFO] MOBILE [READ-TO-EARN] Starting Read to Earn | geo=vn | delayRange=30sec-50sec | currentBalance=275
[22:40:08 18/7/2026] [jacknoahkrystol7] [INFO] MOBILE [READ-TO-EARN] Read article 1/10 | status=200 | pointsGained=3 | currentBalance=278
[22:40:44 18/7/2026] [jacknoahkrystol7] [INFO] MOBILE [READ-TO-EARN] Read article 2/10 | status=200 | pointsGained=3 | currentBalance=281
[22:41:31 18/7/2026] [jacknoahkrystol7] [INFO] MOBILE [READ-TO-EARN] Read article 3/10 | status=200 | pointsGained=3 | currentBalance=284
