[11:26:23 19/7/2026] [MAIN] [INFO] MAIN [RUN-START] Starting Microsoft Rewards Script | v4.0.3 | Accounts: 1 | Proxy routes: 1 | Workers: 1 (auto)
[11:26:23 19/7/2026] [nicorim.jurjann] [INFO] MAIN [ACCOUNT-START] Starting account: nicorim.jurjann@hotmail.com | geoLocale: auto
[11:26:24 19/7/2026] [nicorim.jurjann] [INFO] MAIN [PROXY] Proxy route verified for account; direct HTTP fallback is disabled
[11:26:24 19/7/2026] [nicorim.jurjann] [INFO] MAIN [FLOW] Starting session for nicorim.jurjann@hotmail.com
[11:26:24 19/7/2026] [nicorim.jurjann] [INFO] MOBILE [BROWSER] Launching bundled patched Chromium (Edge UA) | headless: true | platform: win32 | proxy: yes (TLS errors ignored)
[11:26:27 19/7/2026] [nicorim.jurjann] [INFO] MOBILE [BROWSER] Created context | User-Agent: "Mozilla/5.0 (Linux; Android 11; K) AppleWebKit/537.36 (KHTML, like Gecko) Chrome/151.0.0.0 Mobile Safari/537.36 EdgA/150.0.4078.81"
[11:26:27 19/7/2026] [nicorim.jurjann] [INFO] MAIN [BROWSER] Mobile Browser started | nicorim.jurjann@hotmail.com
[11:26:27 19/7/2026] [nicorim.jurjann] [INFO] MOBILE [LOGIN] Starting login process
[11:26:38 19/7/2026] [nicorim.jurjann] [INFO] MOBILE [LOGIN] Entering email
[11:26:43 19/7/2026] [nicorim.jurjann] [INFO] MOBILE [LOGIN-ENTER-EMAIL] Email submitted
[11:26:48 19/7/2026] [nicorim.jurjann] [INFO] MOBILE [LOGIN] Email entered successfully
[11:26:55 19/7/2026] [nicorim.jurjann] [INFO] MOBILE [LOGIN] State transition: EMAIL_INPUT → GET_A_CODE
[11:26:55 19/7/2026] [nicorim.jurjann] [INFO] MOBILE [LOGIN] Attempting to bypass "Get code" page
[11:27:01 19/7/2026] [nicorim.jurjann] [INFO] MOBILE [LOGIN] Other ways to sign in clicked
[11:27:07 19/7/2026] [nicorim.jurjann] [INFO] MOBILE [LOGIN] State transition: GET_A_CODE → OTP_CODE_ENTRY
[11:27:07 19/7/2026] [nicorim.jurjann] [INFO] MOBILE [LOGIN] OTP code entry page detected, attempting to find password option
[11:27:13 19/7/2026] [nicorim.jurjann] [INFO] MOBILE [LOGIN] Footer link clicked
[11:27:13 19/7/2026] [nicorim.jurjann] [INFO] MOBILE [LOGIN] Navigated back from OTP entry page
[11:27:20 19/7/2026] [nicorim.jurjann] [INFO] MOBILE [LOGIN] State transition: OTP_CODE_ENTRY → PASSWORD_INPUT
[11:27:20 19/7/2026] [nicorim.jurjann] [INFO] MOBILE [LOGIN] Entering password
[11:27:24 19/7/2026] [nicorim.jurjann] [INFO] MOBILE [LOGIN-ENTER-PASSWORD] Password submitted
[11:27:29 19/7/2026] [nicorim.jurjann] [INFO] MOBILE [LOGIN] Password entered successfully
[11:27:30 19/7/2026] [nicorim.jurjann] [INFO] MOBILE [LOGIN] State transition: PASSWORD_INPUT → LOGGED_IN
[11:27:30 19/7/2026] [nicorim.jurjann] [INFO] MOBILE [LOGIN] Authentication flow reached Rewards | phase=initial login
[11:27:30 19/7/2026] [nicorim.jurjann] [INFO] MOBILE [LOGIN] Finalizing login
[11:27:35 19/7/2026] [nicorim.jurjann] [INFO] MOBILE [LOGIN] Rewards landing reached; dashboard verification pending
[11:27:40 19/7/2026] [nicorim.jurjann] [INFO] MOBILE [LOGIN] Starting Bing session verification
[11:27:40 19/7/2026] [nicorim.jurjann] [INFO] MOBILE [LOGIN-BING] Verifying Bing session
[11:27:51 19/7/2026] [nicorim.jurjann] [INFO] MOBILE [LOGIN-BING] Bing session verified successfully
[11:27:51 19/7/2026] [nicorim.jurjann] [INFO] MOBILE [LOGIN] Acquiring rewards context
[11:27:51 19/7/2026] [nicorim.jurjann] [INFO] MOBILE [GET-REWARD-SESSION] Bootstrapping rewards context
[11:27:54 19/7/2026] [nicorim.jurjann] [WARN] MOBILE [BOOTSTRAP] Rewards /dashboard navigation stopped | attempt=1/3 | url=login.live.com/oauth20_authorize.srf | error=Rewards authentication is required after redirect to login.live.com/oauth20_authorize.srf
[11:27:54 19/7/2026] [nicorim.jurjann] [WARN] MOBILE [GET-REWARD-SESSION] Rewards authentication required at login.live.com/oauth20_authorize.srf; resuming Microsoft login flow once
[11:27:59 19/7/2026] [nicorim.jurjann] [INFO] MOBILE [LOGIN] Authentication flow reached Rewards | phase=Rewards OAuth recovery
[11:28:03 19/7/2026] [nicorim.jurjann] [INFO] MOBILE [REACT-PARSE] Snapshot complete | offers=24 | reportable=16 | streaks=4 | streakProtectionEnabled=false | streakProtectionRemainingDays=14 | streakCounter=0 | level=null | account=nicorim.jurjann@hotmail.com
[11:28:09 19/7/2026] [nicorim.jurjann] [INFO] MOBILE [BOOTSTRAP] Context ready | actions=15 | reportable=16 | available=null
[11:28:09 19/7/2026] [nicorim.jurjann] [INFO] MOBILE [BUILD] Rewards build | id=unknown
[11:28:09 19/7/2026] [nicorim.jurjann] [INFO] MOBILE [GET-REWARD-SESSION] Context ready | actions=15 | reportable=16 | available=null
[11:28:09 19/7/2026] [nicorim.jurjann] [INFO] MOBILE [LOGIN] Logged into Microsoft Rewards successfully
[11:28:10 19/7/2026] [nicorim.jurjann] [INFO] MOBILE [LOGIN] Login completed, session saved
[11:28:10 19/7/2026] [nicorim.jurjann] [INFO] MOBILE [GET-APP-TOKEN] Requesting mobile access token
[11:28:12 19/7/2026] [nicorim.jurjann] [INFO] MOBILE [LOGIN-APP] Mobile access token received
[11:28:15 19/7/2026] [nicorim.jurjann] [INFO] MAIN [POINTS] Earnable today | Mobile: 35 | Browser: 0 | App: 35 | nicorim.jurjann@hotmail.com | locale: vn
[11:28:15 19/7/2026] [nicorim.jurjann] [INFO] MOBILE [ENABLE-STREAK-PROTECTION] Starting EnsureStreakProtection | action=reportToggleStreakProtection | before=enabled=false,remainingDays=14
[11:28:16 19/7/2026] [nicorim.jurjann] [INFO] MOBILE [ENABLE-STREAK-PROTECTION] Completed | streakProtectionEnabled=true | remainingDays=14 | status=200
[11:28:25 19/7/2026] [nicorim.jurjann] [INFO] MOBILE [DAILY-SET] Started solving "Daily Set" items
[11:28:25 19/7/2026] [nicorim.jurjann] [INFO] MOBILE [ACTIVITY] Found activity type "UrlReward" | title="Turn referrals into rewards" | offerId=Global_DailySet_20260719_Child1
[11:28:25 19/7/2026] [nicorim.jurjann] [INFO] MOBILE [URL-REWARD] Starting UrlReward | offerId=Global_DailySet_20260719_Child1 | geo=vn | currentBalance=0
[11:28:26 19/7/2026] [nicorim.jurjann] [INFO] MOBILE [URL-REWARD] Completed UrlReward | offerId=Global_DailySet_20260719_Child1 | pointsGained=10 | currentBalance=10
[11:28:39 19/7/2026] [nicorim.jurjann] [INFO] MOBILE [ACTIVITY] Found activity type "UrlReward" | title="Spring in the Bay" | offerId=Global_DailySet_20260719_Child2
[11:28:39 19/7/2026] [nicorim.jurjann] [INFO] MOBILE [URL-REWARD] Starting UrlReward | offerId=Global_DailySet_20260719_Child2 | geo=vn | currentBalance=10
[11:28:40 19/7/2026] [nicorim.jurjann] [INFO] MOBILE [URL-REWARD] Completed UrlReward | offerId=Global_DailySet_20260719_Child2 | pointsGained=10 | currentBalance=20
[11:28:59 19/7/2026] [nicorim.jurjann] [INFO] MOBILE [ACTIVITY] Found activity type "UrlReward" | title="Grilled Perfection?" | offerId=Global_DailySet_20260719_Child3
[11:28:59 19/7/2026] [nicorim.jurjann] [INFO] MOBILE [URL-REWARD] Starting UrlReward | offerId=Global_DailySet_20260719_Child3 | geo=vn | currentBalance=20
[11:29:00 19/7/2026] [nicorim.jurjann] [INFO] MOBILE [URL-REWARD] Completed UrlReward | offerId=Global_DailySet_20260719_Child3 | pointsGained=10 | currentBalance=30
[11:29:21 19/7/2026] [nicorim.jurjann] [INFO] MOBILE [DAILY-SET] All "Daily Set" items have been completed
[11:29:21 19/7/2026] [nicorim.jurjann] [INFO] MOBILE [MORE-PROMOTIONS] Started solving 7 "More Promotions" items
[11:29:21 19/7/2026] [nicorim.jurjann] [INFO] MOBILE [ACTIVITY] Found activity type "UrlReward" | title="Do you know the answer?" | offerId=ENstar_Rewards_DailyGlobalOffer_Evergreen_Sunday
[11:29:21 19/7/2026] [nicorim.jurjann] [INFO] MOBILE [URL-REWARD] Starting UrlReward | offerId=ENstar_Rewards_DailyGlobalOffer_Evergreen_Sunday | geo=vn | currentBalance=30
[11:29:22 19/7/2026] [nicorim.jurjann] [INFO] MOBILE [URL-REWARD] Completed UrlReward | offerId=ENstar_Rewards_DailyGlobalOffer_Evergreen_Sunday | pointsGained=5 | currentBalance=35
[11:29:42 19/7/2026] [nicorim.jurjann] [INFO] MOBILE [ACTIVITY] Ignoring non-actionable welcome tour "Take the tour" | offerId=Gamification_FRE_Offer6nonwindows
[11:29:42 19/7/2026] [nicorim.jurjann] [INFO] MOBILE [ACTIVITY] Found activity type "UrlReward" | title="Soccer legend" | offerId=WW_Rewards_Campaign_Global_EU_Expansion_BingOffer2
[11:29:42 19/7/2026] [nicorim.jurjann] [INFO] MOBILE [URL-REWARD] Starting UrlReward | offerId=WW_Rewards_Campaign_Global_EU_Expansion_BingOffer2 | geo=vn | currentBalance=35
[11:29:43 19/7/2026] [nicorim.jurjann] [INFO] MOBILE [URL-REWARD] Completed UrlReward | offerId=WW_Rewards_Campaign_Global_EU_Expansion_BingOffer2 | pointsGained=5 | currentBalance=40
[11:29:58 19/7/2026] [nicorim.jurjann] [INFO] MOBILE [ACTIVITY] Found activity type "UrlReward" | title="It's all Greek" | offerId=WW_Rewards_Campaign_Global_EU_Expansion_BingOffer3
[11:29:58 19/7/2026] [nicorim.jurjann] [INFO] MOBILE [URL-REWARD] Starting UrlReward | offerId=WW_Rewards_Campaign_Global_EU_Expansion_BingOffer3 | geo=vn | currentBalance=40
[11:29:59 19/7/2026] [nicorim.jurjann] [INFO] MOBILE [URL-REWARD] Completed UrlReward | offerId=WW_Rewards_Campaign_Global_EU_Expansion_BingOffer3 | pointsGained=5 | currentBalance=45
[11:30:19 19/7/2026] [nicorim.jurjann] [INFO] MOBILE [ACTIVITY] Found activity type "UrlReward" | title="Dinner ideas" | offerId=WW_Rewards_Campaign_Global_EU_Expansion_BingOffer4
[11:30:19 19/7/2026] [nicorim.jurjann] [INFO] MOBILE [URL-REWARD] Starting UrlReward | offerId=WW_Rewards_Campaign_Global_EU_Expansion_BingOffer4 | geo=vn | currentBalance=45
[11:30:20 19/7/2026] [nicorim.jurjann] [INFO] MOBILE [URL-REWARD] Completed UrlReward | offerId=WW_Rewards_Campaign_Global_EU_Expansion_BingOffer4 | pointsGained=5 | currentBalance=50
[11:30:32 19/7/2026] [nicorim.jurjann] [INFO] MOBILE [ACTIVITY] Found activity type "UrlReward" | title="Lock and key" | offerId=WW_Rewards_Campaign_Global_EU_Expansion_EdgeOffer1
[11:30:32 19/7/2026] [nicorim.jurjann] [INFO] MOBILE [URL-REWARD] Starting UrlReward | offerId=WW_Rewards_Campaign_Global_EU_Expansion_EdgeOffer1 | geo=vn | currentBalance=50
[11:30:33 19/7/2026] [nicorim.jurjann] [INFO] MOBILE [URL-REWARD] Completed UrlReward | offerId=WW_Rewards_Campaign_Global_EU_Expansion_EdgeOffer1 | pointsGained=5 | currentBalance=55
[11:30:46 19/7/2026] [nicorim.jurjann] [INFO] MOBILE [ACTIVITY] Found activity type "UrlReward" | title="A new web hero" | offerId=WW_Rewards_Campaign_Global_EU_Expansion_EdgeOffer2
[11:30:46 19/7/2026] [nicorim.jurjann] [INFO] MOBILE [URL-REWARD] Starting UrlReward | offerId=WW_Rewards_Campaign_Global_EU_Expansion_EdgeOffer2 | geo=vn | currentBalance=55
[11:30:47 19/7/2026] [nicorim.jurjann] [INFO] MOBILE [URL-REWARD] Completed UrlReward | offerId=WW_Rewards_Campaign_Global_EU_Expansion_EdgeOffer2 | pointsGained=5 | currentBalance=60
[11:31:06 19/7/2026] [nicorim.jurjann] [INFO] MOBILE [MORE-PROMOTIONS] All "More Promotion" items have been completed
[11:31:06 19/7/2026] [nicorim.jurjann] [INFO] MOBILE [DAILY-CHECK-IN] Starting Daily Check-In | geo=vn | currentBalance=60
[11:31:07 19/7/2026] [nicorim.jurjann] [INFO] MOBILE [DAILY-CHECK-IN] Completed Daily Check-In | type=103 | pointsGained=5 | currentBalance=65
[11:31:07 19/7/2026] [nicorim.jurjann] [INFO] MOBILE [APP-REWARD] Starting AppReward | offerId=Sapphire_AppNewBonus_addWidget_offer | country=vn | currentBalance=65
[11:31:07 19/7/2026] [nicorim.jurjann] [INFO] MOBILE [APP-REWARD] Completed AppReward | offerId=Sapphire_AppNewBonus_addWidget_offer | pointsGained=50 | currentBalance=115
[11:31:15 19/7/2026] [nicorim.jurjann] [INFO] MOBILE [APP-REWARD] Finished AppReward | offerId=Sapphire_AppNewBonus_addWidget_offer | currentBalance=115
