(node:11764) ExperimentalWarning: SQLite is an experimental feature and might change at any time
(Use `node --trace-warnings ...` to show where the warning was created)
[21:40:27 18/7/2026] [MAIN] [INFO] MAIN [RUN-START] Starting Microsoft Rewards Script | v4.0.3 | Accounts: 1 | Proxy routes: 1 | Workers: 1 (auto)
[21:40:27 18/7/2026] [jaidesigridlionel4] [INFO] MAIN [ACCOUNT-START] Starting account: jaidesigridlionel4@hotmail.com | geoLocale: auto
[21:40:28 18/7/2026] [jaidesigridlionel4] [INFO] MAIN [PROXY] Proxy route verified for account; direct HTTP fallback is disabled
[21:40:28 18/7/2026] [jaidesigridlionel4] [INFO] MAIN [FLOW] Starting session for jaidesigridlionel4@hotmail.com
[21:40:28 18/7/2026] [jaidesigridlionel4] [INFO] MOBILE [BROWSER] Launching bundled patched Chromium (Edge UA) | headless: true | platform: win32 | proxy: yes (TLS errors ignored)
[21:40:29 18/7/2026] [jaidesigridlionel4] [INFO] MOBILE [BROWSER] Created context | User-Agent: "Mozilla/5.0 (Linux; Android 12; K) AppleWebKit/537.36 (KHTML, like Gecko) Chrome/151.0.0.0 Mobile Safari/537.36 EdgA/150.0.4078.65"
[21:40:29 18/7/2026] [jaidesigridlionel4] [INFO] MAIN [BROWSER] Mobile Browser started | jaidesigridlionel4@hotmail.com
[21:40:29 18/7/2026] [jaidesigridlionel4] [INFO] MOBILE [LOGIN] Starting login process
[21:40:41 18/7/2026] [jaidesigridlionel4] [INFO] MOBILE [LOGIN] Entering email
[21:40:46 18/7/2026] [jaidesigridlionel4] [INFO] MOBILE [LOGIN-ENTER-EMAIL] Email submitted
[21:40:51 18/7/2026] [jaidesigridlionel4] [INFO] MOBILE [LOGIN] Email entered successfully
[21:40:58 18/7/2026] [jaidesigridlionel4] [INFO] MOBILE [LOGIN] State transition: EMAIL_INPUT → GET_A_CODE
[21:40:58 18/7/2026] [jaidesigridlionel4] [INFO] MOBILE [LOGIN] Attempting to bypass "Get code" page
[21:41:04 18/7/2026] [jaidesigridlionel4] [INFO] MOBILE [LOGIN] Other ways to sign in clicked
[21:41:10 18/7/2026] [jaidesigridlionel4] [INFO] MOBILE [LOGIN] State transition: GET_A_CODE → OTP_CODE_ENTRY
[21:41:10 18/7/2026] [jaidesigridlionel4] [INFO] MOBILE [LOGIN] OTP code entry page detected, attempting to find password option
[21:41:18 18/7/2026] [jaidesigridlionel4] [INFO] MOBILE [LOGIN] Footer link clicked
[21:41:18 18/7/2026] [jaidesigridlionel4] [INFO] MOBILE [LOGIN] Navigated back from OTP entry page
[21:41:24 18/7/2026] [jaidesigridlionel4] [INFO] MOBILE [LOGIN] State transition: OTP_CODE_ENTRY → PASSWORD_INPUT
[21:41:24 18/7/2026] [jaidesigridlionel4] [INFO] MOBILE [LOGIN] Entering password
[21:41:28 18/7/2026] [jaidesigridlionel4] [INFO] MOBILE [LOGIN-ENTER-PASSWORD] Password submitted
[21:41:30 18/7/2026] [jaidesigridlionel4] [INFO] MOBILE [LOGIN] Password entered successfully
[21:41:32 18/7/2026] [jaidesigridlionel4] [INFO] MOBILE [LOGIN] State transition: PASSWORD_INPUT → KMSI_PROMPT
[21:41:32 18/7/2026] [jaidesigridlionel4] [INFO] MOBILE [LOGIN] Accepting KMSI prompt
[21:41:39 18/7/2026] [jaidesigridlionel4] [INFO] MOBILE [LOGIN] KMSI prompt accepted
[21:41:40 18/7/2026] [jaidesigridlionel4] [INFO] MOBILE [LOGIN] State transition: KMSI_PROMPT → LOGGED_IN
[21:41:40 18/7/2026] [jaidesigridlionel4] [INFO] MOBILE [LOGIN] Authentication flow reached Rewards | phase=initial login
[21:41:40 18/7/2026] [jaidesigridlionel4] [INFO] MOBILE [LOGIN] Finalizing login
[21:41:43 18/7/2026] [jaidesigridlionel4] [INFO] MOBILE [LOGIN] Rewards landing reached; dashboard verification pending
[21:41:46 18/7/2026] [jaidesigridlionel4] [INFO] MOBILE [LOGIN] Starting Bing session verification
[21:41:46 18/7/2026] [jaidesigridlionel4] [INFO] MOBILE [LOGIN-BING] Verifying Bing session
[21:41:51 18/7/2026] [jaidesigridlionel4] [WARN] MOBILE [LOGIN] Unknown state at www.bing.com/, waiting
[21:41:55 18/7/2026] [jaidesigridlionel4] [INFO] MOBILE [LOGIN-BING] Bing session verified successfully
[21:41:55 18/7/2026] [jaidesigridlionel4] [INFO] MOBILE [LOGIN] Acquiring rewards context
[21:41:55 18/7/2026] [jaidesigridlionel4] [INFO] MOBILE [GET-REWARD-SESSION] Bootstrapping rewards context
[21:41:57 18/7/2026] [jaidesigridlionel4] [WARN] MOBILE [BOOTSTRAP] Rewards /dashboard navigation stopped | attempt=1/3 | url=login.live.com/oauth20_authorize.srf | error=Rewards authentication is required after redirect to login.live.com/oauth20_authorize.srf
[21:41:57 18/7/2026] [jaidesigridlionel4] [ERROR] MOBILE [BOOTSTRAP] Failed acquiring context | error=Rewards authentication is required after redirect to login.live.com/oauth20_authorize.srf
[21:41:57 18/7/2026] [jaidesigridlionel4] [WARN] MOBILE [GET-REWARD-SESSION] Rewards authentication required at login.live.com/oauth20_authorize.srf; resuming Microsoft login flow once
[21:42:02 18/7/2026] [jaidesigridlionel4] [INFO] MOBILE [LOGIN] Authentication flow reached Rewards | phase=Rewards OAuth recovery
[21:42:04 18/7/2026] [jaidesigridlionel4] [INFO] MOBILE [REACT-PARSE] Snapshot complete | offers=30 | reportable=19 | streaks=4 | streakProtectionEnabled=true | streakProtectionRemainingDays=14 | streakCounter=1 | level=null | account=jaidesigridlionel4@hotmail.com
[21:42:06 18/7/2026] [jaidesigridlionel4] [INFO] MOBILE [BOOTSTRAP] Context ready | actions=15 | reportable=19 | available=null
[21:42:06 18/7/2026] [jaidesigridlionel4] [INFO] MOBILE [BUILD] Rewards build | id=unknown
[21:42:06 18/7/2026] [jaidesigridlionel4] [INFO] MOBILE [GET-REWARD-SESSION] Context ready | actions=15 | reportable=19 | available=null
[21:42:06 18/7/2026] [jaidesigridlionel4] [INFO] MOBILE [LOGIN] Logged into Microsoft Rewards successfully
[21:42:07 18/7/2026] [jaidesigridlionel4] [INFO] MOBILE [LOGIN] Login completed, session saved
[21:42:07 18/7/2026] [jaidesigridlionel4] [INFO] MOBILE [GET-APP-TOKEN] Requesting mobile access token
[21:42:09 18/7/2026] [jaidesigridlionel4] [INFO] MOBILE [LOGIN-APP] Mobile access token received
[21:42:14 18/7/2026] [jaidesigridlionel4] [INFO] MAIN [POINTS] Earnable today | Mobile: 35 | Browser: 0 | App: 35 | jaidesigridlionel4@hotmail.com | locale: vn
[21:42:14 18/7/2026] [jaidesigridlionel4] [INFO] MOBILE [ENABLE-STREAK-PROTECTION] Already enabled | remainingDays=14
[21:42:14 18/7/2026] [jaidesigridlionel4] [INFO] MOBILE [DAILY-SET] Started solving "Daily Set" items
[21:42:14 18/7/2026] [jaidesigridlionel4] [INFO] MOBILE [ACTIVITY] Found activity type "UrlReward" | title="Upcoming comedy events" | offerId=Global_DailySet_20260718_Child1
[21:42:14 18/7/2026] [jaidesigridlionel4] [INFO] MOBILE [URL-REWARD] Starting UrlReward | offerId=Global_DailySet_20260718_Child1 | geo=vn | currentBalance=180
[21:42:15 18/7/2026] [jaidesigridlionel4] [INFO] MOBILE [URL-REWARD] Completed UrlReward | offerId=Global_DailySet_20260718_Child1 | pointsGained=10 | currentBalance=190
[21:42:30 18/7/2026] [jaidesigridlionel4] [INFO] MOBILE [ACTIVITY] Found activity type "UrlReward" | title="Boston’s spring bloom" | offerId=Global_DailySet_20260718_Child2
[21:42:30 18/7/2026] [jaidesigridlionel4] [INFO] MOBILE [URL-REWARD] Starting UrlReward | offerId=Global_DailySet_20260718_Child2 | geo=vn | currentBalance=190
[21:42:32 18/7/2026] [jaidesigridlionel4] [INFO] MOBILE [URL-REWARD] Completed UrlReward | offerId=Global_DailySet_20260718_Child2 | pointsGained=10 | currentBalance=200
[21:42:50 18/7/2026] [jaidesigridlionel4] [INFO] MOBILE [ACTIVITY] Found activity type "UrlReward" | title="Starry Visionary?" | offerId=Global_DailySet_20260718_Child3
[21:42:50 18/7/2026] [jaidesigridlionel4] [INFO] MOBILE [URL-REWARD] Starting UrlReward | offerId=Global_DailySet_20260718_Child3 | geo=vn | currentBalance=200
[21:42:52 18/7/2026] [jaidesigridlionel4] [INFO] MOBILE [URL-REWARD] Completed UrlReward | offerId=Global_DailySet_20260718_Child3 | pointsGained=10 | currentBalance=210
[21:43:10 18/7/2026] [jaidesigridlionel4] [INFO] MOBILE [DAILY-SET] All "Daily Set" items have been completed
[21:43:10 18/7/2026] [jaidesigridlionel4] [INFO] MOBILE [MORE-PROMOTIONS] Started solving 13 "More Promotions" items
[21:43:10 18/7/2026] [jaidesigridlionel4] [INFO] MOBILE [ACTIVITY] Found activity type "UrlReward" | title="Have you heard this quote?" | offerId=ENstar_Rewards_DailyGlobalOffer_Evergreen_Saturday
[21:43:10 18/7/2026] [jaidesigridlionel4] [INFO] MOBILE [URL-REWARD] Starting UrlReward | offerId=ENstar_Rewards_DailyGlobalOffer_Evergreen_Saturday | geo=vn | currentBalance=210
[21:43:12 18/7/2026] [jaidesigridlionel4] [INFO] MOBILE [URL-REWARD] Completed UrlReward | offerId=ENstar_Rewards_DailyGlobalOffer_Evergreen_Saturday | pointsGained=5 | currentBalance=215
[21:43:27 18/7/2026] [jaidesigridlionel4] [WARN] MOBILE [ACTIVITY] Skipped activity "Take the tour" | offerId=Gamification_FRE_Offer6nonwindows | Reason: Unsupported type "welcometour"
[21:43:38 18/7/2026] [jaidesigridlionel4] [INFO] MOBILE [ACTIVITY] Found activity type "UrlReward" | title="Soccer legend" | offerId=WW_Rewards_Campaign_Global_EU_Expansion_BingOffer2
[21:43:38 18/7/2026] [jaidesigridlionel4] [INFO] MOBILE [URL-REWARD] Starting UrlReward | offerId=WW_Rewards_Campaign_Global_EU_Expansion_BingOffer2 | geo=vn | currentBalance=215
[21:43:40 18/7/2026] [jaidesigridlionel4] [INFO] MOBILE [URL-REWARD] Completed UrlReward | offerId=WW_Rewards_Campaign_Global_EU_Expansion_BingOffer2 | pointsGained=5 | currentBalance=220
[21:43:58 18/7/2026] [jaidesigridlionel4] [INFO] MOBILE [ACTIVITY] Found activity type "UrlReward" | title="It's all Greek" | offerId=WW_Rewards_Campaign_Global_EU_Expansion_BingOffer3
[21:43:58 18/7/2026] [jaidesigridlionel4] [INFO] MOBILE [URL-REWARD] Starting UrlReward | offerId=WW_Rewards_Campaign_Global_EU_Expansion_BingOffer3 | geo=vn | currentBalance=220
[21:43:59 18/7/2026] [jaidesigridlionel4] [INFO] MOBILE [URL-REWARD] Completed UrlReward | offerId=WW_Rewards_Campaign_Global_EU_Expansion_BingOffer3 | pointsGained=5 | currentBalance=225
[21:44:15 18/7/2026] [jaidesigridlionel4] [INFO] MOBILE [ACTIVITY] Found activity type "UrlReward" | title="Dinner ideas" | offerId=WW_Rewards_Campaign_Global_EU_Expansion_BingOffer4
[21:44:15 18/7/2026] [jaidesigridlionel4] [INFO] MOBILE [URL-REWARD] Starting UrlReward | offerId=WW_Rewards_Campaign_Global_EU_Expansion_BingOffer4 | geo=vn | currentBalance=225
[21:44:17 18/7/2026] [jaidesigridlionel4] [INFO] MOBILE [URL-REWARD] Completed UrlReward | offerId=WW_Rewards_Campaign_Global_EU_Expansion_BingOffer4 | pointsGained=5 | currentBalance=230
[21:44:29 18/7/2026] [jaidesigridlionel4] [INFO] MOBILE [ACTIVITY] Found activity type "UrlReward" | title="Lock and key" | offerId=WW_Rewards_Campaign_Global_EU_Expansion_EdgeOffer1
[21:44:29 18/7/2026] [jaidesigridlionel4] [INFO] MOBILE [URL-REWARD] Starting UrlReward | offerId=WW_Rewards_Campaign_Global_EU_Expansion_EdgeOffer1 | geo=vn | currentBalance=230
[21:44:31 18/7/2026] [jaidesigridlionel4] [INFO] MOBILE [URL-REWARD] Completed UrlReward | offerId=WW_Rewards_Campaign_Global_EU_Expansion_EdgeOffer1 | pointsGained=5 | currentBalance=235
[21:44:52 18/7/2026] [jaidesigridlionel4] [INFO] MOBILE [ACTIVITY] Found activity type "UrlReward" | title="A new web hero" | offerId=WW_Rewards_Campaign_Global_EU_Expansion_EdgeOffer2
[21:44:52 18/7/2026] [jaidesigridlionel4] [INFO] MOBILE [URL-REWARD] Starting UrlReward | offerId=WW_Rewards_Campaign_Global_EU_Expansion_EdgeOffer2 | geo=vn | currentBalance=235
[21:44:57 18/7/2026] [jaidesigridlionel4] [INFO] MOBILE [URL-REWARD] Completed UrlReward | offerId=WW_Rewards_Campaign_Global_EU_Expansion_EdgeOffer2 | pointsGained=5 | currentBalance=240
[21:45:14 18/7/2026] [jaidesigridlionel4] [INFO] MOBILE [ACTIVITY] Found activity type "UrlReward" | title="Take today's news quiz" | offerId=ENstar_Rewards_DailyGlobalOffer_Evergreen_Friday
[21:45:14 18/7/2026] [jaidesigridlionel4] [INFO] MOBILE [URL-REWARD] Starting UrlReward | offerId=ENstar_Rewards_DailyGlobalOffer_Evergreen_Friday | geo=vn | currentBalance=240
[21:45:18 18/7/2026] [jaidesigridlionel4] [INFO] MOBILE [URL-REWARD] Completed UrlReward | offerId=ENstar_Rewards_DailyGlobalOffer_Evergreen_Friday | pointsGained=5 | currentBalance=245
[21:45:36 18/7/2026] [jaidesigridlionel4] [INFO] MOBILE [ACTIVITY] Found activity type "UrlReward" | title="Complete this puzzle" | offerId=ENstar_Rewards_DailyGlobalOffer_Evergreen_Monday
[21:45:36 18/7/2026] [jaidesigridlionel4] [INFO] MOBILE [URL-REWARD] Starting UrlReward | offerId=ENstar_Rewards_DailyGlobalOffer_Evergreen_Monday | geo=vn | currentBalance=245
[21:45:38 18/7/2026] [jaidesigridlionel4] [INFO] MOBILE [URL-REWARD] Completed UrlReward | offerId=ENstar_Rewards_DailyGlobalOffer_Evergreen_Monday | pointsGained=5 | currentBalance=250
[21:45:52 18/7/2026] [jaidesigridlionel4] [INFO] MOBILE [ACTIVITY] Found activity type "UrlReward" | title="Do you know the answer?" | offerId=ENstar_Rewards_DailyGlobalOffer_Evergreen_Sunday
[21:45:52 18/7/2026] [jaidesigridlionel4] [INFO] MOBILE [URL-REWARD] Starting UrlReward | offerId=ENstar_Rewards_DailyGlobalOffer_Evergreen_Sunday | geo=vn | currentBalance=250
[21:45:54 18/7/2026] [jaidesigridlionel4] [INFO] MOBILE [URL-REWARD] Completed UrlReward | offerId=ENstar_Rewards_DailyGlobalOffer_Evergreen_Sunday | pointsGained=5 | currentBalance=255
[21:46:15 18/7/2026] [jaidesigridlionel4] [INFO] MOBILE [ACTIVITY] Found activity type "UrlReward" | title="Mid-week puzzle" | offerId=ENstar_Rewards_DailyGlobalOffer_Evergreen_Thursday
[21:46:15 18/7/2026] [jaidesigridlionel4] [INFO] MOBILE [URL-REWARD] Starting UrlReward | offerId=ENstar_Rewards_DailyGlobalOffer_Evergreen_Thursday | geo=vn | currentBalance=255
[21:46:17 18/7/2026] [jaidesigridlionel4] [INFO] MOBILE [URL-REWARD] Completed UrlReward | offerId=ENstar_Rewards_DailyGlobalOffer_Evergreen_Thursday | pointsGained=5 | currentBalance=260
[21:46:36 18/7/2026] [jaidesigridlionel4] [INFO] MOBILE [ACTIVITY] Found activity type "UrlReward" | title="Do you know the answer?" | offerId=ENstar_Rewards_DailyGlobalOffer_Evergreen_Tuesday
[21:46:36 18/7/2026] [jaidesigridlionel4] [INFO] MOBILE [URL-REWARD] Starting UrlReward | offerId=ENstar_Rewards_DailyGlobalOffer_Evergreen_Tuesday | geo=vn | currentBalance=260
[21:46:38 18/7/2026] [jaidesigridlionel4] [INFO] MOBILE [URL-REWARD] Completed UrlReward | offerId=ENstar_Rewards_DailyGlobalOffer_Evergreen_Tuesday | pointsGained=5 | currentBalance=265
[21:46:57 18/7/2026] [jaidesigridlionel4] [INFO] MOBILE [ACTIVITY] Found activity type "UrlReward" | title="Quote of the day" | offerId=ENstar_Rewards_DailyGlobalOffer_Evergreen_Wednesday
[21:46:57 18/7/2026] [jaidesigridlionel4] [INFO] MOBILE [URL-REWARD] Starting UrlReward | offerId=ENstar_Rewards_DailyGlobalOffer_Evergreen_Wednesday | geo=vn | currentBalance=265
[21:47:00 18/7/2026] [jaidesigridlionel4] [INFO] MOBILE [URL-REWARD] Completed UrlReward | offerId=ENstar_Rewards_DailyGlobalOffer_Evergreen_Wednesday | pointsGained=5 | currentBalance=270
[21:47:17 18/7/2026] [jaidesigridlionel4] [INFO] MOBILE [MORE-PROMOTIONS] All "More Promotion" items have been completed
[21:47:17 18/7/2026] [jaidesigridlionel4] [INFO] MOBILE [DAILY-CHECK-IN] Starting Daily Check-In | geo=vn | currentBalance=270
[21:47:18 18/7/2026] [jaidesigridlionel4] [INFO] MOBILE [DAILY-CHECK-IN] Completed Daily Check-In | type=103 | pointsGained=5 | currentBalance=275
[21:47:18 18/7/2026] [jaidesigridlionel4] [INFO] MOBILE [APP-PROMOTIONS] All "App Promotions" items have already been completed
[21:47:18 18/7/2026] [jaidesigridlionel4] [INFO] MOBILE [READ-TO-EARN] Starting Read to Earn | geo=vn | delayRange=30sec-50sec | currentBalance=275
[21:47:18 18/7/2026] [jaidesigridlionel4] [INFO] MOBILE [READ-TO-EARN] Read article 1/10 | status=200 | pointsGained=3 | currentBalance=278
[21:48:04 18/7/2026] [jaidesigridlionel4] [INFO] MOBILE [READ-TO-EARN] Read article 2/10 | status=200 | pointsGained=3 | currentBalance=281
[21:48:36 18/7/2026] [jaidesigridlionel4] [INFO] MOBILE [READ-TO-EARN] Read article 3/10 | status=200 | pointsGained=3 | currentBalance=284
[21:49:18 18/7/2026] [jaidesigridlionel4] [INFO] MOBILE [READ-TO-EARN] Read article 4/10 | status=200 | pointsGained=3 | currentBalance=287
[21:49:54 18/7/2026] [jaidesigridlionel4] [INFO] MOBILE [READ-TO-EARN] Read article 5/10 | status=200 | pointsGained=3 | currentBalance=290
[21:50:31 18/7/2026] [jaidesigridlionel4] [INFO] MOBILE [READ-TO-EARN] Read article 6/10 | status=200 | pointsGained=3 | currentBalance=293
[21:51:02 18/7/2026] [jaidesigridlionel4] [INFO] MOBILE [READ-TO-EARN] Read article 7/10 | status=200 | pointsGained=3 | currentBalance=296
[21:51:49 18/7/2026] [jaidesigridlionel4] [INFO] MOBILE [READ-TO-EARN] Read article 8/10 | status=200 | pointsGained=3 | currentBalance=299
[21:52:23 18/7/2026] [jaidesigridlionel4] [INFO] MOBILE [READ-TO-EARN] Read article 9/10 | status=200 | pointsGained=3 | currentBalance=302
[21:52:57 18/7/2026] [jaidesigridlionel4] [INFO] MOBILE [READ-TO-EARN] Read article 10/10 | status=200 | pointsGained=3 | currentBalance=305
[21:53:41 18/7/2026] [jaidesigridlionel4] [INFO] MOBILE [READ-TO-EARN] Completed Read to Earn | articlesRead=10 | pointsGained=30 | previousBalance=275 | currentBalance=305
[21:53:41 18/7/2026] [jaidesigridlionel4] [INFO] MOBILE [REACT-PARSE] Quest list | parents=3 | incomplete=3
[21:53:41 18/7/2026] [jaidesigridlionel4] [INFO] MOBILE [PUNCHCARD] Found 3 incomplete quest(s) on /earn | api-matched=2
[21:53:42 18/7/2026] [jaidesigridlionel4] [INFO] MOBILE [REACT-PARSE] Quest snapshot | children=5 | reportable=5
[21:53:42 18/7/2026] [jaidesigridlionel4] [INFO] MOBILE [PUNCHCARD] Solving "Get started with Rewards" | children=5 | reportable=5
[21:53:44 18/7/2026] [jaidesigridlionel4] [INFO] MOBILE [PUNCHCARD] Reported child | offerId=WW_pcchild2_redesign_newuser_onboarding_offer_punchcard | status=200 | acknowledged=true | pointsGained=50 | currentBalance=355
[21:54:00 18/7/2026] [jaidesigridlionel4] [INFO] MOBILE [PUNCHCARD] Reported child | offerId=WW_pcchild5_redesign_newuser_onboarding_offer_punchcard | status=200 | acknowledged=true | pointsGained=10 | currentBalance=365
[21:54:08 18/7/2026] [jaidesigridlionel4] [INFO] MOBILE [PUNCHCARD] Reported child | offerId=WW_pcchild6_redesign_newuser_onboarding_offer_punchcard | status=200 | acknowledged=true | pointsGained=10 | currentBalance=375
[21:54:22 18/7/2026] [jaidesigridlionel4] [INFO] MOBILE [PUNCHCARD] Reported child | offerId=WW_pcchild7_redesign_newuser_onboarding_offer_punchcard | status=200 | acknowledged=true | pointsGained=0 | currentBalance=375
[21:54:30 18/7/2026] [jaidesigridlionel4] [INFO] MOBILE [PUNCHCARD] Reported child | offerId=WW_pcchild8_redesign_newuser_onboarding_offer_punchcard | status=200 | acknowledged=true | pointsGained=0 | currentBalance=375
[21:54:41 18/7/2026] [jaidesigridlionel4] [INFO] MOBILE [PUNCHCARD] Quest "Get started with Rewards" COMPLETE | reported=5 | pointsGained=70 | currentBalance=375 | targetPoints=1320
[21:54:42 18/7/2026] [jaidesigridlionel4] [INFO] MOBILE [REACT-PARSE] Quest snapshot | children=4 | reportable=1
[21:54:42 18/7/2026] [jaidesigridlionel4] [INFO] MOBILE [PUNCHCARD] Solving "July playbook: travel smart, chase thrills, and shop the latest tech" | children=4 | reportable=1
[21:54:43 18/7/2026] [jaidesigridlionel4] [INFO] MOBILE [PUNCHCARD] Reported child | offerId=ENWW_pcchild1_urlreward_FY27_BingMonthlyPC_Jul_punchcard | status=200 | acknowledged=true | pointsGained=0 | currentBalance=375
[21:54:54 18/7/2026] [jaidesigridlionel4] [INFO] MOBILE [PUNCHCARD] Quest "July playbook: travel smart, chase thrills, and shop the latest tech" in progress | reported=1 | remaining=3 | pointsGained=0 | currentBalance=375 | targetPoints=50
[21:54:54 18/7/2026] [jaidesigridlionel4] [INFO] MOBILE [REACT-PARSE] Quest snapshot | children=5 | reportable=5
[21:54:54 18/7/2026] [jaidesigridlionel4] [INFO] MOBILE [PUNCHCARD] Solving "Play your way to 50 points" | children=5 | reportable=5
[21:54:55 18/7/2026] [jaidesigridlionel4] [INFO] MOBILE [PUNCHCARD] Reported child | offerId=ENWW_pcchild1_urlreward_FIFA26-ROW_PC_punchcard | status=200 | acknowledged=true | pointsGained=0 | currentBalance=375
[21:55:10 18/7/2026] [jaidesigridlionel4] [INFO] MOBILE [PUNCHCARD] Reported child | offerId=ENWW_pcchild2_urlreward_FIFA26-ROW_PC_punchcard | status=200 | acknowledged=true | pointsGained=0 | currentBalance=375
[21:55:18 18/7/2026] [jaidesigridlionel4] [INFO] MOBILE [PUNCHCARD] Reported child | offerId=ENWW_pcchild3_urlreward_FIFA26-ROW_PC_punchcard | status=200 | acknowledged=true | pointsGained=0 | currentBalance=375
[21:55:34 18/7/2026] [jaidesigridlionel4] [INFO] MOBILE [PUNCHCARD] Reported child | offerId=ENWW_pcchild5_urlreward_FIFA26-ROW_PC_punchcard | status=200 | acknowledged=true | pointsGained=0 | currentBalance=375
[21:55:49 18/7/2026] [jaidesigridlionel4] [INFO] MOBILE [PUNCHCARD] Reported child | offerId=ENWW_pcchild6_urlreward_FIFA26-ROW_PC_punchcard | status=200 | acknowledged=true | pointsGained=50 | currentBalance=425
[21:56:00 18/7/2026] [jaidesigridlionel4] [INFO] MOBILE [PUNCHCARD] Quest "Play your way to 50 points" COMPLETE | reported=5 | pointsGained=50 | currentBalance=425 | targetPoints=50
[21:56:00 18/7/2026] [jaidesigridlionel4] [INFO] MOBILE [PUNCHCARD] Finished processing quests
[21:56:03 18/7/2026] [jaidesigridlionel4] [INFO] MAIN [SEARCH-MANAGER] Mobile: skip (no points) | Desktop: run (missing 30)
[21:56:06 18/7/2026] [jaidesigridlionel4] [WARN] MOBILE [BROWSER] Browser context closed
[21:56:06 18/7/2026] [jaidesigridlionel4] [INFO] MOBILE [CLOSE-BROWSER] All browser resources closed.
[21:56:06 18/7/2026] [jaidesigridlionel4] [INFO] DESKTOP [BROWSER] Launching bundled patched Chromium (Edge UA) | headless: true | platform: win32 | proxy: yes (TLS errors ignored)
[21:56:07 18/7/2026] [jaidesigridlionel4] [INFO] DESKTOP [BROWSER] Created context | User-Agent: "Mozilla/5.0 (Windows NT 10.0; Win64; x64) AppleWebKit/537.36 (KHTML, like Gecko) Chrome/151.0.0.0 Safari/537.36 Edg/150.0.4078.83"
[21:56:08 18/7/2026] [jaidesigridlionel4] [INFO] DESKTOP [BROWSER] Desktop Browser started | jaidesigridlionel4@hotmail.com
[21:56:08 18/7/2026] [jaidesigridlionel4] [INFO] DESKTOP [LOGIN] Starting login process
[21:56:19 18/7/2026] [jaidesigridlionel4] [INFO] DESKTOP [LOGIN] Entering email
[21:56:27 18/7/2026] [jaidesigridlionel4] [INFO] DESKTOP [LOGIN-ENTER-EMAIL] Email submitted
[21:56:32 18/7/2026] [jaidesigridlionel4] [INFO] DESKTOP [LOGIN] Email entered successfully
[21:56:39 18/7/2026] [jaidesigridlionel4] [INFO] DESKTOP [LOGIN] State transition: EMAIL_INPUT → GET_A_CODE
[21:56:39 18/7/2026] [jaidesigridlionel4] [INFO] DESKTOP [LOGIN] Attempting to bypass "Get code" page
[21:56:48 18/7/2026] [jaidesigridlionel4] [INFO] DESKTOP [LOGIN] Other ways to sign in clicked
[21:56:55 18/7/2026] [jaidesigridlionel4] [INFO] DESKTOP [LOGIN] State transition: GET_A_CODE → OTP_CODE_ENTRY
[21:56:55 18/7/2026] [jaidesigridlionel4] [INFO] DESKTOP [LOGIN] OTP code entry page detected, attempting to find password option
[21:57:03 18/7/2026] [jaidesigridlionel4] [INFO] DESKTOP [LOGIN] Footer link clicked
[21:57:03 18/7/2026] [jaidesigridlionel4] [INFO] DESKTOP [LOGIN] Navigated back from OTP entry page
[21:57:10 18/7/2026] [jaidesigridlionel4] [INFO] DESKTOP [LOGIN] State transition: OTP_CODE_ENTRY → PASSWORD_INPUT
[21:57:10 18/7/2026] [jaidesigridlionel4] [INFO] DESKTOP [LOGIN] Entering password
[21:57:15 18/7/2026] [jaidesigridlionel4] [INFO] DESKTOP [LOGIN-ENTER-PASSWORD] Password submitted
[21:57:17 18/7/2026] [jaidesigridlionel4] [INFO] DESKTOP [LOGIN] Password entered successfully
[21:57:18 18/7/2026] [jaidesigridlionel4] [INFO] DESKTOP [LOGIN] State transition: PASSWORD_INPUT → KMSI_PROMPT
[21:57:18 18/7/2026] [jaidesigridlionel4] [INFO] DESKTOP [LOGIN] Accepting KMSI prompt
[21:57:27 18/7/2026] [jaidesigridlionel4] [INFO] DESKTOP [LOGIN] KMSI prompt accepted
[21:57:28 18/7/2026] [jaidesigridlionel4] [INFO] DESKTOP [LOGIN] State transition: KMSI_PROMPT → LOGGED_IN
[21:57:28 18/7/2026] [jaidesigridlionel4] [INFO] DESKTOP [LOGIN] Authentication flow reached Rewards | phase=initial login
[21:57:28 18/7/2026] [jaidesigridlionel4] [INFO] DESKTOP [LOGIN] Finalizing login
[21:57:30 18/7/2026] [jaidesigridlionel4] [INFO] DESKTOP [LOGIN] Rewards landing reached; dashboard verification pending
[21:57:34 18/7/2026] [jaidesigridlionel4] [INFO] DESKTOP [LOGIN] Starting Bing session verification
[21:57:34 18/7/2026] [jaidesigridlionel4] [INFO] DESKTOP [LOGIN-BING] Verifying Bing session
[21:57:42 18/7/2026] [jaidesigridlionel4] [WARN] DESKTOP [LOGIN] Unknown state at www.bing.com/, waiting
[21:57:55 18/7/2026] [jaidesigridlionel4] [INFO] DESKTOP [LOGIN-BING] Bing session verified successfully
[21:57:55 18/7/2026] [jaidesigridlionel4] [INFO] DESKTOP [LOGIN] Acquiring rewards context
[21:57:55 18/7/2026] [jaidesigridlionel4] [INFO] DESKTOP [GET-REWARD-SESSION] Bootstrapping rewards context
[21:57:56 18/7/2026] [jaidesigridlionel4] [WARN] DESKTOP [BOOTSTRAP] Rewards /dashboard navigation stopped | attempt=1/3 | url=login.live.com/oauth20_authorize.srf | error=Rewards authentication is required after redirect to login.live.com/oauth20_authorize.srf
[21:57:56 18/7/2026] [jaidesigridlionel4] [ERROR] DESKTOP [BOOTSTRAP] Failed acquiring context | error=Rewards authentication is required after redirect to login.live.com/oauth20_authorize.srf
[21:57:56 18/7/2026] [jaidesigridlionel4] [WARN] DESKTOP [GET-REWARD-SESSION] Rewards authentication required at login.live.com/oauth20_authorize.srf; resuming Microsoft login flow once
[21:58:02 18/7/2026] [jaidesigridlionel4] [INFO] DESKTOP [LOGIN] Authentication flow reached Rewards | phase=Rewards OAuth recovery
[21:58:03 18/7/2026] [jaidesigridlionel4] [INFO] DESKTOP [REACT-PARSE] Snapshot complete | offers=33 | reportable=6 | streaks=4 | streakProtectionEnabled=true | streakProtectionRemainingDays=14 | streakCounter=2 | level=null | account=jaidesigridlionel4@hotmail.com
[21:58:06 18/7/2026] [jaidesigridlionel4] [INFO] DESKTOP [BOOTSTRAP] Context ready | actions=15 | reportable=6 | available=null
[21:58:06 18/7/2026] [jaidesigridlionel4] [INFO] DESKTOP [BUILD] Rewards build | id=unknown
[21:58:06 18/7/2026] [jaidesigridlionel4] [INFO] DESKTOP [GET-REWARD-SESSION] Context ready | actions=15 | reportable=6 | available=null
[21:58:06 18/7/2026] [jaidesigridlionel4] [INFO] DESKTOP [LOGIN] Logged into Microsoft Rewards successfully
[21:58:07 18/7/2026] [jaidesigridlionel4] [INFO] DESKTOP [LOGIN] Login completed, session saved
[21:58:09 18/7/2026] [jaidesigridlionel4] [INFO] DESKTOP [REACT-PARSE] Quest list | parents=4 | incomplete=4
[21:58:09 18/7/2026] [jaidesigridlionel4] [INFO] DESKTOP [PUNCHCARD] Found 3 incomplete quest(s) on /earn | api-matched=2
[21:58:10 18/7/2026] [jaidesigridlionel4] [INFO] DESKTOP [REACT-PARSE] Quest snapshot | children=3 | reportable=3
[21:58:10 18/7/2026] [jaidesigridlionel4] [INFO] DESKTOP [PUNCHCARD] Solving "Get started with Rewards" | children=3 | reportable=3
[21:58:11 18/7/2026] [jaidesigridlionel4] [INFO] DESKTOP [PUNCHCARD] Reported child | offerId=WW_pcchild2_redesign_newuser_onboarding_offer_punchcard | status=200 | acknowledged=true | pointsGained=0 | currentBalance=425
[21:58:19 18/7/2026] [jaidesigridlionel4] [INFO] DESKTOP [PUNCHCARD] Reported child | offerId=WW_pcchild7_redesign_newuser_onboarding_offer_punchcard | status=200 | acknowledged=true | pointsGained=0 | currentBalance=425
[21:58:35 18/7/2026] [jaidesigridlionel4] [INFO] DESKTOP [PUNCHCARD] Reported child | offerId=WW_pcchild8_redesign_newuser_onboarding_offer_punchcard | status=200 | acknowledged=true | pointsGained=0 | currentBalance=425
[21:58:48 18/7/2026] [jaidesigridlionel4] [INFO] DESKTOP [PUNCHCARD] Quest "Get started with Rewards" COMPLETE | reported=3 | pointsGained=0 | currentBalance=425 | targetPoints=1320
[21:58:48 18/7/2026] [jaidesigridlionel4] [INFO] DESKTOP [REACT-PARSE] Quest snapshot | children=4 | reportable=4
[21:58:48 18/7/2026] [jaidesigridlionel4] [INFO] DESKTOP [PUNCHCARD] Solving "Get 100 points. Use the search box on the Windows taskbar to search the web, find files, more." | children=4 | reportable=4
[21:58:50 18/7/2026] [jaidesigridlionel4] [INFO] DESKTOP [PUNCHCARD] Reported child | offerId=ENstar_pcchild1_urlreward_FY26_WSB_Dec_punchcard | status=200 | acknowledged=true | pointsGained=0 | currentBalance=425
[21:59:01 18/7/2026] [jaidesigridlionel4] [INFO] DESKTOP [PUNCHCARD] Reported child | offerId=ENstar_pcchild2_urlreward_FY26_WSB_Dec_punchcard | status=200 | acknowledged=true | pointsGained=0 | currentBalance=425
[21:59:15 18/7/2026] [jaidesigridlionel4] [INFO] DESKTOP [PUNCHCARD] Reported child | offerId=ENstar_pcchild3_urlreward_FY26_WSB_Dec_punchcard | status=200 | acknowledged=true | pointsGained=0 | currentBalance=425
[21:59:28 18/7/2026] [jaidesigridlionel4] [INFO] DESKTOP [PUNCHCARD] Reported child | offerId=ENstar_pcchild4_urlreward_FY26_WSB_Dec_punchcard | status=200 | acknowledged=true | pointsGained=100 | currentBalance=525
[21:59:33 18/7/2026] [jaidesigridlionel4] [INFO] DESKTOP [PUNCHCARD] Quest "Get 100 points. Use the search box on the Windows taskbar to search the web, find files, more." COMPLETE | reported=4 | pointsGained=100 | currentBalance=525 | targetPoints=100
[21:59:34 18/7/2026] [jaidesigridlionel4] [INFO] DESKTOP [REACT-PARSE] Quest snapshot | children=3 | reportable=0
[21:59:34 18/7/2026] [jaidesigridlionel4] [INFO] DESKTOP [PUNCHCARD] Solving "July playbook: travel smart, chase thrills, and shop the latest tech" | children=3 | reportable=0
[21:59:34 18/7/2026] [jaidesigridlionel4] [INFO] DESKTOP [PUNCHCARD] Quest "July playbook: travel smart, chase thrills, and shop the latest tech" in progress | reported=0 | remaining=3 | pointsGained=0 | currentBalance=525 | targetPoints=50
[21:59:34 18/7/2026] [jaidesigridlionel4] [INFO] DESKTOP [PUNCHCARD] Finished processing quests
[21:59:34 18/7/2026] [jaidesigridlionel4] [INFO] DESKTOP [SEARCH-BING] Starting Bing searches | currentBalance=525
[21:59:35 18/7/2026] [jaidesigridlionel4] [INFO] DESKTOP [SEARCH-BING] Search points remaining | edge=0 | desktop=90 | mobile=60
[21:59:57 18/7/2026] [jaidesigridlionel4] [INFO] DESKTOP [SEARCH-BING] Query pool ready | count=8117
[22:01:21 18/7/2026] [jaidesigridlionel4] [INFO] DESKTOP [SEARCH-BING] pointsGained=3 | currentBalance=528 | query="Brewdog co-founder James Watt launches bid to buy back beer firm" | remaining=87
[22:02:30 18/7/2026] [jaidesigridlionel4] [INFO] DESKTOP [SEARCH-BING] pointsGained=3 | currentBalance=531 | query="xổ số miền nam hôm nay thứ bảy" | remaining=84
[22:03:35 18/7/2026] [jaidesigridlionel4] [INFO] DESKTOP [SEARCH-BING] pointsGained=3 | currentBalance=534 | query="what is student loans" | remaining=81
[22:04:36 18/7/2026] [jaidesigridlionel4] [INFO] DESKTOP [SEARCH-BING] pointsGained=3 | currentBalance=537 | query="quick photo ideas" | remaining=78
[22:05:43 18/7/2026] [jaidesigridlionel4] [INFO] DESKTOP [SEARCH-BING] pointsGained=3 | currentBalance=540 | query="pros and cons of automation" | remaining=75
[22:06:43 18/7/2026] [jaidesigridlionel4] [INFO] DESKTOP [SEARCH-BING] pointsGained=3 | currentBalance=543 | query="vn vs uae" | remaining=72
[22:07:46 18/7/2026] [jaidesigridlionel4] [INFO] DESKTOP [SEARCH-BING] pointsGained=3 | currentBalance=546 | query="beginner guide to jazz music" | remaining=69
[22:08:49 18/7/2026] [jaidesigridlionel4] [INFO] DESKTOP [SEARCH-BING] pointsGained=3 | currentBalance=549 | query="common mistakes in golf" | remaining=66
[22:10:08 18/7/2026] [jaidesigridlionel4] [INFO] DESKTOP [SEARCH-BING] pointsGained=3 | currentBalance=552 | query="how does net salary work" | remaining=63
[22:11:36 18/7/2026] [jaidesigridlionel4] [INFO] DESKTOP [SEARCH-BING] pointsGained=3 | currentBalance=555 | query="how to make homemade pizza dough" | remaining=60
[22:12:55 18/7/2026] [jaidesigridlionel4] [INFO] DESKTOP [SEARCH-BING] pointsGained=3 | currentBalance=558 | query="best survival games" | remaining=57
[22:14:22 18/7/2026] [jaidesigridlionel4] [INFO] DESKTOP [SEARCH-BING] pointsGained=3 | currentBalance=561 | query="how does hiking work" | remaining=54
[22:15:37 18/7/2026] [jaidesigridlionel4] [INFO] DESKTOP [SEARCH-BING] pointsGained=3 | currentBalance=564 | query="how to make guacamole" | remaining=51
[22:17:00 18/7/2026] [jaidesigridlionel4] [INFO] DESKTOP [SEARCH-BING] pointsGained=3 | currentBalance=567 | query="how to reduce stress" | remaining=48
[22:18:12 18/7/2026] [jaidesigridlionel4] [INFO] DESKTOP [SEARCH-BING] pointsGained=3 | currentBalance=570 | query="why do mountains form" | remaining=45
[22:19:16 18/7/2026] [jaidesigridlionel4] [INFO] DESKTOP [SEARCH-BING] pointsGained=3 | currentBalance=573 | query="friction explained simply" | remaining=42
[22:20:26 18/7/2026] [jaidesigridlionel4] [INFO] DESKTOP [SEARCH-BING] pointsGained=3 | currentBalance=576 | query="how does modern art work" | remaining=39
[22:21:57 18/7/2026] [jaidesigridlionel4] [INFO] DESKTOP [SEARCH-BING] pointsGained=3 | currentBalance=579 | query="how to become programmer" | remaining=36
[22:27:36 18/7/2026] [MAIN] [INFO] MAIN [RUN-START] Starting Microsoft Rewards Script | v4.0.3 | Accounts: 1 | Proxy routes: 1 | Workers: 1 (auto)
[22:27:36 18/7/2026] [jaidesigridlionel4] [INFO] MAIN [ACCOUNT-START] Starting account: jaidesigridlionel4@hotmail.com | geoLocale: auto
[22:27:37 18/7/2026] [jaidesigridlionel4] [INFO] MAIN [PROXY] Proxy route verified for account; direct HTTP fallback is disabled
[22:27:37 18/7/2026] [jaidesigridlionel4] [INFO] MAIN [FLOW] Starting session for jaidesigridlionel4@hotmail.com
[22:27:37 18/7/2026] [jaidesigridlionel4] [INFO] MOBILE [BROWSER] Launching bundled patched Chromium (Edge UA) | headless: true | platform: win32 | proxy: yes (TLS errors ignored)
[22:27:40 18/7/2026] [jaidesigridlionel4] [INFO] MOBILE [BROWSER] Created context | User-Agent: "Mozilla/5.0 (Linux; Android 13; K) AppleWebKit/537.36 (KHTML, like Gecko) Chrome/151.0.0.0 Mobile Safari/537.36 EdgA/150.0.4078.65"
[22:27:40 18/7/2026] [jaidesigridlionel4] [INFO] MAIN [BROWSER] Mobile Browser started | jaidesigridlionel4@hotmail.com
[22:27:40 18/7/2026] [jaidesigridlionel4] [INFO] MOBILE [LOGIN] Starting login process
[22:27:44 18/7/2026] [jaidesigridlionel4] [INFO] MOBILE [LOGIN] Authentication flow reached Rewards | phase=initial login
[22:27:44 18/7/2026] [jaidesigridlionel4] [INFO] MOBILE [LOGIN] Finalizing login
[22:27:49 18/7/2026] [jaidesigridlionel4] [INFO] MOBILE [LOGIN] Rewards landing reached; dashboard verification pending
[22:27:49 18/7/2026] [jaidesigridlionel4] [INFO] MOBILE [LOGIN] Starting Bing session verification
[22:27:49 18/7/2026] [jaidesigridlionel4] [INFO] MOBILE [LOGIN-BING] Verifying Bing session
[22:27:57 18/7/2026] [jaidesigridlionel4] [INFO] MOBILE [LOGIN-BING] Bing session verified successfully
[22:27:57 18/7/2026] [jaidesigridlionel4] [INFO] MOBILE [LOGIN] Acquiring rewards context
[22:27:57 18/7/2026] [jaidesigridlionel4] [INFO] MOBILE [GET-REWARD-SESSION] Bootstrapping rewards context
[22:27:59 18/7/2026] [jaidesigridlionel4] [INFO] MOBILE [REACT-PARSE] Snapshot complete | offers=30 | reportable=6 | streaks=4 | streakProtectionEnabled=true | streakProtectionRemainingDays=14 | streakCounter=2 | level=null | account=jaidesigridlionel4@hotmail.com
[22:28:03 18/7/2026] [jaidesigridlionel4] [INFO] MOBILE [BOOTSTRAP] Context ready | actions=15 | reportable=6 | available=null
[22:28:03 18/7/2026] [jaidesigridlionel4] [INFO] MOBILE [BUILD] Rewards build | id=unknown
[22:28:03 18/7/2026] [jaidesigridlionel4] [INFO] MOBILE [GET-REWARD-SESSION] Context ready | actions=15 | reportable=6 | available=null
[22:28:03 18/7/2026] [jaidesigridlionel4] [INFO] MOBILE [LOGIN] Logged into Microsoft Rewards successfully
[22:28:04 18/7/2026] [jaidesigridlionel4] [INFO] MOBILE [LOGIN] Login completed, session saved
[22:28:04 18/7/2026] [jaidesigridlionel4] [INFO] MOBILE [GET-APP-TOKEN] Requesting mobile access token
[22:28:06 18/7/2026] [jaidesigridlionel4] [INFO] MOBILE [LOGIN-APP] Mobile access token received
[22:28:08 18/7/2026] [jaidesigridlionel4] [INFO] MAIN [POINTS] Earnable today | Mobile: 65 | Browser: 60 | App: 5 | jaidesigridlionel4@hotmail.com | locale: vn
[22:28:08 18/7/2026] [jaidesigridlionel4] [INFO] MOBILE [ENABLE-STREAK-PROTECTION] Already enabled | remainingDays=14
[22:28:08 18/7/2026] [jaidesigridlionel4] [INFO] MOBILE [DAILY-SET] All "Daily Set" items have already been completed
[22:28:08 18/7/2026] [jaidesigridlionel4] [INFO] MOBILE [MORE-PROMOTIONS] Started solving 3 "More Promotions" items
[22:28:08 18/7/2026] [jaidesigridlionel4] [INFO] MOBILE [ACTIVITY] Found activity type "UrlReward" | title="Bees in the city" | offerId=WW_Rewards_locked_level2_Jul26w3_offer1
[22:28:08 18/7/2026] [jaidesigridlionel4] [INFO] MOBILE [URL-REWARD] Starting UrlReward | offerId=WW_Rewards_locked_level2_Jul26w3_offer1 | geo=vn | currentBalance=579
[22:28:09 18/7/2026] [jaidesigridlionel4] [INFO] MOBILE [URL-REWARD] Completed UrlReward | offerId=WW_Rewards_locked_level2_Jul26w3_offer1 | pointsGained=15 | currentBalance=594
[22:28:24 18/7/2026] [jaidesigridlionel4] [INFO] MOBILE [ACTIVITY] Found activity type "UrlReward" | title="Quotes to inspire" | offerId=WW_Rewards_locked_level2_Jul26w3_offer2
[22:28:24 18/7/2026] [jaidesigridlionel4] [INFO] MOBILE [URL-REWARD] Starting UrlReward | offerId=WW_Rewards_locked_level2_Jul26w3_offer2 | geo=vn | currentBalance=594
[22:28:25 18/7/2026] [jaidesigridlionel4] [INFO] MOBILE [URL-REWARD] Completed UrlReward | offerId=WW_Rewards_locked_level2_Jul26w3_offer2 | pointsGained=15 | currentBalance=609
[22:28:49 18/7/2026] [jaidesigridlionel4] [WARN] MOBILE [ACTIVITY] Skipped activity "Take the tour" | offerId=Gamification_FRE_Offer6nonwindows | Reason: Unsupported type "welcometour"
[22:28:59 18/7/2026] [jaidesigridlionel4] [INFO] MOBILE [MORE-PROMOTIONS] All "More Promotion" items have been completed
[22:28:59 18/7/2026] [jaidesigridlionel4] [INFO] MOBILE [DAILY-CHECK-IN] Starting Daily Check-In | geo=vn | currentBalance=609
[22:28:59 18/7/2026] [jaidesigridlionel4] [WARN] MOBILE [DAILY-CHECK-IN] Daily Check-In completed but no points gained | type=103 | pointsGained=0 | currentBalance=609
[22:28:59 18/7/2026] [jaidesigridlionel4] [INFO] MOBILE [APP-PROMOTIONS] All "App Promotions" items have already been completed
[22:28:59 18/7/2026] [jaidesigridlionel4] [INFO] MOBILE [READ-TO-EARN] Starting Read to Earn | geo=vn | delayRange=30sec-50sec | currentBalance=609
[22:29:00 18/7/2026] [jaidesigridlionel4] [INFO] MOBILE [READ-TO-EARN] No points gained, stopping Read to Earn | article=1/10 | status=200 | pointsGained=0 | currentBalance=609
[22:29:00 18/7/2026] [jaidesigridlionel4] [INFO] MOBILE [READ-TO-EARN] Completed Read to Earn | articlesRead=0 | pointsGained=0 | previousBalance=609 | currentBalance=609
[22:29:00 18/7/2026] [jaidesigridlionel4] [INFO] MOBILE [REACT-PARSE] Quest list | parents=3 | incomplete=3
[22:29:00 18/7/2026] [jaidesigridlionel4] [INFO] MOBILE [PUNCHCARD] Found 2 incomplete quest(s) on /earn | api-matched=1
[22:29:01 18/7/2026] [jaidesigridlionel4] [INFO] MOBILE [REACT-PARSE] Quest snapshot | children=3 | reportable=3
[22:29:01 18/7/2026] [jaidesigridlionel4] [INFO] MOBILE [PUNCHCARD] Solving "Get started with Rewards" | children=3 | reportable=3
[22:29:02 18/7/2026] [jaidesigridlionel4] [INFO] MOBILE [PUNCHCARD] Reported child | offerId=WW_pcchild2_redesign_newuser_onboarding_offer_punchcard | status=200 | acknowledged=true | pointsGained=0 | currentBalance=609
[22:29:14 18/7/2026] [jaidesigridlionel4] [INFO] MOBILE [PUNCHCARD] Reported child | offerId=WW_pcchild7_redesign_newuser_onboarding_offer_punchcard | status=200 | acknowledged=true | pointsGained=0 | currentBalance=609
[22:29:25 18/7/2026] [jaidesigridlionel4] [INFO] MOBILE [PUNCHCARD] Reported child | offerId=WW_pcchild8_redesign_newuser_onboarding_offer_punchcard | status=200 | acknowledged=true | pointsGained=0 | currentBalance=609
[22:29:32 18/7/2026] [jaidesigridlionel4] [INFO] MOBILE [PUNCHCARD] Quest "Get started with Rewards" COMPLETE | reported=3 | pointsGained=0 | currentBalance=609 | targetPoints=1320
[22:29:33 18/7/2026] [jaidesigridlionel4] [INFO] MOBILE [REACT-PARSE] Quest snapshot | children=3 | reportable=0
[22:29:33 18/7/2026] [jaidesigridlionel4] [INFO] MOBILE [PUNCHCARD] Solving "July playbook: travel smart, chase thrills, and shop the latest tech" | children=3 | reportable=0
[22:29:33 18/7/2026] [jaidesigridlionel4] [INFO] MOBILE [PUNCHCARD] Quest "July playbook: travel smart, chase thrills, and shop the latest tech" in progress | reported=0 | remaining=3 | pointsGained=0 | currentBalance=609 | targetPoints=50
[22:29:33 18/7/2026] [jaidesigridlionel4] [INFO] MOBILE [PUNCHCARD] Finished processing quests
[22:29:35 18/7/2026] [jaidesigridlionel4] [INFO] MAIN [SEARCH-MANAGER] Mobile: run (missing 60) | Desktop: run (missing 33)
[22:29:35 18/7/2026] [jaidesigridlionel4] [INFO] MOBILE [SEARCH-BING] Starting Bing searches | currentBalance=609
[22:29:36 18/7/2026] [jaidesigridlionel4] [INFO] MOBILE [SEARCH-BING] Search points remaining | edge=0 | desktop=33 | mobile=60
[22:30:01 18/7/2026] [jaidesigridlionel4] [INFO] MOBILE [SEARCH-BING] Query pool ready | count=8177
[22:31:15 18/7/2026] [jaidesigridlionel4] [INFO] MOBILE [SEARCH-BING] pointsGained=3 | currentBalance=612 | query="what is ecommerce" | remaining=57
[07:25:32 19/7/2026] [MAIN] [INFO] MAIN [RUN-START] Starting Microsoft Rewards Script | v4.0.3 | Accounts: 1 | Proxy routes: 1 | Workers: 1 (auto)
[07:25:32 19/7/2026] [jaidesigridlionel4] [INFO] MAIN [ACCOUNT-START] Starting account: jaidesigridlionel4@hotmail.com | geoLocale: auto
[07:25:33 19/7/2026] [jaidesigridlionel4] [INFO] MAIN [PROXY] Proxy route verified for account; direct HTTP fallback is disabled
[07:25:33 19/7/2026] [jaidesigridlionel4] [INFO] MAIN [FLOW] Starting session for jaidesigridlionel4@hotmail.com
[07:25:33 19/7/2026] [jaidesigridlionel4] [INFO] MOBILE [BROWSER] Launching bundled patched Chromium (Edge UA) | headless: true | platform: win32 | proxy: yes (TLS errors ignored)
[07:25:33 19/7/2026] [jaidesigridlionel4] [INFO] MOBILE [BROWSER] Created context | User-Agent: "Mozilla/5.0 (Linux; Android 13; K) AppleWebKit/537.36 (KHTML, like Gecko) Chrome/151.0.0.0 Mobile Safari/537.36 EdgA/150.0.4078.65"
[07:25:33 19/7/2026] [jaidesigridlionel4] [INFO] MAIN [BROWSER] Mobile Browser started | jaidesigridlionel4@hotmail.com
[07:25:33 19/7/2026] [jaidesigridlionel4] [INFO] MOBILE [LOGIN] Starting login process
[07:25:39 19/7/2026] [jaidesigridlionel4] [INFO] MOBILE [LOGIN] Authentication flow reached Rewards | phase=initial login
[07:25:39 19/7/2026] [jaidesigridlionel4] [INFO] MOBILE [LOGIN] Finalizing login
[07:25:42 19/7/2026] [jaidesigridlionel4] [INFO] MOBILE [LOGIN] Rewards landing reached; dashboard verification pending
[07:25:42 19/7/2026] [jaidesigridlionel4] [INFO] MOBILE [LOGIN] Starting Bing session verification
[07:25:42 19/7/2026] [jaidesigridlionel4] [INFO] MOBILE [LOGIN-BING] Verifying Bing session
[07:25:49 19/7/2026] [jaidesigridlionel4] [INFO] MOBILE [LOGIN-BING] Bing session verified successfully
[07:25:49 19/7/2026] [jaidesigridlionel4] [INFO] MOBILE [LOGIN] Acquiring rewards context
[07:25:49 19/7/2026] [jaidesigridlionel4] [INFO] MOBILE [GET-REWARD-SESSION] Bootstrapping rewards context
[07:25:51 19/7/2026] [jaidesigridlionel4] [INFO] MOBILE [REACT-PARSE] Snapshot complete | offers=24 | reportable=8 | streaks=4 | streakProtectionEnabled=true | streakProtectionRemainingDays=14 | streakCounter=2 | level=null | account=jaidesigridlionel4@hotmail.com
[07:25:57 19/7/2026] [jaidesigridlionel4] [INFO] MOBILE [BOOTSTRAP] Context ready | actions=15 | reportable=8 | available=null
[07:25:57 19/7/2026] [jaidesigridlionel4] [INFO] MOBILE [BUILD] Rewards build | id=unknown
[07:25:57 19/7/2026] [jaidesigridlionel4] [INFO] MOBILE [GET-REWARD-SESSION] Context ready | actions=15 | reportable=8 | available=null
[07:25:57 19/7/2026] [jaidesigridlionel4] [INFO] MOBILE [LOGIN] Logged into Microsoft Rewards successfully
[07:25:57 19/7/2026] [jaidesigridlionel4] [INFO] MOBILE [LOGIN] Login completed, session saved
[07:25:57 19/7/2026] [jaidesigridlionel4] [INFO] MOBILE [GET-APP-TOKEN] Requesting mobile access token
[07:26:04 19/7/2026] [jaidesigridlionel4] [INFO] MOBILE [LOGIN-APP] Mobile access token received
[07:26:08 19/7/2026] [jaidesigridlionel4] [INFO] MAIN [POINTS] Earnable today | Mobile: 95 | Browser: 60 | App: 35 | jaidesigridlionel4@hotmail.com | locale: vn
[07:26:08 19/7/2026] [jaidesigridlionel4] [INFO] MOBILE [ENABLE-STREAK-PROTECTION] Already enabled | remainingDays=14
[07:26:08 19/7/2026] [jaidesigridlionel4] [INFO] MOBILE [DAILY-SET] Started solving "Daily Set" items
[07:26:08 19/7/2026] [jaidesigridlionel4] [INFO] MOBILE [ACTIVITY] Found activity type "UrlReward" | title="Turn referrals into rewards" | offerId=Global_DailySet_20260719_Child1
[07:26:08 19/7/2026] [jaidesigridlionel4] [INFO] MOBILE [URL-REWARD] Starting UrlReward | offerId=Global_DailySet_20260719_Child1 | geo=vn | currentBalance=621
[07:26:09 19/7/2026] [jaidesigridlionel4] [INFO] MOBILE [URL-REWARD] Completed UrlReward | offerId=Global_DailySet_20260719_Child1 | pointsGained=10 | currentBalance=631
[07:26:24 19/7/2026] [jaidesigridlionel4] [INFO] MOBILE [ACTIVITY] Found activity type "UrlReward" | title="Spring in the Bay" | offerId=Global_DailySet_20260719_Child2
[07:26:24 19/7/2026] [jaidesigridlionel4] [INFO] MOBILE [URL-REWARD] Starting UrlReward | offerId=Global_DailySet_20260719_Child2 | geo=vn | currentBalance=631
[07:26:25 19/7/2026] [jaidesigridlionel4] [INFO] MOBILE [URL-REWARD] Completed UrlReward | offerId=Global_DailySet_20260719_Child2 | pointsGained=10 | currentBalance=641
[07:26:47 19/7/2026] [jaidesigridlionel4] [INFO] MOBILE [ACTIVITY] Found activity type "UrlReward" | title="Grilled Perfection?" | offerId=Global_DailySet_20260719_Child3
[07:26:47 19/7/2026] [jaidesigridlionel4] [INFO] MOBILE [URL-REWARD] Starting UrlReward | offerId=Global_DailySet_20260719_Child3 | geo=vn | currentBalance=641
[07:26:49 19/7/2026] [jaidesigridlionel4] [INFO] MOBILE [URL-REWARD] Completed UrlReward | offerId=Global_DailySet_20260719_Child3 | pointsGained=10 | currentBalance=651
[07:27:03 19/7/2026] [jaidesigridlionel4] [INFO] MOBILE [DAILY-SET] All "Daily Set" items have been completed
[07:27:03 19/7/2026] [jaidesigridlionel4] [INFO] MOBILE [MORE-PROMOTIONS] Started solving 2 "More Promotions" items
[07:27:03 19/7/2026] [jaidesigridlionel4] [INFO] MOBILE [ACTIVITY] Found activity type "UrlReward" | title="Do you know the answer?" | offerId=ENstar_Rewards_DailyGlobalOffer_Evergreen_Sunday
[07:27:03 19/7/2026] [jaidesigridlionel4] [INFO] MOBILE [URL-REWARD] Starting UrlReward | offerId=ENstar_Rewards_DailyGlobalOffer_Evergreen_Sunday | geo=vn | currentBalance=651
[07:27:04 19/7/2026] [jaidesigridlionel4] [INFO] MOBILE [URL-REWARD] Completed UrlReward | offerId=ENstar_Rewards_DailyGlobalOffer_Evergreen_Sunday | pointsGained=5 | currentBalance=656
[07:27:23 19/7/2026] [jaidesigridlionel4] [WARN] MOBILE [ACTIVITY] Skipped activity "Take the tour" | offerId=Gamification_FRE_Offer6nonwindows | Reason: Unsupported type "welcometour"
[07:27:37 19/7/2026] [jaidesigridlionel4] [INFO] MOBILE [MORE-PROMOTIONS] All "More Promotion" items have been completed
[07:27:37 19/7/2026] [jaidesigridlionel4] [INFO] MOBILE [DAILY-CHECK-IN] Starting Daily Check-In | geo=vn | currentBalance=656
[07:27:38 19/7/2026] [jaidesigridlionel4] [INFO] MOBILE [DAILY-CHECK-IN] Completed Daily Check-In | type=103 | pointsGained=10 | currentBalance=666
[07:27:38 19/7/2026] [jaidesigridlionel4] [INFO] MOBILE [APP-PROMOTIONS] All "App Promotions" items have already been completed
[07:27:38 19/7/2026] [jaidesigridlionel4] [INFO] MOBILE [READ-TO-EARN] Starting Read to Earn | geo=vn | delayRange=30sec-50sec | currentBalance=666
[07:27:38 19/7/2026] [jaidesigridlionel4] [INFO] MOBILE [READ-TO-EARN] Read article 1/10 | status=200 | pointsGained=3 | currentBalance=669
[07:28:20 19/7/2026] [jaidesigridlionel4] [INFO] MOBILE [READ-TO-EARN] Read article 2/10 | status=200 | pointsGained=3 | currentBalance=672
[07:28:54 19/7/2026] [jaidesigridlionel4] [INFO] MOBILE [READ-TO-EARN] Read article 3/10 | status=200 | pointsGained=3 | currentBalance=675
[07:29:38 19/7/2026] [jaidesigridlionel4] [INFO] MOBILE [READ-TO-EARN] Read article 4/10 | status=200 | pointsGained=3 | currentBalance=678
[07:30:16 19/7/2026] [jaidesigridlionel4] [INFO] MOBILE [READ-TO-EARN] Read article 5/10 | status=200 | pointsGained=3 | currentBalance=681
[07:31:01 19/7/2026] [jaidesigridlionel4] [INFO] MOBILE [READ-TO-EARN] Read article 6/10 | status=200 | pointsGained=3 | currentBalance=684
[07:31:48 19/7/2026] [jaidesigridlionel4] [INFO] MOBILE [READ-TO-EARN] Read article 7/10 | status=200 | pointsGained=3 | currentBalance=687
[07:32:31 19/7/2026] [jaidesigridlionel4] [INFO] MOBILE [READ-TO-EARN] Read article 8/10 | status=200 | pointsGained=3 | currentBalance=690
[07:33:10 19/7/2026] [jaidesigridlionel4] [INFO] MOBILE [READ-TO-EARN] Read article 9/10 | status=200 | pointsGained=3 | currentBalance=693
[07:33:53 19/7/2026] [jaidesigridlionel4] [INFO] MOBILE [READ-TO-EARN] Read article 10/10 | status=200 | pointsGained=3 | currentBalance=696
[07:34:35 19/7/2026] [jaidesigridlionel4] [INFO] MOBILE [READ-TO-EARN] Completed Read to Earn | articlesRead=10 | pointsGained=30 | previousBalance=666 | currentBalance=696
[07:34:36 19/7/2026] [jaidesigridlionel4] [INFO] MOBILE [REACT-PARSE] Quest list | parents=3 | incomplete=3
[07:34:36 19/7/2026] [jaidesigridlionel4] [INFO] MOBILE [PUNCHCARD] Found 2 incomplete quest(s) on /earn | api-matched=1
[07:34:36 19/7/2026] [jaidesigridlionel4] [INFO] MOBILE [REACT-PARSE] Quest snapshot | children=3 | reportable=3
[07:34:36 19/7/2026] [jaidesigridlionel4] [INFO] MOBILE [PUNCHCARD] Solving "Get started with Rewards" | children=3 | reportable=3
[07:34:39 19/7/2026] [jaidesigridlionel4] [INFO] MOBILE [PUNCHCARD] Reported child | offerId=WW_pcchild2_redesign_newuser_onboarding_offer_punchcard | status=200 | acknowledged=true | pointsGained=0 | currentBalance=696
[07:34:52 19/7/2026] [jaidesigridlionel4] [INFO] MOBILE [PUNCHCARD] Reported child | offerId=WW_pcchild7_redesign_newuser_onboarding_offer_punchcard | status=200 | acknowledged=true | pointsGained=0 | currentBalance=696
[07:35:03 19/7/2026] [jaidesigridlionel4] [INFO] MOBILE [PUNCHCARD] Reported child | offerId=WW_pcchild8_redesign_newuser_onboarding_offer_punchcard | status=200 | acknowledged=true | pointsGained=0 | currentBalance=696
[07:35:10 19/7/2026] [jaidesigridlionel4] [INFO] MOBILE [PUNCHCARD] Quest "Get started with Rewards" COMPLETE | reported=3 | pointsGained=0 | currentBalance=696 | targetPoints=1320
[07:35:11 19/7/2026] [jaidesigridlionel4] [INFO] MOBILE [REACT-PARSE] Quest snapshot | children=3 | reportable=1
[07:35:11 19/7/2026] [jaidesigridlionel4] [INFO] MOBILE [PUNCHCARD] Solving "July playbook: travel smart, chase thrills, and shop the latest tech" | children=3 | reportable=1
[07:35:13 19/7/2026] [jaidesigridlionel4] [INFO] MOBILE [PUNCHCARD] Reported child | offerId=ENWW_pcchild2_urlreward_FY27_BingMonthlyPC_Jul_punchcard | status=200 | acknowledged=true | pointsGained=0 | currentBalance=696
[07:35:23 19/7/2026] [jaidesigridlionel4] [INFO] MOBILE [PUNCHCARD] Quest "July playbook: travel smart, chase thrills, and shop the latest tech" in progress | reported=1 | remaining=2 | pointsGained=0 | currentBalance=696 | targetPoints=50
[07:35:23 19/7/2026] [jaidesigridlionel4] [INFO] MOBILE [PUNCHCARD] Finished processing quests
[07:35:24 19/7/2026] [jaidesigridlionel4] [INFO] MAIN [SEARCH-MANAGER] Mobile: run (missing 60) | Desktop: run (missing 90)
[07:35:24 19/7/2026] [jaidesigridlionel4] [INFO] MOBILE [SEARCH-BING] Starting Bing searches | currentBalance=696
[07:35:25 19/7/2026] [jaidesigridlionel4] [INFO] MOBILE [SEARCH-BING] Search points remaining | edge=0 | desktop=90 | mobile=60
[07:35:50 19/7/2026] [jaidesigridlionel4] [INFO] MOBILE [SEARCH-BING] Query pool ready | count=8265
