[22:27:31 18/7/2026] [MAIN] [INFO] MAIN [RUN-START] Starting Microsoft Rewards Script | v4.0.3 | Accounts: 1 | Proxy routes: 1 | Workers: 1 (auto)
[22:27:32 18/7/2026] [stephe.boulojs] [INFO] MAIN [ACCOUNT-START] Starting account: stephe.boulojs@hotmail.com | geoLocale: auto
[22:27:33 18/7/2026] [stephe.boulojs] [INFO] MAIN [PROXY] Proxy route verified for account; direct HTTP fallback is disabled
[22:27:33 18/7/2026] [stephe.boulojs] [INFO] MAIN [FLOW] Starting session for stephe.boulojs@hotmail.com
[22:27:33 18/7/2026] [stephe.boulojs] [INFO] MOBILE [BROWSER] Launching bundled patched Chromium (Edge UA) | headless: true | platform: win32 | proxy: yes (TLS errors ignored)
[22:27:37 18/7/2026] [stephe.boulojs] [INFO] MOBILE [BROWSER] Created context | User-Agent: "Mozilla/5.0 (Linux; Android 13; K) AppleWebKit/537.36 (KHTML, like Gecko) Chrome/151.0.0.0 Mobile Safari/537.36 EdgA/150.0.4078.65"
[22:27:37 18/7/2026] [stephe.boulojs] [INFO] MAIN [BROWSER] Mobile Browser started | stephe.boulojs@hotmail.com
[22:27:37 18/7/2026] [stephe.boulojs] [INFO] MOBILE [LOGIN] Starting login process
[22:27:44 18/7/2026] [stephe.boulojs] [INFO] MOBILE [LOGIN] Entering email
[22:27:50 18/7/2026] [stephe.boulojs] [INFO] MOBILE [LOGIN-ENTER-EMAIL] Email submitted
[22:27:55 18/7/2026] [stephe.boulojs] [INFO] MOBILE [LOGIN] Email entered successfully
[22:28:02 18/7/2026] [stephe.boulojs] [INFO] MOBILE [LOGIN] State transition: EMAIL_INPUT → PASSWORD_INPUT
[22:28:02 18/7/2026] [stephe.boulojs] [INFO] MOBILE [LOGIN] Entering password
[22:28:06 18/7/2026] [stephe.boulojs] [INFO] MOBILE [LOGIN-ENTER-PASSWORD] Password submitted
[22:28:09 18/7/2026] [stephe.boulojs] [INFO] MOBILE [LOGIN] Password entered successfully
[22:28:11 18/7/2026] [stephe.boulojs] [INFO] MOBILE [LOGIN] State transition: PASSWORD_INPUT → LOGGED_IN
[22:28:11 18/7/2026] [stephe.boulojs] [INFO] MOBILE [LOGIN] Authentication flow reached Rewards | phase=initial login
[22:28:11 18/7/2026] [stephe.boulojs] [INFO] MOBILE [LOGIN] Finalizing login
[22:28:13 18/7/2026] [stephe.boulojs] [INFO] MOBILE [LOGIN] Rewards landing reached; dashboard verification pending
[22:28:18 18/7/2026] [stephe.boulojs] [INFO] MOBILE [LOGIN] Starting Bing session verification
[22:28:18 18/7/2026] [stephe.boulojs] [INFO] MOBILE [LOGIN-BING] Verifying Bing session
[22:28:30 18/7/2026] [stephe.boulojs] [INFO] MOBILE [LOGIN-BING] Bing session verified successfully
[22:28:30 18/7/2026] [stephe.boulojs] [INFO] MOBILE [LOGIN] Acquiring rewards context
[22:28:30 18/7/2026] [stephe.boulojs] [INFO] MOBILE [GET-REWARD-SESSION] Bootstrapping rewards context
[22:28:32 18/7/2026] [stephe.boulojs] [WARN] MOBILE [BOOTSTRAP] Rewards /dashboard navigation stopped | attempt=1/3 | url=login.live.com/oauth20_authorize.srf | error=Rewards authentication is required after redirect to login.live.com/oauth20_authorize.srf
[22:28:32 18/7/2026] [stephe.boulojs] [WARN] MOBILE [GET-REWARD-SESSION] Rewards authentication required at login.live.com/oauth20_authorize.srf; resuming Microsoft login flow once
[22:28:37 18/7/2026] [stephe.boulojs] [INFO] MOBILE [LOGIN] Authentication flow reached Rewards | phase=Rewards OAuth recovery
[22:28:39 18/7/2026] [stephe.boulojs] [INFO] MOBILE [REACT-PARSE] Snapshot complete | offers=30 | reportable=8 | streaks=4 | streakProtectionEnabled=true | streakProtectionRemainingDays=14 | streakCounter=2 | level=null | account=stephe.boulojs@hotmail.com
[22:28:45 18/7/2026] [stephe.boulojs] [INFO] MOBILE [BOOTSTRAP] Context ready | actions=15 | reportable=8 | available=null
[22:28:45 18/7/2026] [stephe.boulojs] [INFO] MOBILE [BUILD] Rewards build | id=unknown
[22:28:45 18/7/2026] [stephe.boulojs] [INFO] MOBILE [GET-REWARD-SESSION] Context ready | actions=15 | reportable=8 | available=null
[22:28:45 18/7/2026] [stephe.boulojs] [INFO] MOBILE [LOGIN] Logged into Microsoft Rewards successfully
[22:28:46 18/7/2026] [stephe.boulojs] [INFO] MOBILE [LOGIN] Login completed, session saved
[22:28:46 18/7/2026] [stephe.boulojs] [INFO] MOBILE [GET-APP-TOKEN] Requesting mobile access token
[22:28:48 18/7/2026] [stephe.boulojs] [INFO] MOBILE [LOGIN-APP] Mobile access token received
[22:28:53 18/7/2026] [stephe.boulojs] [INFO] MAIN [POINTS] Earnable today | Mobile: 35 | Browser: 0 | App: 35 | stephe.boulojs@hotmail.com | locale: vn
[22:28:53 18/7/2026] [stephe.boulojs] [INFO] MOBILE [ENABLE-STREAK-PROTECTION] Already enabled | remainingDays=14
[22:28:53 18/7/2026] [stephe.boulojs] [INFO] MOBILE [DAILY-SET] Started solving "Daily Set" items
[22:28:53 18/7/2026] [stephe.boulojs] [INFO] MOBILE [ACTIVITY] Found activity type "UrlReward" | title="Upcoming comedy events" | offerId=Global_DailySet_20260718_Child1
[22:28:53 18/7/2026] [stephe.boulojs] [INFO] MOBILE [URL-REWARD] Starting UrlReward | offerId=Global_DailySet_20260718_Child1 | geo=vn | currentBalance=480
[22:28:55 18/7/2026] [stephe.boulojs] [INFO] MOBILE [URL-REWARD] Completed UrlReward | offerId=Global_DailySet_20260718_Child1 | pointsGained=10 | currentBalance=490
[22:29:07 18/7/2026] [stephe.boulojs] [INFO] MOBILE [ACTIVITY] Found activity type "UrlReward" | title="Boston’s spring bloom" | offerId=Global_DailySet_20260718_Child2
[22:29:07 18/7/2026] [stephe.boulojs] [INFO] MOBILE [URL-REWARD] Starting UrlReward | offerId=Global_DailySet_20260718_Child2 | geo=vn | currentBalance=490
[22:29:08 18/7/2026] [stephe.boulojs] [INFO] MOBILE [URL-REWARD] Completed UrlReward | offerId=Global_DailySet_20260718_Child2 | pointsGained=10 | currentBalance=500
[22:29:28 18/7/2026] [stephe.boulojs] [INFO] MOBILE [ACTIVITY] Found activity type "UrlReward" | title="Starry Visionary?" | offerId=Global_DailySet_20260718_Child3
[22:29:28 18/7/2026] [stephe.boulojs] [INFO] MOBILE [URL-REWARD] Starting UrlReward | offerId=Global_DailySet_20260718_Child3 | geo=vn | currentBalance=500
[22:29:29 18/7/2026] [stephe.boulojs] [INFO] MOBILE [URL-REWARD] Completed UrlReward | offerId=Global_DailySet_20260718_Child3 | pointsGained=10 | currentBalance=510
[22:29:46 18/7/2026] [stephe.boulojs] [INFO] MOBILE [DAILY-SET] All "Daily Set" items have been completed
[22:29:46 18/7/2026] [stephe.boulojs] [INFO] MOBILE [MORE-PROMOTIONS] Started solving 2 "More Promotions" items
[22:29:46 18/7/2026] [stephe.boulojs] [INFO] MOBILE [ACTIVITY] Found activity type "UrlReward" | title="Have you heard this quote?" | offerId=ENstar_Rewards_DailyGlobalOffer_Evergreen_Saturday
[22:29:46 18/7/2026] [stephe.boulojs] [INFO] MOBILE [URL-REWARD] Starting UrlReward | offerId=ENstar_Rewards_DailyGlobalOffer_Evergreen_Saturday | geo=vn | currentBalance=510
[22:29:47 18/7/2026] [stephe.boulojs] [INFO] MOBILE [URL-REWARD] Completed UrlReward | offerId=ENstar_Rewards_DailyGlobalOffer_Evergreen_Saturday | pointsGained=5 | currentBalance=515
[22:30:06 18/7/2026] [stephe.boulojs] [WARN] MOBILE [ACTIVITY] Skipped activity "Take the tour" | offerId=Gamification_FRE_Offer6nonwindows | Reason: Unsupported type "welcometour"
[22:30:17 18/7/2026] [stephe.boulojs] [INFO] MOBILE [MORE-PROMOTIONS] All "More Promotion" items have been completed
[22:30:17 18/7/2026] [stephe.boulojs] [INFO] MOBILE [DAILY-CHECK-IN] Starting Daily Check-In | geo=vn | currentBalance=515
[22:30:18 18/7/2026] [stephe.boulojs] [INFO] MOBILE [DAILY-CHECK-IN] Completed Daily Check-In | type=103 | pointsGained=10 | currentBalance=525
[22:30:18 18/7/2026] [stephe.boulojs] [INFO] MOBILE [APP-PROMOTIONS] All "App Promotions" items have already been completed
[22:30:18 18/7/2026] [stephe.boulojs] [INFO] MOBILE [READ-TO-EARN] Starting Read to Earn | geo=vn | delayRange=30sec-50sec | currentBalance=525
[22:30:18 18/7/2026] [stephe.boulojs] [INFO] MOBILE [READ-TO-EARN] Read article 1/10 | status=200 | pointsGained=3 | currentBalance=528
[22:31:08 18/7/2026] [stephe.boulojs] [INFO] MOBILE [READ-TO-EARN] Read article 2/10 | status=200 | pointsGained=3 | currentBalance=531
[22:32:19 18/7/2026] [MAIN] [INFO] MAIN [RUN-START] Starting Microsoft Rewards Script | v4.0.3 | Accounts: 1 | Proxy routes: 1 | Workers: 1 (auto)
[22:32:19 18/7/2026] [stephe.boulojs] [INFO] MAIN [ACCOUNT-START] Starting account: stephe.boulojs@hotmail.com | geoLocale: auto
[22:32:20 18/7/2026] [stephe.boulojs] [INFO] MAIN [PROXY] Proxy route verified for account; direct HTTP fallback is disabled
[22:32:20 18/7/2026] [stephe.boulojs] [INFO] MAIN [FLOW] Starting session for stephe.boulojs@hotmail.com
[22:32:20 18/7/2026] [stephe.boulojs] [INFO] MOBILE [BROWSER] Launching bundled patched Chromium (Edge UA) | headless: true | platform: win32 | proxy: yes (TLS errors ignored)
[22:32:22 18/7/2026] [stephe.boulojs] [INFO] MOBILE [BROWSER] Created context | User-Agent: "Mozilla/5.0 (Linux; Android 13; K) AppleWebKit/537.36 (KHTML, like Gecko) Chrome/151.0.0.0 Mobile Safari/537.36 EdgA/150.0.4078.65"
[22:32:22 18/7/2026] [stephe.boulojs] [INFO] MAIN [BROWSER] Mobile Browser started | stephe.boulojs@hotmail.com
[22:32:22 18/7/2026] [stephe.boulojs] [INFO] MOBILE [LOGIN] Starting login process
[22:32:30 18/7/2026] [stephe.boulojs] [INFO] MOBILE [LOGIN] Authentication flow reached Rewards | phase=initial login
[22:32:30 18/7/2026] [stephe.boulojs] [INFO] MOBILE [LOGIN] Finalizing login
[22:32:34 18/7/2026] [stephe.boulojs] [INFO] MOBILE [LOGIN] Rewards landing reached; dashboard verification pending
[22:32:34 18/7/2026] [stephe.boulojs] [INFO] MOBILE [LOGIN] Starting Bing session verification
[22:32:34 18/7/2026] [stephe.boulojs] [INFO] MOBILE [LOGIN-BING] Verifying Bing session
[22:32:44 18/7/2026] [stephe.boulojs] [INFO] MOBILE [LOGIN-BING] Bing session verified successfully
[22:32:44 18/7/2026] [stephe.boulojs] [INFO] MOBILE [LOGIN] Acquiring rewards context
[22:32:44 18/7/2026] [stephe.boulojs] [INFO] MOBILE [GET-REWARD-SESSION] Bootstrapping rewards context
[22:32:46 18/7/2026] [stephe.boulojs] [INFO] MOBILE [REACT-PARSE] Snapshot complete | offers=30 | reportable=6 | streaks=4 | streakProtectionEnabled=true | streakProtectionRemainingDays=14 | streakCounter=3 | level=null | account=stephe.boulojs@hotmail.com
[22:32:53 18/7/2026] [stephe.boulojs] [INFO] MOBILE [BOOTSTRAP] Context ready | actions=15 | reportable=6 | available=null
[22:32:53 18/7/2026] [stephe.boulojs] [INFO] MOBILE [BUILD] Rewards build | id=unknown
[22:32:53 18/7/2026] [stephe.boulojs] [INFO] MOBILE [GET-REWARD-SESSION] Context ready | actions=15 | reportable=6 | available=null
[22:32:53 18/7/2026] [stephe.boulojs] [INFO] MOBILE [LOGIN] Logged into Microsoft Rewards successfully
[22:32:53 18/7/2026] [stephe.boulojs] [INFO] MOBILE [LOGIN] Login completed, session saved
[22:32:53 18/7/2026] [stephe.boulojs] [INFO] MOBILE [GET-APP-TOKEN] Requesting mobile access token
[22:32:55 18/7/2026] [stephe.boulojs] [INFO] MOBILE [LOGIN-APP] Mobile access token received
[22:32:59 18/7/2026] [stephe.boulojs] [INFO] MAIN [POINTS] Earnable today | Mobile: 89 | Browser: 60 | App: 29 | stephe.boulojs@hotmail.com | locale: vn
[22:32:59 18/7/2026] [stephe.boulojs] [INFO] MOBILE [ENABLE-STREAK-PROTECTION] Already enabled | remainingDays=14
[22:32:59 18/7/2026] [stephe.boulojs] [INFO] MOBILE [DAILY-SET] All "Daily Set" items have already been completed
[22:32:59 18/7/2026] [stephe.boulojs] [INFO] MOBILE [MORE-PROMOTIONS] Started solving 3 "More Promotions" items
[22:32:59 18/7/2026] [stephe.boulojs] [INFO] MOBILE [ACTIVITY] Found activity type "UrlReward" | title="Bees in the city" | offerId=WW_Rewards_locked_level2_Jul26w3_offer1
[22:32:59 18/7/2026] [stephe.boulojs] [INFO] MOBILE [URL-REWARD] Starting UrlReward | offerId=WW_Rewards_locked_level2_Jul26w3_offer1 | geo=vn | currentBalance=531
[22:33:01 18/7/2026] [stephe.boulojs] [INFO] MOBILE [URL-REWARD] Completed UrlReward | offerId=WW_Rewards_locked_level2_Jul26w3_offer1 | pointsGained=15 | currentBalance=546
[22:33:18 18/7/2026] [stephe.boulojs] [INFO] MOBILE [ACTIVITY] Found activity type "UrlReward" | title="Quotes to inspire" | offerId=WW_Rewards_locked_level2_Jul26w3_offer2
[22:33:18 18/7/2026] [stephe.boulojs] [INFO] MOBILE [URL-REWARD] Starting UrlReward | offerId=WW_Rewards_locked_level2_Jul26w3_offer2 | geo=vn | currentBalance=546
[22:33:19 18/7/2026] [stephe.boulojs] [INFO] MOBILE [URL-REWARD] Completed UrlReward | offerId=WW_Rewards_locked_level2_Jul26w3_offer2 | pointsGained=15 | currentBalance=561
[22:33:39 18/7/2026] [stephe.boulojs] [WARN] MOBILE [ACTIVITY] Skipped activity "Take the tour" | offerId=Gamification_FRE_Offer6nonwindows | Reason: Unsupported type "welcometour"
[22:33:50 18/7/2026] [stephe.boulojs] [INFO] MOBILE [MORE-PROMOTIONS] All "More Promotion" items have been completed
[22:33:50 18/7/2026] [stephe.boulojs] [INFO] MOBILE [DAILY-CHECK-IN] Starting Daily Check-In | geo=vn | currentBalance=561
[22:33:50 18/7/2026] [stephe.boulojs] [WARN] MOBILE [DAILY-CHECK-IN] Daily Check-In completed but no points gained | type=103 | pointsGained=0 | currentBalance=561
[22:33:50 18/7/2026] [stephe.boulojs] [INFO] MOBILE [APP-PROMOTIONS] All "App Promotions" items have already been completed
[22:33:50 18/7/2026] [stephe.boulojs] [INFO] MOBILE [READ-TO-EARN] Starting Read to Earn | geo=vn | delayRange=30sec-50sec | currentBalance=561
[22:33:50 18/7/2026] [stephe.boulojs] [INFO] MOBILE [READ-TO-EARN] Read article 1/10 | status=200 | pointsGained=3 | currentBalance=564
[22:34:37 18/7/2026] [stephe.boulojs] [INFO] MOBILE [READ-TO-EARN] Read article 2/10 | status=200 | pointsGained=3 | currentBalance=567
[22:35:14 18/7/2026] [stephe.boulojs] [INFO] MOBILE [READ-TO-EARN] Read article 3/10 | status=200 | pointsGained=3 | currentBalance=570
[22:35:49 18/7/2026] [stephe.boulojs] [INFO] MOBILE [READ-TO-EARN] Read article 4/10 | status=200 | pointsGained=3 | currentBalance=573
[22:36:35 18/7/2026] [stephe.boulojs] [INFO] MOBILE [READ-TO-EARN] Read article 5/10 | status=200 | pointsGained=3 | currentBalance=576
[22:37:10 18/7/2026] [stephe.boulojs] [INFO] MOBILE [READ-TO-EARN] Read article 6/10 | status=200 | pointsGained=3 | currentBalance=579
[22:37:47 18/7/2026] [stephe.boulojs] [INFO] MOBILE [READ-TO-EARN] Read article 7/10 | status=200 | pointsGained=3 | currentBalance=582
[22:38:25 18/7/2026] [stephe.boulojs] [INFO] MOBILE [READ-TO-EARN] Read article 8/10 | status=200 | pointsGained=3 | currentBalance=585
[22:38:58 18/7/2026] [stephe.boulojs] [INFO] MOBILE [READ-TO-EARN] No points gained, stopping Read to Earn | article=9/10 | status=200 | pointsGained=0 | currentBalance=585
[22:38:58 18/7/2026] [stephe.boulojs] [INFO] MOBILE [READ-TO-EARN] Completed Read to Earn | articlesRead=8 | pointsGained=24 | previousBalance=561 | currentBalance=585
[22:38:58 18/7/2026] [stephe.boulojs] [INFO] MOBILE [REACT-PARSE] Quest list | parents=3 | incomplete=3
[22:38:58 18/7/2026] [stephe.boulojs] [INFO] MOBILE [PUNCHCARD] Found 2 incomplete quest(s) on /earn | api-matched=1
[22:38:59 18/7/2026] [stephe.boulojs] [INFO] MOBILE [REACT-PARSE] Quest snapshot | children=3 | reportable=3
[22:38:59 18/7/2026] [stephe.boulojs] [INFO] MOBILE [PUNCHCARD] Solving "Get started with Rewards" | children=3 | reportable=3
[22:39:01 18/7/2026] [stephe.boulojs] [INFO] MOBILE [PUNCHCARD] Reported child | offerId=WW_pcchild2_redesign_newuser_onboarding_offer_punchcard | status=200 | acknowledged=true | pointsGained=0 | currentBalance=585
[22:39:08 18/7/2026] [stephe.boulojs] [INFO] MOBILE [PUNCHCARD] Reported child | offerId=WW_pcchild7_redesign_newuser_onboarding_offer_punchcard | status=200 | acknowledged=true | pointsGained=0 | currentBalance=585
[22:39:16 18/7/2026] [stephe.boulojs] [INFO] MOBILE [PUNCHCARD] Reported child | offerId=WW_pcchild8_redesign_newuser_onboarding_offer_punchcard | status=200 | acknowledged=true | pointsGained=0 | currentBalance=585
[22:39:28 18/7/2026] [stephe.boulojs] [INFO] MOBILE [PUNCHCARD] Quest "Get started with Rewards" COMPLETE | reported=3 | pointsGained=0 | currentBalance=585 | targetPoints=1320
[22:39:29 18/7/2026] [stephe.boulojs] [INFO] MOBILE [REACT-PARSE] Quest snapshot | children=2 | reportable=1
[22:39:29 18/7/2026] [stephe.boulojs] [INFO] MOBILE [PUNCHCARD] Solving "July playbook: travel smart, chase thrills, and shop the latest tech" | children=2 | reportable=1
[22:39:30 18/7/2026] [stephe.boulojs] [INFO] MOBILE [PUNCHCARD] Reported child | offerId=ENWW_pcchild3_urlreward_FY27_BingMonthlyPC_Jul_punchcard | status=200 | acknowledged=true | pointsGained=0 | currentBalance=585
[22:39:45 18/7/2026] [stephe.boulojs] [INFO] MOBILE [PUNCHCARD] Quest "July playbook: travel smart, chase thrills, and shop the latest tech" in progress | reported=1 | remaining=1 | pointsGained=0 | currentBalance=585 | targetPoints=50
[22:39:45 18/7/2026] [stephe.boulojs] [INFO] MOBILE [PUNCHCARD] Finished processing quests
[22:39:45 18/7/2026] [stephe.boulojs] [INFO] MAIN [SEARCH-MANAGER] Mobile: run (missing 60) | Desktop: run (missing 90)
[22:39:45 18/7/2026] [stephe.boulojs] [INFO] MOBILE [SEARCH-BING] Starting Bing searches | currentBalance=585
[22:39:46 18/7/2026] [stephe.boulojs] [INFO] MOBILE [SEARCH-BING] Search points remaining | edge=0 | desktop=90 | mobile=60
[22:40:09 18/7/2026] [stephe.boulojs] [INFO] MOBILE [SEARCH-BING] Query pool ready | count=8173
[22:41:22 18/7/2026] [stephe.boulojs] [INFO] MOBILE [SEARCH-BING] pointsGained=3 | currentBalance=588 | query="how does server monitoring work" | remaining=57
[07:25:31 19/7/2026] [MAIN] [INFO] MAIN [RUN-START] Starting Microsoft Rewards Script | v4.0.3 | Accounts: 1 | Proxy routes: 1 | Workers: 1 (auto)
[07:25:31 19/7/2026] [stephe.boulojs] [INFO] MAIN [ACCOUNT-START] Starting account: stephe.boulojs@hotmail.com | geoLocale: auto
[07:25:32 19/7/2026] [stephe.boulojs] [INFO] MAIN [PROXY] Proxy route verified for account; direct HTTP fallback is disabled
[07:25:32 19/7/2026] [stephe.boulojs] [INFO] MAIN [FLOW] Starting session for stephe.boulojs@hotmail.com
[07:25:32 19/7/2026] [stephe.boulojs] [INFO] MOBILE [BROWSER] Launching bundled patched Chromium (Edge UA) | headless: true | platform: win32 | proxy: yes (TLS errors ignored)
[07:25:32 19/7/2026] [stephe.boulojs] [INFO] MOBILE [BROWSER] Created context | User-Agent: "Mozilla/5.0 (Linux; Android 13; K) AppleWebKit/537.36 (KHTML, like Gecko) Chrome/151.0.0.0 Mobile Safari/537.36 EdgA/150.0.4078.65"
[07:25:32 19/7/2026] [stephe.boulojs] [INFO] MAIN [BROWSER] Mobile Browser started | stephe.boulojs@hotmail.com
[07:25:32 19/7/2026] [stephe.boulojs] [INFO] MOBILE [LOGIN] Starting login process
[07:25:38 19/7/2026] [stephe.boulojs] [INFO] MOBILE [LOGIN] Authentication flow reached Rewards | phase=initial login
[07:25:38 19/7/2026] [stephe.boulojs] [INFO] MOBILE [LOGIN] Finalizing login
[07:25:41 19/7/2026] [stephe.boulojs] [INFO] MOBILE [LOGIN] Rewards landing reached; dashboard verification pending
[07:25:41 19/7/2026] [stephe.boulojs] [INFO] MOBILE [LOGIN] Starting Bing session verification
[07:25:41 19/7/2026] [stephe.boulojs] [INFO] MOBILE [LOGIN-BING] Verifying Bing session
[07:25:49 19/7/2026] [stephe.boulojs] [INFO] MOBILE [LOGIN-BING] Bing session verified successfully
[07:25:49 19/7/2026] [stephe.boulojs] [INFO] MOBILE [LOGIN] Acquiring rewards context
[07:25:49 19/7/2026] [stephe.boulojs] [INFO] MOBILE [GET-REWARD-SESSION] Bootstrapping rewards context
[07:25:51 19/7/2026] [stephe.boulojs] [INFO] MOBILE [REACT-PARSE] Snapshot complete | offers=24 | reportable=8 | streaks=4 | streakProtectionEnabled=true | streakProtectionRemainingDays=14 | streakCounter=3 | level=null | account=stephe.boulojs@hotmail.com
[07:25:52 19/7/2026] [stephe.boulojs] [INFO] MOBILE [BOOTSTRAP] Context ready | actions=15 | reportable=8 | available=null
[07:25:52 19/7/2026] [stephe.boulojs] [INFO] MOBILE [BUILD] Rewards build | id=unknown
[07:25:52 19/7/2026] [stephe.boulojs] [INFO] MOBILE [GET-REWARD-SESSION] Context ready | actions=15 | reportable=8 | available=null
[07:25:52 19/7/2026] [stephe.boulojs] [INFO] MOBILE [LOGIN] Logged into Microsoft Rewards successfully
[07:25:53 19/7/2026] [stephe.boulojs] [INFO] MOBILE [LOGIN] Login completed, session saved
[07:25:53 19/7/2026] [stephe.boulojs] [INFO] MOBILE [GET-APP-TOKEN] Requesting mobile access token
[07:25:55 19/7/2026] [stephe.boulojs] [INFO] MOBILE [LOGIN-APP] Mobile access token received
[07:25:57 19/7/2026] [stephe.boulojs] [INFO] MAIN [POINTS] Earnable today | Mobile: 95 | Browser: 60 | App: 35 | stephe.boulojs@hotmail.com | locale: vn
[07:25:57 19/7/2026] [stephe.boulojs] [INFO] MOBILE [ENABLE-STREAK-PROTECTION] Already enabled | remainingDays=14
[07:25:57 19/7/2026] [stephe.boulojs] [INFO] MOBILE [DAILY-SET] Started solving "Daily Set" items
[07:25:57 19/7/2026] [stephe.boulojs] [INFO] MOBILE [ACTIVITY] Found activity type "UrlReward" | title="Turn referrals into rewards" | offerId=Global_DailySet_20260719_Child1
[07:25:57 19/7/2026] [stephe.boulojs] [INFO] MOBILE [URL-REWARD] Starting UrlReward | offerId=Global_DailySet_20260719_Child1 | geo=vn | currentBalance=588
[07:25:58 19/7/2026] [stephe.boulojs] [INFO] MOBILE [URL-REWARD] Completed UrlReward | offerId=Global_DailySet_20260719_Child1 | pointsGained=10 | currentBalance=598
[07:26:15 19/7/2026] [stephe.boulojs] [INFO] MOBILE [ACTIVITY] Found activity type "UrlReward" | title="Spring in the Bay" | offerId=Global_DailySet_20260719_Child2
[07:26:15 19/7/2026] [stephe.boulojs] [INFO] MOBILE [URL-REWARD] Starting UrlReward | offerId=Global_DailySet_20260719_Child2 | geo=vn | currentBalance=598
[07:26:16 19/7/2026] [stephe.boulojs] [INFO] MOBILE [URL-REWARD] Completed UrlReward | offerId=Global_DailySet_20260719_Child2 | pointsGained=10 | currentBalance=608
[07:26:28 19/7/2026] [stephe.boulojs] [INFO] MOBILE [ACTIVITY] Found activity type "UrlReward" | title="Grilled Perfection?" | offerId=Global_DailySet_20260719_Child3
[07:26:28 19/7/2026] [stephe.boulojs] [INFO] MOBILE [URL-REWARD] Starting UrlReward | offerId=Global_DailySet_20260719_Child3 | geo=vn | currentBalance=608
[07:26:29 19/7/2026] [stephe.boulojs] [INFO] MOBILE [URL-REWARD] Completed UrlReward | offerId=Global_DailySet_20260719_Child3 | pointsGained=10 | currentBalance=618
[07:26:47 19/7/2026] [stephe.boulojs] [INFO] MOBILE [DAILY-SET] All "Daily Set" items have been completed
[07:26:47 19/7/2026] [stephe.boulojs] [INFO] MOBILE [MORE-PROMOTIONS] Started solving 2 "More Promotions" items
[07:26:47 19/7/2026] [stephe.boulojs] [INFO] MOBILE [ACTIVITY] Found activity type "UrlReward" | title="Do you know the answer?" | offerId=ENstar_Rewards_DailyGlobalOffer_Evergreen_Sunday
[07:26:47 19/7/2026] [stephe.boulojs] [INFO] MOBILE [URL-REWARD] Starting UrlReward | offerId=ENstar_Rewards_DailyGlobalOffer_Evergreen_Sunday | geo=vn | currentBalance=618
[07:26:48 19/7/2026] [stephe.boulojs] [INFO] MOBILE [URL-REWARD] Completed UrlReward | offerId=ENstar_Rewards_DailyGlobalOffer_Evergreen_Sunday | pointsGained=5 | currentBalance=623
[07:27:11 19/7/2026] [stephe.boulojs] [WARN] MOBILE [ACTIVITY] Skipped activity "Take the tour" | offerId=Gamification_FRE_Offer6nonwindows | Reason: Unsupported type "welcometour"
[07:27:22 19/7/2026] [stephe.boulojs] [INFO] MOBILE [MORE-PROMOTIONS] All "More Promotion" items have been completed
[07:27:22 19/7/2026] [stephe.boulojs] [INFO] MOBILE [DAILY-CHECK-IN] Starting Daily Check-In | geo=vn | currentBalance=623
[07:27:22 19/7/2026] [stephe.boulojs] [INFO] MOBILE [DAILY-CHECK-IN] Completed Daily Check-In | type=103 | pointsGained=10 | currentBalance=633
[07:27:22 19/7/2026] [stephe.boulojs] [INFO] MOBILE [APP-PROMOTIONS] All "App Promotions" items have already been completed
[07:27:22 19/7/2026] [stephe.boulojs] [INFO] MOBILE [READ-TO-EARN] Starting Read to Earn | geo=vn | delayRange=30sec-50sec | currentBalance=633
[07:27:23 19/7/2026] [stephe.boulojs] [INFO] MOBILE [READ-TO-EARN] Read article 1/10 | status=200 | pointsGained=3 | currentBalance=636
[07:27:59 19/7/2026] [stephe.boulojs] [INFO] MOBILE [READ-TO-EARN] Read article 2/10 | status=200 | pointsGained=3 | currentBalance=639
[07:28:34 19/7/2026] [stephe.boulojs] [INFO] MOBILE [READ-TO-EARN] Read article 3/10 | status=200 | pointsGained=3 | currentBalance=642
[07:29:22 19/7/2026] [stephe.boulojs] [INFO] MOBILE [READ-TO-EARN] Read article 4/10 | status=200 | pointsGained=3 | currentBalance=645
[07:30:12 19/7/2026] [stephe.boulojs] [INFO] MOBILE [READ-TO-EARN] Read article 5/10 | status=200 | pointsGained=3 | currentBalance=648
[07:30:44 19/7/2026] [stephe.boulojs] [INFO] MOBILE [READ-TO-EARN] Read article 6/10 | status=200 | pointsGained=3 | currentBalance=651
[07:31:22 19/7/2026] [stephe.boulojs] [INFO] MOBILE [READ-TO-EARN] Read article 7/10 | status=200 | pointsGained=3 | currentBalance=654
[07:32:03 19/7/2026] [stephe.boulojs] [INFO] MOBILE [READ-TO-EARN] Read article 8/10 | status=200 | pointsGained=3 | currentBalance=657
[07:32:51 19/7/2026] [stephe.boulojs] [INFO] MOBILE [READ-TO-EARN] Read article 9/10 | status=200 | pointsGained=3 | currentBalance=660
[07:33:40 19/7/2026] [stephe.boulojs] [INFO] MOBILE [READ-TO-EARN] Read article 10/10 | status=200 | pointsGained=3 | currentBalance=663
[07:34:15 19/7/2026] [stephe.boulojs] [INFO] MOBILE [READ-TO-EARN] Completed Read to Earn | articlesRead=10 | pointsGained=30 | previousBalance=633 | currentBalance=663
[07:34:16 19/7/2026] [stephe.boulojs] [INFO] MOBILE [REACT-PARSE] Quest list | parents=3 | incomplete=3
[07:34:16 19/7/2026] [stephe.boulojs] [INFO] MOBILE [PUNCHCARD] Found 2 incomplete quest(s) on /earn | api-matched=1
[07:34:16 19/7/2026] [stephe.boulojs] [INFO] MOBILE [REACT-PARSE] Quest snapshot | children=3 | reportable=3
[07:34:16 19/7/2026] [stephe.boulojs] [INFO] MOBILE [PUNCHCARD] Solving "Get started with Rewards" | children=3 | reportable=3
[07:34:19 19/7/2026] [stephe.boulojs] [INFO] MOBILE [PUNCHCARD] Reported child | offerId=WW_pcchild2_redesign_newuser_onboarding_offer_punchcard | status=200 | acknowledged=true | pointsGained=0 | currentBalance=663
[07:34:26 19/7/2026] [stephe.boulojs] [INFO] MOBILE [PUNCHCARD] Reported child | offerId=WW_pcchild7_redesign_newuser_onboarding_offer_punchcard | status=200 | acknowledged=true | pointsGained=0 | currentBalance=663
[07:34:41 19/7/2026] [stephe.boulojs] [INFO] MOBILE [PUNCHCARD] Reported child | offerId=WW_pcchild8_redesign_newuser_onboarding_offer_punchcard | status=200 | acknowledged=true | pointsGained=0 | currentBalance=663
[07:34:48 19/7/2026] [stephe.boulojs] [INFO] MOBILE [PUNCHCARD] Quest "Get started with Rewards" COMPLETE | reported=3 | pointsGained=0 | currentBalance=663 | targetPoints=1320
[07:34:48 19/7/2026] [stephe.boulojs] [INFO] MOBILE [REACT-PARSE] Quest snapshot | children=1 | reportable=1
[07:34:48 19/7/2026] [stephe.boulojs] [INFO] MOBILE [PUNCHCARD] Solving "July playbook: travel smart, chase thrills, and shop the latest tech" | children=1 | reportable=1
[07:34:49 19/7/2026] [stephe.boulojs] [INFO] MOBILE [PUNCHCARD] Reported child | offerId=ENWW_pcchild4_urlreward_FY27_BingMonthlyPC_Jul_punchcard | status=200 | acknowledged=true | pointsGained=50 | currentBalance=713
[07:35:01 19/7/2026] [stephe.boulojs] [INFO] MOBILE [PUNCHCARD] Quest "July playbook: travel smart, chase thrills, and shop the latest tech" COMPLETE | reported=1 | pointsGained=50 | currentBalance=713 | targetPoints=50
[07:35:01 19/7/2026] [stephe.boulojs] [INFO] MOBILE [PUNCHCARD] Finished processing quests
[07:35:01 19/7/2026] [stephe.boulojs] [INFO] MAIN [SEARCH-MANAGER] Mobile: run (missing 60) | Desktop: run (missing 90)
[07:35:01 19/7/2026] [stephe.boulojs] [INFO] MOBILE [SEARCH-BING] Starting Bing searches | currentBalance=713
[07:35:02 19/7/2026] [stephe.boulojs] [INFO] MOBILE [SEARCH-BING] Search points remaining | edge=0 | desktop=90 | mobile=60
[07:35:26 19/7/2026] [stephe.boulojs] [INFO] MOBILE [SEARCH-BING] Query pool ready | count=8255
