(node:22040) ExperimentalWarning: SQLite is an experimental feature and might change at any time
(Use `node --trace-warnings ...` to show where the warning was created)
[21:11:39 18/7/2026] [MAIN] [INFO] MAIN [RUN-START] Starting Microsoft Rewards Script | v4.0.3 | Accounts: 1 | Clusters: 1
[21:11:39 18/7/2026] [dpandrak.bestia] [INFO] MAIN [ACCOUNT-START] Starting account: dpandrak.bestia@hotmail.com | geoLocale: auto
[21:11:39 18/7/2026] [dpandrak.bestia] [INFO] MAIN [PROXY] Proxy route verified for account; direct HTTP fallback is disabled
[21:11:39 18/7/2026] [dpandrak.bestia] [INFO] MAIN [FLOW] Starting session for dpandrak.bestia@hotmail.com
[21:11:39 18/7/2026] [dpandrak.bestia] [INFO] MOBILE [BROWSER] Launching bundled patched Chromium (Edge UA) | headless: true | platform: win32 | proxy: yes (TLS errors ignored)
[21:11:41 18/7/2026] [dpandrak.bestia] [INFO] MOBILE [BROWSER] Created context | User-Agent: "Mozilla/5.0 (Linux; Android 15; K) AppleWebKit/537.36 (KHTML, like Gecko) Chrome/151.0.0.0 Mobile Safari/537.36 EdgA/150.0.4078.65"
[21:11:41 18/7/2026] [dpandrak.bestia] [INFO] MAIN [BROWSER] Mobile Browser started | dpandrak.bestia@hotmail.com
[21:11:41 18/7/2026] [dpandrak.bestia] [INFO] MOBILE [LOGIN] Starting login process
[21:11:47 18/7/2026] [dpandrak.bestia] [INFO] MOBILE [LOGIN] Authentication flow reached Rewards | phase=initial login
[21:11:47 18/7/2026] [dpandrak.bestia] [INFO] MOBILE [LOGIN] Finalizing login
[21:11:51 18/7/2026] [dpandrak.bestia] [INFO] MOBILE [LOGIN] Rewards landing reached; dashboard verification pending
[21:11:51 18/7/2026] [dpandrak.bestia] [INFO] MOBILE [LOGIN] Starting Bing session verification
[21:11:51 18/7/2026] [dpandrak.bestia] [INFO] MOBILE [LOGIN-BING] Verifying Bing session
[21:11:59 18/7/2026] [dpandrak.bestia] [WARN] MOBILE [LOGIN] Unknown state at www.bing.com/, waiting
[21:12:02 18/7/2026] [dpandrak.bestia] [INFO] MOBILE [LOGIN-BING] Bing session verified successfully
[21:12:02 18/7/2026] [dpandrak.bestia] [INFO] MOBILE [LOGIN] Acquiring rewards context
[21:12:02 18/7/2026] [dpandrak.bestia] [INFO] MOBILE [GET-REWARD-SESSION] Bootstrapping rewards context
[21:12:03 18/7/2026] [dpandrak.bestia] [INFO] MOBILE [REACT-PARSE] Snapshot complete | offers=31 | reportable=9 | streaks=4 | streakProtectionEnabled=true | streakProtectionRemainingDays=14 | streakCounter=2 | level=null | account=dpandrak.bestia@hotmail.com
[21:12:05 18/7/2026] [dpandrak.bestia] [INFO] MOBILE [BOOTSTRAP] Context ready | actions=15 | reportable=9 | available=null
[21:12:05 18/7/2026] [dpandrak.bestia] [INFO] MOBILE [BUILD] Rewards build | id=unknown
[21:12:05 18/7/2026] [dpandrak.bestia] [INFO] MOBILE [GET-REWARD-SESSION] Context ready | actions=15 | reportable=9 | available=null
[21:12:05 18/7/2026] [dpandrak.bestia] [INFO] MOBILE [LOGIN] Logged into Microsoft Rewards successfully
[21:12:05 18/7/2026] [dpandrak.bestia] [INFO] MOBILE [LOGIN] Login completed, session saved
[21:12:05 18/7/2026] [dpandrak.bestia] [INFO] MOBILE [GET-APP-TOKEN] Requesting mobile access token
[21:12:07 18/7/2026] [dpandrak.bestia] [INFO] MOBILE [LOGIN-APP] Mobile access token received
[21:12:10 18/7/2026] [dpandrak.bestia] [INFO] MAIN [POINTS] Earnable today | Mobile: 35 | Browser: 0 | App: 35 | dpandrak.bestia@hotmail.com | locale: vn
[21:12:10 18/7/2026] [dpandrak.bestia] [INFO] MOBILE [ENABLE-STREAK-PROTECTION] Already enabled | remainingDays=14
[21:12:10 18/7/2026] [dpandrak.bestia] [INFO] MOBILE [DAILY-SET] Started solving "Daily Set" items
[21:12:10 18/7/2026] [dpandrak.bestia] [INFO] MOBILE [ACTIVITY] Found activity type "UrlReward" | title="Upcoming comedy events" | offerId=Global_DailySet_20260718_Child1
[21:12:10 18/7/2026] [dpandrak.bestia] [INFO] MOBILE [URL-REWARD] Starting UrlReward | offerId=Global_DailySet_20260718_Child1 | geo=vn | currentBalance=480
[21:12:12 18/7/2026] [dpandrak.bestia] [INFO] MOBILE [URL-REWARD] Completed UrlReward | offerId=Global_DailySet_20260718_Child1 | pointsGained=10 | currentBalance=490
[21:12:34 18/7/2026] [dpandrak.bestia] [INFO] MOBILE [ACTIVITY] Found activity type "UrlReward" | title="Boston’s spring bloom" | offerId=Global_DailySet_20260718_Child2
[21:12:34 18/7/2026] [dpandrak.bestia] [INFO] MOBILE [URL-REWARD] Starting UrlReward | offerId=Global_DailySet_20260718_Child2 | geo=vn | currentBalance=490
[21:12:35 18/7/2026] [dpandrak.bestia] [INFO] MOBILE [URL-REWARD] Completed UrlReward | offerId=Global_DailySet_20260718_Child2 | pointsGained=10 | currentBalance=500
[21:12:51 18/7/2026] [dpandrak.bestia] [INFO] MOBILE [ACTIVITY] Found activity type "UrlReward" | title="Starry Visionary?" | offerId=Global_DailySet_20260718_Child3
[21:12:51 18/7/2026] [dpandrak.bestia] [INFO] MOBILE [URL-REWARD] Starting UrlReward | offerId=Global_DailySet_20260718_Child3 | geo=vn | currentBalance=500
[21:12:53 18/7/2026] [dpandrak.bestia] [INFO] MOBILE [URL-REWARD] Completed UrlReward | offerId=Global_DailySet_20260718_Child3 | pointsGained=10 | currentBalance=510
[21:13:07 18/7/2026] [dpandrak.bestia] [INFO] MOBILE [DAILY-SET] All "Daily Set" items have been completed
[21:13:07 18/7/2026] [dpandrak.bestia] [INFO] MOBILE [MORE-PROMOTIONS] Started solving 2 "More Promotions" items
[21:13:07 18/7/2026] [dpandrak.bestia] [INFO] MOBILE [ACTIVITY] Found activity type "UrlReward" | title="Have you heard this quote?" | offerId=ENstar_Rewards_DailyGlobalOffer_Evergreen_Saturday
[21:13:07 18/7/2026] [dpandrak.bestia] [INFO] MOBILE [URL-REWARD] Starting UrlReward | offerId=ENstar_Rewards_DailyGlobalOffer_Evergreen_Saturday | geo=vn | currentBalance=510
[21:13:08 18/7/2026] [dpandrak.bestia] [INFO] MOBILE [URL-REWARD] Completed UrlReward | offerId=ENstar_Rewards_DailyGlobalOffer_Evergreen_Saturday | pointsGained=5 | currentBalance=515
[21:13:27 18/7/2026] [dpandrak.bestia] [WARN] MOBILE [ACTIVITY] Skipped activity "Take the tour" | offerId=Gamification_FRE_Offer6nonwindows | Reason: Unsupported type "welcometour"
[21:13:39 18/7/2026] [dpandrak.bestia] [INFO] MOBILE [MORE-PROMOTIONS] All "More Promotion" items have been completed
[21:13:39 18/7/2026] [dpandrak.bestia] [INFO] MOBILE [DAILY-CHECK-IN] Starting Daily Check-In | geo=vn | currentBalance=515
[21:13:39 18/7/2026] [dpandrak.bestia] [INFO] MOBILE [DAILY-CHECK-IN] Completed Daily Check-In | type=103 | pointsGained=10 | currentBalance=525
[21:13:39 18/7/2026] [dpandrak.bestia] [INFO] MOBILE [APP-PROMOTIONS] All "App Promotions" items have already been completed
[21:13:39 18/7/2026] [dpandrak.bestia] [INFO] MOBILE [READ-TO-EARN] Starting Read to Earn | geo=vn | delayRange=30sec-50sec | currentBalance=525
[21:13:40 18/7/2026] [dpandrak.bestia] [INFO] MOBILE [READ-TO-EARN] Read article 1/10 | status=200 | pointsGained=3 | currentBalance=528
[21:14:24 18/7/2026] [dpandrak.bestia] [INFO] MOBILE [READ-TO-EARN] Read article 2/10 | status=200 | pointsGained=3 | currentBalance=531
[21:14:58 18/7/2026] [dpandrak.bestia] [INFO] MOBILE [READ-TO-EARN] Read article 3/10 | status=200 | pointsGained=3 | currentBalance=534
[21:15:32 18/7/2026] [dpandrak.bestia] [INFO] MOBILE [READ-TO-EARN] Read article 4/10 | status=200 | pointsGained=3 | currentBalance=537
[21:16:20 18/7/2026] [dpandrak.bestia] [INFO] MOBILE [READ-TO-EARN] Read article 5/10 | status=200 | pointsGained=3 | currentBalance=540
[21:17:10 18/7/2026] [dpandrak.bestia] [INFO] MOBILE [READ-TO-EARN] Read article 6/10 | status=200 | pointsGained=3 | currentBalance=543
[21:17:58 18/7/2026] [dpandrak.bestia] [INFO] MOBILE [READ-TO-EARN] Read article 7/10 | status=200 | pointsGained=3 | currentBalance=546
(node:13832) ExperimentalWarning: SQLite is an experimental feature and might change at any time
(Use `node --trace-warnings ...` to show where the warning was created)
[21:37:42 18/7/2026] [MAIN] [INFO] MAIN [RUN-START] Starting Microsoft Rewards Script | v4.0.3 | Accounts: 1 | Proxy routes: 1 | Workers: 1 (auto)
[21:37:42 18/7/2026] [dpandrak.bestia] [INFO] MAIN [ACCOUNT-START] Starting account: dpandrak.bestia@hotmail.com | geoLocale: auto
[21:37:43 18/7/2026] [dpandrak.bestia] [INFO] MAIN [PROXY] Proxy route verified for account; direct HTTP fallback is disabled
[21:37:43 18/7/2026] [dpandrak.bestia] [INFO] MAIN [FLOW] Starting session for dpandrak.bestia@hotmail.com
[21:37:43 18/7/2026] [dpandrak.bestia] [INFO] MOBILE [BROWSER] Launching bundled patched Chromium (Edge UA) | headless: true | platform: win32 | proxy: yes (TLS errors ignored)
[21:37:44 18/7/2026] [dpandrak.bestia] [INFO] MOBILE [BROWSER] Created context | User-Agent: "Mozilla/5.0 (Linux; Android 15; K) AppleWebKit/537.36 (KHTML, like Gecko) Chrome/151.0.0.0 Mobile Safari/537.36 EdgA/150.0.4078.65"
[21:37:45 18/7/2026] [dpandrak.bestia] [INFO] MAIN [BROWSER] Mobile Browser started | dpandrak.bestia@hotmail.com
[21:37:45 18/7/2026] [dpandrak.bestia] [INFO] MOBILE [LOGIN] Starting login process
[21:37:57 18/7/2026] [dpandrak.bestia] [INFO] MOBILE [LOGIN] Entering email
[21:38:04 18/7/2026] [dpandrak.bestia] [INFO] MOBILE [LOGIN-ENTER-EMAIL] Email submitted
[21:38:09 18/7/2026] [dpandrak.bestia] [INFO] MOBILE [LOGIN] Email entered successfully
[21:38:16 18/7/2026] [dpandrak.bestia] [INFO] MOBILE [LOGIN] State transition: EMAIL_INPUT → PASSWORD_INPUT
[21:38:16 18/7/2026] [dpandrak.bestia] [INFO] MOBILE [LOGIN] Entering password
[21:38:20 18/7/2026] [dpandrak.bestia] [INFO] MOBILE [LOGIN-ENTER-PASSWORD] Password submitted
[21:38:25 18/7/2026] [dpandrak.bestia] [INFO] MOBILE [LOGIN] Password entered successfully
[21:38:26 18/7/2026] [dpandrak.bestia] [INFO] MOBILE [LOGIN] State transition: PASSWORD_INPUT → LOGGED_IN
[21:38:26 18/7/2026] [dpandrak.bestia] [INFO] MOBILE [LOGIN] Authentication flow reached Rewards | phase=initial login
[21:38:26 18/7/2026] [dpandrak.bestia] [INFO] MOBILE [LOGIN] Finalizing login
[21:38:28 18/7/2026] [dpandrak.bestia] [INFO] MOBILE [LOGIN] Rewards landing reached; dashboard verification pending
[21:38:33 18/7/2026] [dpandrak.bestia] [INFO] MOBILE [LOGIN] Starting Bing session verification
[21:38:33 18/7/2026] [dpandrak.bestia] [INFO] MOBILE [LOGIN-BING] Verifying Bing session
[21:38:39 18/7/2026] [dpandrak.bestia] [WARN] MOBILE [LOGIN] Unknown state at www.bing.com/, waiting
[21:38:48 18/7/2026] [dpandrak.bestia] [INFO] MOBILE [LOGIN-BING] Bing session verified successfully
[21:38:48 18/7/2026] [dpandrak.bestia] [INFO] MOBILE [LOGIN] Acquiring rewards context
[21:38:48 18/7/2026] [dpandrak.bestia] [INFO] MOBILE [GET-REWARD-SESSION] Bootstrapping rewards context
[21:38:49 18/7/2026] [dpandrak.bestia] [WARN] MOBILE [BOOTSTRAP] Rewards /dashboard navigation stopped | attempt=1/3 | url=login.live.com/oauth20_authorize.srf | error=Rewards authentication is required after redirect to login.live.com/oauth20_authorize.srf
[21:38:49 18/7/2026] [dpandrak.bestia] [ERROR] MOBILE [BOOTSTRAP] Failed acquiring context | error=Rewards authentication is required after redirect to login.live.com/oauth20_authorize.srf
[21:38:49 18/7/2026] [dpandrak.bestia] [WARN] MOBILE [GET-REWARD-SESSION] Rewards authentication required at login.live.com/oauth20_authorize.srf; resuming Microsoft login flow once
[21:38:55 18/7/2026] [dpandrak.bestia] [INFO] MOBILE [LOGIN] Authentication flow reached Rewards | phase=Rewards OAuth recovery
[21:38:56 18/7/2026] [dpandrak.bestia] [INFO] MOBILE [REACT-PARSE] Snapshot complete | offers=31 | reportable=7 | streaks=4 | streakProtectionEnabled=true | streakProtectionRemainingDays=14 | streakCounter=3 | level=null | account=dpandrak.bestia@hotmail.com
[21:38:59 18/7/2026] [dpandrak.bestia] [INFO] MOBILE [BOOTSTRAP] Context ready | actions=15 | reportable=7 | available=null
[21:38:59 18/7/2026] [dpandrak.bestia] [INFO] MOBILE [BUILD] Rewards build | id=unknown
[21:38:59 18/7/2026] [dpandrak.bestia] [INFO] MOBILE [GET-REWARD-SESSION] Context ready | actions=15 | reportable=7 | available=null
[21:38:59 18/7/2026] [dpandrak.bestia] [INFO] MOBILE [LOGIN] Logged into Microsoft Rewards successfully
[21:38:59 18/7/2026] [dpandrak.bestia] [INFO] MOBILE [LOGIN] Login completed, session saved
[21:38:59 18/7/2026] [dpandrak.bestia] [INFO] MOBILE [GET-APP-TOKEN] Requesting mobile access token
[21:39:02 18/7/2026] [dpandrak.bestia] [INFO] MOBILE [LOGIN-APP] Mobile access token received
[21:39:07 18/7/2026] [dpandrak.bestia] [INFO] MAIN [POINTS] Earnable today | Mobile: 74 | Browser: 60 | App: 14 | dpandrak.bestia@hotmail.com | locale: vn
[21:39:07 18/7/2026] [dpandrak.bestia] [INFO] MOBILE [ENABLE-STREAK-PROTECTION] Already enabled | remainingDays=14
[21:39:07 18/7/2026] [dpandrak.bestia] [INFO] MOBILE [DAILY-SET] All "Daily Set" items have already been completed
[21:39:07 18/7/2026] [dpandrak.bestia] [INFO] MOBILE [MORE-PROMOTIONS] Started solving 3 "More Promotions" items
[21:39:07 18/7/2026] [dpandrak.bestia] [INFO] MOBILE [ACTIVITY] Found activity type "UrlReward" | title="Bees in the city" | offerId=WW_Rewards_locked_level2_Jul26w3_offer1
[21:39:07 18/7/2026] [dpandrak.bestia] [INFO] MOBILE [URL-REWARD] Starting UrlReward | offerId=WW_Rewards_locked_level2_Jul26w3_offer1 | geo=vn | currentBalance=546
[21:39:09 18/7/2026] [dpandrak.bestia] [INFO] MOBILE [URL-REWARD] Completed UrlReward | offerId=WW_Rewards_locked_level2_Jul26w3_offer1 | pointsGained=15 | currentBalance=561
[21:39:30 18/7/2026] [dpandrak.bestia] [INFO] MOBILE [ACTIVITY] Found activity type "UrlReward" | title="Quotes to inspire" | offerId=WW_Rewards_locked_level2_Jul26w3_offer2
[21:39:30 18/7/2026] [dpandrak.bestia] [INFO] MOBILE [URL-REWARD] Starting UrlReward | offerId=WW_Rewards_locked_level2_Jul26w3_offer2 | geo=vn | currentBalance=561
[21:39:32 18/7/2026] [dpandrak.bestia] [INFO] MOBILE [URL-REWARD] Completed UrlReward | offerId=WW_Rewards_locked_level2_Jul26w3_offer2 | pointsGained=15 | currentBalance=576
[21:39:47 18/7/2026] [dpandrak.bestia] [WARN] MOBILE [ACTIVITY] Skipped activity "Take the tour" | offerId=Gamification_FRE_Offer6nonwindows | Reason: Unsupported type "welcometour"
[21:39:56 18/7/2026] [dpandrak.bestia] [INFO] MOBILE [MORE-PROMOTIONS] All "More Promotion" items have been completed
[21:39:56 18/7/2026] [dpandrak.bestia] [INFO] MOBILE [DAILY-CHECK-IN] Starting Daily Check-In | geo=vn | currentBalance=576
[21:39:56 18/7/2026] [dpandrak.bestia] [WARN] MOBILE [DAILY-CHECK-IN] Daily Check-In completed but no points gained | type=103 | pointsGained=0 | currentBalance=576
[21:39:56 18/7/2026] [dpandrak.bestia] [INFO] MOBILE [APP-PROMOTIONS] All "App Promotions" items have already been completed
[21:39:56 18/7/2026] [dpandrak.bestia] [INFO] MOBILE [READ-TO-EARN] Starting Read to Earn | geo=vn | delayRange=30sec-50sec | currentBalance=576
[21:39:56 18/7/2026] [dpandrak.bestia] [INFO] MOBILE [READ-TO-EARN] Read article 1/10 | status=200 | pointsGained=3 | currentBalance=579
[22:23:24 18/7/2026] [MAIN] [INFO] MAIN [RUN-START] Starting Microsoft Rewards Script | v4.0.3 | Accounts: 1 | Proxy routes: 1 | Workers: 1 (auto)
[22:23:24 18/7/2026] [dpandrak.bestia] [INFO] MAIN [ACCOUNT-START] Starting account: dpandrak.bestia@hotmail.com | geoLocale: auto
[22:23:25 18/7/2026] [dpandrak.bestia] [INFO] MAIN [PROXY] Proxy route verified for account; direct HTTP fallback is disabled
[22:23:25 18/7/2026] [dpandrak.bestia] [INFO] MAIN [FLOW] Starting session for dpandrak.bestia@hotmail.com
[22:23:25 18/7/2026] [dpandrak.bestia] [INFO] MOBILE [BROWSER] Launching bundled patched Chromium (Edge UA) | headless: true | platform: win32 | proxy: yes (TLS errors ignored)
[22:23:32 18/7/2026] [dpandrak.bestia] [INFO] MOBILE [BROWSER] Created context | User-Agent: "Mozilla/5.0 (Linux; Android 13; K) AppleWebKit/537.36 (KHTML, like Gecko) Chrome/151.0.0.0 Mobile Safari/537.36 EdgA/150.0.4078.65"
[22:23:33 18/7/2026] [dpandrak.bestia] [INFO] MAIN [BROWSER] Mobile Browser started | dpandrak.bestia@hotmail.com
[22:23:33 18/7/2026] [dpandrak.bestia] [INFO] MOBILE [LOGIN] Starting login process
[22:23:45 18/7/2026] [dpandrak.bestia] [WARN] MOBILE [LOGIN] Unknown state at login.live.com/oauth20_authorize.srf, waiting
[22:23:53 18/7/2026] [dpandrak.bestia] [WARN] MOBILE [LOGIN] Unknown state at login.live.com/oauth20_authorize.srf, waiting
[22:24:00 18/7/2026] [dpandrak.bestia] [INFO] MOBILE [LOGIN] Entering email
[22:24:06 18/7/2026] [dpandrak.bestia] [INFO] MOBILE [LOGIN-ENTER-EMAIL] Email submitted
[22:24:11 18/7/2026] [dpandrak.bestia] [INFO] MOBILE [LOGIN] Email entered successfully
[22:24:18 18/7/2026] [dpandrak.bestia] [INFO] MOBILE [LOGIN] State transition: EMAIL_INPUT → UNKNOWN
[22:24:18 18/7/2026] [dpandrak.bestia] [WARN] MOBILE [LOGIN] Unknown state at login.live.com/oauth20_authorize.srf, waiting
[22:24:24 18/7/2026] [dpandrak.bestia] [INFO] MOBILE [LOGIN] Entering password
[22:24:29 18/7/2026] [dpandrak.bestia] [INFO] MOBILE [LOGIN-ENTER-PASSWORD] Password submitted
[22:24:33 18/7/2026] [dpandrak.bestia] [INFO] MOBILE [LOGIN] Password entered successfully
[22:24:34 18/7/2026] [dpandrak.bestia] [INFO] MOBILE [LOGIN] State transition: PASSWORD_INPUT → LOGGED_IN
[22:24:34 18/7/2026] [dpandrak.bestia] [INFO] MOBILE [LOGIN] Authentication flow reached Rewards | phase=initial login
[22:24:34 18/7/2026] [dpandrak.bestia] [INFO] MOBILE [LOGIN] Finalizing login
[22:24:38 18/7/2026] [dpandrak.bestia] [INFO] MOBILE [LOGIN] Rewards landing reached; dashboard verification pending
[22:24:42 18/7/2026] [dpandrak.bestia] [INFO] MOBILE [LOGIN] Starting Bing session verification
[22:24:42 18/7/2026] [dpandrak.bestia] [INFO] MOBILE [LOGIN-BING] Verifying Bing session
[22:24:55 18/7/2026] [dpandrak.bestia] [INFO] MOBILE [LOGIN-BING] Bing session verified successfully
[22:24:55 18/7/2026] [dpandrak.bestia] [INFO] MOBILE [LOGIN] Acquiring rewards context
[22:24:55 18/7/2026] [dpandrak.bestia] [INFO] MOBILE [GET-REWARD-SESSION] Bootstrapping rewards context
[22:24:57 18/7/2026] [dpandrak.bestia] [WARN] MOBILE [BOOTSTRAP] Rewards /dashboard navigation stopped | attempt=1/3 | url=login.live.com/oauth20_authorize.srf | error=Rewards authentication is required after redirect to login.live.com/oauth20_authorize.srf
[22:24:57 18/7/2026] [dpandrak.bestia] [WARN] MOBILE [GET-REWARD-SESSION] Rewards authentication required at login.live.com/oauth20_authorize.srf; resuming Microsoft login flow once
[22:25:02 18/7/2026] [dpandrak.bestia] [INFO] MOBILE [LOGIN] Authentication flow reached Rewards | phase=Rewards OAuth recovery
[22:25:03 18/7/2026] [dpandrak.bestia] [INFO] MOBILE [REACT-PARSE] Snapshot complete | offers=31 | reportable=5 | streaks=4 | streakProtectionEnabled=true | streakProtectionRemainingDays=14 | streakCounter=3 | level=null | account=dpandrak.bestia@hotmail.com
[22:25:06 18/7/2026] [dpandrak.bestia] [INFO] MOBILE [BOOTSTRAP] Context ready | actions=15 | reportable=5 | available=null
[22:25:06 18/7/2026] [dpandrak.bestia] [INFO] MOBILE [BUILD] Rewards build | id=unknown
[22:25:06 18/7/2026] [dpandrak.bestia] [INFO] MOBILE [GET-REWARD-SESSION] Context ready | actions=15 | reportable=5 | available=null
[22:25:06 18/7/2026] [dpandrak.bestia] [INFO] MOBILE [LOGIN] Logged into Microsoft Rewards successfully
[22:25:07 18/7/2026] [dpandrak.bestia] [INFO] MOBILE [LOGIN] Login completed, session saved
[22:25:07 18/7/2026] [dpandrak.bestia] [INFO] MOBILE [GET-APP-TOKEN] Requesting mobile access token
[22:25:09 18/7/2026] [dpandrak.bestia] [INFO] MOBILE [LOGIN-APP] Mobile access token received
[22:25:13 18/7/2026] [dpandrak.bestia] [INFO] MAIN [POINTS] Earnable today | Mobile: 71 | Browser: 60 | App: 11 | dpandrak.bestia@hotmail.com | locale: vn
[22:25:13 18/7/2026] [dpandrak.bestia] [INFO] MOBILE [ENABLE-STREAK-PROTECTION] Already enabled | remainingDays=14
[22:25:13 18/7/2026] [dpandrak.bestia] [INFO] MOBILE [DAILY-SET] All "Daily Set" items have already been completed
[22:25:13 18/7/2026] [dpandrak.bestia] [INFO] MOBILE [MORE-PROMOTIONS] Started solving 1 "More Promotions" items
[22:25:13 18/7/2026] [dpandrak.bestia] [WARN] MOBILE [ACTIVITY] Skipped activity "Take the tour" | offerId=Gamification_FRE_Offer6nonwindows | Reason: Unsupported type "welcometour"
[22:25:19 18/7/2026] [dpandrak.bestia] [INFO] MOBILE [MORE-PROMOTIONS] All "More Promotion" items have been completed
[22:25:19 18/7/2026] [dpandrak.bestia] [INFO] MOBILE [DAILY-CHECK-IN] Starting Daily Check-In | geo=vn | currentBalance=579
[22:25:19 18/7/2026] [dpandrak.bestia] [WARN] MOBILE [DAILY-CHECK-IN] Daily Check-In completed but no points gained | type=103 | pointsGained=0 | currentBalance=579
[22:25:19 18/7/2026] [dpandrak.bestia] [INFO] MOBILE [APP-PROMOTIONS] All "App Promotions" items have already been completed
[22:25:19 18/7/2026] [dpandrak.bestia] [INFO] MOBILE [READ-TO-EARN] Starting Read to Earn | geo=vn | delayRange=30sec-50sec | currentBalance=579
[22:25:19 18/7/2026] [dpandrak.bestia] [INFO] MOBILE [READ-TO-EARN] Read article 1/10 | status=200 | pointsGained=3 | currentBalance=582
[22:26:00 18/7/2026] [dpandrak.bestia] [INFO] MOBILE [READ-TO-EARN] Read article 2/10 | status=200 | pointsGained=3 | currentBalance=585
