(node:11796) ExperimentalWarning: SQLite is an experimental feature and might change at any time
(Use `node --trace-warnings ...` to show where the warning was created)
[20:19:20 18/7/2026] [MAIN] [INFO] MAIN [RUN-START] Starting Microsoft Rewards Script | v4.0.3 | Accounts: 1 | Clusters: 1
[20:19:20 18/7/2026] [meineda.357] [INFO] MAIN [ACCOUNT-START] Starting account: meineda.357@hotmail.com | geoLocale: auto
[20:19:21 18/7/2026] [meineda.357] [INFO] MAIN [PROXY] Proxy route verified for account; direct HTTP fallback is disabled
[20:19:22 18/7/2026] [meineda.357] [INFO] MAIN [FLOW] Starting session for meineda.357@hotmail.com
[20:19:22 18/7/2026] [meineda.357] [INFO] MOBILE [BROWSER] Launching bundled patched Chromium (Edge UA) | headless: true | platform: win32 | proxy: yes (TLS errors ignored)
[20:19:25 18/7/2026] [meineda.357] [INFO] MOBILE [BROWSER] Created context | User-Agent: "Mozilla/5.0 (Linux; Android 14; K) AppleWebKit/537.36 (KHTML, like Gecko) Chrome/151.0.0.0 Mobile Safari/537.36 EdgA/150.0.4078.65"
[20:19:25 18/7/2026] [meineda.357] [INFO] MAIN [BROWSER] Mobile Browser started | meineda.357@hotmail.com
[20:19:25 18/7/2026] [meineda.357] [INFO] MOBILE [LOGIN] Starting login process
[20:19:32 18/7/2026] [meineda.357] [INFO] MOBILE [LOGIN] Authentication flow reached Rewards | phase=initial login
[20:19:32 18/7/2026] [meineda.357] [INFO] MOBILE [LOGIN] Finalizing login
[20:19:42 18/7/2026] [meineda.357] [INFO] MOBILE [LOGIN] Rewards landing reached; dashboard verification pending
[20:19:43 18/7/2026] [meineda.357] [INFO] MOBILE [LOGIN] Starting Bing session verification
[20:19:43 18/7/2026] [meineda.357] [INFO] MOBILE [LOGIN-BING] Verifying Bing session
[20:19:57 18/7/2026] [meineda.357] [WARN] MOBILE [LOGIN] Unknown state at www.bing.com/, waiting
[20:20:01 18/7/2026] [meineda.357] [INFO] MOBILE [LOGIN-BING] Bing session verified successfully
[20:20:01 18/7/2026] [meineda.357] [INFO] MOBILE [LOGIN] Acquiring rewards context
[20:20:01 18/7/2026] [meineda.357] [INFO] MOBILE [GET-REWARD-SESSION] Bootstrapping rewards context
[20:20:04 18/7/2026] [meineda.357] [INFO] MOBILE [REACT-PARSE] Snapshot complete | offers=30 | reportable=6 | streaks=4 | streakProtectionEnabled=true | streakProtectionRemainingDays=14 | streakCounter=3 | level=null | account=meineda.357@hotmail.com
[20:20:09 18/7/2026] [meineda.357] [INFO] MOBILE [BOOTSTRAP] Context ready | actions=15 | reportable=6 | available=null
[20:20:09 18/7/2026] [meineda.357] [INFO] MOBILE [BUILD] Rewards build | id=unknown
[20:20:09 18/7/2026] [meineda.357] [INFO] MOBILE [GET-REWARD-SESSION] Context ready | actions=15 | reportable=6 | available=null
[20:20:09 18/7/2026] [meineda.357] [INFO] MOBILE [LOGIN] Logged into Microsoft Rewards successfully
[20:20:11 18/7/2026] [meineda.357] [INFO] MOBILE [LOGIN] Login completed, session saved
[20:20:11 18/7/2026] [meineda.357] [INFO] MOBILE [GET-APP-TOKEN] Requesting mobile access token
[20:20:14 18/7/2026] [meineda.357] [INFO] MOBILE [LOGIN-APP] Mobile access token received
[20:20:24 18/7/2026] [meineda.357] [INFO] MAIN [POINTS] Earnable today | Mobile: 5 | Browser: 0 | App: 5 | meineda.357@hotmail.com | locale: vn
[20:20:24 18/7/2026] [meineda.357] [INFO] MOBILE [ENABLE-STREAK-PROTECTION] Already enabled | remainingDays=14
[20:20:24 18/7/2026] [meineda.357] [INFO] MOBILE [DAILY-SET] All "Daily Set" items have already been completed
[20:20:24 18/7/2026] [meineda.357] [INFO] MOBILE [MORE-PROMOTIONS] Started solving 3 "More Promotions" items
[20:20:24 18/7/2026] [meineda.357] [INFO] MOBILE [ACTIVITY] Found activity type "UrlReward" | title="Bees in the city" | offerId=WW_Rewards_locked_level2_Jul26w3_offer1
[20:20:24 18/7/2026] [meineda.357] [INFO] MOBILE [URL-REWARD] Starting UrlReward | offerId=WW_Rewards_locked_level2_Jul26w3_offer1 | geo=vn | currentBalance=705
[20:20:28 18/7/2026] [meineda.357] [INFO] MOBILE [URL-REWARD] Completed UrlReward | offerId=WW_Rewards_locked_level2_Jul26w3_offer1 | pointsGained=15 | currentBalance=720
[20:20:45 18/7/2026] [meineda.357] [INFO] MOBILE [ACTIVITY] Found activity type "UrlReward" | title="Quotes to inspire" | offerId=WW_Rewards_locked_level2_Jul26w3_offer2
[20:20:45 18/7/2026] [meineda.357] [INFO] MOBILE [URL-REWARD] Starting UrlReward | offerId=WW_Rewards_locked_level2_Jul26w3_offer2 | geo=vn | currentBalance=720
[20:20:52 18/7/2026] [meineda.357] [INFO] MOBILE [URL-REWARD] Completed UrlReward | offerId=WW_Rewards_locked_level2_Jul26w3_offer2 | pointsGained=15 | currentBalance=735
[20:21:09 18/7/2026] [meineda.357] [WARN] MOBILE [ACTIVITY] Skipped activity "Take the tour" | offerId=Gamification_FRE_Offer6nonwindows | Reason: Unsupported type "welcometour"
[20:21:16 18/7/2026] [meineda.357] [INFO] MOBILE [MORE-PROMOTIONS] All "More Promotion" items have been completed
[20:21:16 18/7/2026] [meineda.357] [INFO] MOBILE [DAILY-CHECK-IN] Starting Daily Check-In | geo=vn | currentBalance=735
[20:21:16 18/7/2026] [meineda.357] [WARN] MOBILE [DAILY-CHECK-IN] Daily Check-In completed but no points gained | type=103 | pointsGained=0 | currentBalance=735
[20:21:16 18/7/2026] [meineda.357] [INFO] MOBILE [APP-PROMOTIONS] All "App Promotions" items have already been completed
[20:21:16 18/7/2026] [meineda.357] [INFO] MOBILE [READ-TO-EARN] Starting Read to Earn | geo=vn | delayRange=30sec-50sec | currentBalance=735
[20:21:16 18/7/2026] [meineda.357] [INFO] MOBILE [READ-TO-EARN] No points gained, stopping Read to Earn | article=1/10 | status=200 | pointsGained=0 | currentBalance=735
[20:21:16 18/7/2026] [meineda.357] [INFO] MOBILE [READ-TO-EARN] Completed Read to Earn | articlesRead=0 | pointsGained=0 | previousBalance=735 | currentBalance=735
[20:21:17 18/7/2026] [meineda.357] [INFO] MOBILE [REACT-PARSE] Quest list | parents=3 | incomplete=3
[20:21:17 18/7/2026] [meineda.357] [INFO] MOBILE [PUNCHCARD] Found 2 incomplete quest(s) on /earn | api-matched=1
[20:21:18 18/7/2026] [meineda.357] [INFO] MOBILE [REACT-PARSE] Quest snapshot | children=3 | reportable=3
[20:21:18 18/7/2026] [meineda.357] [INFO] MOBILE [PUNCHCARD] Solving "Get started with Rewards" | children=3 | reportable=3
[20:21:24 18/7/2026] [meineda.357] [INFO] MOBILE [PUNCHCARD] Reported child | offerId=WW_pcchild2_redesign_newuser_onboarding_offer_punchcard | status=200 | acknowledged=true | pointsGained=0 | currentBalance=735
[20:21:34 18/7/2026] [meineda.357] [INFO] MOBILE [PUNCHCARD] Reported child | offerId=WW_pcchild7_redesign_newuser_onboarding_offer_punchcard | status=200 | acknowledged=true | pointsGained=0 | currentBalance=735
[20:21:45 18/7/2026] [meineda.357] [INFO] MOBILE [PUNCHCARD] Reported child | offerId=WW_pcchild8_redesign_newuser_onboarding_offer_punchcard | status=200 | acknowledged=true | pointsGained=0 | currentBalance=735
[20:21:57 18/7/2026] [meineda.357] [INFO] MOBILE [PUNCHCARD] Quest "Get started with Rewards" COMPLETE | reported=3 | pointsGained=0 | currentBalance=735 | targetPoints=1320
[20:21:57 18/7/2026] [meineda.357] [INFO] MOBILE [REACT-PARSE] Quest snapshot | children=1 | reportable=0
[20:21:57 18/7/2026] [meineda.357] [INFO] MOBILE [PUNCHCARD] Solving "July playbook: travel smart, chase thrills, and shop the latest tech" | children=1 | reportable=0
[20:21:57 18/7/2026] [meineda.357] [INFO] MOBILE [PUNCHCARD] Quest "July playbook: travel smart, chase thrills, and shop the latest tech" in progress | reported=0 | remaining=1 | pointsGained=0 | currentBalance=735 | targetPoints=50
[20:21:57 18/7/2026] [meineda.357] [INFO] MOBILE [PUNCHCARD] Finished processing quests
[20:22:05 18/7/2026] [meineda.357] [INFO] MAIN [SEARCH-MANAGER] Mobile: skip (no points) | Desktop: skip (no points)
[20:22:08 18/7/2026] [meineda.357] [WARN] MOBILE [BROWSER] Browser context closed
[20:22:08 18/7/2026] [meineda.357] [INFO] MOBILE [CLOSE-BROWSER] All browser resources closed.
[20:22:08 18/7/2026] [meineda.357] [INFO] DESKTOP [BROWSER] Launching bundled patched Chromium (Edge UA) | headless: true | platform: win32 | proxy: yes (TLS errors ignored)
[20:22:11 18/7/2026] [meineda.357] [INFO] DESKTOP [BROWSER] Created context | User-Agent: "Mozilla/5.0 (Windows NT 10.0; Win64; x64) AppleWebKit/537.36 (KHTML, like Gecko) Chrome/151.0.0.0 Safari/537.36 Edg/150.0.4078.83"
[20:22:11 18/7/2026] [meineda.357] [INFO] DESKTOP [BROWSER] Desktop Browser started | meineda.357@hotmail.com
[20:22:11 18/7/2026] [meineda.357] [INFO] DESKTOP [LOGIN] Starting login process
[20:22:30 18/7/2026] [meineda.357] [INFO] DESKTOP [LOGIN] Entering email
[20:22:38 18/7/2026] [meineda.357] [INFO] DESKTOP [LOGIN-ENTER-EMAIL] Email submitted
[20:22:43 18/7/2026] [meineda.357] [INFO] DESKTOP [LOGIN] Email entered successfully
[20:22:49 18/7/2026] [meineda.357] [INFO] DESKTOP [LOGIN] State transition: EMAIL_INPUT → PASSWORD_INPUT
[20:22:49 18/7/2026] [meineda.357] [INFO] DESKTOP [LOGIN] Entering password
[20:22:56 18/7/2026] [meineda.357] [INFO] DESKTOP [LOGIN-ENTER-PASSWORD] Password submitted
[20:23:01 18/7/2026] [meineda.357] [INFO] DESKTOP [LOGIN] Password entered successfully
[20:23:07 18/7/2026] [meineda.357] [INFO] DESKTOP [LOGIN] State transition: PASSWORD_INPUT → LOGGED_IN
[20:23:07 18/7/2026] [meineda.357] [INFO] DESKTOP [LOGIN] Authentication flow reached Rewards | phase=initial login
[20:23:07 18/7/2026] [meineda.357] [INFO] DESKTOP [LOGIN] Finalizing login
[20:23:17 18/7/2026] [meineda.357] [INFO] DESKTOP [LOGIN] Rewards landing reached; dashboard verification pending
[20:23:22 18/7/2026] [meineda.357] [INFO] DESKTOP [LOGIN] Starting Bing session verification
[20:23:22 18/7/2026] [meineda.357] [INFO] DESKTOP [LOGIN-BING] Verifying Bing session
[20:23:44 18/7/2026] [meineda.357] [WARN] DESKTOP [LOGIN] Unknown state at www.bing.com/, waiting
[20:23:51 18/7/2026] [meineda.357] [INFO] DESKTOP [LOGIN-BING] Bing session verified successfully
[20:23:51 18/7/2026] [meineda.357] [INFO] DESKTOP [LOGIN] Acquiring rewards context
[20:23:51 18/7/2026] [meineda.357] [INFO] DESKTOP [GET-REWARD-SESSION] Bootstrapping rewards context
[20:23:54 18/7/2026] [meineda.357] [WARN] DESKTOP [BOOTSTRAP] Rewards /dashboard navigation stopped | attempt=1/3 | url=login.live.com/oauth20_authorize.srf | error=Rewards authentication is required after redirect to login.live.com/oauth20_authorize.srf
[20:23:54 18/7/2026] [meineda.357] [ERROR] DESKTOP [BOOTSTRAP] Failed acquiring context | error=Rewards authentication is required after redirect to login.live.com/oauth20_authorize.srf
[20:23:54 18/7/2026] [meineda.357] [WARN] DESKTOP [GET-REWARD-SESSION] Rewards authentication required at login.live.com/oauth20_authorize.srf; resuming Microsoft login flow once
[20:23:59 18/7/2026] [meineda.357] [INFO] DESKTOP [LOGIN] Authentication flow reached Rewards | phase=Rewards OAuth recovery
[20:24:04 18/7/2026] [meineda.357] [INFO] DESKTOP [REACT-PARSE] Snapshot complete | offers=33 | reportable=6 | streaks=4 | streakProtectionEnabled=true | streakProtectionRemainingDays=14 | streakCounter=3 | level=null | account=meineda.357@hotmail.com
[20:24:11 18/7/2026] [meineda.357] [INFO] DESKTOP [BOOTSTRAP] Context ready | actions=15 | reportable=6 | available=null
[20:24:11 18/7/2026] [meineda.357] [INFO] DESKTOP [BUILD] Rewards build | id=unknown
[20:24:11 18/7/2026] [meineda.357] [INFO] DESKTOP [GET-REWARD-SESSION] Context ready | actions=15 | reportable=6 | available=null
[20:24:11 18/7/2026] [meineda.357] [INFO] DESKTOP [LOGIN] Logged into Microsoft Rewards successfully
[20:24:12 18/7/2026] [meineda.357] [INFO] DESKTOP [LOGIN] Login completed, session saved
[20:24:21 18/7/2026] [meineda.357] [INFO] DESKTOP [REACT-PARSE] Quest list | parents=4 | incomplete=4
[20:24:21 18/7/2026] [meineda.357] [INFO] DESKTOP [PUNCHCARD] Found 3 incomplete quest(s) on /earn | api-matched=2
[20:24:22 18/7/2026] [meineda.357] [INFO] DESKTOP [REACT-PARSE] Quest snapshot | children=3 | reportable=3
[20:24:22 18/7/2026] [meineda.357] [INFO] DESKTOP [PUNCHCARD] Solving "Get started with Rewards" | children=3 | reportable=3
[20:24:31 18/7/2026] [meineda.357] [INFO] DESKTOP [PUNCHCARD] Reported child | offerId=WW_pcchild2_redesign_newuser_onboarding_offer_punchcard | status=200 | acknowledged=true | pointsGained=0 | currentBalance=735
[20:24:52 18/7/2026] [meineda.357] [INFO] DESKTOP [PUNCHCARD] Reported child | offerId=WW_pcchild7_redesign_newuser_onboarding_offer_punchcard | status=200 | acknowledged=true | pointsGained=0 | currentBalance=735
[20:25:08 18/7/2026] [meineda.357] [INFO] DESKTOP [PUNCHCARD] Reported child | offerId=WW_pcchild8_redesign_newuser_onboarding_offer_punchcard | status=200 | acknowledged=true | pointsGained=0 | currentBalance=735
[20:25:15 18/7/2026] [meineda.357] [INFO] DESKTOP [PUNCHCARD] Quest "Get started with Rewards" COMPLETE | reported=3 | pointsGained=0 | currentBalance=735 | targetPoints=1320
[20:25:16 18/7/2026] [meineda.357] [INFO] DESKTOP [REACT-PARSE] Quest snapshot | children=4 | reportable=4
[20:25:16 18/7/2026] [meineda.357] [INFO] DESKTOP [PUNCHCARD] Solving "Get 100 points. Use the search box on the Windows taskbar to search the web, find files, more." | children=4 | reportable=4
[20:25:25 18/7/2026] [meineda.357] [INFO] DESKTOP [PUNCHCARD] Reported child | offerId=ENstar_pcchild1_urlreward_FY26_WSB_Dec_punchcard | status=200 | acknowledged=true | pointsGained=0 | currentBalance=735
[20:25:45 18/7/2026] [meineda.357] [INFO] DESKTOP [PUNCHCARD] Reported child | offerId=ENstar_pcchild2_urlreward_FY26_WSB_Dec_punchcard | status=200 | acknowledged=true | pointsGained=0 | currentBalance=735
[20:26:02 18/7/2026] [meineda.357] [INFO] DESKTOP [PUNCHCARD] Reported child | offerId=ENstar_pcchild3_urlreward_FY26_WSB_Dec_punchcard | status=200 | acknowledged=true | pointsGained=0 | currentBalance=735
[20:26:14 18/7/2026] [meineda.357] [INFO] DESKTOP [PUNCHCARD] Reported child | offerId=ENstar_pcchild4_urlreward_FY26_WSB_Dec_punchcard | status=200 | acknowledged=true | pointsGained=100 | currentBalance=835
[20:26:25 18/7/2026] [meineda.357] [INFO] DESKTOP [PUNCHCARD] Quest "Get 100 points. Use the search box on the Windows taskbar to search the web, find files, more." COMPLETE | reported=4 | pointsGained=100 | currentBalance=835 | targetPoints=100
[20:26:26 18/7/2026] [meineda.357] [INFO] DESKTOP [REACT-PARSE] Quest snapshot | children=1 | reportable=0
[20:26:26 18/7/2026] [meineda.357] [INFO] DESKTOP [PUNCHCARD] Solving "July playbook: travel smart, chase thrills, and shop the latest tech" | children=1 | reportable=0
[20:26:26 18/7/2026] [meineda.357] [INFO] DESKTOP [PUNCHCARD] Quest "July playbook: travel smart, chase thrills, and shop the latest tech" in progress | reported=0 | remaining=1 | pointsGained=0 | currentBalance=835 | targetPoints=50
[20:26:26 18/7/2026] [meineda.357] [INFO] DESKTOP [PUNCHCARD] Finished processing quests
[20:26:28 18/7/2026] [meineda.357] [WARN] DESKTOP [BROWSER] Browser context closed
[20:26:28 18/7/2026] [meineda.357] [INFO] DESKTOP [CLOSE-BROWSER] All browser resources closed.
[20:26:28 18/7/2026] [meineda.357] [INFO] MAIN [SEARCH-MANAGER] Search summary | mobile=0 | desktop=0 | bonus=0 | total=0
[20:26:28 18/7/2026] [meineda.357] [INFO] MOBILE [CLAIM-BONUS-POINTS] Starting ClaimBonusPoints | geo=vn | currentBalance=835
[20:26:35 18/7/2026] [meineda.357] [INFO] MOBILE [CLAIM-BONUS-POINTS] Nothing claimed | status=200 | pointsGained=0 | currentBalance=835
[20:26:46 18/7/2026] [meineda.357] [INFO] MAIN [FLOW] Points collected | pointsGained=130 | currentBalance=835 | account=meineda.357@hotmail.com
[20:26:46 18/7/2026] [meineda.357] [INFO] MAIN [ACCOUNT-END] Completed account: meineda.357@hotmail.com | pointsGained=130 | previousBalance=705 | currentBalance=835 | durationSeconds=446.2
[20:26:46 18/7/2026] [meineda.357] [INFO] MAIN [RUN-END] Completed all accounts | accountsProcessed=1 | pointsGained=130 | previousBalance=705 | currentBalance=835 | runtimeMinutes=7.4
