[11:25:54 19/7/2026] [MAIN] [INFO] MAIN [RUN-START] Starting Microsoft Rewards Script | v4.0.3 | Accounts: 1 | Proxy routes: 1 | Workers: 1 (auto)
[11:25:54 19/7/2026] [mja.solinez0] [INFO] MAIN [ACCOUNT-START] Starting account: mja.solinez0@hotmail.com | geoLocale: auto
[11:25:55 19/7/2026] [mja.solinez0] [INFO] MAIN [PROXY] Proxy route verified for account; direct HTTP fallback is disabled
[11:25:55 19/7/2026] [mja.solinez0] [INFO] MAIN [FLOW] Starting session for mja.solinez0@hotmail.com
[11:25:55 19/7/2026] [mja.solinez0] [INFO] MOBILE [BROWSER] Launching bundled patched Chromium (Edge UA) | headless: true | platform: win32 | proxy: yes (TLS errors ignored)
[11:25:59 19/7/2026] [mja.solinez0] [INFO] MOBILE [BROWSER] Created context | User-Agent: "Mozilla/5.0 (Linux; Android 13; K) AppleWebKit/537.36 (KHTML, like Gecko) Chrome/151.0.0.0 Mobile Safari/537.36 EdgA/150.0.4078.65"
[11:25:59 19/7/2026] [mja.solinez0] [INFO] MAIN [BROWSER] Mobile Browser started | mja.solinez0@hotmail.com
[11:25:59 19/7/2026] [mja.solinez0] [INFO] MOBILE [LOGIN] Starting login process
[11:26:08 19/7/2026] [mja.solinez0] [INFO] MOBILE [LOGIN] Authentication flow reached Rewards | phase=initial login
[11:26:08 19/7/2026] [mja.solinez0] [INFO] MOBILE [LOGIN] Finalizing login
[11:26:12 19/7/2026] [mja.solinez0] [INFO] MOBILE [LOGIN] Rewards landing reached; dashboard verification pending
[11:26:13 19/7/2026] [mja.solinez0] [INFO] MOBILE [LOGIN] Starting Bing session verification
[11:26:13 19/7/2026] [mja.solinez0] [INFO] MOBILE [LOGIN-BING] Verifying Bing session
[11:26:24 19/7/2026] [mja.solinez0] [INFO] MOBILE [LOGIN-BING] Bing session verified successfully
[11:26:24 19/7/2026] [mja.solinez0] [INFO] MOBILE [LOGIN] Acquiring rewards context
[11:26:24 19/7/2026] [mja.solinez0] [INFO] MOBILE [GET-REWARD-SESSION] Bootstrapping rewards context
[11:26:26 19/7/2026] [mja.solinez0] [INFO] MOBILE [REACT-PARSE] Snapshot complete | offers=24 | reportable=4 | streaks=3 | streakProtectionEnabled=true | streakProtectionRemainingDays=14 | streakCounter=4 | level=null | account=mja.solinez0@hotmail.com
[11:26:30 19/7/2026] [mja.solinez0] [INFO] MOBILE [BOOTSTRAP] Context ready | actions=15 | reportable=4 | available=null
[11:26:30 19/7/2026] [mja.solinez0] [INFO] MOBILE [BUILD] Rewards build | id=unknown
[11:26:30 19/7/2026] [mja.solinez0] [INFO] MOBILE [GET-REWARD-SESSION] Context ready | actions=15 | reportable=4 | available=null
[11:26:30 19/7/2026] [mja.solinez0] [INFO] MOBILE [LOGIN] Logged into Microsoft Rewards successfully
[11:26:31 19/7/2026] [mja.solinez0] [INFO] MOBILE [LOGIN] Login completed, session saved
[11:26:31 19/7/2026] [mja.solinez0] [INFO] MOBILE [GET-APP-TOKEN] Requesting mobile access token
[11:26:33 19/7/2026] [mja.solinez0] [INFO] MOBILE [LOGIN-APP] Mobile access token received
[11:26:37 19/7/2026] [mja.solinez0] [INFO] MAIN [POINTS] Earnable today | Mobile: 47 | Browser: 42 | App: 5 | mja.solinez0@hotmail.com | locale: vn
[11:26:37 19/7/2026] [mja.solinez0] [INFO] MOBILE [ENABLE-STREAK-PROTECTION] Already enabled | remainingDays=14
[11:26:37 19/7/2026] [mja.solinez0] [INFO] MOBILE [DAILY-SET] All "Daily Set" items have already been completed
[11:26:37 19/7/2026] [mja.solinez0] [INFO] MOBILE [MORE-PROMOTIONS] Started solving 1 "More Promotions" items
[11:26:37 19/7/2026] [mja.solinez0] [INFO] MOBILE [ACTIVITY] Ignoring non-actionable welcome tour "Take the tour" | offerId=Gamification_FRE_Offer6nonwindows
[11:26:37 19/7/2026] [mja.solinez0] [INFO] MOBILE [MORE-PROMOTIONS] All "More Promotion" items have been completed
[11:26:37 19/7/2026] [mja.solinez0] [INFO] MOBILE [DAILY-CHECK-IN] Starting Daily Check-In | geo=vn | currentBalance=975
[11:26:38 19/7/2026] [mja.solinez0] [WARN] MOBILE [DAILY-CHECK-IN] Daily Check-In completed but no points gained | type=103 | pointsGained=0 | currentBalance=975
[11:26:38 19/7/2026] [mja.solinez0] [INFO] MOBILE [APP-PROMOTIONS] All "App Promotions" items have already been completed
[11:26:38 19/7/2026] [mja.solinez0] [INFO] MOBILE [READ-TO-EARN] Starting Read to Earn | geo=vn | delayRange=30sec-50sec | currentBalance=975
[11:26:38 19/7/2026] [mja.solinez0] [INFO] MOBILE [READ-TO-EARN] No points gained, stopping Read to Earn | article=1/10 | status=200 | pointsGained=0 | currentBalance=975
[11:26:38 19/7/2026] [mja.solinez0] [INFO] MOBILE [READ-TO-EARN] Completed Read to Earn | articlesRead=0 | pointsGained=0 | previousBalance=975 | currentBalance=975
[11:26:38 19/7/2026] [mja.solinez0] [INFO] MOBILE [REACT-PARSE] Quest list | parents=3 | incomplete=2
[11:26:38 19/7/2026] [mja.solinez0] [INFO] MOBILE [PUNCHCARD] Found 1 incomplete quest(s) on /earn | api-matched=0
[11:26:39 19/7/2026] [mja.solinez0] [INFO] MOBILE [REACT-PARSE] Quest snapshot | children=3 | reportable=3
[11:26:39 19/7/2026] [mja.solinez0] [INFO] MOBILE [PUNCHCARD] Solving "Get started with Rewards" | children=3 | reportable=3
[11:26:41 19/7/2026] [mja.solinez0] [INFO] MOBILE [PUNCHCARD] Reported child | offerId=WW_pcchild2_redesign_newuser_onboarding_offer_punchcard | status=200 | acknowledged=true | pointsGained=0 | currentBalance=975
[11:26:49 19/7/2026] [mja.solinez0] [INFO] MOBILE [PUNCHCARD] Reported child | offerId=WW_pcchild7_redesign_newuser_onboarding_offer_punchcard | status=200 | acknowledged=true | pointsGained=0 | currentBalance=975
[11:27:02 19/7/2026] [mja.solinez0] [INFO] MOBILE [PUNCHCARD] Reported child | offerId=WW_pcchild8_redesign_newuser_onboarding_offer_punchcard | status=200 | acknowledged=true | pointsGained=0 | currentBalance=975
[11:27:13 19/7/2026] [mja.solinez0] [INFO] MOBILE [PUNCHCARD] Quest "Get started with Rewards" COMPLETE | reported=3 | pointsGained=0 | currentBalance=975 | targetPoints=1320
[11:27:13 19/7/2026] [mja.solinez0] [INFO] MOBILE [PUNCHCARD] Finished processing quests
[11:27:14 19/7/2026] [mja.solinez0] [INFO] MAIN [SEARCH-MANAGER] Mobile: run (missing 42) | Desktop: run (missing 90)
[11:27:14 19/7/2026] [mja.solinez0] [INFO] MOBILE [SEARCH-BING] Starting Bing searches | currentBalance=975
[11:27:15 19/7/2026] [mja.solinez0] [INFO] MOBILE [SEARCH-BING] Search points remaining | edge=0 | desktop=90 | mobile=42
[11:27:39 19/7/2026] [mja.solinez0] [INFO] MOBILE [SEARCH-BING] Query pool ready | count=8329
[11:28:49 19/7/2026] [mja.solinez0] [INFO] MOBILE [SEARCH-BING] pointsGained=3 | currentBalance=978 | query="what is fossils" | remaining=39
[11:29:53 19/7/2026] [mja.solinez0] [INFO] MOBILE [SEARCH-BING] pointsGained=3 | currentBalance=981 | query="quick photo ideas 2026" | remaining=36
[11:30:49 19/7/2026] [mja.solinez0] [INFO] MOBILE [SEARCH-BING] pointsGained=3 | currentBalance=984 | query="pros and cons of goal setting" | remaining=33
