(node:16996) ExperimentalWarning: SQLite is an experimental feature and might change at any time
(Use `node --trace-warnings ...` to show where the warning was created)
[20:23:33 18/7/2026] [MAIN] [INFO] MAIN [RUN-START] Starting Microsoft Rewards Script | v4.0.3 | Accounts: 1 | Clusters: 1
[20:23:33 18/7/2026] [mrs.diggsy] [INFO] MAIN [ACCOUNT-START] Starting account: mrs.diggsy@hotmail.com | geoLocale: auto
[20:23:34 18/7/2026] [mrs.diggsy] [INFO] MAIN [PROXY] Proxy route verified for account; direct HTTP fallback is disabled
[20:23:34 18/7/2026] [mrs.diggsy] [INFO] MAIN [FLOW] Starting session for mrs.diggsy@hotmail.com
[20:23:34 18/7/2026] [mrs.diggsy] [INFO] MOBILE [BROWSER] Launching bundled patched Chromium (Edge UA) | headless: true | platform: win32 | proxy: yes (TLS errors ignored)
[20:23:40 18/7/2026] [mrs.diggsy] [INFO] MOBILE [BROWSER] Created context | User-Agent: "Mozilla/5.0 (Linux; Android 14; K) AppleWebKit/537.36 (KHTML, like Gecko) Chrome/151.0.0.0 Mobile Safari/537.36 EdgA/150.0.4078.65"
[20:23:40 18/7/2026] [mrs.diggsy] [INFO] MAIN [BROWSER] Mobile Browser started | mrs.diggsy@hotmail.com
[20:23:40 18/7/2026] [mrs.diggsy] [INFO] MOBILE [LOGIN] Starting login process
[20:23:45 18/7/2026] [mrs.diggsy] [INFO] MOBILE [LOGIN] Authentication flow reached Rewards | phase=initial login
[20:23:45 18/7/2026] [mrs.diggsy] [INFO] MOBILE [LOGIN] Finalizing login
[20:23:52 18/7/2026] [mrs.diggsy] [INFO] MOBILE [LOGIN] Rewards landing reached; dashboard verification pending
[20:23:52 18/7/2026] [mrs.diggsy] [INFO] MOBILE [LOGIN] Starting Bing session verification
[20:23:52 18/7/2026] [mrs.diggsy] [INFO] MOBILE [LOGIN-BING] Verifying Bing session
[20:24:08 18/7/2026] [mrs.diggsy] [WARN] MOBILE [LOGIN] Unknown state at www.bing.com/, waiting
[20:24:12 18/7/2026] [mrs.diggsy] [INFO] MOBILE [LOGIN-BING] Bing session verified successfully
[20:24:12 18/7/2026] [mrs.diggsy] [INFO] MOBILE [LOGIN] Acquiring rewards context
[20:24:12 18/7/2026] [mrs.diggsy] [INFO] MOBILE [GET-REWARD-SESSION] Bootstrapping rewards context
[20:24:14 18/7/2026] [mrs.diggsy] [INFO] MOBILE [REACT-PARSE] Snapshot complete | offers=30 | reportable=4 | streaks=3 | streakProtectionEnabled=true | streakProtectionRemainingDays=14 | streakCounter=3 | level=null | account=mrs.diggsy@hotmail.com
[20:24:19 18/7/2026] [mrs.diggsy] [INFO] MOBILE [BOOTSTRAP] Context ready | actions=15 | reportable=4 | available=null
[20:24:19 18/7/2026] [mrs.diggsy] [INFO] MOBILE [BUILD] Rewards build | id=unknown
[20:24:19 18/7/2026] [mrs.diggsy] [INFO] MOBILE [GET-REWARD-SESSION] Context ready | actions=15 | reportable=4 | available=null
[20:24:19 18/7/2026] [mrs.diggsy] [INFO] MOBILE [LOGIN] Logged into Microsoft Rewards successfully
[20:24:22 18/7/2026] [mrs.diggsy] [INFO] MOBILE [LOGIN] Login completed, session saved
[20:24:22 18/7/2026] [mrs.diggsy] [INFO] MOBILE [GET-APP-TOKEN] Requesting mobile access token
[20:24:26 18/7/2026] [mrs.diggsy] [INFO] MOBILE [LOGIN-APP] Mobile access token received
[20:24:40 18/7/2026] [mrs.diggsy] [INFO] MAIN [POINTS] Earnable today | Mobile: 5 | Browser: 0 | App: 5 | mrs.diggsy@hotmail.com | locale: vn
[20:24:40 18/7/2026] [mrs.diggsy] [INFO] MOBILE [ENABLE-STREAK-PROTECTION] Already enabled | remainingDays=14
[20:24:40 18/7/2026] [mrs.diggsy] [INFO] MOBILE [DAILY-SET] All "Daily Set" items have already been completed
[20:24:40 18/7/2026] [mrs.diggsy] [INFO] MOBILE [MORE-PROMOTIONS] Started solving 1 "More Promotions" items
[20:24:40 18/7/2026] [mrs.diggsy] [WARN] MOBILE [ACTIVITY] Skipped activity "Take the tour" | offerId=Gamification_FRE_Offer6nonwindows | Reason: Unsupported type "welcometour"
[20:24:52 18/7/2026] [mrs.diggsy] [INFO] MOBILE [MORE-PROMOTIONS] All "More Promotion" items have been completed
[20:24:52 18/7/2026] [mrs.diggsy] [INFO] MOBILE [DAILY-CHECK-IN] Starting Daily Check-In | geo=vn | currentBalance=835
[20:24:52 18/7/2026] [mrs.diggsy] [WARN] MOBILE [DAILY-CHECK-IN] Daily Check-In completed but no points gained | type=103 | pointsGained=0 | currentBalance=835
[20:24:52 18/7/2026] [mrs.diggsy] [INFO] MOBILE [APP-PROMOTIONS] All "App Promotions" items have already been completed
[20:24:52 18/7/2026] [mrs.diggsy] [INFO] MOBILE [READ-TO-EARN] Starting Read to Earn | geo=vn | delayRange=30sec-50sec | currentBalance=835
[20:24:53 18/7/2026] [mrs.diggsy] [INFO] MOBILE [READ-TO-EARN] No points gained, stopping Read to Earn | article=1/10 | status=200 | pointsGained=0 | currentBalance=835
[20:24:53 18/7/2026] [mrs.diggsy] [INFO] MOBILE [READ-TO-EARN] Completed Read to Earn | articlesRead=0 | pointsGained=0 | previousBalance=835 | currentBalance=835
[20:24:54 18/7/2026] [mrs.diggsy] [INFO] MOBILE [REACT-PARSE] Quest list | parents=3 | incomplete=3
[20:24:54 18/7/2026] [mrs.diggsy] [INFO] MOBILE [PUNCHCARD] Found 2 incomplete quest(s) on /earn | api-matched=1
[20:24:55 18/7/2026] [mrs.diggsy] [INFO] MOBILE [REACT-PARSE] Quest snapshot | children=3 | reportable=3
[20:24:55 18/7/2026] [mrs.diggsy] [INFO] MOBILE [PUNCHCARD] Solving "Get started with Rewards" | children=3 | reportable=3
[20:24:59 18/7/2026] [mrs.diggsy] [INFO] MOBILE [PUNCHCARD] Reported child | offerId=WW_pcchild2_redesign_newuser_onboarding_offer_punchcard | status=200 | acknowledged=true | pointsGained=0 | currentBalance=835
[20:25:11 18/7/2026] [mrs.diggsy] [INFO] MOBILE [PUNCHCARD] Reported child | offerId=WW_pcchild7_redesign_newuser_onboarding_offer_punchcard | status=200 | acknowledged=true | pointsGained=0 | currentBalance=835
[20:25:28 18/7/2026] [mrs.diggsy] [INFO] MOBILE [PUNCHCARD] Reported child | offerId=WW_pcchild8_redesign_newuser_onboarding_offer_punchcard | status=200 | acknowledged=true | pointsGained=0 | currentBalance=835
[20:25:39 18/7/2026] [mrs.diggsy] [INFO] MOBILE [PUNCHCARD] Quest "Get started with Rewards" COMPLETE | reported=3 | pointsGained=0 | currentBalance=835 | targetPoints=1320
[20:25:44 18/7/2026] [mrs.diggsy] [INFO] MOBILE [REACT-PARSE] Quest snapshot | children=1 | reportable=0
[20:25:44 18/7/2026] [mrs.diggsy] [INFO] MOBILE [PUNCHCARD] Solving "July playbook: travel smart, chase thrills, and shop the latest tech" | children=1 | reportable=0
[20:25:44 18/7/2026] [mrs.diggsy] [INFO] MOBILE [PUNCHCARD] Quest "July playbook: travel smart, chase thrills, and shop the latest tech" in progress | reported=0 | remaining=1 | pointsGained=0 | currentBalance=835 | targetPoints=50
[20:25:44 18/7/2026] [mrs.diggsy] [INFO] MOBILE [PUNCHCARD] Finished processing quests
[20:25:48 18/7/2026] [mrs.diggsy] [INFO] MAIN [SEARCH-MANAGER] Mobile: skip (no points) | Desktop: skip (no points)
[20:25:52 18/7/2026] [mrs.diggsy] [WARN] MOBILE [BROWSER] Browser context closed
[20:25:52 18/7/2026] [mrs.diggsy] [INFO] MOBILE [CLOSE-BROWSER] All browser resources closed.
[20:25:52 18/7/2026] [mrs.diggsy] [INFO] DESKTOP [BROWSER] Launching bundled patched Chromium (Edge UA) | headless: true | platform: win32 | proxy: yes (TLS errors ignored)
[20:25:58 18/7/2026] [mrs.diggsy] [INFO] DESKTOP [BROWSER] Created context | User-Agent: "Mozilla/5.0 (Windows NT 10.0; Win64; x64) AppleWebKit/537.36 (KHTML, like Gecko) Chrome/151.0.0.0 Safari/537.36 Edg/150.0.4078.83"
[20:25:58 18/7/2026] [mrs.diggsy] [INFO] DESKTOP [BROWSER] Desktop Browser started | mrs.diggsy@hotmail.com
[20:25:58 18/7/2026] [mrs.diggsy] [INFO] DESKTOP [LOGIN] Starting login process
[20:26:08 18/7/2026] [mrs.diggsy] [INFO] DESKTOP [LOGIN] Authentication flow reached Rewards | phase=initial login
[20:26:08 18/7/2026] [mrs.diggsy] [INFO] DESKTOP [LOGIN] Finalizing login
[20:26:15 18/7/2026] [mrs.diggsy] [INFO] DESKTOP [LOGIN] Rewards landing reached; dashboard verification pending
[20:26:16 18/7/2026] [mrs.diggsy] [INFO] DESKTOP [LOGIN] Starting Bing session verification
[20:26:16 18/7/2026] [mrs.diggsy] [INFO] DESKTOP [LOGIN-BING] Verifying Bing session
[20:26:35 18/7/2026] [mrs.diggsy] [WARN] DESKTOP [LOGIN] Unknown state at www.bing.com/, waiting
[20:26:40 18/7/2026] [mrs.diggsy] [INFO] DESKTOP [LOGIN-BING] Bing session verified successfully
[20:26:40 18/7/2026] [mrs.diggsy] [INFO] DESKTOP [LOGIN] Acquiring rewards context
[20:26:40 18/7/2026] [mrs.diggsy] [INFO] DESKTOP [GET-REWARD-SESSION] Bootstrapping rewards context
[20:26:43 18/7/2026] [mrs.diggsy] [INFO] DESKTOP [REACT-PARSE] Snapshot complete | offers=33 | reportable=6 | streaks=3 | streakProtectionEnabled=true | streakProtectionRemainingDays=14 | streakCounter=3 | level=null | account=mrs.diggsy@hotmail.com
[20:26:58 18/7/2026] [mrs.diggsy] [INFO] DESKTOP [BOOTSTRAP] Context ready | actions=15 | reportable=6 | available=null
[20:26:58 18/7/2026] [mrs.diggsy] [INFO] DESKTOP [BUILD] Rewards build | id=unknown
[20:26:58 18/7/2026] [mrs.diggsy] [INFO] DESKTOP [GET-REWARD-SESSION] Context ready | actions=15 | reportable=6 | available=null
[20:26:58 18/7/2026] [mrs.diggsy] [INFO] DESKTOP [LOGIN] Logged into Microsoft Rewards successfully
[20:27:01 18/7/2026] [mrs.diggsy] [INFO] DESKTOP [LOGIN] Login completed, session saved
[20:27:09 18/7/2026] [mrs.diggsy] [INFO] DESKTOP [REACT-PARSE] Quest list | parents=4 | incomplete=3
[20:27:09 18/7/2026] [mrs.diggsy] [INFO] DESKTOP [PUNCHCARD] Found 2 incomplete quest(s) on /earn | api-matched=1
[20:27:10 18/7/2026] [mrs.diggsy] [INFO] DESKTOP [REACT-PARSE] Quest snapshot | children=3 | reportable=3
[20:27:10 18/7/2026] [mrs.diggsy] [INFO] DESKTOP [PUNCHCARD] Solving "Get started with Rewards" | children=3 | reportable=3
[20:27:18 18/7/2026] [mrs.diggsy] [INFO] DESKTOP [PUNCHCARD] Reported child | offerId=WW_pcchild2_redesign_newuser_onboarding_offer_punchcard | status=200 | acknowledged=true | pointsGained=0 | currentBalance=835
[20:27:34 18/7/2026] [mrs.diggsy] [INFO] DESKTOP [PUNCHCARD] Reported child | offerId=WW_pcchild7_redesign_newuser_onboarding_offer_punchcard | status=200 | acknowledged=true | pointsGained=0 | currentBalance=835
[20:27:54 18/7/2026] [mrs.diggsy] [INFO] DESKTOP [PUNCHCARD] Reported child | offerId=WW_pcchild8_redesign_newuser_onboarding_offer_punchcard | status=200 | acknowledged=true | pointsGained=0 | currentBalance=835
[20:28:03 18/7/2026] [mrs.diggsy] [INFO] DESKTOP [PUNCHCARD] Quest "Get started with Rewards" COMPLETE | reported=3 | pointsGained=0 | currentBalance=835 | targetPoints=1320
[20:28:04 18/7/2026] [mrs.diggsy] [INFO] DESKTOP [REACT-PARSE] Quest snapshot | children=1 | reportable=0
[20:28:04 18/7/2026] [mrs.diggsy] [INFO] DESKTOP [PUNCHCARD] Solving "July playbook: travel smart, chase thrills, and shop the latest tech" | children=1 | reportable=0
[20:28:04 18/7/2026] [mrs.diggsy] [INFO] DESKTOP [PUNCHCARD] Quest "July playbook: travel smart, chase thrills, and shop the latest tech" in progress | reported=0 | remaining=1 | pointsGained=0 | currentBalance=835 | targetPoints=50
[20:28:04 18/7/2026] [mrs.diggsy] [INFO] DESKTOP [PUNCHCARD] Finished processing quests
[20:28:08 18/7/2026] [mrs.diggsy] [WARN] DESKTOP [BROWSER] Browser context closed
[20:28:08 18/7/2026] [mrs.diggsy] [INFO] DESKTOP [CLOSE-BROWSER] All browser resources closed.
[20:28:08 18/7/2026] [mrs.diggsy] [INFO] MAIN [SEARCH-MANAGER] Search summary | mobile=0 | desktop=0 | bonus=0 | total=0
[20:28:08 18/7/2026] [mrs.diggsy] [INFO] MOBILE [CLAIM-BONUS-POINTS] Starting ClaimBonusPoints | geo=vn | currentBalance=835
[20:28:13 18/7/2026] [mrs.diggsy] [INFO] MOBILE [CLAIM-BONUS-POINTS] Nothing claimed | status=200 | pointsGained=0 | currentBalance=835
[20:28:27 18/7/2026] [mrs.diggsy] [INFO] MAIN [FLOW] Points collected | pointsGained=0 | currentBalance=835 | account=mrs.diggsy@hotmail.com
[20:28:27 18/7/2026] [mrs.diggsy] [INFO] MAIN [ACCOUNT-END] Completed account: mrs.diggsy@hotmail.com | pointsGained=0 | previousBalance=835 | currentBalance=835 | durationSeconds=294.3
[20:28:27 18/7/2026] [mrs.diggsy] [INFO] MAIN [RUN-END] Completed all accounts | accountsProcessed=1 | pointsGained=0 | previousBalance=835 | currentBalance=835 | runtimeMinutes=4.9
