[08:26:10 19/7/2026] [MAIN] [INFO] MAIN [RUN-START] Starting Microsoft Rewards Script | v4.0.3 | Accounts: 1 | Proxy routes: 1 | Workers: 1 (auto)
[08:26:10 19/7/2026] [itz-zooz-9101004] [INFO] MAIN [ACCOUNT-START] Starting account: itz-zooz-9101004@hotmail.com | geoLocale: auto
[08:26:11 19/7/2026] [itz-zooz-9101004] [INFO] MAIN [PROXY] Proxy route verified for account; direct HTTP fallback is disabled
[08:26:11 19/7/2026] [itz-zooz-9101004] [INFO] MAIN [FLOW] Starting session for itz-zooz-9101004@hotmail.com
[08:26:11 19/7/2026] [itz-zooz-9101004] [INFO] MOBILE [BROWSER] Launching bundled patched Chromium (Edge UA) | headless: true | platform: win32 | proxy: yes (TLS errors ignored)
[08:26:12 19/7/2026] [itz-zooz-9101004] [INFO] MOBILE [BROWSER] Created context | User-Agent: "Mozilla/5.0 (Linux; Android 13; K) AppleWebKit/537.36 (KHTML, like Gecko) Chrome/151.0.0.0 Mobile Safari/537.36 EdgA/150.0.4078.65"
[08:26:12 19/7/2026] [itz-zooz-9101004] [INFO] MAIN [BROWSER] Mobile Browser started | itz-zooz-9101004@hotmail.com
[08:26:12 19/7/2026] [itz-zooz-9101004] [INFO] MOBILE [LOGIN] Starting login process
[08:26:21 19/7/2026] [itz-zooz-9101004] [INFO] MOBILE [LOGIN] Authentication flow reached Rewards | phase=initial login
[08:26:21 19/7/2026] [itz-zooz-9101004] [INFO] MOBILE [LOGIN] Finalizing login
[08:26:25 19/7/2026] [itz-zooz-9101004] [INFO] MOBILE [LOGIN] Rewards landing reached; dashboard verification pending
[08:26:25 19/7/2026] [itz-zooz-9101004] [INFO] MOBILE [LOGIN] Starting Bing session verification
[08:26:25 19/7/2026] [itz-zooz-9101004] [INFO] MOBILE [LOGIN-BING] Verifying Bing session
[08:26:33 19/7/2026] [itz-zooz-9101004] [INFO] MOBILE [LOGIN-BING] Bing session verified successfully
[08:26:33 19/7/2026] [itz-zooz-9101004] [INFO] MOBILE [LOGIN] Acquiring rewards context
[08:26:33 19/7/2026] [itz-zooz-9101004] [INFO] MOBILE [GET-REWARD-SESSION] Bootstrapping rewards context
[08:26:35 19/7/2026] [itz-zooz-9101004] [INFO] MOBILE [REACT-PARSE] Snapshot complete | offers=25 | reportable=9 | streaks=4 | streakProtectionEnabled=true | streakProtectionRemainingDays=14 | streakCounter=3 | level=null | account=itz-zooz-9101004@hotmail.com
[08:26:36 19/7/2026] [itz-zooz-9101004] [INFO] MOBILE [BOOTSTRAP] Context ready | actions=15 | reportable=9 | available=null
[08:26:36 19/7/2026] [itz-zooz-9101004] [INFO] MOBILE [BUILD] Rewards build | id=unknown
[08:26:36 19/7/2026] [itz-zooz-9101004] [INFO] MOBILE [GET-REWARD-SESSION] Context ready | actions=15 | reportable=9 | available=null
[08:26:36 19/7/2026] [itz-zooz-9101004] [INFO] MOBILE [LOGIN] Logged into Microsoft Rewards successfully
[08:26:37 19/7/2026] [itz-zooz-9101004] [INFO] MOBILE [LOGIN] Login completed, session saved
[08:26:37 19/7/2026] [itz-zooz-9101004] [INFO] MOBILE [GET-APP-TOKEN] Requesting mobile access token
[08:26:39 19/7/2026] [itz-zooz-9101004] [INFO] MOBILE [LOGIN-APP] Mobile access token received
[08:26:42 19/7/2026] [itz-zooz-9101004] [INFO] MAIN [POINTS] Earnable today | Mobile: 95 | Browser: 60 | App: 35 | itz-zooz-9101004@hotmail.com | locale: vn
[08:26:42 19/7/2026] [itz-zooz-9101004] [INFO] MOBILE [ENABLE-STREAK-PROTECTION] Already enabled | remainingDays=14
[08:26:42 19/7/2026] [itz-zooz-9101004] [INFO] MOBILE [DAILY-SET] Started solving "Daily Set" items
[08:26:42 19/7/2026] [itz-zooz-9101004] [INFO] MOBILE [ACTIVITY] Found activity type "UrlReward" | title="Turn referrals into rewards" | offerId=Global_DailySet_20260719_Child1
[08:26:42 19/7/2026] [itz-zooz-9101004] [INFO] MOBILE [URL-REWARD] Starting UrlReward | offerId=Global_DailySet_20260719_Child1 | geo=vn | currentBalance=835
[08:26:43 19/7/2026] [itz-zooz-9101004] [INFO] MOBILE [URL-REWARD] Completed UrlReward | offerId=Global_DailySet_20260719_Child1 | pointsGained=10 | currentBalance=845
[08:27:01 19/7/2026] [itz-zooz-9101004] [INFO] MOBILE [ACTIVITY] Found activity type "UrlReward" | title="Spring in the Bay" | offerId=Global_DailySet_20260719_Child2
[08:27:01 19/7/2026] [itz-zooz-9101004] [INFO] MOBILE [URL-REWARD] Starting UrlReward | offerId=Global_DailySet_20260719_Child2 | geo=vn | currentBalance=845
[08:27:02 19/7/2026] [itz-zooz-9101004] [INFO] MOBILE [URL-REWARD] Completed UrlReward | offerId=Global_DailySet_20260719_Child2 | pointsGained=10 | currentBalance=855
[08:27:22 19/7/2026] [itz-zooz-9101004] [INFO] MOBILE [ACTIVITY] Found activity type "UrlReward" | title="Grilled Perfection?" | offerId=Global_DailySet_20260719_Child3
[08:27:22 19/7/2026] [itz-zooz-9101004] [INFO] MOBILE [URL-REWARD] Starting UrlReward | offerId=Global_DailySet_20260719_Child3 | geo=vn | currentBalance=855
[08:27:23 19/7/2026] [itz-zooz-9101004] [INFO] MOBILE [URL-REWARD] Completed UrlReward | offerId=Global_DailySet_20260719_Child3 | pointsGained=10 | currentBalance=865
[08:27:43 19/7/2026] [itz-zooz-9101004] [INFO] MOBILE [DAILY-SET] All "Daily Set" items have been completed
[08:27:43 19/7/2026] [itz-zooz-9101004] [INFO] MOBILE [MORE-PROMOTIONS] Started solving 2 "More Promotions" items
[08:27:43 19/7/2026] [itz-zooz-9101004] [INFO] MOBILE [ACTIVITY] Found activity type "UrlReward" | title="Do you know the answer?" | offerId=ENstar_Rewards_DailyGlobalOffer_Evergreen_Sunday
[08:27:43 19/7/2026] [itz-zooz-9101004] [INFO] MOBILE [URL-REWARD] Starting UrlReward | offerId=ENstar_Rewards_DailyGlobalOffer_Evergreen_Sunday | geo=vn | currentBalance=865
[08:27:45 19/7/2026] [itz-zooz-9101004] [INFO] MOBILE [URL-REWARD] Completed UrlReward | offerId=ENstar_Rewards_DailyGlobalOffer_Evergreen_Sunday | pointsGained=5 | currentBalance=870
[08:28:07 19/7/2026] [itz-zooz-9101004] [INFO] MOBILE [ACTIVITY] Ignoring non-actionable welcome tour "Take the tour" | offerId=Gamification_FRE_Offer6nonwindows
[08:28:07 19/7/2026] [itz-zooz-9101004] [INFO] MOBILE [MORE-PROMOTIONS] All "More Promotion" items have been completed
[08:28:07 19/7/2026] [itz-zooz-9101004] [INFO] MOBILE [DAILY-CHECK-IN] Starting Daily Check-In | geo=vn | currentBalance=870
[08:28:07 19/7/2026] [itz-zooz-9101004] [INFO] MOBILE [DAILY-CHECK-IN] Completed Daily Check-In | type=103 | pointsGained=10 | currentBalance=880
[08:28:07 19/7/2026] [itz-zooz-9101004] [INFO] MOBILE [APP-PROMOTIONS] All "App Promotions" items have already been completed
[08:28:07 19/7/2026] [itz-zooz-9101004] [INFO] MOBILE [READ-TO-EARN] Starting Read to Earn | geo=vn | delayRange=30sec-50sec | currentBalance=880
[08:28:08 19/7/2026] [itz-zooz-9101004] [INFO] MOBILE [READ-TO-EARN] Read article 1/10 | status=200 | pointsGained=3 | currentBalance=883
[08:28:52 19/7/2026] [itz-zooz-9101004] [INFO] MOBILE [READ-TO-EARN] Read article 2/10 | status=200 | pointsGained=3 | currentBalance=886
[08:29:34 19/7/2026] [itz-zooz-9101004] [INFO] MOBILE [READ-TO-EARN] Read article 3/10 | status=200 | pointsGained=3 | currentBalance=889
[08:30:12 19/7/2026] [itz-zooz-9101004] [INFO] MOBILE [READ-TO-EARN] Read article 4/10 | status=200 | pointsGained=3 | currentBalance=892
[08:30:55 19/7/2026] [itz-zooz-9101004] [INFO] MOBILE [READ-TO-EARN] Read article 5/10 | status=200 | pointsGained=3 | currentBalance=895
[08:31:33 19/7/2026] [itz-zooz-9101004] [INFO] MOBILE [READ-TO-EARN] Read article 6/10 | status=200 | pointsGained=3 | currentBalance=898
[08:32:11 19/7/2026] [itz-zooz-9101004] [INFO] MOBILE [READ-TO-EARN] Read article 7/10 | status=200 | pointsGained=3 | currentBalance=901
[08:32:53 19/7/2026] [itz-zooz-9101004] [INFO] MOBILE [READ-TO-EARN] Read article 8/10 | status=200 | pointsGained=3 | currentBalance=904
[08:33:35 19/7/2026] [itz-zooz-9101004] [INFO] MOBILE [READ-TO-EARN] Read article 9/10 | status=200 | pointsGained=3 | currentBalance=907
[08:34:16 19/7/2026] [itz-zooz-9101004] [ERROR] MOBILE [READ-TO-EARN] Error during Read to Earn | message=Configured proxy is unavailable (transport failure); direct fallback is disabled
[08:34:17 19/7/2026] [itz-zooz-9101004] [INFO] MOBILE [REACT-PARSE] Quest list | parents=3 | incomplete=3
[08:34:17 19/7/2026] [itz-zooz-9101004] [INFO] MOBILE [PUNCHCARD] Found 2 incomplete quest(s) on /earn | api-matched=1
[08:34:18 19/7/2026] [itz-zooz-9101004] [INFO] MOBILE [REACT-PARSE] Quest snapshot | children=3 | reportable=3
[08:34:18 19/7/2026] [itz-zooz-9101004] [INFO] MOBILE [PUNCHCARD] Solving "Get started with Rewards" | children=3 | reportable=3
[08:34:19 19/7/2026] [itz-zooz-9101004] [INFO] MOBILE [PUNCHCARD] Reported child | offerId=WW_pcchild2_redesign_newuser_onboarding_offer_punchcard | status=200 | acknowledged=true | pointsGained=0 | currentBalance=907
[08:34:32 19/7/2026] [itz-zooz-9101004] [ERROR] MOBILE [PUNCHCARD] Error reporting child | offerId=WW_pcchild7_redesign_newuser_onboarding_offer_punchcard | message=Configured proxy is unavailable (transport failure); direct fallback is disabled
[08:34:45 19/7/2026] [itz-zooz-9101004] [ERROR] MOBILE [PUNCHCARD] Error reporting child | offerId=WW_pcchild8_redesign_newuser_onboarding_offer_punchcard | message=Configured proxy is unavailable (transport failure; retry allowed in 17s); direct fallback is disabled
[08:34:57 19/7/2026] [itz-zooz-9101004] [INFO] MOBILE [PUNCHCARD] Quest "Get started with Rewards" COMPLETE | reported=3 | pointsGained=0 | currentBalance=907 | targetPoints=1320
[08:34:57 19/7/2026] [itz-zooz-9101004] [INFO] MOBILE [REACT-PARSE] Quest snapshot | children=1 | reportable=1
[08:34:57 19/7/2026] [itz-zooz-9101004] [INFO] MOBILE [PUNCHCARD] Solving "July playbook: travel smart, chase thrills, and shop the latest tech" | children=1 | reportable=1
[08:34:57 19/7/2026] [itz-zooz-9101004] [ERROR] MOBILE [PUNCHCARD] Error reporting child | offerId=ENWW_pcchild4_urlreward_FY27_BingMonthlyPC_Jul_punchcard | message=Configured proxy is unavailable (transport failure; retry allowed in 5s); direct fallback is disabled
[08:35:10 19/7/2026] [itz-zooz-9101004] [INFO] MOBILE [PUNCHCARD] Quest "July playbook: travel smart, chase thrills, and shop the latest tech" COMPLETE | reported=1 | pointsGained=0 | currentBalance=907 | targetPoints=50
[08:35:10 19/7/2026] [itz-zooz-9101004] [INFO] MOBILE [PUNCHCARD] Finished processing quests
[08:35:11 19/7/2026] [itz-zooz-9101004] [INFO] MAIN [SEARCH-MANAGER] Mobile: run (missing 60) | Desktop: run (missing 90)
[08:35:11 19/7/2026] [itz-zooz-9101004] [INFO] MOBILE [SEARCH-BING] Starting Bing searches | currentBalance=907
[08:35:11 19/7/2026] [itz-zooz-9101004] [INFO] MOBILE [SEARCH-BING] Search points remaining | edge=0 | desktop=90 | mobile=60
[08:35:34 19/7/2026] [itz-zooz-9101004] [INFO] MOBILE [SEARCH-BING] Query pool ready | count=8258
[08:36:46 19/7/2026] [itz-zooz-9101004] [INFO] MOBILE [SEARCH-BING] pointsGained=3 | currentBalance=910 | query="what is wifi 7" | remaining=57
[08:37:51 19/7/2026] [itz-zooz-9101004] [INFO] MOBILE [SEARCH-BING] pointsGained=3 | currentBalance=913 | query="easy excel formulas at home" | remaining=54
[08:39:34 19/7/2026] [itz-zooz-9101004] [INFO] MOBILE [SEARCH-BING] pointsGained=3 | currentBalance=916 | query="how to get better at home brewing coffee" | remaining=51
[08:40:41 19/7/2026] [itz-zooz-9101004] [INFO] MOBILE [SEARCH-BING] pointsGained=3 | currentBalance=919 | query="how does cookies spread in the oven" | remaining=48
[08:41:50 19/7/2026] [itz-zooz-9101004] [INFO] MOBILE [SEARCH-BING] pointsGained=3 | currentBalance=922 | query="how to make quesadillas" | remaining=45
[08:42:22 19/7/2026] [itz-zooz-9101004] [ERROR] MOBILE [SEARCH-RANDOM-CLICK] Failed during random click | page.goto: net::ERR_TIMED_OUT at https://www.bing.com/search?q=how%20to%20make%20quesadillas&qs=n&form=QBRE&sp=-1&lq=0&pq=how%20to%20make%20quesadil&sc=12-20&sk=&cvid=CD7ABCBDD8C24C82AD1C0CAD059F778F
Call log:
[2m  - navigating to "https://www.bing.com/search?q=how%20to%20make%20quesadillas&qs=n&form=QBRE&sp=-1&lq=0&pq=how%20to%20make%20quesadil&sc=12-20&sk=&cvid=CD7ABCBDD8C24C82AD1C0CAD059F778F", waiting until "load"[22m

[08:43:25 19/7/2026] [itz-zooz-9101004] [ERROR] MOBILE [GET-DASHBOARD-DATA] Failed to get dashboard data: Configured proxy is unavailable (request timed out); direct fallback is disabled
[08:43:25 19/7/2026] [itz-zooz-9101004] [WARN] MOBILE [SEARCH-BING] Could not refresh search progress | failure=1/3 | Configured proxy is unavailable (request timed out); direct fallback is disabled
[08:43:47 19/7/2026] [itz-zooz-9101004] [WARN] MOBILE [SEARCH-BING] Search attempt 1/5 failed | query="xổ số đài hà nội" | locator.waitFor: Timeout 15000ms exceeded.
Call log:
[2m  - waiting for locator('#sb_form_q') to be visible[22m

[08:44:02 19/7/2026] [itz-zooz-9101004] [ERROR] MOBILE [SEARCH-BING] Search session error | Configured proxy is unavailable (transport failure); direct fallback is disabled
[08:44:02 19/7/2026] [itz-zooz-9101004] [INFO] MOBILE [SEARCH-BING] Completed Bing searches | pointsGained=15 | currentBalance=922 | previousBalance=907 | searches=6 | remaining=45
[08:44:10 19/7/2026] [itz-zooz-9101004] [WARN] MOBILE [BROWSER] Browser context closed
[08:44:11 19/7/2026] [itz-zooz-9101004] [INFO] MOBILE [CLOSE-BROWSER] All browser resources closed.
[08:44:11 19/7/2026] [itz-zooz-9101004] [INFO] DESKTOP [BROWSER] Launching bundled patched Chromium (Edge UA) | headless: true | platform: win32 | proxy: yes (TLS errors ignored)
[08:44:13 19/7/2026] [itz-zooz-9101004] [INFO] DESKTOP [BROWSER] Created context | User-Agent: "Mozilla/5.0 (Windows NT 10.0; Win64; x64) AppleWebKit/537.36 (KHTML, like Gecko) Chrome/151.0.0.0 Safari/537.36 Edg/150.0.4078.83"
[08:44:13 19/7/2026] [itz-zooz-9101004] [INFO] DESKTOP [BROWSER] Desktop Browser started | itz-zooz-9101004@hotmail.com
[08:44:13 19/7/2026] [itz-zooz-9101004] [INFO] DESKTOP [LOGIN] Starting login process
[08:44:19 19/7/2026] [itz-zooz-9101004] [INFO] DESKTOP [LOGIN] Authentication flow reached Rewards | phase=initial login
[08:44:19 19/7/2026] [itz-zooz-9101004] [INFO] DESKTOP [LOGIN] Finalizing login
[08:44:23 19/7/2026] [itz-zooz-9101004] [INFO] DESKTOP [LOGIN] Rewards landing reached; dashboard verification pending
[08:44:23 19/7/2026] [itz-zooz-9101004] [INFO] DESKTOP [LOGIN] Starting Bing session verification
[08:44:23 19/7/2026] [itz-zooz-9101004] [INFO] DESKTOP [LOGIN-BING] Verifying Bing session
[08:44:36 19/7/2026] [itz-zooz-9101004] [INFO] DESKTOP [LOGIN-BING] Bing session verified successfully
[08:44:36 19/7/2026] [itz-zooz-9101004] [INFO] DESKTOP [LOGIN] Acquiring rewards context
[08:44:36 19/7/2026] [itz-zooz-9101004] [INFO] DESKTOP [GET-REWARD-SESSION] Bootstrapping rewards context
[08:44:37 19/7/2026] [itz-zooz-9101004] [INFO] DESKTOP [REACT-PARSE] Snapshot complete | offers=28 | reportable=7 | streaks=4 | streakProtectionEnabled=true | streakProtectionRemainingDays=14 | streakCounter=4 | level=null | account=itz-zooz-9101004@hotmail.com
[08:44:40 19/7/2026] [itz-zooz-9101004] [INFO] DESKTOP [BOOTSTRAP] Context ready | actions=15 | reportable=7 | available=null
[08:44:40 19/7/2026] [itz-zooz-9101004] [INFO] DESKTOP [BUILD] Rewards build | id=unknown
[08:44:40 19/7/2026] [itz-zooz-9101004] [INFO] DESKTOP [GET-REWARD-SESSION] Context ready | actions=15 | reportable=7 | available=null
[08:44:40 19/7/2026] [itz-zooz-9101004] [INFO] DESKTOP [LOGIN] Logged into Microsoft Rewards successfully
[08:44:40 19/7/2026] [itz-zooz-9101004] [INFO] DESKTOP [LOGIN] Login completed, session saved
[08:44:42 19/7/2026] [itz-zooz-9101004] [INFO] DESKTOP [REACT-PARSE] Quest list | parents=4 | incomplete=3
[08:44:42 19/7/2026] [itz-zooz-9101004] [INFO] DESKTOP [PUNCHCARD] Found 2 incomplete quest(s) on /earn | api-matched=1
[08:44:43 19/7/2026] [itz-zooz-9101004] [INFO] DESKTOP [REACT-PARSE] Quest snapshot | children=3 | reportable=3
[08:44:43 19/7/2026] [itz-zooz-9101004] [INFO] DESKTOP [PUNCHCARD] Solving "Get started with Rewards" | children=3 | reportable=3
[08:44:45 19/7/2026] [itz-zooz-9101004] [INFO] DESKTOP [PUNCHCARD] Reported child | offerId=WW_pcchild2_redesign_newuser_onboarding_offer_punchcard | status=200 | acknowledged=true | pointsGained=-3 | currentBalance=919
[08:44:59 19/7/2026] [itz-zooz-9101004] [INFO] DESKTOP [PUNCHCARD] Reported child | offerId=WW_pcchild7_redesign_newuser_onboarding_offer_punchcard | status=200 | acknowledged=true | pointsGained=-3 | currentBalance=919
[08:45:13 19/7/2026] [itz-zooz-9101004] [INFO] DESKTOP [PUNCHCARD] Reported child | offerId=WW_pcchild8_redesign_newuser_onboarding_offer_punchcard | status=200 | acknowledged=true | pointsGained=-3 | currentBalance=919
[08:45:28 19/7/2026] [itz-zooz-9101004] [INFO] DESKTOP [PUNCHCARD] Quest "Get started with Rewards" COMPLETE | reported=3 | pointsGained=0 | currentBalance=922 | targetPoints=1320
[08:45:28 19/7/2026] [itz-zooz-9101004] [INFO] DESKTOP [REACT-PARSE] Quest snapshot | children=1 | reportable=1
[08:45:28 19/7/2026] [itz-zooz-9101004] [INFO] DESKTOP [PUNCHCARD] Solving "July playbook: travel smart, chase thrills, and shop the latest tech" | children=1 | reportable=1
[08:45:30 19/7/2026] [itz-zooz-9101004] [INFO] DESKTOP [PUNCHCARD] Reported child | offerId=ENWW_pcchild4_urlreward_FY27_BingMonthlyPC_Jul_punchcard | status=200 | acknowledged=true | pointsGained=47 | currentBalance=969
[08:45:39 19/7/2026] [itz-zooz-9101004] [INFO] DESKTOP [PUNCHCARD] Quest "July playbook: travel smart, chase thrills, and shop the latest tech" COMPLETE | reported=1 | pointsGained=47 | currentBalance=969 | targetPoints=50
[08:45:39 19/7/2026] [itz-zooz-9101004] [INFO] DESKTOP [PUNCHCARD] Finished processing quests
[08:45:39 19/7/2026] [itz-zooz-9101004] [INFO] DESKTOP [SEARCH-BING] Starting Bing searches | currentBalance=969
[08:45:40 19/7/2026] [itz-zooz-9101004] [INFO] DESKTOP [SEARCH-BING] Search points remaining | edge=0 | desktop=90 | mobile=45
[08:46:01 19/7/2026] [itz-zooz-9101004] [INFO] DESKTOP [SEARCH-BING] Query pool ready | count=8268
[08:47:11 19/7/2026] [itz-zooz-9101004] [INFO] DESKTOP [SEARCH-BING] pointsGained=3 | currentBalance=972 | query="best air purifiers 2026" | remaining=87
[08:48:14 19/7/2026] [itz-zooz-9101004] [INFO] DESKTOP [SEARCH-BING] pointsGained=3 | currentBalance=975 | query="easy coffee recipes 2026" | remaining=84
[08:49:10 19/7/2026] [itz-zooz-9101004] [INFO] DESKTOP [SEARCH-BING] pointsGained=3 | currentBalance=978 | query="easy instagram captions" | remaining=81
[08:50:17 19/7/2026] [itz-zooz-9101004] [INFO] DESKTOP [SEARCH-BING] pointsGained=3 | currentBalance=981 | query="pressure washers buying guide" | remaining=78
[08:51:20 19/7/2026] [itz-zooz-9101004] [INFO] DESKTOP [SEARCH-BING] pointsGained=3 | currentBalance=984 | query="common ergonomics mistakes" | remaining=75
[08:52:25 19/7/2026] [itz-zooz-9101004] [INFO] DESKTOP [SEARCH-BING] pointsGained=3 | currentBalance=987 | query="creative writing rules explained" | remaining=72
[08:53:44 19/7/2026] [itz-zooz-9101004] [INFO] DESKTOP [SEARCH-BING] pointsGained=3 | currentBalance=990 | query="Co-evolution of self-replication and function in a digital primordial soup" | remaining=69
[08:54:54 19/7/2026] [itz-zooz-9101004] [INFO] DESKTOP [SEARCH-BING] pointsGained=3 | currentBalance=993 | query="science fiction books explained simply" | remaining=66
[08:56:11 19/7/2026] [itz-zooz-9101004] [INFO] DESKTOP [SEARCH-BING] pointsGained=3 | currentBalance=996 | query="pros and cons of mechanical keyboards" | remaining=63
[08:57:57 19/7/2026] [itz-zooz-9101004] [INFO] DESKTOP [SEARCH-BING] pointsGained=3 | currentBalance=999 | query="kết quả pháp anh" | remaining=60
