(node:29628) ExperimentalWarning: SQLite is an experimental feature and might change at any time
(Use `node --trace-warnings ...` to show where the warning was created)
[20:36:15 18/7/2026] [MAIN] [INFO] MAIN [RUN-START] Starting Microsoft Rewards Script | v4.0.3 | Accounts: 1 | Clusters: 1
[20:36:15 18/7/2026] [gabriesen_holin] [INFO] MAIN [ACCOUNT-START] Starting account: gabriesen_holin@hotmail.com | geoLocale: auto
[20:36:22 18/7/2026] [gabriesen_holin] [INFO] MAIN [PROXY] Proxy route verified for account; direct HTTP fallback is disabled
[20:36:22 18/7/2026] [gabriesen_holin] [INFO] MAIN [FLOW] Starting session for gabriesen_holin@hotmail.com
[20:36:22 18/7/2026] [gabriesen_holin] [INFO] MOBILE [BROWSER] Launching bundled patched Chromium (Edge UA) | headless: true | platform: win32 | proxy: yes (TLS errors ignored)
[20:36:39 18/7/2026] [gabriesen_holin] [INFO] MOBILE [BROWSER] Created context | User-Agent: "Mozilla/5.0 (Linux; Android 13; K) AppleWebKit/537.36 (KHTML, like Gecko) Chrome/151.0.0.0 Mobile Safari/537.36 EdgA/150.0.4078.65"
[20:36:39 18/7/2026] [gabriesen_holin] [INFO] MAIN [BROWSER] Mobile Browser started | gabriesen_holin@hotmail.com
[20:36:39 18/7/2026] [gabriesen_holin] [INFO] MOBILE [LOGIN] Starting login process
[20:36:47 18/7/2026] [gabriesen_holin] [INFO] MOBILE [LOGIN] Authentication flow reached Rewards | phase=initial login
[20:36:47 18/7/2026] [gabriesen_holin] [INFO] MOBILE [LOGIN] Finalizing login
[20:36:53 18/7/2026] [gabriesen_holin] [INFO] MOBILE [LOGIN] Rewards landing reached; dashboard verification pending
[20:36:54 18/7/2026] [gabriesen_holin] [INFO] MOBILE [LOGIN] Starting Bing session verification
[20:36:54 18/7/2026] [gabriesen_holin] [INFO] MOBILE [LOGIN-BING] Verifying Bing session
[20:37:06 18/7/2026] [gabriesen_holin] [WARN] MOBILE [LOGIN] Unknown state at www.bing.com/, waiting
[20:37:09 18/7/2026] [gabriesen_holin] [INFO] MOBILE [LOGIN-BING] Bing session verified successfully
[20:37:09 18/7/2026] [gabriesen_holin] [INFO] MOBILE [LOGIN] Acquiring rewards context
[20:37:09 18/7/2026] [gabriesen_holin] [INFO] MOBILE [GET-REWARD-SESSION] Bootstrapping rewards context
[20:37:13 18/7/2026] [gabriesen_holin] [INFO] MOBILE [REACT-PARSE] Snapshot complete | offers=31 | reportable=7 | streaks=3 | streakProtectionEnabled=true | streakProtectionRemainingDays=14 | streakCounter=3 | level=null | account=gabriesen_holin@hotmail.com
[20:37:22 18/7/2026] [gabriesen_holin] [INFO] MOBILE [BOOTSTRAP] Context ready | actions=15 | reportable=7 | available=null
[20:37:22 18/7/2026] [gabriesen_holin] [INFO] MOBILE [BUILD] Rewards build | id=unknown
[20:37:22 18/7/2026] [gabriesen_holin] [INFO] MOBILE [GET-REWARD-SESSION] Context ready | actions=15 | reportable=7 | available=null
[20:37:22 18/7/2026] [gabriesen_holin] [INFO] MOBILE [LOGIN] Logged into Microsoft Rewards successfully
[20:37:27 18/7/2026] [gabriesen_holin] [INFO] MOBILE [LOGIN] Login completed, session saved
[20:37:27 18/7/2026] [gabriesen_holin] [INFO] MOBILE [GET-APP-TOKEN] Requesting mobile access token
[20:37:30 18/7/2026] [gabriesen_holin] [INFO] MOBILE [LOGIN-APP] Mobile access token received
[20:37:36 18/7/2026] [gabriesen_holin] [INFO] MAIN [POINTS] Earnable today | Mobile: 5 | Browser: 0 | App: 5 | gabriesen_holin@hotmail.com | locale: vn
[20:37:36 18/7/2026] [gabriesen_holin] [INFO] MOBILE [ENABLE-STREAK-PROTECTION] Already enabled | remainingDays=14
[20:37:36 18/7/2026] [gabriesen_holin] [INFO] MOBILE [DAILY-SET] All "Daily Set" items have already been completed
[20:37:36 18/7/2026] [gabriesen_holin] [INFO] MOBILE [MORE-PROMOTIONS] Started solving 3 "More Promotions" items
[20:37:36 18/7/2026] [gabriesen_holin] [INFO] MOBILE [ACTIVITY] Found activity type "UrlReward" | title="Bees in the city" | offerId=WW_Rewards_locked_level2_Jul26w3_offer1
[20:37:36 18/7/2026] [gabriesen_holin] [INFO] MOBILE [URL-REWARD] Starting UrlReward | offerId=WW_Rewards_locked_level2_Jul26w3_offer1 | geo=vn | currentBalance=793
[20:37:38 18/7/2026] [gabriesen_holin] [INFO] MOBILE [URL-REWARD] Completed UrlReward | offerId=WW_Rewards_locked_level2_Jul26w3_offer1 | pointsGained=15 | currentBalance=808
[20:37:51 18/7/2026] [gabriesen_holin] [INFO] MOBILE [ACTIVITY] Found activity type "UrlReward" | title="Quotes to inspire" | offerId=WW_Rewards_locked_level2_Jul26w3_offer2
[20:37:51 18/7/2026] [gabriesen_holin] [INFO] MOBILE [URL-REWARD] Starting UrlReward | offerId=WW_Rewards_locked_level2_Jul26w3_offer2 | geo=vn | currentBalance=808
[20:37:53 18/7/2026] [gabriesen_holin] [INFO] MOBILE [URL-REWARD] Completed UrlReward | offerId=WW_Rewards_locked_level2_Jul26w3_offer2 | pointsGained=15 | currentBalance=823
[20:38:09 18/7/2026] [gabriesen_holin] [WARN] MOBILE [ACTIVITY] Skipped activity "Take the tour" | offerId=Gamification_FRE_Offer6nonwindows | Reason: Unsupported type "welcometour"
[20:38:18 18/7/2026] [gabriesen_holin] [INFO] MOBILE [MORE-PROMOTIONS] All "More Promotion" items have been completed
[20:38:18 18/7/2026] [gabriesen_holin] [INFO] MOBILE [DAILY-CHECK-IN] Starting Daily Check-In | geo=vn | currentBalance=823
[20:38:19 18/7/2026] [gabriesen_holin] [WARN] MOBILE [DAILY-CHECK-IN] Daily Check-In completed but no points gained | type=103 | pointsGained=0 | currentBalance=823
[20:38:19 18/7/2026] [gabriesen_holin] [INFO] MOBILE [APP-PROMOTIONS] All "App Promotions" items have already been completed
[20:38:19 18/7/2026] [gabriesen_holin] [INFO] MOBILE [READ-TO-EARN] Starting Read to Earn | geo=vn | delayRange=30sec-50sec | currentBalance=823
[20:38:19 18/7/2026] [gabriesen_holin] [INFO] MOBILE [READ-TO-EARN] No points gained, stopping Read to Earn | article=1/10 | status=200 | pointsGained=0 | currentBalance=823
[20:38:19 18/7/2026] [gabriesen_holin] [INFO] MOBILE [READ-TO-EARN] Completed Read to Earn | articlesRead=0 | pointsGained=0 | previousBalance=823 | currentBalance=823
[20:38:20 18/7/2026] [gabriesen_holin] [INFO] MOBILE [REACT-PARSE] Quest list | parents=3 | incomplete=3
[20:38:20 18/7/2026] [gabriesen_holin] [INFO] MOBILE [PUNCHCARD] Found 2 incomplete quest(s) on /earn | api-matched=1
[20:38:20 18/7/2026] [gabriesen_holin] [INFO] MOBILE [REACT-PARSE] Quest snapshot | children=3 | reportable=3
[20:38:20 18/7/2026] [gabriesen_holin] [INFO] MOBILE [PUNCHCARD] Solving "Get started with Rewards" | children=3 | reportable=3
[20:38:22 18/7/2026] [gabriesen_holin] [INFO] MOBILE [PUNCHCARD] Reported child | offerId=WW_pcchild2_redesign_newuser_onboarding_offer_punchcard | status=200 | acknowledged=true | pointsGained=0 | currentBalance=823
[20:38:33 18/7/2026] [gabriesen_holin] [INFO] MOBILE [PUNCHCARD] Reported child | offerId=WW_pcchild7_redesign_newuser_onboarding_offer_punchcard | status=200 | acknowledged=true | pointsGained=0 | currentBalance=823
[20:38:49 18/7/2026] [gabriesen_holin] [INFO] MOBILE [PUNCHCARD] Reported child | offerId=WW_pcchild8_redesign_newuser_onboarding_offer_punchcard | status=200 | acknowledged=true | pointsGained=0 | currentBalance=823
[20:38:59 18/7/2026] [gabriesen_holin] [INFO] MOBILE [PUNCHCARD] Quest "Get started with Rewards" COMPLETE | reported=3 | pointsGained=0 | currentBalance=823 | targetPoints=1320
[20:39:01 18/7/2026] [gabriesen_holin] [INFO] MOBILE [REACT-PARSE] Quest snapshot | children=1 | reportable=0
[20:39:01 18/7/2026] [gabriesen_holin] [INFO] MOBILE [PUNCHCARD] Solving "July playbook: travel smart, chase thrills, and shop the latest tech" | children=1 | reportable=0
[20:39:01 18/7/2026] [gabriesen_holin] [INFO] MOBILE [PUNCHCARD] Quest "July playbook: travel smart, chase thrills, and shop the latest tech" in progress | reported=0 | remaining=1 | pointsGained=0 | currentBalance=823 | targetPoints=50
[20:39:01 18/7/2026] [gabriesen_holin] [INFO] MOBILE [PUNCHCARD] Finished processing quests
[20:39:03 18/7/2026] [gabriesen_holin] [INFO] MAIN [SEARCH-MANAGER] Mobile: skip (no points) | Desktop: skip (no points)
[20:39:17 18/7/2026] [gabriesen_holin] [WARN] MOBILE [BROWSER] Browser context closed
[20:40:06 18/7/2026] [gabriesen_holin] [INFO] MOBILE [CLOSE-BROWSER] All browser resources closed.
[20:40:06 18/7/2026] [gabriesen_holin] [INFO] DESKTOP [BROWSER] Launching bundled patched Chromium (Edge UA) | headless: true | platform: win32 | proxy: yes (TLS errors ignored)
[20:40:24 18/7/2026] [gabriesen_holin] [INFO] DESKTOP [BROWSER] Created context | User-Agent: "Mozilla/5.0 (Windows NT 10.0; Win64; x64) AppleWebKit/537.36 (KHTML, like Gecko) Chrome/151.0.0.0 Safari/537.36 Edg/150.0.4078.83"
[20:40:24 18/7/2026] [gabriesen_holin] [INFO] DESKTOP [BROWSER] Desktop Browser started | gabriesen_holin@hotmail.com
[20:40:24 18/7/2026] [gabriesen_holin] [INFO] DESKTOP [LOGIN] Starting login process
[20:40:33 18/7/2026] [gabriesen_holin] [INFO] DESKTOP [LOGIN] Authentication flow reached Rewards | phase=initial login
[20:40:33 18/7/2026] [gabriesen_holin] [INFO] DESKTOP [LOGIN] Finalizing login
[20:40:38 18/7/2026] [gabriesen_holin] [INFO] DESKTOP [LOGIN] Rewards landing reached; dashboard verification pending
[20:40:40 18/7/2026] [gabriesen_holin] [INFO] DESKTOP [LOGIN] Starting Bing session verification
[20:40:40 18/7/2026] [gabriesen_holin] [INFO] DESKTOP [LOGIN-BING] Verifying Bing session
[20:41:04 18/7/2026] [gabriesen_holin] [WARN] DESKTOP [LOGIN] Unknown state at www.bing.com/, waiting
[20:41:13 18/7/2026] [gabriesen_holin] [INFO] DESKTOP [LOGIN-BING] Bing session verified successfully
[20:41:13 18/7/2026] [gabriesen_holin] [INFO] DESKTOP [LOGIN] Acquiring rewards context
[20:41:13 18/7/2026] [gabriesen_holin] [INFO] DESKTOP [GET-REWARD-SESSION] Bootstrapping rewards context
[20:41:17 18/7/2026] [gabriesen_holin] [INFO] DESKTOP [REACT-PARSE] Snapshot complete | offers=34 | reportable=7 | streaks=3 | streakProtectionEnabled=true | streakProtectionRemainingDays=14 | streakCounter=3 | level=null | account=gabriesen_holin@hotmail.com
[20:41:28 18/7/2026] [gabriesen_holin] [INFO] DESKTOP [BOOTSTRAP] Context ready | actions=15 | reportable=7 | available=null
[20:41:28 18/7/2026] [gabriesen_holin] [INFO] DESKTOP [BUILD] Rewards build | id=unknown
[20:41:28 18/7/2026] [gabriesen_holin] [INFO] DESKTOP [GET-REWARD-SESSION] Context ready | actions=15 | reportable=7 | available=null
[20:41:28 18/7/2026] [gabriesen_holin] [INFO] DESKTOP [LOGIN] Logged into Microsoft Rewards successfully
[20:41:34 18/7/2026] [gabriesen_holin] [INFO] DESKTOP [LOGIN] Login completed, session saved
[20:41:36 18/7/2026] [gabriesen_holin] [INFO] DESKTOP [REACT-PARSE] Quest list | parents=4 | incomplete=3
[20:41:36 18/7/2026] [gabriesen_holin] [INFO] DESKTOP [PUNCHCARD] Found 2 incomplete quest(s) on /earn | api-matched=1
[20:41:37 18/7/2026] [gabriesen_holin] [INFO] DESKTOP [REACT-PARSE] Quest snapshot | children=3 | reportable=3
[20:41:37 18/7/2026] [gabriesen_holin] [INFO] DESKTOP [PUNCHCARD] Solving "Get started with Rewards" | children=3 | reportable=3
[20:41:39 18/7/2026] [gabriesen_holin] [INFO] DESKTOP [PUNCHCARD] Reported child | offerId=WW_pcchild2_redesign_newuser_onboarding_offer_punchcard | status=200 | acknowledged=true | pointsGained=0 | currentBalance=823
[20:41:56 18/7/2026] [gabriesen_holin] [INFO] DESKTOP [PUNCHCARD] Reported child | offerId=WW_pcchild7_redesign_newuser_onboarding_offer_punchcard | status=200 | acknowledged=true | pointsGained=0 | currentBalance=823
[20:42:05 18/7/2026] [gabriesen_holin] [INFO] DESKTOP [PUNCHCARD] Reported child | offerId=WW_pcchild8_redesign_newuser_onboarding_offer_punchcard | status=200 | acknowledged=true | pointsGained=0 | currentBalance=823
[20:42:16 18/7/2026] [gabriesen_holin] [INFO] DESKTOP [PUNCHCARD] Quest "Get started with Rewards" COMPLETE | reported=3 | pointsGained=0 | currentBalance=823 | targetPoints=1320
[20:42:17 18/7/2026] [gabriesen_holin] [INFO] DESKTOP [REACT-PARSE] Quest snapshot | children=1 | reportable=0
[20:42:17 18/7/2026] [gabriesen_holin] [INFO] DESKTOP [PUNCHCARD] Solving "July playbook: travel smart, chase thrills, and shop the latest tech" | children=1 | reportable=0
[20:42:17 18/7/2026] [gabriesen_holin] [INFO] DESKTOP [PUNCHCARD] Quest "July playbook: travel smart, chase thrills, and shop the latest tech" in progress | reported=0 | remaining=1 | pointsGained=0 | currentBalance=823 | targetPoints=50
[20:42:17 18/7/2026] [gabriesen_holin] [INFO] DESKTOP [PUNCHCARD] Finished processing quests
[20:42:27 18/7/2026] [gabriesen_holin] [WARN] DESKTOP [BROWSER] Browser context closed
[20:43:23 18/7/2026] [gabriesen_holin] [INFO] DESKTOP [CLOSE-BROWSER] All browser resources closed.
[20:43:23 18/7/2026] [gabriesen_holin] [INFO] MAIN [SEARCH-MANAGER] Search summary | mobile=0 | desktop=0 | bonus=0 | total=0
[20:43:23 18/7/2026] [gabriesen_holin] [INFO] MOBILE [CLAIM-BONUS-POINTS] Starting ClaimBonusPoints | geo=vn | currentBalance=823
[20:43:25 18/7/2026] [gabriesen_holin] [INFO] MOBILE [CLAIM-BONUS-POINTS] Nothing claimed | status=200 | pointsGained=0 | currentBalance=823
[20:43:35 18/7/2026] [gabriesen_holin] [INFO] MAIN [FLOW] Points collected | pointsGained=30 | currentBalance=823 | account=gabriesen_holin@hotmail.com
[20:43:35 18/7/2026] [gabriesen_holin] [INFO] MAIN [ACCOUNT-END] Completed account: gabriesen_holin@hotmail.com | pointsGained=30 | previousBalance=793 | currentBalance=823 | durationSeconds=440.4
[20:43:35 18/7/2026] [gabriesen_holin] [INFO] MAIN [RUN-END] Completed all accounts | accountsProcessed=1 | pointsGained=30 | previousBalance=793 | currentBalance=823 | runtimeMinutes=7.3
