(node:12000) ExperimentalWarning: SQLite is an experimental feature and might change at any time
(Use `node --trace-warnings ...` to show where the warning was created)
[20:43:50 18/7/2026] [MAIN] [INFO] MAIN [RUN-START] Starting Microsoft Rewards Script | v4.0.3 | Accounts: 1 | Clusters: 1
[20:43:50 18/7/2026] [mimon.r.dhi] [INFO] MAIN [ACCOUNT-START] Starting account: mimon.r.dhi@hotmail.com | geoLocale: auto
[20:43:57 18/7/2026] [mimon.r.dhi] [INFO] MAIN [PROXY] Proxy route verified for account; direct HTTP fallback is disabled
[20:43:57 18/7/2026] [mimon.r.dhi] [INFO] MAIN [FLOW] Starting session for mimon.r.dhi@hotmail.com
[20:43:57 18/7/2026] [mimon.r.dhi] [INFO] MOBILE [BROWSER] Launching bundled patched Chromium (Edge UA) | headless: true | platform: win32 | proxy: yes (TLS errors ignored)
[20:44:08 18/7/2026] [mimon.r.dhi] [INFO] MOBILE [BROWSER] Created context | User-Agent: "Mozilla/5.0 (Linux; Android 15; K) AppleWebKit/537.36 (KHTML, like Gecko) Chrome/151.0.0.0 Mobile Safari/537.36 EdgA/150.0.4078.65"
[20:44:08 18/7/2026] [mimon.r.dhi] [INFO] MAIN [BROWSER] Mobile Browser started | mimon.r.dhi@hotmail.com
[20:44:08 18/7/2026] [mimon.r.dhi] [INFO] MOBILE [LOGIN] Starting login process
[20:44:17 18/7/2026] [mimon.r.dhi] [INFO] MOBILE [LOGIN] Authentication flow reached Rewards | phase=initial login
[20:44:17 18/7/2026] [mimon.r.dhi] [INFO] MOBILE [LOGIN] Finalizing login
[20:44:21 18/7/2026] [mimon.r.dhi] [INFO] MOBILE [LOGIN] Rewards landing reached; dashboard verification pending
[20:44:22 18/7/2026] [mimon.r.dhi] [INFO] MOBILE [LOGIN] Starting Bing session verification
[20:44:22 18/7/2026] [mimon.r.dhi] [INFO] MOBILE [LOGIN-BING] Verifying Bing session
[20:44:29 18/7/2026] [mimon.r.dhi] [WARN] MOBILE [LOGIN] Unknown state at www.bing.com/, waiting
[20:44:32 18/7/2026] [mimon.r.dhi] [INFO] MOBILE [LOGIN-BING] Bing session verified successfully
[20:44:32 18/7/2026] [mimon.r.dhi] [INFO] MOBILE [LOGIN] Acquiring rewards context
[20:44:32 18/7/2026] [mimon.r.dhi] [INFO] MOBILE [GET-REWARD-SESSION] Bootstrapping rewards context
[20:44:34 18/7/2026] [mimon.r.dhi] [INFO] MOBILE [REACT-PARSE] Snapshot complete | offers=30 | reportable=6 | streaks=3 | streakProtectionEnabled=true | streakProtectionRemainingDays=14 | streakCounter=2 | level=null | account=mimon.r.dhi@hotmail.com
[20:44:42 18/7/2026] [mimon.r.dhi] [INFO] MOBILE [BOOTSTRAP] Context ready | actions=15 | reportable=6 | available=null
[20:44:42 18/7/2026] [mimon.r.dhi] [INFO] MOBILE [BUILD] Rewards build | id=unknown
[20:44:42 18/7/2026] [mimon.r.dhi] [INFO] MOBILE [GET-REWARD-SESSION] Context ready | actions=15 | reportable=6 | available=null
[20:44:42 18/7/2026] [mimon.r.dhi] [INFO] MOBILE [LOGIN] Logged into Microsoft Rewards successfully
[20:44:43 18/7/2026] [mimon.r.dhi] [INFO] MOBILE [LOGIN] Login completed, session saved
[20:44:43 18/7/2026] [mimon.r.dhi] [INFO] MOBILE [GET-APP-TOKEN] Requesting mobile access token
[20:44:45 18/7/2026] [mimon.r.dhi] [INFO] MOBILE [LOGIN-APP] Mobile access token received
[20:44:51 18/7/2026] [mimon.r.dhi] [INFO] MAIN [POINTS] Earnable today | Mobile: 65 | Browser: 60 | App: 5 | mimon.r.dhi@hotmail.com | locale: vn
[20:44:51 18/7/2026] [mimon.r.dhi] [INFO] MOBILE [ENABLE-STREAK-PROTECTION] Already enabled | remainingDays=14
[20:44:51 18/7/2026] [mimon.r.dhi] [INFO] MOBILE [DAILY-SET] All "Daily Set" items have already been completed
[20:44:51 18/7/2026] [mimon.r.dhi] [INFO] MOBILE [MORE-PROMOTIONS] Started solving 3 "More Promotions" items
[20:44:51 18/7/2026] [mimon.r.dhi] [INFO] MOBILE [ACTIVITY] Found activity type "UrlReward" | title="Bees in the city" | offerId=WW_Rewards_locked_level2_Jul26w3_offer1
[20:44:51 18/7/2026] [mimon.r.dhi] [INFO] MOBILE [URL-REWARD] Starting UrlReward | offerId=WW_Rewards_locked_level2_Jul26w3_offer1 | geo=vn | currentBalance=645
[20:44:53 18/7/2026] [mimon.r.dhi] [INFO] MOBILE [URL-REWARD] Completed UrlReward | offerId=WW_Rewards_locked_level2_Jul26w3_offer1 | pointsGained=15 | currentBalance=660
[20:45:14 18/7/2026] [mimon.r.dhi] [INFO] MOBILE [ACTIVITY] Found activity type "UrlReward" | title="Quotes to inspire" | offerId=WW_Rewards_locked_level2_Jul26w3_offer2
[20:45:14 18/7/2026] [mimon.r.dhi] [INFO] MOBILE [URL-REWARD] Starting UrlReward | offerId=WW_Rewards_locked_level2_Jul26w3_offer2 | geo=vn | currentBalance=660
[20:45:16 18/7/2026] [mimon.r.dhi] [INFO] MOBILE [URL-REWARD] Completed UrlReward | offerId=WW_Rewards_locked_level2_Jul26w3_offer2 | pointsGained=15 | currentBalance=675
[20:45:37 18/7/2026] [mimon.r.dhi] [WARN] MOBILE [ACTIVITY] Skipped activity "Take the tour" | offerId=Gamification_FRE_Offer6nonwindows | Reason: Unsupported type "welcometour"
[20:45:52 18/7/2026] [mimon.r.dhi] [INFO] MOBILE [MORE-PROMOTIONS] All "More Promotion" items have been completed
[20:45:52 18/7/2026] [mimon.r.dhi] [INFO] MOBILE [DAILY-CHECK-IN] Starting Daily Check-In | geo=vn | currentBalance=675
[20:45:52 18/7/2026] [mimon.r.dhi] [WARN] MOBILE [DAILY-CHECK-IN] Daily Check-In completed but no points gained | type=103 | pointsGained=0 | currentBalance=675
[20:45:52 18/7/2026] [mimon.r.dhi] [INFO] MOBILE [APP-PROMOTIONS] All "App Promotions" items have already been completed
[20:45:52 18/7/2026] [mimon.r.dhi] [INFO] MOBILE [READ-TO-EARN] Starting Read to Earn | geo=vn | delayRange=30sec-50sec | currentBalance=675
[20:45:52 18/7/2026] [mimon.r.dhi] [INFO] MOBILE [READ-TO-EARN] No points gained, stopping Read to Earn | article=1/10 | status=200 | pointsGained=0 | currentBalance=675
[20:45:52 18/7/2026] [mimon.r.dhi] [INFO] MOBILE [READ-TO-EARN] Completed Read to Earn | articlesRead=0 | pointsGained=0 | previousBalance=675 | currentBalance=675
[20:45:53 18/7/2026] [mimon.r.dhi] [INFO] MOBILE [REACT-PARSE] Quest list | parents=3 | incomplete=3
[20:45:53 18/7/2026] [mimon.r.dhi] [INFO] MOBILE [PUNCHCARD] Found 2 incomplete quest(s) on /earn | api-matched=1
[20:45:53 18/7/2026] [mimon.r.dhi] [INFO] MOBILE [REACT-PARSE] Quest snapshot | children=3 | reportable=3
[20:45:53 18/7/2026] [mimon.r.dhi] [INFO] MOBILE [PUNCHCARD] Solving "Get started with Rewards" | children=3 | reportable=3
[20:45:55 18/7/2026] [mimon.r.dhi] [INFO] MOBILE [PUNCHCARD] Reported child | offerId=WW_pcchild2_redesign_newuser_onboarding_offer_punchcard | status=200 | acknowledged=true | pointsGained=0 | currentBalance=675
[20:46:02 18/7/2026] [mimon.r.dhi] [INFO] MOBILE [PUNCHCARD] Reported child | offerId=WW_pcchild7_redesign_newuser_onboarding_offer_punchcard | status=200 | acknowledged=true | pointsGained=0 | currentBalance=675
[20:46:15 18/7/2026] [mimon.r.dhi] [INFO] MOBILE [PUNCHCARD] Reported child | offerId=WW_pcchild8_redesign_newuser_onboarding_offer_punchcard | status=200 | acknowledged=true | pointsGained=0 | currentBalance=675
[20:46:20 18/7/2026] [mimon.r.dhi] [INFO] MOBILE [PUNCHCARD] Quest "Get started with Rewards" COMPLETE | reported=3 | pointsGained=0 | currentBalance=675 | targetPoints=1320
[20:46:20 18/7/2026] [mimon.r.dhi] [INFO] MOBILE [REACT-PARSE] Quest snapshot | children=2 | reportable=0
[20:46:20 18/7/2026] [mimon.r.dhi] [INFO] MOBILE [PUNCHCARD] Solving "July playbook: travel smart, chase thrills, and shop the latest tech" | children=2 | reportable=0
[20:46:20 18/7/2026] [mimon.r.dhi] [INFO] MOBILE [PUNCHCARD] Quest "July playbook: travel smart, chase thrills, and shop the latest tech" in progress | reported=0 | remaining=2 | pointsGained=0 | currentBalance=675 | targetPoints=50
[20:46:20 18/7/2026] [mimon.r.dhi] [INFO] MOBILE [PUNCHCARD] Finished processing quests
[20:46:21 18/7/2026] [mimon.r.dhi] [INFO] MAIN [SEARCH-MANAGER] Mobile: run (missing 60) | Desktop: skip (no points)
[20:46:21 18/7/2026] [mimon.r.dhi] [INFO] MOBILE [SEARCH-BING] Starting Bing searches | currentBalance=675
[20:46:22 18/7/2026] [mimon.r.dhi] [INFO] MOBILE [SEARCH-BING] Search points remaining | edge=0 | desktop=0 | mobile=60
[20:46:44 18/7/2026] [mimon.r.dhi] [INFO] MOBILE [SEARCH-BING] Query pool ready | count=8088
[20:47:57 18/7/2026] [mimon.r.dhi] [INFO] MOBILE [SEARCH-BING] pointsGained=3 | currentBalance=678 | query="dungeons and dragons rules explained" | remaining=57
[20:49:07 18/7/2026] [mimon.r.dhi] [INFO] MOBILE [SEARCH-BING] pointsGained=3 | currentBalance=681 | query="best roasted potatoes recipe" | remaining=54
[20:50:22 18/7/2026] [mimon.r.dhi] [INFO] MOBILE [SEARCH-BING] pointsGained=3 | currentBalance=684 | query="best ramen recipe" | remaining=51
[20:51:30 18/7/2026] [mimon.r.dhi] [INFO] MOBILE [SEARCH-BING] pointsGained=3 | currentBalance=687 | query="underrated romantic comedies" | remaining=48
[20:52:53 18/7/2026] [mimon.r.dhi] [INFO] MOBILE [SEARCH-BING] pointsGained=3 | currentBalance=690 | query="Apple’s M6 chip is coming soon, here’s everything we know - 9to5Mac" | remaining=45
[20:53:58 18/7/2026] [mimon.r.dhi] [INFO] MOBILE [SEARCH-BING] pointsGained=3 | currentBalance=693 | query="camping rules explained" | remaining=42
[20:55:01 18/7/2026] [mimon.r.dhi] [INFO] MOBILE [SEARCH-BING] pointsGained=3 | currentBalance=696 | query="how long to cook pumpkin soup" | remaining=39
[20:56:28 18/7/2026] [mimon.r.dhi] [INFO] MOBILE [SEARCH-BING] pointsGained=3 | currentBalance=699 | query="5 Windows 11 features from July’s update you shouldn’t overlook - PCWorld" | remaining=36
[20:57:40 18/7/2026] [mimon.r.dhi] [INFO] MOBILE [SEARCH-BING] pointsGained=3 | currentBalance=702 | query="easy mindfulness exercises 2026" | remaining=33
[20:58:44 18/7/2026] [mimon.r.dhi] [INFO] MOBILE [SEARCH-BING] pointsGained=3 | currentBalance=705 | query="quick stir fry vegetables recipe" | remaining=30
[21:00:06 18/7/2026] [mimon.r.dhi] [INFO] MOBILE [SEARCH-BING] pointsGained=3 | currentBalance=708 | query="common vpn services mistakes" | remaining=27
[21:01:17 18/7/2026] [mimon.r.dhi] [INFO] MOBILE [SEARCH-BING] pointsGained=3 | currentBalance=711 | query="best portable monitors 2026" | remaining=24
[21:02:17 18/7/2026] [mimon.r.dhi] [INFO] MOBILE [SEARCH-BING] pointsGained=3 | currentBalance=714 | query="best manga series" | remaining=21
[21:03:38 18/7/2026] [mimon.r.dhi] [INFO] MOBILE [SEARCH-BING] pointsGained=3 | currentBalance=717 | query="underrated crime documentaries" | remaining=18
[21:04:49 18/7/2026] [mimon.r.dhi] [INFO] MOBILE [SEARCH-BING] pointsGained=3 | currentBalance=720 | query="how does x rays work" | remaining=15
[21:06:01 18/7/2026] [mimon.r.dhi] [INFO] MOBILE [SEARCH-BING] pointsGained=3 | currentBalance=723 | query="động đất" | remaining=12
[21:07:21 18/7/2026] [mimon.r.dhi] [INFO] MOBILE [SEARCH-BING] pointsGained=3 | currentBalance=726 | query="what is chatbots" | remaining=9
[21:08:30 18/7/2026] [mimon.r.dhi] [INFO] MOBILE [SEARCH-BING] pointsGained=3 | currentBalance=729 | query="budget travel guide Seoul" | remaining=6
[21:09:32 18/7/2026] [mimon.r.dhi] [INFO] MOBILE [SEARCH-BING] pointsGained=3 | currentBalance=732 | query="what is dropshipping" | remaining=3
[21:10:39 18/7/2026] [mimon.r.dhi] [INFO] MOBILE [SEARCH-BING] pointsGained=3 | currentBalance=735 | query="pros and cons of modern art" | remaining=0
[21:10:39 18/7/2026] [mimon.r.dhi] [INFO] MOBILE [SEARCH-BING] Completed Bing searches | pointsGained=60 | currentBalance=735 | previousBalance=675 | searches=20 | remaining=0
[21:10:45 18/7/2026] [mimon.r.dhi] [WARN] MOBILE [BROWSER] Browser context closed
[21:10:45 18/7/2026] [mimon.r.dhi] [INFO] MOBILE [CLOSE-BROWSER] All browser resources closed.
[21:10:45 18/7/2026] [mimon.r.dhi] [INFO] DESKTOP [BROWSER] Launching bundled patched Chromium (Edge UA) | headless: true | platform: win32 | proxy: yes (TLS errors ignored)
[21:10:48 18/7/2026] [mimon.r.dhi] [INFO] DESKTOP [BROWSER] Created context | User-Agent: "Mozilla/5.0 (Windows NT 10.0; Win64; x64) AppleWebKit/537.36 (KHTML, like Gecko) Chrome/151.0.0.0 Safari/537.36 Edg/150.0.4078.83"
[21:10:48 18/7/2026] [mimon.r.dhi] [INFO] DESKTOP [BROWSER] Desktop Browser started | mimon.r.dhi@hotmail.com
[21:10:48 18/7/2026] [mimon.r.dhi] [INFO] DESKTOP [LOGIN] Starting login process
[21:10:54 18/7/2026] [mimon.r.dhi] [INFO] DESKTOP [LOGIN] Authentication flow reached Rewards | phase=initial login
[21:10:54 18/7/2026] [mimon.r.dhi] [INFO] DESKTOP [LOGIN] Finalizing login
[21:10:58 18/7/2026] [mimon.r.dhi] [INFO] DESKTOP [LOGIN] Rewards landing reached; dashboard verification pending
[21:10:58 18/7/2026] [mimon.r.dhi] [INFO] DESKTOP [LOGIN] Starting Bing session verification
[21:10:58 18/7/2026] [mimon.r.dhi] [INFO] DESKTOP [LOGIN-BING] Verifying Bing session
[21:11:15 18/7/2026] [mimon.r.dhi] [WARN] DESKTOP [LOGIN] Unknown state at www.bing.com/, waiting
[21:11:15 18/7/2026] [mimon.r.dhi] [INFO] DESKTOP [LOGIN-BING] Bing session verified successfully
[21:11:15 18/7/2026] [mimon.r.dhi] [INFO] DESKTOP [LOGIN] Acquiring rewards context
[21:11:15 18/7/2026] [mimon.r.dhi] [INFO] DESKTOP [GET-REWARD-SESSION] Bootstrapping rewards context
[21:11:17 18/7/2026] [mimon.r.dhi] [INFO] DESKTOP [REACT-PARSE] Snapshot complete | offers=33 | reportable=6 | streaks=4 | streakProtectionEnabled=true | streakProtectionRemainingDays=14 | streakCounter=2 | level=null | account=mimon.r.dhi@hotmail.com
[21:11:26 18/7/2026] [mimon.r.dhi] [INFO] DESKTOP [BOOTSTRAP] Context ready | actions=15 | reportable=6 | available=null
[21:11:26 18/7/2026] [mimon.r.dhi] [INFO] DESKTOP [BUILD] Rewards build | id=unknown
[21:11:26 18/7/2026] [mimon.r.dhi] [INFO] DESKTOP [GET-REWARD-SESSION] Context ready | actions=15 | reportable=6 | available=null
[21:11:26 18/7/2026] [mimon.r.dhi] [INFO] DESKTOP [LOGIN] Logged into Microsoft Rewards successfully
[21:11:27 18/7/2026] [mimon.r.dhi] [INFO] DESKTOP [LOGIN] Login completed, session saved
[21:11:29 18/7/2026] [mimon.r.dhi] [INFO] DESKTOP [REACT-PARSE] Quest list | parents=4 | incomplete=3
[21:11:29 18/7/2026] [mimon.r.dhi] [INFO] DESKTOP [PUNCHCARD] Found 2 incomplete quest(s) on /earn | api-matched=1
[21:11:30 18/7/2026] [mimon.r.dhi] [INFO] DESKTOP [REACT-PARSE] Quest snapshot | children=3 | reportable=3
[21:11:30 18/7/2026] [mimon.r.dhi] [INFO] DESKTOP [PUNCHCARD] Solving "Get started with Rewards" | children=3 | reportable=3
(node:11848) ExperimentalWarning: SQLite is an experimental feature and might change at any time
(Use `node --trace-warnings ...` to show where the warning was created)
[21:18:29 18/7/2026] [MAIN] [INFO] MAIN [RUN-START] Starting Microsoft Rewards Script | v4.0.3 | Accounts: 1 | Clusters: 1
[21:18:29 18/7/2026] [mimon.r.dhi] [INFO] MAIN [ACCOUNT-START] Starting account: mimon.r.dhi@hotmail.com | geoLocale: auto
[21:18:30 18/7/2026] [mimon.r.dhi] [INFO] MAIN [PROXY] Proxy route verified for account; direct HTTP fallback is disabled
[21:18:30 18/7/2026] [mimon.r.dhi] [INFO] MAIN [FLOW] Starting session for mimon.r.dhi@hotmail.com
[21:18:30 18/7/2026] [mimon.r.dhi] [INFO] MOBILE [BROWSER] Launching bundled patched Chromium (Edge UA) | headless: true | platform: win32 | proxy: yes (TLS errors ignored)
[21:18:32 18/7/2026] [mimon.r.dhi] [INFO] MOBILE [BROWSER] Created context | User-Agent: "Mozilla/5.0 (Linux; Android 12; K) AppleWebKit/537.36 (KHTML, like Gecko) Chrome/151.0.0.0 Mobile Safari/537.36 EdgA/150.0.4078.65"
[21:18:32 18/7/2026] [mimon.r.dhi] [INFO] MAIN [BROWSER] Mobile Browser started | mimon.r.dhi@hotmail.com
[21:18:32 18/7/2026] [mimon.r.dhi] [INFO] MOBILE [LOGIN] Starting login process
[21:18:44 18/7/2026] [mimon.r.dhi] [INFO] MOBILE [LOGIN] Entering email
[21:18:50 18/7/2026] [mimon.r.dhi] [INFO] MOBILE [LOGIN-ENTER-EMAIL] Email submitted
[21:18:55 18/7/2026] [mimon.r.dhi] [INFO] MOBILE [LOGIN] Email entered successfully
[21:19:02 18/7/2026] [mimon.r.dhi] [INFO] MOBILE [LOGIN] State transition: EMAIL_INPUT → PASSWORD_INPUT
[21:19:02 18/7/2026] [mimon.r.dhi] [INFO] MOBILE [LOGIN] Entering password
[21:19:06 18/7/2026] [mimon.r.dhi] [INFO] MOBILE [LOGIN-ENTER-PASSWORD] Password submitted
[21:19:11 18/7/2026] [mimon.r.dhi] [INFO] MOBILE [LOGIN] Password entered successfully
[21:19:16 18/7/2026] [mimon.r.dhi] [INFO] MOBILE [LOGIN] State transition: PASSWORD_INPUT → LOGGED_IN
[21:19:16 18/7/2026] [mimon.r.dhi] [INFO] MOBILE [LOGIN] Authentication flow reached Rewards | phase=initial login
[21:19:16 18/7/2026] [mimon.r.dhi] [INFO] MOBILE [LOGIN] Finalizing login
[21:19:20 18/7/2026] [mimon.r.dhi] [INFO] MOBILE [LOGIN] Rewards landing reached; dashboard verification pending
[21:19:23 18/7/2026] [mimon.r.dhi] [INFO] MOBILE [LOGIN] Starting Bing session verification
[21:19:23 18/7/2026] [mimon.r.dhi] [INFO] MOBILE [LOGIN-BING] Verifying Bing session
[21:19:29 18/7/2026] [mimon.r.dhi] [WARN] MOBILE [LOGIN] Unknown state at www.bing.com/, waiting
[21:19:33 18/7/2026] [mimon.r.dhi] [INFO] MOBILE [LOGIN-BING] Bing session verified successfully
[21:19:33 18/7/2026] [mimon.r.dhi] [INFO] MOBILE [LOGIN] Acquiring rewards context
[21:19:33 18/7/2026] [mimon.r.dhi] [INFO] MOBILE [GET-REWARD-SESSION] Bootstrapping rewards context
[21:19:34 18/7/2026] [mimon.r.dhi] [WARN] MOBILE [BOOTSTRAP] Rewards /dashboard navigation stopped | attempt=1/3 | url=login.live.com/oauth20_authorize.srf | error=Rewards authentication is required after redirect to login.live.com/oauth20_authorize.srf
[21:19:34 18/7/2026] [mimon.r.dhi] [ERROR] MOBILE [BOOTSTRAP] Failed acquiring context | error=Rewards authentication is required after redirect to login.live.com/oauth20_authorize.srf
[21:19:34 18/7/2026] [mimon.r.dhi] [WARN] MOBILE [GET-REWARD-SESSION] Rewards authentication required at login.live.com/oauth20_authorize.srf; resuming Microsoft login flow once
[21:19:39 18/7/2026] [mimon.r.dhi] [INFO] MOBILE [LOGIN] Authentication flow reached Rewards | phase=Rewards OAuth recovery
[21:19:42 18/7/2026] [mimon.r.dhi] [INFO] MOBILE [REACT-PARSE] Snapshot complete | offers=30 | reportable=4 | streaks=4 | streakProtectionEnabled=true | streakProtectionRemainingDays=14 | streakCounter=2 | level=null | account=mimon.r.dhi@hotmail.com
[21:19:52 18/7/2026] [mimon.r.dhi] [INFO] MOBILE [BOOTSTRAP] Context ready | actions=15 | reportable=4 | available=null
[21:19:52 18/7/2026] [mimon.r.dhi] [INFO] MOBILE [BUILD] Rewards build | id=unknown
[21:19:52 18/7/2026] [mimon.r.dhi] [INFO] MOBILE [GET-REWARD-SESSION] Context ready | actions=15 | reportable=4 | available=null
[21:19:52 18/7/2026] [mimon.r.dhi] [INFO] MOBILE [LOGIN] Logged into Microsoft Rewards successfully
[21:19:53 18/7/2026] [mimon.r.dhi] [INFO] MOBILE [LOGIN] Login completed, session saved
[21:19:53 18/7/2026] [mimon.r.dhi] [INFO] MOBILE [GET-APP-TOKEN] Requesting mobile access token
[21:19:55 18/7/2026] [mimon.r.dhi] [INFO] MOBILE [LOGIN-APP] Mobile access token received
[21:20:00 18/7/2026] [mimon.r.dhi] [INFO] MAIN [POINTS] Earnable today | Mobile: 5 | Browser: 0 | App: 5 | mimon.r.dhi@hotmail.com | locale: vn
[21:20:00 18/7/2026] [mimon.r.dhi] [INFO] MOBILE [ENABLE-STREAK-PROTECTION] Already enabled | remainingDays=14
[21:20:00 18/7/2026] [mimon.r.dhi] [INFO] MOBILE [DAILY-SET] All "Daily Set" items have already been completed
[21:20:00 18/7/2026] [mimon.r.dhi] [INFO] MOBILE [MORE-PROMOTIONS] Started solving 1 "More Promotions" items
[21:20:00 18/7/2026] [mimon.r.dhi] [WARN] MOBILE [ACTIVITY] Skipped activity "Take the tour" | offerId=Gamification_FRE_Offer6nonwindows | Reason: Unsupported type "welcometour"
[21:20:06 18/7/2026] [mimon.r.dhi] [INFO] MOBILE [MORE-PROMOTIONS] All "More Promotion" items have been completed
[21:20:06 18/7/2026] [mimon.r.dhi] [INFO] MOBILE [DAILY-CHECK-IN] Starting Daily Check-In | geo=vn | currentBalance=732
[21:20:07 18/7/2026] [mimon.r.dhi] [WARN] MOBILE [DAILY-CHECK-IN] Daily Check-In completed but no points gained | type=103 | pointsGained=0 | currentBalance=732
[21:20:07 18/7/2026] [mimon.r.dhi] [INFO] MOBILE [APP-PROMOTIONS] All "App Promotions" items have already been completed
[21:20:07 18/7/2026] [mimon.r.dhi] [INFO] MOBILE [READ-TO-EARN] Starting Read to Earn | geo=vn | delayRange=30sec-50sec | currentBalance=732
[21:20:07 18/7/2026] [mimon.r.dhi] [INFO] MOBILE [READ-TO-EARN] No points gained, stopping Read to Earn | article=1/10 | status=200 | pointsGained=0 | currentBalance=732
[21:20:07 18/7/2026] [mimon.r.dhi] [INFO] MOBILE [READ-TO-EARN] Completed Read to Earn | articlesRead=0 | pointsGained=0 | previousBalance=732 | currentBalance=732
[21:20:08 18/7/2026] [mimon.r.dhi] [INFO] MOBILE [REACT-PARSE] Quest list | parents=3 | incomplete=3
[21:20:08 18/7/2026] [mimon.r.dhi] [INFO] MOBILE [PUNCHCARD] Found 2 incomplete quest(s) on /earn | api-matched=1
[21:20:09 18/7/2026] [mimon.r.dhi] [INFO] MOBILE [REACT-PARSE] Quest snapshot | children=3 | reportable=3
[21:20:09 18/7/2026] [mimon.r.dhi] [INFO] MOBILE [PUNCHCARD] Solving "Get started with Rewards" | children=3 | reportable=3
[21:20:10 18/7/2026] [mimon.r.dhi] [INFO] MOBILE [PUNCHCARD] Reported child | offerId=WW_pcchild2_redesign_newuser_onboarding_offer_punchcard | status=200 | acknowledged=true | pointsGained=0 | currentBalance=732
[21:20:21 18/7/2026] [mimon.r.dhi] [INFO] MOBILE [PUNCHCARD] Reported child | offerId=WW_pcchild7_redesign_newuser_onboarding_offer_punchcard | status=200 | acknowledged=true | pointsGained=0 | currentBalance=732
[21:20:32 18/7/2026] [mimon.r.dhi] [INFO] MOBILE [PUNCHCARD] Reported child | offerId=WW_pcchild8_redesign_newuser_onboarding_offer_punchcard | status=200 | acknowledged=true | pointsGained=0 | currentBalance=732
[21:20:43 18/7/2026] [mimon.r.dhi] [INFO] MOBILE [PUNCHCARD] Quest "Get started with Rewards" COMPLETE | reported=3 | pointsGained=0 | currentBalance=732 | targetPoints=1320
[21:20:44 18/7/2026] [mimon.r.dhi] [INFO] MOBILE [REACT-PARSE] Quest snapshot | children=2 | reportable=0
[21:20:44 18/7/2026] [mimon.r.dhi] [INFO] MOBILE [PUNCHCARD] Solving "July playbook: travel smart, chase thrills, and shop the latest tech" | children=2 | reportable=0
[21:20:44 18/7/2026] [mimon.r.dhi] [INFO] MOBILE [PUNCHCARD] Quest "July playbook: travel smart, chase thrills, and shop the latest tech" in progress | reported=0 | remaining=2 | pointsGained=0 | currentBalance=732 | targetPoints=50
[21:20:44 18/7/2026] [mimon.r.dhi] [INFO] MOBILE [PUNCHCARD] Finished processing quests
[21:20:45 18/7/2026] [mimon.r.dhi] [INFO] MAIN [SEARCH-MANAGER] Mobile: skip (no points) | Desktop: skip (no points)
[21:20:47 18/7/2026] [mimon.r.dhi] [WARN] MOBILE [BROWSER] Browser context closed
[21:20:47 18/7/2026] [mimon.r.dhi] [INFO] MOBILE [CLOSE-BROWSER] All browser resources closed.
[21:20:47 18/7/2026] [mimon.r.dhi] [INFO] DESKTOP [BROWSER] Launching bundled patched Chromium (Edge UA) | headless: true | platform: win32 | proxy: yes (TLS errors ignored)
[21:20:49 18/7/2026] [mimon.r.dhi] [INFO] DESKTOP [BROWSER] Created context | User-Agent: "Mozilla/5.0 (Windows NT 10.0; Win64; x64) AppleWebKit/537.36 (KHTML, like Gecko) Chrome/151.0.0.0 Safari/537.36 Edg/150.0.4078.83"
[21:20:49 18/7/2026] [mimon.r.dhi] [INFO] DESKTOP [BROWSER] Desktop Browser started | mimon.r.dhi@hotmail.com
[21:20:49 18/7/2026] [mimon.r.dhi] [INFO] DESKTOP [LOGIN] Starting login process
[21:21:00 18/7/2026] [mimon.r.dhi] [INFO] DESKTOP [LOGIN] Entering email
[21:21:07 18/7/2026] [mimon.r.dhi] [INFO] DESKTOP [LOGIN-ENTER-EMAIL] Email submitted
[21:21:12 18/7/2026] [mimon.r.dhi] [INFO] DESKTOP [LOGIN] Email entered successfully
[21:21:18 18/7/2026] [mimon.r.dhi] [INFO] DESKTOP [LOGIN] State transition: EMAIL_INPUT → PASSWORD_INPUT
[21:21:18 18/7/2026] [mimon.r.dhi] [INFO] DESKTOP [LOGIN] Entering password
[21:21:24 18/7/2026] [mimon.r.dhi] [INFO] DESKTOP [LOGIN-ENTER-PASSWORD] Password submitted
[21:21:29 18/7/2026] [mimon.r.dhi] [INFO] DESKTOP [LOGIN] Password entered successfully
[21:21:32 18/7/2026] [mimon.r.dhi] [INFO] DESKTOP [LOGIN] State transition: PASSWORD_INPUT → LOGGED_IN
[21:21:32 18/7/2026] [mimon.r.dhi] [INFO] DESKTOP [LOGIN] Authentication flow reached Rewards | phase=initial login
[21:21:32 18/7/2026] [mimon.r.dhi] [INFO] DESKTOP [LOGIN] Finalizing login
[21:21:36 18/7/2026] [mimon.r.dhi] [INFO] DESKTOP [LOGIN] Rewards landing reached; dashboard verification pending
[21:21:40 18/7/2026] [mimon.r.dhi] [INFO] DESKTOP [LOGIN] Starting Bing session verification
[21:21:40 18/7/2026] [mimon.r.dhi] [INFO] DESKTOP [LOGIN-BING] Verifying Bing session
[21:22:05 18/7/2026] [mimon.r.dhi] [WARN] DESKTOP [LOGIN] Unknown state at www.bing.com/, waiting
[21:22:13 18/7/2026] [mimon.r.dhi] [INFO] DESKTOP [LOGIN-BING] Bing session verified successfully
[21:22:13 18/7/2026] [mimon.r.dhi] [INFO] DESKTOP [LOGIN] Acquiring rewards context
[21:22:13 18/7/2026] [mimon.r.dhi] [INFO] DESKTOP [GET-REWARD-SESSION] Bootstrapping rewards context
[21:22:15 18/7/2026] [mimon.r.dhi] [WARN] DESKTOP [BOOTSTRAP] Rewards /dashboard navigation stopped | attempt=1/3 | url=login.live.com/oauth20_authorize.srf | error=Rewards authentication is required after redirect to login.live.com/oauth20_authorize.srf
[21:22:15 18/7/2026] [mimon.r.dhi] [ERROR] DESKTOP [BOOTSTRAP] Failed acquiring context | error=Rewards authentication is required after redirect to login.live.com/oauth20_authorize.srf
[21:22:15 18/7/2026] [mimon.r.dhi] [WARN] DESKTOP [GET-REWARD-SESSION] Rewards authentication required at login.live.com/oauth20_authorize.srf; resuming Microsoft login flow once
[21:22:20 18/7/2026] [mimon.r.dhi] [INFO] DESKTOP [LOGIN] Authentication flow reached Rewards | phase=Rewards OAuth recovery
[21:22:23 18/7/2026] [mimon.r.dhi] [INFO] DESKTOP [REACT-PARSE] Snapshot complete | offers=33 | reportable=6 | streaks=4 | streakProtectionEnabled=true | streakProtectionRemainingDays=14 | streakCounter=2 | level=null | account=mimon.r.dhi@hotmail.com
[21:22:29 18/7/2026] [mimon.r.dhi] [INFO] DESKTOP [BOOTSTRAP] Context ready | actions=15 | reportable=6 | available=null
[21:22:29 18/7/2026] [mimon.r.dhi] [INFO] DESKTOP [BUILD] Rewards build | id=unknown
[21:22:29 18/7/2026] [mimon.r.dhi] [INFO] DESKTOP [GET-REWARD-SESSION] Context ready | actions=15 | reportable=6 | available=null
[21:22:29 18/7/2026] [mimon.r.dhi] [INFO] DESKTOP [LOGIN] Logged into Microsoft Rewards successfully
[21:22:30 18/7/2026] [mimon.r.dhi] [INFO] DESKTOP [LOGIN] Login completed, session saved
[21:22:33 18/7/2026] [mimon.r.dhi] [INFO] DESKTOP [REACT-PARSE] Quest list | parents=4 | incomplete=3
[21:22:33 18/7/2026] [mimon.r.dhi] [INFO] DESKTOP [PUNCHCARD] Found 2 incomplete quest(s) on /earn | api-matched=1
[21:22:33 18/7/2026] [mimon.r.dhi] [INFO] DESKTOP [REACT-PARSE] Quest snapshot | children=3 | reportable=3
[21:22:33 18/7/2026] [mimon.r.dhi] [INFO] DESKTOP [PUNCHCARD] Solving "Get started with Rewards" | children=3 | reportable=3
[21:22:35 18/7/2026] [mimon.r.dhi] [INFO] DESKTOP [PUNCHCARD] Reported child | offerId=WW_pcchild2_redesign_newuser_onboarding_offer_punchcard | status=200 | acknowledged=true | pointsGained=0 | currentBalance=732
[21:22:49 18/7/2026] [mimon.r.dhi] [INFO] DESKTOP [PUNCHCARD] Reported child | offerId=WW_pcchild7_redesign_newuser_onboarding_offer_punchcard | status=200 | acknowledged=true | pointsGained=0 | currentBalance=732
[21:23:00 18/7/2026] [mimon.r.dhi] [INFO] DESKTOP [PUNCHCARD] Reported child | offerId=WW_pcchild8_redesign_newuser_onboarding_offer_punchcard | status=200 | acknowledged=true | pointsGained=0 | currentBalance=732
[21:23:14 18/7/2026] [mimon.r.dhi] [INFO] DESKTOP [PUNCHCARD] Quest "Get started with Rewards" COMPLETE | reported=3 | pointsGained=0 | currentBalance=732 | targetPoints=1320
[21:23:15 18/7/2026] [mimon.r.dhi] [INFO] DESKTOP [REACT-PARSE] Quest snapshot | children=2 | reportable=0
[21:23:15 18/7/2026] [mimon.r.dhi] [INFO] DESKTOP [PUNCHCARD] Solving "July playbook: travel smart, chase thrills, and shop the latest tech" | children=2 | reportable=0
[21:23:15 18/7/2026] [mimon.r.dhi] [INFO] DESKTOP [PUNCHCARD] Quest "July playbook: travel smart, chase thrills, and shop the latest tech" in progress | reported=0 | remaining=2 | pointsGained=0 | currentBalance=732 | targetPoints=50
[21:23:15 18/7/2026] [mimon.r.dhi] [INFO] DESKTOP [PUNCHCARD] Finished processing quests
[21:23:18 18/7/2026] [mimon.r.dhi] [WARN] DESKTOP [BROWSER] Browser context closed
[21:23:19 18/7/2026] [mimon.r.dhi] [INFO] DESKTOP [CLOSE-BROWSER] All browser resources closed.
[21:23:19 18/7/2026] [mimon.r.dhi] [INFO] MAIN [SEARCH-MANAGER] Search summary | mobile=0 | desktop=0 | bonus=0 | total=0
[21:23:19 18/7/2026] [mimon.r.dhi] [INFO] MOBILE [CLAIM-BONUS-POINTS] Starting ClaimBonusPoints | geo=vn | currentBalance=732
[21:23:24 18/7/2026] [mimon.r.dhi] [INFO] MOBILE [CLAIM-BONUS-POINTS] Completed ClaimBonusPoints | acknowledged=true | pointsGained=3 | currentBalance=735
[21:23:33 18/7/2026] [mimon.r.dhi] [INFO] MAIN [FLOW] Points collected | pointsGained=3 | currentBalance=735 | account=mimon.r.dhi@hotmail.com
[21:23:33 18/7/2026] [mimon.r.dhi] [INFO] MAIN [ACCOUNT-END] Completed account: mimon.r.dhi@hotmail.com | pointsGained=3 | previousBalance=732 | currentBalance=735 | durationSeconds=303.5
[21:23:33 18/7/2026] [mimon.r.dhi] [INFO] MAIN [RUN-END] Completed all accounts | accountsProcessed=1 | pointsGained=3 | previousBalance=732 | currentBalance=735 | runtimeMinutes=5.1
