[08:44:17 19/7/2026] [MAIN] [INFO] MAIN [RUN-START] Starting Microsoft Rewards Script | v4.0.3 | Accounts: 1 | Proxy routes: 1 | Workers: 1 (auto)
[08:44:17 19/7/2026] [jacknoahkrystol7] [INFO] MAIN [ACCOUNT-START] Starting account: jacknoahkrystol7@hotmail.com | geoLocale: auto
[08:44:18 19/7/2026] [jacknoahkrystol7] [INFO] MAIN [PROXY] Proxy route verified for account; direct HTTP fallback is disabled
[08:44:18 19/7/2026] [jacknoahkrystol7] [INFO] MAIN [FLOW] Starting session for jacknoahkrystol7@hotmail.com
[08:44:18 19/7/2026] [jacknoahkrystol7] [INFO] MOBILE [BROWSER] Launching bundled patched Chromium (Edge UA) | headless: true | platform: win32 | proxy: yes (TLS errors ignored)
[08:44:19 19/7/2026] [jacknoahkrystol7] [INFO] MOBILE [BROWSER] Created context | User-Agent: "Mozilla/5.0 (Linux; Android 14; K) AppleWebKit/537.36 (KHTML, like Gecko) Chrome/151.0.0.0 Mobile Safari/537.36 EdgA/150.0.4078.65"
[08:44:19 19/7/2026] [jacknoahkrystol7] [INFO] MAIN [BROWSER] Mobile Browser started | jacknoahkrystol7@hotmail.com
[08:44:19 19/7/2026] [jacknoahkrystol7] [INFO] MOBILE [LOGIN] Starting login process
[08:44:25 19/7/2026] [jacknoahkrystol7] [INFO] MOBILE [LOGIN] Authentication flow reached Rewards | phase=initial login
[08:44:25 19/7/2026] [jacknoahkrystol7] [INFO] MOBILE [LOGIN] Finalizing login
[08:44:29 19/7/2026] [jacknoahkrystol7] [INFO] MOBILE [LOGIN] Rewards landing reached; dashboard verification pending
[08:44:29 19/7/2026] [jacknoahkrystol7] [INFO] MOBILE [LOGIN] Starting Bing session verification
[08:44:29 19/7/2026] [jacknoahkrystol7] [INFO] MOBILE [LOGIN-BING] Verifying Bing session
[08:44:37 19/7/2026] [jacknoahkrystol7] [INFO] MOBILE [LOGIN-BING] Bing session verified successfully
[08:44:37 19/7/2026] [jacknoahkrystol7] [INFO] MOBILE [LOGIN] Acquiring rewards context
[08:44:37 19/7/2026] [jacknoahkrystol7] [INFO] MOBILE [GET-REWARD-SESSION] Bootstrapping rewards context
[08:44:39 19/7/2026] [jacknoahkrystol7] [INFO] MOBILE [REACT-PARSE] Snapshot complete | offers=23 | reportable=7 | streaks=4 | streakProtectionEnabled=true | streakProtectionRemainingDays=14 | streakCounter=2 | level=null | account=jacknoahkrystol7@hotmail.com
[08:44:41 19/7/2026] [jacknoahkrystol7] [INFO] MOBILE [BOOTSTRAP] Context ready | actions=15 | reportable=7 | available=null
[08:44:41 19/7/2026] [jacknoahkrystol7] [INFO] MOBILE [BUILD] Rewards build | id=unknown
[08:44:41 19/7/2026] [jacknoahkrystol7] [INFO] MOBILE [GET-REWARD-SESSION] Context ready | actions=15 | reportable=7 | available=null
[08:44:41 19/7/2026] [jacknoahkrystol7] [INFO] MOBILE [LOGIN] Logged into Microsoft Rewards successfully
[08:44:41 19/7/2026] [jacknoahkrystol7] [INFO] MOBILE [LOGIN] Login completed, session saved
[08:44:41 19/7/2026] [jacknoahkrystol7] [INFO] MOBILE [GET-APP-TOKEN] Requesting mobile access token
[08:44:43 19/7/2026] [jacknoahkrystol7] [INFO] MOBILE [LOGIN-APP] Mobile access token received
[08:44:47 19/7/2026] [jacknoahkrystol7] [INFO] MAIN [POINTS] Earnable today | Mobile: 35 | Browser: 0 | App: 35 | jacknoahkrystol7@hotmail.com | locale: vn
[08:44:47 19/7/2026] [jacknoahkrystol7] [INFO] MOBILE [ENABLE-STREAK-PROTECTION] Already enabled | remainingDays=14
[08:44:47 19/7/2026] [jacknoahkrystol7] [INFO] MOBILE [DAILY-SET] Started solving "Daily Set" items
[08:44:47 19/7/2026] [jacknoahkrystol7] [INFO] MOBILE [ACTIVITY] Found activity type "UrlReward" | title="Turn referrals into rewards" | offerId=Global_DailySet_20260719_Child1
[08:44:47 19/7/2026] [jacknoahkrystol7] [INFO] MOBILE [URL-REWARD] Starting UrlReward | offerId=Global_DailySet_20260719_Child1 | geo=vn | currentBalance=334
[08:44:48 19/7/2026] [jacknoahkrystol7] [INFO] MOBILE [URL-REWARD] Completed UrlReward | offerId=Global_DailySet_20260719_Child1 | pointsGained=10 | currentBalance=344
[08:45:05 19/7/2026] [jacknoahkrystol7] [INFO] MOBILE [ACTIVITY] Found activity type "UrlReward" | title="Spring in the Bay" | offerId=Global_DailySet_20260719_Child2
[08:45:05 19/7/2026] [jacknoahkrystol7] [INFO] MOBILE [URL-REWARD] Starting UrlReward | offerId=Global_DailySet_20260719_Child2 | geo=vn | currentBalance=344
[08:45:06 19/7/2026] [jacknoahkrystol7] [INFO] MOBILE [URL-REWARD] Completed UrlReward | offerId=Global_DailySet_20260719_Child2 | pointsGained=10 | currentBalance=354
[08:45:24 19/7/2026] [jacknoahkrystol7] [INFO] MOBILE [ACTIVITY] Found activity type "UrlReward" | title="Grilled Perfection?" | offerId=Global_DailySet_20260719_Child3
[08:45:24 19/7/2026] [jacknoahkrystol7] [INFO] MOBILE [URL-REWARD] Starting UrlReward | offerId=Global_DailySet_20260719_Child3 | geo=vn | currentBalance=354
[08:45:25 19/7/2026] [jacknoahkrystol7] [INFO] MOBILE [URL-REWARD] Completed UrlReward | offerId=Global_DailySet_20260719_Child3 | pointsGained=10 | currentBalance=364
[08:45:48 19/7/2026] [jacknoahkrystol7] [INFO] MOBILE [DAILY-SET] All "Daily Set" items have been completed
[08:45:48 19/7/2026] [jacknoahkrystol7] [INFO] MOBILE [MORE-PROMOTIONS] Started solving 2 "More Promotions" items
[08:45:48 19/7/2026] [jacknoahkrystol7] [INFO] MOBILE [ACTIVITY] Found activity type "UrlReward" | title="Do you know the answer?" | offerId=ENstar_Rewards_DailyGlobalOffer_Evergreen_Sunday
[08:45:48 19/7/2026] [jacknoahkrystol7] [INFO] MOBILE [URL-REWARD] Starting UrlReward | offerId=ENstar_Rewards_DailyGlobalOffer_Evergreen_Sunday | geo=vn | currentBalance=364
[08:45:49 19/7/2026] [jacknoahkrystol7] [INFO] MOBILE [URL-REWARD] Completed UrlReward | offerId=ENstar_Rewards_DailyGlobalOffer_Evergreen_Sunday | pointsGained=5 | currentBalance=369
[08:46:10 19/7/2026] [jacknoahkrystol7] [INFO] MOBILE [ACTIVITY] Ignoring non-actionable welcome tour "Take the tour" | offerId=Gamification_FRE_Offer6nonwindows
[08:46:10 19/7/2026] [jacknoahkrystol7] [INFO] MOBILE [MORE-PROMOTIONS] All "More Promotion" items have been completed
[08:46:10 19/7/2026] [jacknoahkrystol7] [INFO] MOBILE [DAILY-CHECK-IN] Starting Daily Check-In | geo=vn | currentBalance=369
[08:46:10 19/7/2026] [jacknoahkrystol7] [INFO] MOBILE [DAILY-CHECK-IN] Completed Daily Check-In | type=103 | pointsGained=10 | currentBalance=379
[08:46:10 19/7/2026] [jacknoahkrystol7] [INFO] MOBILE [APP-PROMOTIONS] All "App Promotions" items have already been completed
[08:46:10 19/7/2026] [jacknoahkrystol7] [INFO] MOBILE [READ-TO-EARN] Starting Read to Earn | geo=vn | delayRange=30sec-50sec | currentBalance=379
[08:46:11 19/7/2026] [jacknoahkrystol7] [INFO] MOBILE [READ-TO-EARN] Read article 1/10 | status=200 | pointsGained=3 | currentBalance=382
[08:47:00 19/7/2026] [jacknoahkrystol7] [INFO] MOBILE [READ-TO-EARN] Read article 2/10 | status=200 | pointsGained=3 | currentBalance=385
[08:47:44 19/7/2026] [jacknoahkrystol7] [INFO] MOBILE [READ-TO-EARN] Read article 3/10 | status=200 | pointsGained=3 | currentBalance=388
[08:48:21 19/7/2026] [jacknoahkrystol7] [INFO] MOBILE [READ-TO-EARN] Read article 4/10 | status=200 | pointsGained=3 | currentBalance=391
[08:48:58 19/7/2026] [jacknoahkrystol7] [INFO] MOBILE [READ-TO-EARN] Read article 5/10 | status=200 | pointsGained=3 | currentBalance=394
[08:49:41 19/7/2026] [jacknoahkrystol7] [INFO] MOBILE [READ-TO-EARN] Read article 6/10 | status=200 | pointsGained=3 | currentBalance=397
[08:50:15 19/7/2026] [jacknoahkrystol7] [INFO] MOBILE [READ-TO-EARN] Read article 7/10 | status=200 | pointsGained=3 | currentBalance=400
[08:50:59 19/7/2026] [jacknoahkrystol7] [INFO] MOBILE [READ-TO-EARN] Read article 8/10 | status=200 | pointsGained=3 | currentBalance=403
[08:51:43 19/7/2026] [jacknoahkrystol7] [INFO] MOBILE [READ-TO-EARN] Read article 9/10 | status=200 | pointsGained=3 | currentBalance=406
[08:52:30 19/7/2026] [jacknoahkrystol7] [INFO] MOBILE [READ-TO-EARN] Read article 10/10 | status=200 | pointsGained=3 | currentBalance=409
[08:53:14 19/7/2026] [jacknoahkrystol7] [INFO] MOBILE [READ-TO-EARN] Completed Read to Earn | articlesRead=10 | pointsGained=30 | previousBalance=379 | currentBalance=409
[08:53:14 19/7/2026] [jacknoahkrystol7] [INFO] MOBILE [REACT-PARSE] Quest list | parents=3 | incomplete=3
[08:53:14 19/7/2026] [jacknoahkrystol7] [INFO] MOBILE [PUNCHCARD] Found 3 incomplete quest(s) on /earn | api-matched=2
[08:53:15 19/7/2026] [jacknoahkrystol7] [INFO] MOBILE [REACT-PARSE] Quest snapshot | children=5 | reportable=5
[08:53:15 19/7/2026] [jacknoahkrystol7] [INFO] MOBILE [PUNCHCARD] Solving "Get started with Rewards" | children=5 | reportable=5
[08:53:16 19/7/2026] [jacknoahkrystol7] [INFO] MOBILE [PUNCHCARD] Reported child | offerId=WW_pcchild2_redesign_newuser_onboarding_offer_punchcard | status=200 | acknowledged=true | pointsGained=0 | currentBalance=409
[08:53:23 19/7/2026] [jacknoahkrystol7] [INFO] MOBILE [PUNCHCARD] Reported child | offerId=WW_pcchild5_redesign_newuser_onboarding_offer_punchcard | status=200 | acknowledged=true | pointsGained=10 | currentBalance=419
[08:53:37 19/7/2026] [jacknoahkrystol7] [INFO] MOBILE [PUNCHCARD] Reported child | offerId=WW_pcchild6_redesign_newuser_onboarding_offer_punchcard | status=200 | acknowledged=true | pointsGained=10 | currentBalance=429
[08:53:46 19/7/2026] [jacknoahkrystol7] [INFO] MOBILE [PUNCHCARD] Reported child | offerId=WW_pcchild7_redesign_newuser_onboarding_offer_punchcard | status=200 | acknowledged=true | pointsGained=0 | currentBalance=429
[08:53:54 19/7/2026] [jacknoahkrystol7] [INFO] MOBILE [PUNCHCARD] Reported child | offerId=WW_pcchild8_redesign_newuser_onboarding_offer_punchcard | status=200 | acknowledged=true | pointsGained=0 | currentBalance=429
[08:54:02 19/7/2026] [jacknoahkrystol7] [INFO] MOBILE [PUNCHCARD] Quest "Get started with Rewards" COMPLETE | reported=5 | pointsGained=20 | currentBalance=429 | targetPoints=1320
[08:54:03 19/7/2026] [jacknoahkrystol7] [INFO] MOBILE [REACT-PARSE] Quest snapshot | children=4 | reportable=1
[08:54:03 19/7/2026] [jacknoahkrystol7] [INFO] MOBILE [PUNCHCARD] Solving "July playbook: travel smart, chase thrills, and shop the latest tech" | children=4 | reportable=1
[08:54:04 19/7/2026] [jacknoahkrystol7] [INFO] MOBILE [PUNCHCARD] Reported child | offerId=ENWW_pcchild1_urlreward_FY27_BingMonthlyPC_Jul_punchcard | status=200 | acknowledged=true | pointsGained=0 | currentBalance=429
[08:54:14 19/7/2026] [jacknoahkrystol7] [INFO] MOBILE [PUNCHCARD] Quest "July playbook: travel smart, chase thrills, and shop the latest tech" in progress | reported=1 | remaining=3 | pointsGained=0 | currentBalance=429 | targetPoints=50
[08:54:14 19/7/2026] [jacknoahkrystol7] [INFO] MOBILE [REACT-PARSE] Quest snapshot | children=5 | reportable=5
[08:54:14 19/7/2026] [jacknoahkrystol7] [INFO] MOBILE [PUNCHCARD] Solving "Play your way to 50 points" | children=5 | reportable=5
[08:54:15 19/7/2026] [jacknoahkrystol7] [INFO] MOBILE [PUNCHCARD] Reported child | offerId=ENWW_pcchild1_urlreward_FIFA26-ROW_PC_punchcard | status=200 | acknowledged=true | pointsGained=0 | currentBalance=429
[08:54:26 19/7/2026] [jacknoahkrystol7] [INFO] MOBILE [PUNCHCARD] Reported child | offerId=ENWW_pcchild2_urlreward_FIFA26-ROW_PC_punchcard | status=200 | acknowledged=true | pointsGained=0 | currentBalance=429
[08:54:40 19/7/2026] [jacknoahkrystol7] [INFO] MOBILE [PUNCHCARD] Reported child | offerId=ENWW_pcchild3_urlreward_FIFA26-ROW_PC_punchcard | status=200 | acknowledged=true | pointsGained=0 | currentBalance=429
[08:54:54 19/7/2026] [jacknoahkrystol7] [INFO] MOBILE [PUNCHCARD] Reported child | offerId=ENWW_pcchild5_urlreward_FIFA26-ROW_PC_punchcard | status=200 | acknowledged=true | pointsGained=0 | currentBalance=429
[08:55:06 19/7/2026] [jacknoahkrystol7] [INFO] MOBILE [PUNCHCARD] Reported child | offerId=ENWW_pcchild6_urlreward_FIFA26-ROW_PC_punchcard | status=200 | acknowledged=true | pointsGained=50 | currentBalance=479
[08:55:20 19/7/2026] [jacknoahkrystol7] [INFO] MOBILE [PUNCHCARD] Quest "Play your way to 50 points" COMPLETE | reported=5 | pointsGained=50 | currentBalance=479 | targetPoints=50
[08:55:20 19/7/2026] [jacknoahkrystol7] [INFO] MOBILE [PUNCHCARD] Finished processing quests
[08:55:20 19/7/2026] [jacknoahkrystol7] [INFO] MAIN [SEARCH-MANAGER] Mobile: skip (no points) | Desktop: run (missing 30)
[08:55:23 19/7/2026] [jacknoahkrystol7] [WARN] MOBILE [BROWSER] Browser context closed
[08:55:24 19/7/2026] [jacknoahkrystol7] [INFO] MOBILE [CLOSE-BROWSER] All browser resources closed.
[08:55:24 19/7/2026] [jacknoahkrystol7] [INFO] DESKTOP [BROWSER] Launching bundled patched Chromium (Edge UA) | headless: true | platform: win32 | proxy: yes (TLS errors ignored)
[08:55:25 19/7/2026] [jacknoahkrystol7] [INFO] DESKTOP [BROWSER] Created context | User-Agent: "Mozilla/5.0 (Windows NT 10.0; Win64; x64) AppleWebKit/537.36 (KHTML, like Gecko) Chrome/151.0.0.0 Safari/537.36 Edg/150.0.4078.83"
[08:55:25 19/7/2026] [jacknoahkrystol7] [INFO] DESKTOP [BROWSER] Desktop Browser started | jacknoahkrystol7@hotmail.com
[08:55:25 19/7/2026] [jacknoahkrystol7] [INFO] DESKTOP [LOGIN] Starting login process
[08:55:36 19/7/2026] [jacknoahkrystol7] [INFO] DESKTOP [LOGIN] Entering email
[08:55:42 19/7/2026] [jacknoahkrystol7] [INFO] DESKTOP [LOGIN-ENTER-EMAIL] Email submitted
[08:55:47 19/7/2026] [jacknoahkrystol7] [INFO] DESKTOP [LOGIN] Email entered successfully
[08:55:54 19/7/2026] [jacknoahkrystol7] [INFO] DESKTOP [LOGIN] State transition: EMAIL_INPUT → GET_A_CODE
[08:55:54 19/7/2026] [jacknoahkrystol7] [INFO] DESKTOP [LOGIN] Attempting to bypass "Get code" page
[08:56:01 19/7/2026] [jacknoahkrystol7] [INFO] DESKTOP [LOGIN] Other ways to sign in clicked
[08:56:07 19/7/2026] [jacknoahkrystol7] [INFO] DESKTOP [LOGIN] State transition: GET_A_CODE → OTP_CODE_ENTRY
[08:56:07 19/7/2026] [jacknoahkrystol7] [INFO] DESKTOP [LOGIN] OTP code entry page detected, attempting to find password option
[08:56:16 19/7/2026] [jacknoahkrystol7] [INFO] DESKTOP [LOGIN] Footer link clicked
[08:56:16 19/7/2026] [jacknoahkrystol7] [INFO] DESKTOP [LOGIN] Navigated back from OTP entry page
[08:56:23 19/7/2026] [jacknoahkrystol7] [INFO] DESKTOP [LOGIN] State transition: OTP_CODE_ENTRY → PASSWORD_INPUT
[08:56:23 19/7/2026] [jacknoahkrystol7] [INFO] DESKTOP [LOGIN] Entering password
[08:56:30 19/7/2026] [jacknoahkrystol7] [INFO] DESKTOP [LOGIN-ENTER-PASSWORD] Password submitted
[08:56:32 19/7/2026] [jacknoahkrystol7] [INFO] DESKTOP [LOGIN] Password entered successfully
[08:56:33 19/7/2026] [jacknoahkrystol7] [INFO] DESKTOP [LOGIN] State transition: PASSWORD_INPUT → KMSI_PROMPT
[08:56:33 19/7/2026] [jacknoahkrystol7] [INFO] DESKTOP [LOGIN] Accepting KMSI prompt
[08:56:41 19/7/2026] [jacknoahkrystol7] [INFO] DESKTOP [LOGIN] KMSI prompt accepted
[08:56:42 19/7/2026] [jacknoahkrystol7] [INFO] DESKTOP [LOGIN] State transition: KMSI_PROMPT → LOGGED_IN
[08:56:42 19/7/2026] [jacknoahkrystol7] [INFO] DESKTOP [LOGIN] Authentication flow reached Rewards | phase=initial login
[08:56:42 19/7/2026] [jacknoahkrystol7] [INFO] DESKTOP [LOGIN] Finalizing login
[08:56:44 19/7/2026] [jacknoahkrystol7] [INFO] DESKTOP [LOGIN] Rewards landing reached; dashboard verification pending
[08:56:48 19/7/2026] [jacknoahkrystol7] [INFO] DESKTOP [LOGIN] Starting Bing session verification
[08:56:48 19/7/2026] [jacknoahkrystol7] [INFO] DESKTOP [LOGIN-BING] Verifying Bing session
[08:57:10 19/7/2026] [jacknoahkrystol7] [INFO] DESKTOP [LOGIN-BING] Bing session verified successfully
[08:57:10 19/7/2026] [jacknoahkrystol7] [INFO] DESKTOP [LOGIN] Acquiring rewards context
[08:57:10 19/7/2026] [jacknoahkrystol7] [INFO] DESKTOP [GET-REWARD-SESSION] Bootstrapping rewards context
[08:57:12 19/7/2026] [jacknoahkrystol7] [WARN] DESKTOP [BOOTSTRAP] Rewards /dashboard navigation stopped | attempt=1/3 | url=login.live.com/oauth20_authorize.srf | error=Rewards authentication is required after redirect to login.live.com/oauth20_authorize.srf
[08:57:12 19/7/2026] [jacknoahkrystol7] [WARN] DESKTOP [GET-REWARD-SESSION] Rewards authentication required at login.live.com/oauth20_authorize.srf; resuming Microsoft login flow once
[08:57:17 19/7/2026] [jacknoahkrystol7] [INFO] DESKTOP [LOGIN] Authentication flow reached Rewards | phase=Rewards OAuth recovery
[08:57:19 19/7/2026] [jacknoahkrystol7] [INFO] DESKTOP [REACT-PARSE] Snapshot complete | offers=26 | reportable=5 | streaks=4 | streakProtectionEnabled=true | streakProtectionRemainingDays=14 | streakCounter=3 | level=null | account=jacknoahkrystol7@hotmail.com
[08:57:23 19/7/2026] [jacknoahkrystol7] [INFO] DESKTOP [BOOTSTRAP] Context ready | actions=15 | reportable=5 | available=null
[08:57:23 19/7/2026] [jacknoahkrystol7] [INFO] DESKTOP [BUILD] Rewards build | id=unknown
[08:57:23 19/7/2026] [jacknoahkrystol7] [INFO] DESKTOP [GET-REWARD-SESSION] Context ready | actions=15 | reportable=5 | available=null
[08:57:23 19/7/2026] [jacknoahkrystol7] [INFO] DESKTOP [LOGIN] Logged into Microsoft Rewards successfully
[08:57:24 19/7/2026] [jacknoahkrystol7] [INFO] DESKTOP [LOGIN] Login completed, session saved
[08:57:27 19/7/2026] [jacknoahkrystol7] [INFO] DESKTOP [REACT-PARSE] Quest list | parents=4 | incomplete=4
[08:57:27 19/7/2026] [jacknoahkrystol7] [INFO] DESKTOP [PUNCHCARD] Found 3 incomplete quest(s) on /earn | api-matched=2
[08:57:28 19/7/2026] [jacknoahkrystol7] [INFO] DESKTOP [REACT-PARSE] Quest snapshot | children=3 | reportable=3
[08:57:28 19/7/2026] [jacknoahkrystol7] [INFO] DESKTOP [PUNCHCARD] Solving "Get started with Rewards" | children=3 | reportable=3
[08:57:29 19/7/2026] [jacknoahkrystol7] [INFO] DESKTOP [PUNCHCARD] Reported child | offerId=WW_pcchild2_redesign_newuser_onboarding_offer_punchcard | status=200 | acknowledged=true | pointsGained=0 | currentBalance=479
[08:57:37 19/7/2026] [jacknoahkrystol7] [INFO] DESKTOP [PUNCHCARD] Reported child | offerId=WW_pcchild7_redesign_newuser_onboarding_offer_punchcard | status=200 | acknowledged=true | pointsGained=0 | currentBalance=479
[08:57:47 19/7/2026] [jacknoahkrystol7] [INFO] DESKTOP [PUNCHCARD] Reported child | offerId=WW_pcchild8_redesign_newuser_onboarding_offer_punchcard | status=200 | acknowledged=true | pointsGained=0 | currentBalance=479
[08:57:54 19/7/2026] [jacknoahkrystol7] [INFO] DESKTOP [PUNCHCARD] Quest "Get started with Rewards" COMPLETE | reported=3 | pointsGained=0 | currentBalance=479 | targetPoints=1320
[08:57:55 19/7/2026] [jacknoahkrystol7] [INFO] DESKTOP [REACT-PARSE] Quest snapshot | children=4 | reportable=4
[08:57:55 19/7/2026] [jacknoahkrystol7] [INFO] DESKTOP [PUNCHCARD] Solving "Get 100 points. Use the search box on the Windows taskbar to search the web, find files, more." | children=4 | reportable=4
[08:57:56 19/7/2026] [jacknoahkrystol7] [INFO] DESKTOP [PUNCHCARD] Reported child | offerId=ENstar_pcchild1_urlreward_FY26_WSB_Dec_punchcard | status=200 | acknowledged=true | pointsGained=0 | currentBalance=479
[08:58:08 19/7/2026] [jacknoahkrystol7] [INFO] DESKTOP [PUNCHCARD] Reported child | offerId=ENstar_pcchild2_urlreward_FY26_WSB_Dec_punchcard | status=200 | acknowledged=true | pointsGained=0 | currentBalance=479
[08:58:18 19/7/2026] [jacknoahkrystol7] [INFO] DESKTOP [PUNCHCARD] Reported child | offerId=ENstar_pcchild3_urlreward_FY26_WSB_Dec_punchcard | status=200 | acknowledged=true | pointsGained=0 | currentBalance=479
[08:58:29 19/7/2026] [jacknoahkrystol7] [INFO] DESKTOP [PUNCHCARD] Reported child | offerId=ENstar_pcchild4_urlreward_FY26_WSB_Dec_punchcard | status=200 | acknowledged=true | pointsGained=100 | currentBalance=579
[08:58:35 19/7/2026] [jacknoahkrystol7] [INFO] DESKTOP [PUNCHCARD] Quest "Get 100 points. Use the search box on the Windows taskbar to search the web, find files, more." COMPLETE | reported=4 | pointsGained=100 | currentBalance=579 | targetPoints=100
[08:58:36 19/7/2026] [jacknoahkrystol7] [INFO] DESKTOP [REACT-PARSE] Quest snapshot | children=3 | reportable=0
[08:58:36 19/7/2026] [jacknoahkrystol7] [INFO] DESKTOP [PUNCHCARD] Solving "July playbook: travel smart, chase thrills, and shop the latest tech" | children=3 | reportable=0
[08:58:36 19/7/2026] [jacknoahkrystol7] [INFO] DESKTOP [PUNCHCARD] Quest "July playbook: travel smart, chase thrills, and shop the latest tech" in progress | reported=0 | remaining=3 | pointsGained=0 | currentBalance=579 | targetPoints=50
[08:58:36 19/7/2026] [jacknoahkrystol7] [INFO] DESKTOP [PUNCHCARD] Finished processing quests
[08:58:36 19/7/2026] [jacknoahkrystol7] [INFO] DESKTOP [SEARCH-BING] Starting Bing searches | currentBalance=579
[08:58:36 19/7/2026] [jacknoahkrystol7] [INFO] DESKTOP [SEARCH-BING] Search points remaining | edge=0 | desktop=90 | mobile=60
[08:58:59 19/7/2026] [jacknoahkrystol7] [INFO] DESKTOP [SEARCH-BING] Query pool ready | count=8266
