(node:25080) ExperimentalWarning: SQLite is an experimental feature and might change at any time
(Use `node --trace-warnings ...` to show where the warning was created)
[21:11:37 18/7/2026] [MAIN] [INFO] MAIN [RUN-START] Starting Microsoft Rewards Script | v4.0.3 | Accounts: 1 | Clusters: 1
[21:11:37 18/7/2026] [ciasing.mmh] [INFO] MAIN [ACCOUNT-START] Starting account: ciasing.mmh@hotmail.com | geoLocale: auto
[21:11:38 18/7/2026] [ciasing.mmh] [INFO] MAIN [PROXY] Proxy route verified for account; direct HTTP fallback is disabled
[21:11:38 18/7/2026] [ciasing.mmh] [INFO] MAIN [FLOW] Starting session for ciasing.mmh@hotmail.com
[21:11:38 18/7/2026] [ciasing.mmh] [INFO] MOBILE [BROWSER] Launching bundled patched Chromium (Edge UA) | headless: true | platform: win32 | proxy: yes (TLS errors ignored)
[21:11:39 18/7/2026] [ciasing.mmh] [INFO] MOBILE [BROWSER] Created context | User-Agent: "Mozilla/5.0 (Linux; Android 11; K) AppleWebKit/537.36 (KHTML, like Gecko) Chrome/151.0.0.0 Mobile Safari/537.36 EdgA/150.0.4078.65"
[21:11:39 18/7/2026] [ciasing.mmh] [INFO] MAIN [BROWSER] Mobile Browser started | ciasing.mmh@hotmail.com
[21:11:39 18/7/2026] [ciasing.mmh] [INFO] MOBILE [LOGIN] Starting login process
[21:11:46 18/7/2026] [ciasing.mmh] [INFO] MOBILE [LOGIN] Authentication flow reached Rewards | phase=initial login
[21:11:46 18/7/2026] [ciasing.mmh] [INFO] MOBILE [LOGIN] Finalizing login
[21:11:50 18/7/2026] [ciasing.mmh] [INFO] MOBILE [LOGIN] Rewards landing reached; dashboard verification pending
[21:11:50 18/7/2026] [ciasing.mmh] [INFO] MOBILE [LOGIN] Starting Bing session verification
[21:11:50 18/7/2026] [ciasing.mmh] [INFO] MOBILE [LOGIN-BING] Verifying Bing session
[21:11:56 18/7/2026] [ciasing.mmh] [WARN] MOBILE [LOGIN] Unknown state at www.bing.com/, waiting
[21:11:59 18/7/2026] [ciasing.mmh] [INFO] MOBILE [LOGIN-BING] Bing session verified successfully
[21:11:59 18/7/2026] [ciasing.mmh] [INFO] MOBILE [LOGIN] Acquiring rewards context
[21:11:59 18/7/2026] [ciasing.mmh] [INFO] MOBILE [GET-REWARD-SESSION] Bootstrapping rewards context
[21:12:00 18/7/2026] [ciasing.mmh] [INFO] MOBILE [REACT-PARSE] Snapshot complete | offers=30 | reportable=4 | streaks=4 | streakProtectionEnabled=true | streakProtectionRemainingDays=14 | streakCounter=2 | level=null | account=ciasing.mmh@hotmail.com
[21:12:02 18/7/2026] [ciasing.mmh] [INFO] MOBILE [BOOTSTRAP] Context ready | actions=15 | reportable=4 | available=null
[21:12:02 18/7/2026] [ciasing.mmh] [INFO] MOBILE [BUILD] Rewards build | id=unknown
[21:12:02 18/7/2026] [ciasing.mmh] [INFO] MOBILE [GET-REWARD-SESSION] Context ready | actions=15 | reportable=4 | available=null
[21:12:02 18/7/2026] [ciasing.mmh] [INFO] MOBILE [LOGIN] Logged into Microsoft Rewards successfully
[21:12:02 18/7/2026] [ciasing.mmh] [INFO] MOBILE [LOGIN] Login completed, session saved
[21:12:02 18/7/2026] [ciasing.mmh] [INFO] MOBILE [GET-APP-TOKEN] Requesting mobile access token
[21:12:09 18/7/2026] [ciasing.mmh] [INFO] MOBILE [LOGIN-APP] Mobile access token received
[21:12:12 18/7/2026] [ciasing.mmh] [INFO] MAIN [POINTS] Earnable today | Mobile: 5 | Browser: 0 | App: 5 | ciasing.mmh@hotmail.com | locale: vn
[21:12:12 18/7/2026] [ciasing.mmh] [INFO] MOBILE [ENABLE-STREAK-PROTECTION] Already enabled | remainingDays=14
[21:12:12 18/7/2026] [ciasing.mmh] [INFO] MOBILE [DAILY-SET] All "Daily Set" items have already been completed
[21:12:12 18/7/2026] [ciasing.mmh] [INFO] MOBILE [MORE-PROMOTIONS] Started solving 1 "More Promotions" items
[21:12:12 18/7/2026] [ciasing.mmh] [WARN] MOBILE [ACTIVITY] Skipped activity "Take the tour" | offerId=Gamification_FRE_Offer6nonwindows | Reason: Unsupported type "welcometour"
[21:12:25 18/7/2026] [ciasing.mmh] [INFO] MOBILE [MORE-PROMOTIONS] All "More Promotion" items have been completed
[21:12:25 18/7/2026] [ciasing.mmh] [INFO] MOBILE [DAILY-CHECK-IN] Starting Daily Check-In | geo=vn | currentBalance=452
[21:12:25 18/7/2026] [ciasing.mmh] [WARN] MOBILE [DAILY-CHECK-IN] Daily Check-In completed but no points gained | type=103 | pointsGained=0 | currentBalance=452
[21:12:25 18/7/2026] [ciasing.mmh] [INFO] MOBILE [APP-PROMOTIONS] All "App Promotions" items have already been completed
[21:12:25 18/7/2026] [ciasing.mmh] [INFO] MOBILE [READ-TO-EARN] Starting Read to Earn | geo=vn | delayRange=30sec-50sec | currentBalance=452
[21:12:25 18/7/2026] [ciasing.mmh] [INFO] MOBILE [READ-TO-EARN] No points gained, stopping Read to Earn | article=1/10 | status=200 | pointsGained=0 | currentBalance=452
[21:12:25 18/7/2026] [ciasing.mmh] [INFO] MOBILE [READ-TO-EARN] Completed Read to Earn | articlesRead=0 | pointsGained=0 | previousBalance=452 | currentBalance=452
[21:12:26 18/7/2026] [ciasing.mmh] [INFO] MOBILE [REACT-PARSE] Quest list | parents=3 | incomplete=3
[21:12:26 18/7/2026] [ciasing.mmh] [INFO] MOBILE [PUNCHCARD] Found 2 incomplete quest(s) on /earn | api-matched=1
[21:12:27 18/7/2026] [ciasing.mmh] [INFO] MOBILE [REACT-PARSE] Quest snapshot | children=3 | reportable=3
[21:12:27 18/7/2026] [ciasing.mmh] [INFO] MOBILE [PUNCHCARD] Solving "Get started with Rewards" | children=3 | reportable=3
[21:12:29 18/7/2026] [ciasing.mmh] [INFO] MOBILE [PUNCHCARD] Reported child | offerId=WW_pcchild2_redesign_newuser_onboarding_offer_punchcard | status=200 | acknowledged=true | pointsGained=0 | currentBalance=452
[21:12:40 18/7/2026] [ciasing.mmh] [INFO] MOBILE [PUNCHCARD] Reported child | offerId=WW_pcchild7_redesign_newuser_onboarding_offer_punchcard | status=200 | acknowledged=true | pointsGained=0 | currentBalance=452
[21:12:48 18/7/2026] [ciasing.mmh] [INFO] MOBILE [PUNCHCARD] Reported child | offerId=WW_pcchild8_redesign_newuser_onboarding_offer_punchcard | status=200 | acknowledged=true | pointsGained=0 | currentBalance=452
[21:13:00 18/7/2026] [ciasing.mmh] [INFO] MOBILE [PUNCHCARD] Quest "Get started with Rewards" COMPLETE | reported=3 | pointsGained=0 | currentBalance=452 | targetPoints=1320
[21:13:01 18/7/2026] [ciasing.mmh] [INFO] MOBILE [REACT-PARSE] Quest snapshot | children=2 | reportable=0
[21:13:01 18/7/2026] [ciasing.mmh] [INFO] MOBILE [PUNCHCARD] Solving "July playbook: travel smart, chase thrills, and shop the latest tech" | children=2 | reportable=0
[21:13:01 18/7/2026] [ciasing.mmh] [INFO] MOBILE [PUNCHCARD] Quest "July playbook: travel smart, chase thrills, and shop the latest tech" in progress | reported=0 | remaining=2 | pointsGained=0 | currentBalance=452 | targetPoints=50
[21:13:01 18/7/2026] [ciasing.mmh] [INFO] MOBILE [PUNCHCARD] Finished processing quests
[21:13:02 18/7/2026] [ciasing.mmh] [INFO] MAIN [SEARCH-MANAGER] Mobile: skip (no points) | Desktop: run (missing 30)
[21:13:04 18/7/2026] [ciasing.mmh] [WARN] MOBILE [BROWSER] Browser context closed
[21:13:04 18/7/2026] [ciasing.mmh] [INFO] MOBILE [CLOSE-BROWSER] All browser resources closed.
[21:13:04 18/7/2026] [ciasing.mmh] [INFO] DESKTOP [BROWSER] Launching bundled patched Chromium (Edge UA) | headless: true | platform: win32 | proxy: yes (TLS errors ignored)
[21:13:05 18/7/2026] [ciasing.mmh] [INFO] DESKTOP [BROWSER] Created context | User-Agent: "Mozilla/5.0 (Windows NT 10.0; Win64; x64) AppleWebKit/537.36 (KHTML, like Gecko) Chrome/151.0.0.0 Safari/537.36 Edg/150.0.4078.83"
[21:13:05 18/7/2026] [ciasing.mmh] [INFO] DESKTOP [BROWSER] Desktop Browser started | ciasing.mmh@hotmail.com
[21:13:05 18/7/2026] [ciasing.mmh] [INFO] DESKTOP [LOGIN] Starting login process
[21:13:17 18/7/2026] [ciasing.mmh] [INFO] DESKTOP [LOGIN] Entering email
[21:13:25 18/7/2026] [ciasing.mmh] [INFO] DESKTOP [LOGIN-ENTER-EMAIL] Email submitted
[21:13:30 18/7/2026] [ciasing.mmh] [INFO] DESKTOP [LOGIN] Email entered successfully
[21:13:37 18/7/2026] [ciasing.mmh] [INFO] DESKTOP [LOGIN] State transition: EMAIL_INPUT → PASSWORD_INPUT
[21:13:37 18/7/2026] [ciasing.mmh] [INFO] DESKTOP [LOGIN] Entering password
[21:13:43 18/7/2026] [ciasing.mmh] [INFO] DESKTOP [LOGIN-ENTER-PASSWORD] Password submitted
[21:13:47 18/7/2026] [ciasing.mmh] [INFO] DESKTOP [LOGIN] Password entered successfully
[21:13:48 18/7/2026] [ciasing.mmh] [INFO] DESKTOP [LOGIN] State transition: PASSWORD_INPUT → LOGGED_IN
[21:13:48 18/7/2026] [ciasing.mmh] [INFO] DESKTOP [LOGIN] Authentication flow reached Rewards | phase=initial login
[21:13:48 18/7/2026] [ciasing.mmh] [INFO] DESKTOP [LOGIN] Finalizing login
[21:13:52 18/7/2026] [ciasing.mmh] [INFO] DESKTOP [LOGIN] Rewards landing reached; dashboard verification pending
[21:13:56 18/7/2026] [ciasing.mmh] [INFO] DESKTOP [LOGIN] Starting Bing session verification
[21:13:56 18/7/2026] [ciasing.mmh] [INFO] DESKTOP [LOGIN-BING] Verifying Bing session
[21:14:11 18/7/2026] [ciasing.mmh] [WARN] DESKTOP [LOGIN] Unknown state at www.bing.com/, waiting
[21:14:14 18/7/2026] [ciasing.mmh] [INFO] DESKTOP [LOGIN-BING] Bing session verified successfully
[21:14:14 18/7/2026] [ciasing.mmh] [INFO] DESKTOP [LOGIN] Acquiring rewards context
[21:14:14 18/7/2026] [ciasing.mmh] [INFO] DESKTOP [GET-REWARD-SESSION] Bootstrapping rewards context
[21:14:16 18/7/2026] [ciasing.mmh] [WARN] DESKTOP [BOOTSTRAP] Rewards /dashboard navigation stopped | attempt=1/3 | url=login.live.com/oauth20_authorize.srf | error=Rewards authentication is required after redirect to login.live.com/oauth20_authorize.srf
[21:14:16 18/7/2026] [ciasing.mmh] [ERROR] DESKTOP [BOOTSTRAP] Failed acquiring context | error=Rewards authentication is required after redirect to login.live.com/oauth20_authorize.srf
[21:14:16 18/7/2026] [ciasing.mmh] [WARN] DESKTOP [GET-REWARD-SESSION] Rewards authentication required at login.live.com/oauth20_authorize.srf; resuming Microsoft login flow once
[21:14:21 18/7/2026] [ciasing.mmh] [INFO] DESKTOP [LOGIN] Authentication flow reached Rewards | phase=Rewards OAuth recovery
[21:14:22 18/7/2026] [ciasing.mmh] [INFO] DESKTOP [REACT-PARSE] Snapshot complete | offers=33 | reportable=6 | streaks=4 | streakProtectionEnabled=true | streakProtectionRemainingDays=14 | streakCounter=2 | level=null | account=ciasing.mmh@hotmail.com
[21:14:33 18/7/2026] [ciasing.mmh] [INFO] DESKTOP [BOOTSTRAP] Context ready | actions=15 | reportable=6 | available=null
[21:14:33 18/7/2026] [ciasing.mmh] [INFO] DESKTOP [BUILD] Rewards build | id=unknown
[21:14:33 18/7/2026] [ciasing.mmh] [INFO] DESKTOP [GET-REWARD-SESSION] Context ready | actions=15 | reportable=6 | available=null
[21:14:33 18/7/2026] [ciasing.mmh] [INFO] DESKTOP [LOGIN] Logged into Microsoft Rewards successfully
[21:14:34 18/7/2026] [ciasing.mmh] [INFO] DESKTOP [LOGIN] Login completed, session saved
[21:14:37 18/7/2026] [ciasing.mmh] [INFO] DESKTOP [REACT-PARSE] Quest list | parents=4 | incomplete=4
[21:14:37 18/7/2026] [ciasing.mmh] [INFO] DESKTOP [PUNCHCARD] Found 3 incomplete quest(s) on /earn | api-matched=2
[21:14:37 18/7/2026] [ciasing.mmh] [INFO] DESKTOP [REACT-PARSE] Quest snapshot | children=3 | reportable=3
[21:14:37 18/7/2026] [ciasing.mmh] [INFO] DESKTOP [PUNCHCARD] Solving "Get started with Rewards" | children=3 | reportable=3
[21:14:39 18/7/2026] [ciasing.mmh] [INFO] DESKTOP [PUNCHCARD] Reported child | offerId=WW_pcchild2_redesign_newuser_onboarding_offer_punchcard | status=200 | acknowledged=true | pointsGained=0 | currentBalance=452
[21:14:47 18/7/2026] [ciasing.mmh] [INFO] DESKTOP [PUNCHCARD] Reported child | offerId=WW_pcchild7_redesign_newuser_onboarding_offer_punchcard | status=200 | acknowledged=true | pointsGained=0 | currentBalance=452
[21:15:02 18/7/2026] [ciasing.mmh] [INFO] DESKTOP [PUNCHCARD] Reported child | offerId=WW_pcchild8_redesign_newuser_onboarding_offer_punchcard | status=200 | acknowledged=true | pointsGained=0 | currentBalance=452
[21:15:09 18/7/2026] [ciasing.mmh] [INFO] DESKTOP [PUNCHCARD] Quest "Get started with Rewards" COMPLETE | reported=3 | pointsGained=0 | currentBalance=452 | targetPoints=1320
[21:15:09 18/7/2026] [ciasing.mmh] [INFO] DESKTOP [REACT-PARSE] Quest snapshot | children=4 | reportable=4
[21:15:09 18/7/2026] [ciasing.mmh] [INFO] DESKTOP [PUNCHCARD] Solving "Get 100 points. Use the search box on the Windows taskbar to search the web, find files, more." | children=4 | reportable=4
[21:15:10 18/7/2026] [ciasing.mmh] [INFO] DESKTOP [PUNCHCARD] Reported child | offerId=ENstar_pcchild1_urlreward_FY26_WSB_Dec_punchcard | status=200 | acknowledged=true | pointsGained=0 | currentBalance=452
[21:15:25 18/7/2026] [ciasing.mmh] [INFO] DESKTOP [PUNCHCARD] Reported child | offerId=ENstar_pcchild2_urlreward_FY26_WSB_Dec_punchcard | status=200 | acknowledged=true | pointsGained=0 | currentBalance=452
[21:15:31 18/7/2026] [ciasing.mmh] [INFO] DESKTOP [PUNCHCARD] Reported child | offerId=ENstar_pcchild3_urlreward_FY26_WSB_Dec_punchcard | status=200 | acknowledged=true | pointsGained=0 | currentBalance=452
[21:15:39 18/7/2026] [ciasing.mmh] [INFO] DESKTOP [PUNCHCARD] Reported child | offerId=ENstar_pcchild4_urlreward_FY26_WSB_Dec_punchcard | status=200 | acknowledged=true | pointsGained=100 | currentBalance=552
[21:15:54 18/7/2026] [ciasing.mmh] [INFO] DESKTOP [PUNCHCARD] Quest "Get 100 points. Use the search box on the Windows taskbar to search the web, find files, more." COMPLETE | reported=4 | pointsGained=100 | currentBalance=552 | targetPoints=100
[21:15:55 18/7/2026] [ciasing.mmh] [INFO] DESKTOP [REACT-PARSE] Quest snapshot | children=2 | reportable=0
[21:15:55 18/7/2026] [ciasing.mmh] [INFO] DESKTOP [PUNCHCARD] Solving "July playbook: travel smart, chase thrills, and shop the latest tech" | children=2 | reportable=0
[21:15:55 18/7/2026] [ciasing.mmh] [INFO] DESKTOP [PUNCHCARD] Quest "July playbook: travel smart, chase thrills, and shop the latest tech" in progress | reported=0 | remaining=2 | pointsGained=0 | currentBalance=552 | targetPoints=50
[21:15:55 18/7/2026] [ciasing.mmh] [INFO] DESKTOP [PUNCHCARD] Finished processing quests
[21:15:55 18/7/2026] [ciasing.mmh] [INFO] DESKTOP [SEARCH-BING] Starting Bing searches | currentBalance=552
[21:15:56 18/7/2026] [ciasing.mmh] [INFO] DESKTOP [SEARCH-BING] Search points remaining | edge=0 | desktop=90 | mobile=60
[21:16:19 18/7/2026] [ciasing.mmh] [INFO] DESKTOP [SEARCH-BING] Query pool ready | count=8099
[21:17:40 18/7/2026] [ciasing.mmh] [INFO] DESKTOP [SEARCH-BING] pointsGained=3 | currentBalance=555 | query="beginner guide to antibiotics" | remaining=87
(node:21604) ExperimentalWarning: SQLite is an experimental feature and might change at any time
(Use `node --trace-warnings ...` to show where the warning was created)
[21:23:41 18/7/2026] [MAIN] [INFO] MAIN [RUN-START] Starting Microsoft Rewards Script | v4.0.3 | Accounts: 1 | Clusters: 1
[21:23:41 18/7/2026] [ciasing.mmh] [INFO] MAIN [ACCOUNT-START] Starting account: ciasing.mmh@hotmail.com | geoLocale: auto
[21:23:42 18/7/2026] [ciasing.mmh] [INFO] MAIN [PROXY] Proxy route verified for account; direct HTTP fallback is disabled
[21:23:42 18/7/2026] [ciasing.mmh] [INFO] MAIN [FLOW] Starting session for ciasing.mmh@hotmail.com
[21:23:42 18/7/2026] [ciasing.mmh] [INFO] MOBILE [BROWSER] Launching bundled patched Chromium (Edge UA) | headless: true | platform: win32 | proxy: yes (TLS errors ignored)
[21:23:46 18/7/2026] [ciasing.mmh] [INFO] MOBILE [BROWSER] Created context | User-Agent: "Mozilla/5.0 (Linux; Android 11; K) AppleWebKit/537.36 (KHTML, like Gecko) Chrome/151.0.0.0 Mobile Safari/537.36 EdgA/150.0.4078.65"
[21:23:46 18/7/2026] [ciasing.mmh] [INFO] MAIN [BROWSER] Mobile Browser started | ciasing.mmh@hotmail.com
[21:23:46 18/7/2026] [ciasing.mmh] [INFO] MOBILE [LOGIN] Starting login process
[21:23:59 18/7/2026] [ciasing.mmh] [INFO] MOBILE [LOGIN] Entering email
[21:24:04 18/7/2026] [ciasing.mmh] [INFO] MOBILE [LOGIN-ENTER-EMAIL] Email submitted
[21:24:09 18/7/2026] [ciasing.mmh] [INFO] MOBILE [LOGIN] Email entered successfully
[21:24:16 18/7/2026] [ciasing.mmh] [INFO] MOBILE [LOGIN] State transition: EMAIL_INPUT → PASSWORD_INPUT
[21:24:16 18/7/2026] [ciasing.mmh] [INFO] MOBILE [LOGIN] Entering password
[21:24:20 18/7/2026] [ciasing.mmh] [INFO] MOBILE [LOGIN-ENTER-PASSWORD] Password submitted
[21:24:25 18/7/2026] [ciasing.mmh] [INFO] MOBILE [LOGIN] Password entered successfully
[21:24:27 18/7/2026] [ciasing.mmh] [INFO] MOBILE [LOGIN] State transition: PASSWORD_INPUT → LOGGED_IN
[21:24:27 18/7/2026] [ciasing.mmh] [INFO] MOBILE [LOGIN] Authentication flow reached Rewards | phase=initial login
[21:24:27 18/7/2026] [ciasing.mmh] [INFO] MOBILE [LOGIN] Finalizing login
[21:24:31 18/7/2026] [ciasing.mmh] [INFO] MOBILE [LOGIN] Rewards landing reached; dashboard verification pending
[21:24:35 18/7/2026] [ciasing.mmh] [INFO] MOBILE [LOGIN] Starting Bing session verification
[21:24:35 18/7/2026] [ciasing.mmh] [INFO] MOBILE [LOGIN-BING] Verifying Bing session
[21:24:43 18/7/2026] [ciasing.mmh] [WARN] MOBILE [LOGIN] Unknown state at www.bing.com/, waiting
[21:24:51 18/7/2026] [ciasing.mmh] [INFO] MOBILE [LOGIN-BING] Bing session verified successfully
[21:24:51 18/7/2026] [ciasing.mmh] [INFO] MOBILE [LOGIN] Acquiring rewards context
[21:24:51 18/7/2026] [ciasing.mmh] [INFO] MOBILE [GET-REWARD-SESSION] Bootstrapping rewards context
[21:24:52 18/7/2026] [ciasing.mmh] [WARN] MOBILE [BOOTSTRAP] Rewards /dashboard navigation stopped | attempt=1/3 | url=login.live.com/oauth20_authorize.srf | error=Rewards authentication is required after redirect to login.live.com/oauth20_authorize.srf
[21:24:52 18/7/2026] [ciasing.mmh] [ERROR] MOBILE [BOOTSTRAP] Failed acquiring context | error=Rewards authentication is required after redirect to login.live.com/oauth20_authorize.srf
[21:24:52 18/7/2026] [ciasing.mmh] [WARN] MOBILE [GET-REWARD-SESSION] Rewards authentication required at login.live.com/oauth20_authorize.srf; resuming Microsoft login flow once
[21:24:58 18/7/2026] [ciasing.mmh] [INFO] MOBILE [LOGIN] Authentication flow reached Rewards | phase=Rewards OAuth recovery
[21:25:01 18/7/2026] [ciasing.mmh] [INFO] MOBILE [REACT-PARSE] Snapshot complete | offers=30 | reportable=6 | streaks=4 | streakProtectionEnabled=true | streakProtectionRemainingDays=14 | streakCounter=2 | level=null | account=ciasing.mmh@hotmail.com
[21:25:11 18/7/2026] [ciasing.mmh] [INFO] MOBILE [BOOTSTRAP] Context ready | actions=15 | reportable=6 | available=null
[21:25:11 18/7/2026] [ciasing.mmh] [INFO] MOBILE [BUILD] Rewards build | id=unknown
[21:25:11 18/7/2026] [ciasing.mmh] [INFO] MOBILE [GET-REWARD-SESSION] Context ready | actions=15 | reportable=6 | available=null
[21:25:11 18/7/2026] [ciasing.mmh] [INFO] MOBILE [LOGIN] Logged into Microsoft Rewards successfully
[21:25:12 18/7/2026] [ciasing.mmh] [INFO] MOBILE [LOGIN] Login completed, session saved
[21:25:12 18/7/2026] [ciasing.mmh] [INFO] MOBILE [GET-APP-TOKEN] Requesting mobile access token
[21:25:14 18/7/2026] [ciasing.mmh] [INFO] MOBILE [LOGIN-APP] Mobile access token received
[21:25:18 18/7/2026] [ciasing.mmh] [INFO] MAIN [POINTS] Earnable today | Mobile: 65 | Browser: 60 | App: 5 | ciasing.mmh@hotmail.com | locale: vn
[21:25:18 18/7/2026] [ciasing.mmh] [INFO] MOBILE [ENABLE-STREAK-PROTECTION] Already enabled | remainingDays=14
[21:25:18 18/7/2026] [ciasing.mmh] [INFO] MOBILE [DAILY-SET] All "Daily Set" items have already been completed
[21:25:18 18/7/2026] [ciasing.mmh] [INFO] MOBILE [MORE-PROMOTIONS] Started solving 3 "More Promotions" items
[21:25:18 18/7/2026] [ciasing.mmh] [INFO] MOBILE [ACTIVITY] Found activity type "UrlReward" | title="Bees in the city" | offerId=WW_Rewards_locked_level2_Jul26w3_offer1
[21:25:18 18/7/2026] [ciasing.mmh] [INFO] MOBILE [URL-REWARD] Starting UrlReward | offerId=WW_Rewards_locked_level2_Jul26w3_offer1 | geo=vn | currentBalance=555
[21:25:20 18/7/2026] [ciasing.mmh] [INFO] MOBILE [URL-REWARD] Completed UrlReward | offerId=WW_Rewards_locked_level2_Jul26w3_offer1 | pointsGained=15 | currentBalance=570
[21:25:43 18/7/2026] [ciasing.mmh] [INFO] MOBILE [ACTIVITY] Found activity type "UrlReward" | title="Quotes to inspire" | offerId=WW_Rewards_locked_level2_Jul26w3_offer2
[21:25:43 18/7/2026] [ciasing.mmh] [INFO] MOBILE [URL-REWARD] Starting UrlReward | offerId=WW_Rewards_locked_level2_Jul26w3_offer2 | geo=vn | currentBalance=570
[21:25:44 18/7/2026] [ciasing.mmh] [INFO] MOBILE [URL-REWARD] Completed UrlReward | offerId=WW_Rewards_locked_level2_Jul26w3_offer2 | pointsGained=15 | currentBalance=585
[21:26:03 18/7/2026] [ciasing.mmh] [WARN] MOBILE [ACTIVITY] Skipped activity "Take the tour" | offerId=Gamification_FRE_Offer6nonwindows | Reason: Unsupported type "welcometour"
[21:26:14 18/7/2026] [ciasing.mmh] [INFO] MOBILE [MORE-PROMOTIONS] All "More Promotion" items have been completed
[21:26:14 18/7/2026] [ciasing.mmh] [INFO] MOBILE [DAILY-CHECK-IN] Starting Daily Check-In | geo=vn | currentBalance=585
[21:26:15 18/7/2026] [ciasing.mmh] [WARN] MOBILE [DAILY-CHECK-IN] Daily Check-In completed but no points gained | type=103 | pointsGained=0 | currentBalance=585
[21:26:15 18/7/2026] [ciasing.mmh] [INFO] MOBILE [APP-PROMOTIONS] All "App Promotions" items have already been completed
[21:26:15 18/7/2026] [ciasing.mmh] [INFO] MOBILE [READ-TO-EARN] Starting Read to Earn | geo=vn | delayRange=30sec-50sec | currentBalance=585
[21:26:15 18/7/2026] [ciasing.mmh] [INFO] MOBILE [READ-TO-EARN] No points gained, stopping Read to Earn | article=1/10 | status=200 | pointsGained=0 | currentBalance=585
[21:26:15 18/7/2026] [ciasing.mmh] [INFO] MOBILE [READ-TO-EARN] Completed Read to Earn | articlesRead=0 | pointsGained=0 | previousBalance=585 | currentBalance=585
[21:26:16 18/7/2026] [ciasing.mmh] [INFO] MOBILE [REACT-PARSE] Quest list | parents=3 | incomplete=3
[21:26:16 18/7/2026] [ciasing.mmh] [INFO] MOBILE [PUNCHCARD] Found 2 incomplete quest(s) on /earn | api-matched=1
[21:26:17 18/7/2026] [ciasing.mmh] [INFO] MOBILE [REACT-PARSE] Quest snapshot | children=3 | reportable=3
[21:26:17 18/7/2026] [ciasing.mmh] [INFO] MOBILE [PUNCHCARD] Solving "Get started with Rewards" | children=3 | reportable=3
[21:26:20 18/7/2026] [ciasing.mmh] [INFO] MOBILE [PUNCHCARD] Reported child | offerId=WW_pcchild2_redesign_newuser_onboarding_offer_punchcard | status=200 | acknowledged=true | pointsGained=0 | currentBalance=585
[21:26:35 18/7/2026] [ciasing.mmh] [INFO] MOBILE [PUNCHCARD] Reported child | offerId=WW_pcchild7_redesign_newuser_onboarding_offer_punchcard | status=200 | acknowledged=true | pointsGained=0 | currentBalance=585
[21:26:44 18/7/2026] [ciasing.mmh] [INFO] MOBILE [PUNCHCARD] Reported child | offerId=WW_pcchild8_redesign_newuser_onboarding_offer_punchcard | status=200 | acknowledged=true | pointsGained=0 | currentBalance=585
[21:26:59 18/7/2026] [ciasing.mmh] [INFO] MOBILE [PUNCHCARD] Quest "Get started with Rewards" COMPLETE | reported=3 | pointsGained=0 | currentBalance=585 | targetPoints=1320
[21:27:00 18/7/2026] [ciasing.mmh] [INFO] MOBILE [REACT-PARSE] Quest snapshot | children=2 | reportable=0
[21:27:00 18/7/2026] [ciasing.mmh] [INFO] MOBILE [PUNCHCARD] Solving "July playbook: travel smart, chase thrills, and shop the latest tech" | children=2 | reportable=0
[21:27:00 18/7/2026] [ciasing.mmh] [INFO] MOBILE [PUNCHCARD] Quest "July playbook: travel smart, chase thrills, and shop the latest tech" in progress | reported=0 | remaining=2 | pointsGained=0 | currentBalance=585 | targetPoints=50
[21:27:00 18/7/2026] [ciasing.mmh] [INFO] MOBILE [PUNCHCARD] Finished processing quests
[21:27:02 18/7/2026] [ciasing.mmh] [INFO] MAIN [SEARCH-MANAGER] Mobile: run (missing 60) | Desktop: run (missing 84)
[21:27:02 18/7/2026] [ciasing.mmh] [INFO] MOBILE [SEARCH-BING] Starting Bing searches | currentBalance=585
[21:27:03 18/7/2026] [ciasing.mmh] [INFO] MOBILE [SEARCH-BING] Search points remaining | edge=0 | desktop=84 | mobile=60
[21:27:31 18/7/2026] [ciasing.mmh] [INFO] MOBILE [SEARCH-BING] Query pool ready | count=8101
[21:28:47 18/7/2026] [ciasing.mmh] [INFO] MOBILE [SEARCH-BING] pointsGained=3 | currentBalance=588 | query="Moroccan intelligence insider reveals widespread use of Pegasus hacking software" | remaining=57
[21:29:51 18/7/2026] [ciasing.mmh] [INFO] MOBILE [SEARCH-BING] pointsGained=3 | currentBalance=591 | query="pros and cons of yoga" | remaining=54
[21:31:21 18/7/2026] [ciasing.mmh] [INFO] MOBILE [SEARCH-BING] pointsGained=3 | currentBalance=594 | query="best easy desk setup ideas" | remaining=51
[21:32:48 18/7/2026] [ciasing.mmh] [INFO] MOBILE [SEARCH-BING] pointsGained=3 | currentBalance=597 | query="how long to cook beef stew" | remaining=48
[21:34:03 18/7/2026] [ciasing.mmh] [INFO] MOBILE [SEARCH-BING] pointsGained=3 | currentBalance=600 | query="what is memory" | remaining=45
[21:35:23 18/7/2026] [ciasing.mmh] [INFO] MOBILE [SEARCH-BING] pointsGained=3 | currentBalance=603 | query="common fossils mistakes" | remaining=42
[21:36:36 18/7/2026] [ciasing.mmh] [INFO] MOBILE [SEARCH-BING] pointsGained=3 | currentBalance=606 | query="what is note taking" | remaining=39
(node:14504) ExperimentalWarning: SQLite is an experimental feature and might change at any time
(Use `node --trace-warnings ...` to show where the warning was created)
[21:38:40 18/7/2026] [MAIN] [INFO] MAIN [RUN-START] Starting Microsoft Rewards Script | v4.0.3 | Accounts: 1 | Proxy routes: 1 | Workers: 1 (auto)
[21:38:40 18/7/2026] [ciasing.mmh] [INFO] MAIN [ACCOUNT-START] Starting account: ciasing.mmh@hotmail.com | geoLocale: auto
[21:38:40 18/7/2026] [ciasing.mmh] [INFO] MAIN [PROXY] Proxy route verified for account; direct HTTP fallback is disabled
[21:38:40 18/7/2026] [ciasing.mmh] [INFO] MAIN [FLOW] Starting session for ciasing.mmh@hotmail.com
[21:38:40 18/7/2026] [ciasing.mmh] [INFO] MOBILE [BROWSER] Launching bundled patched Chromium (Edge UA) | headless: true | platform: win32 | proxy: yes (TLS errors ignored)
[21:38:42 18/7/2026] [ciasing.mmh] [INFO] MOBILE [BROWSER] Created context | User-Agent: "Mozilla/5.0 (Linux; Android 11; K) AppleWebKit/537.36 (KHTML, like Gecko) Chrome/151.0.0.0 Mobile Safari/537.36 EdgA/150.0.4078.65"
[21:38:42 18/7/2026] [ciasing.mmh] [INFO] MAIN [BROWSER] Mobile Browser started | ciasing.mmh@hotmail.com
[21:38:42 18/7/2026] [ciasing.mmh] [INFO] MOBILE [LOGIN] Starting login process
[21:38:50 18/7/2026] [ciasing.mmh] [INFO] MOBILE [LOGIN] Authentication flow reached Rewards | phase=initial login
[21:38:50 18/7/2026] [ciasing.mmh] [INFO] MOBILE [LOGIN] Finalizing login
[21:38:54 18/7/2026] [ciasing.mmh] [INFO] MOBILE [LOGIN] Rewards landing reached; dashboard verification pending
[21:38:54 18/7/2026] [ciasing.mmh] [INFO] MOBILE [LOGIN] Starting Bing session verification
[21:38:54 18/7/2026] [ciasing.mmh] [INFO] MOBILE [LOGIN-BING] Verifying Bing session
[21:39:03 18/7/2026] [ciasing.mmh] [WARN] MOBILE [LOGIN] Unknown state at www.bing.com/, waiting
[21:39:06 18/7/2026] [ciasing.mmh] [INFO] MOBILE [LOGIN-BING] Bing session verified successfully
[21:39:06 18/7/2026] [ciasing.mmh] [INFO] MOBILE [LOGIN] Acquiring rewards context
[21:39:06 18/7/2026] [ciasing.mmh] [INFO] MOBILE [GET-REWARD-SESSION] Bootstrapping rewards context
[21:39:07 18/7/2026] [ciasing.mmh] [INFO] MOBILE [REACT-PARSE] Snapshot complete | offers=30 | reportable=4 | streaks=4 | streakProtectionEnabled=true | streakProtectionRemainingDays=14 | streakCounter=2 | level=null | account=ciasing.mmh@hotmail.com
[21:39:10 18/7/2026] [ciasing.mmh] [INFO] MOBILE [BOOTSTRAP] Context ready | actions=15 | reportable=4 | available=null
[21:39:10 18/7/2026] [ciasing.mmh] [INFO] MOBILE [BUILD] Rewards build | id=unknown
[21:39:10 18/7/2026] [ciasing.mmh] [INFO] MOBILE [GET-REWARD-SESSION] Context ready | actions=15 | reportable=4 | available=null
[21:39:10 18/7/2026] [ciasing.mmh] [INFO] MOBILE [LOGIN] Logged into Microsoft Rewards successfully
[21:39:10 18/7/2026] [ciasing.mmh] [INFO] MOBILE [LOGIN] Login completed, session saved
[21:39:10 18/7/2026] [ciasing.mmh] [INFO] MOBILE [GET-APP-TOKEN] Requesting mobile access token
[21:39:13 18/7/2026] [ciasing.mmh] [INFO] MOBILE [LOGIN-APP] Mobile access token received
[21:39:19 18/7/2026] [ciasing.mmh] [INFO] MAIN [POINTS] Earnable today | Mobile: 41 | Browser: 36 | App: 5 | ciasing.mmh@hotmail.com | locale: vn
[21:39:19 18/7/2026] [ciasing.mmh] [INFO] MOBILE [ENABLE-STREAK-PROTECTION] Already enabled | remainingDays=14
[21:39:19 18/7/2026] [ciasing.mmh] [INFO] MOBILE [DAILY-SET] All "Daily Set" items have already been completed
[21:39:19 18/7/2026] [ciasing.mmh] [INFO] MOBILE [MORE-PROMOTIONS] Started solving 1 "More Promotions" items
[21:39:19 18/7/2026] [ciasing.mmh] [WARN] MOBILE [ACTIVITY] Skipped activity "Take the tour" | offerId=Gamification_FRE_Offer6nonwindows | Reason: Unsupported type "welcometour"
[21:39:28 18/7/2026] [ciasing.mmh] [INFO] MOBILE [MORE-PROMOTIONS] All "More Promotion" items have been completed
[21:39:28 18/7/2026] [ciasing.mmh] [INFO] MOBILE [DAILY-CHECK-IN] Starting Daily Check-In | geo=vn | currentBalance=606
[21:39:28 18/7/2026] [ciasing.mmh] [WARN] MOBILE [DAILY-CHECK-IN] Daily Check-In completed but no points gained | type=103 | pointsGained=0 | currentBalance=606
[21:39:28 18/7/2026] [ciasing.mmh] [INFO] MOBILE [APP-PROMOTIONS] All "App Promotions" items have already been completed
[21:39:28 18/7/2026] [ciasing.mmh] [INFO] MOBILE [READ-TO-EARN] Starting Read to Earn | geo=vn | delayRange=30sec-50sec | currentBalance=606
[21:39:29 18/7/2026] [ciasing.mmh] [INFO] MOBILE [READ-TO-EARN] No points gained, stopping Read to Earn | article=1/10 | status=200 | pointsGained=0 | currentBalance=606
[21:39:29 18/7/2026] [ciasing.mmh] [INFO] MOBILE [READ-TO-EARN] Completed Read to Earn | articlesRead=0 | pointsGained=0 | previousBalance=606 | currentBalance=606
[21:39:30 18/7/2026] [ciasing.mmh] [INFO] MOBILE [REACT-PARSE] Quest list | parents=3 | incomplete=3
[21:39:30 18/7/2026] [ciasing.mmh] [INFO] MOBILE [PUNCHCARD] Found 2 incomplete quest(s) on /earn | api-matched=1
[21:39:32 18/7/2026] [ciasing.mmh] [INFO] MOBILE [REACT-PARSE] Quest snapshot | children=3 | reportable=3
[21:39:32 18/7/2026] [ciasing.mmh] [INFO] MOBILE [PUNCHCARD] Solving "Get started with Rewards" | children=3 | reportable=3
[21:39:34 18/7/2026] [ciasing.mmh] [INFO] MOBILE [PUNCHCARD] Reported child | offerId=WW_pcchild2_redesign_newuser_onboarding_offer_punchcard | status=200 | acknowledged=true | pointsGained=0 | currentBalance=606
[21:39:46 18/7/2026] [ciasing.mmh] [INFO] MOBILE [PUNCHCARD] Reported child | offerId=WW_pcchild7_redesign_newuser_onboarding_offer_punchcard | status=200 | acknowledged=true | pointsGained=0 | currentBalance=606
[21:39:57 18/7/2026] [ciasing.mmh] [INFO] MOBILE [PUNCHCARD] Reported child | offerId=WW_pcchild8_redesign_newuser_onboarding_offer_punchcard | status=200 | acknowledged=true | pointsGained=0 | currentBalance=606
