[11:26:03 19/7/2026] [MAIN] [INFO] MAIN [RUN-START] Starting Microsoft Rewards Script | v4.0.3 | Accounts: 1 | Proxy routes: 1 | Workers: 1 (auto)
[11:26:03 19/7/2026] [itz-zooz-9101004] [INFO] MAIN [ACCOUNT-START] Starting account: itz-zooz-9101004@hotmail.com | geoLocale: auto
[11:26:04 19/7/2026] [itz-zooz-9101004] [INFO] MAIN [PROXY] Proxy route verified for account; direct HTTP fallback is disabled
[11:26:04 19/7/2026] [itz-zooz-9101004] [INFO] MAIN [FLOW] Starting session for itz-zooz-9101004@hotmail.com
[11:26:04 19/7/2026] [itz-zooz-9101004] [INFO] MOBILE [BROWSER] Launching bundled patched Chromium (Edge UA) | headless: true | platform: win32 | proxy: yes (TLS errors ignored)
[11:26:05 19/7/2026] [itz-zooz-9101004] [INFO] MOBILE [BROWSER] Created context | User-Agent: "Mozilla/5.0 (Linux; Android 13; K) AppleWebKit/537.36 (KHTML, like Gecko) Chrome/151.0.0.0 Mobile Safari/537.36 EdgA/150.0.4078.65"
[11:26:05 19/7/2026] [itz-zooz-9101004] [INFO] MAIN [BROWSER] Mobile Browser started | itz-zooz-9101004@hotmail.com
[11:26:05 19/7/2026] [itz-zooz-9101004] [INFO] MOBILE [LOGIN] Starting login process
[11:26:12 19/7/2026] [itz-zooz-9101004] [INFO] MOBILE [LOGIN] Authentication flow reached Rewards | phase=initial login
[11:26:12 19/7/2026] [itz-zooz-9101004] [INFO] MOBILE [LOGIN] Finalizing login
[11:26:17 19/7/2026] [itz-zooz-9101004] [INFO] MOBILE [LOGIN] Rewards landing reached; dashboard verification pending
[11:26:18 19/7/2026] [itz-zooz-9101004] [INFO] MOBILE [LOGIN] Starting Bing session verification
[11:26:18 19/7/2026] [itz-zooz-9101004] [INFO] MOBILE [LOGIN-BING] Verifying Bing session
[11:26:30 19/7/2026] [itz-zooz-9101004] [INFO] MOBILE [LOGIN-BING] Bing session verified successfully
[11:26:30 19/7/2026] [itz-zooz-9101004] [INFO] MOBILE [LOGIN] Acquiring rewards context
[11:26:30 19/7/2026] [itz-zooz-9101004] [INFO] MOBILE [GET-REWARD-SESSION] Bootstrapping rewards context
[11:26:32 19/7/2026] [itz-zooz-9101004] [INFO] MOBILE [REACT-PARSE] Snapshot complete | offers=22 | reportable=5 | streaks=4 | streakProtectionEnabled=true | streakProtectionRemainingDays=14 | streakCounter=4 | level=null | account=itz-zooz-9101004@hotmail.com
[11:26:35 19/7/2026] [itz-zooz-9101004] [INFO] MOBILE [BOOTSTRAP] Context ready | actions=15 | reportable=5 | available=null
[11:26:35 19/7/2026] [itz-zooz-9101004] [INFO] MOBILE [BUILD] Rewards build | id=unknown
[11:26:35 19/7/2026] [itz-zooz-9101004] [INFO] MOBILE [GET-REWARD-SESSION] Context ready | actions=15 | reportable=5 | available=null
[11:26:35 19/7/2026] [itz-zooz-9101004] [INFO] MOBILE [LOGIN] Logged into Microsoft Rewards successfully
[11:26:36 19/7/2026] [itz-zooz-9101004] [INFO] MOBILE [LOGIN] Login completed, session saved
[11:26:36 19/7/2026] [itz-zooz-9101004] [INFO] MOBILE [GET-APP-TOKEN] Requesting mobile access token
[11:26:38 19/7/2026] [itz-zooz-9101004] [INFO] MOBILE [LOGIN-APP] Mobile access token received
[11:26:42 19/7/2026] [itz-zooz-9101004] [INFO] MAIN [POINTS] Earnable today | Mobile: 5 | Browser: 0 | App: 5 | itz-zooz-9101004@hotmail.com | locale: vn
[11:26:42 19/7/2026] [itz-zooz-9101004] [INFO] MOBILE [ENABLE-STREAK-PROTECTION] Already enabled | remainingDays=14
[11:26:42 19/7/2026] [itz-zooz-9101004] [INFO] MOBILE [DAILY-SET] All "Daily Set" items have already been completed
[11:26:42 19/7/2026] [itz-zooz-9101004] [INFO] MOBILE [MORE-PROMOTIONS] Started solving 1 "More Promotions" items
[11:26:42 19/7/2026] [itz-zooz-9101004] [INFO] MOBILE [ACTIVITY] Ignoring non-actionable welcome tour "Take the tour" | offerId=Gamification_FRE_Offer6nonwindows
[11:26:42 19/7/2026] [itz-zooz-9101004] [INFO] MOBILE [MORE-PROMOTIONS] All "More Promotion" items have been completed
[11:26:42 19/7/2026] [itz-zooz-9101004] [INFO] MOBILE [DAILY-CHECK-IN] Starting Daily Check-In | geo=vn | currentBalance=1110
[11:26:42 19/7/2026] [itz-zooz-9101004] [INFO] MOBILE [APP-PROMOTIONS] All "App Promotions" items have already been completed
[11:26:42 19/7/2026] [itz-zooz-9101004] [INFO] MOBILE [READ-TO-EARN] Starting Read to Earn | geo=vn | delayRange=30sec-50sec | currentBalance=1110
[11:26:42 19/7/2026] [itz-zooz-9101004] [INFO] MOBILE [READ-TO-EARN] No points gained, stopping Read to Earn | article=1/10 | status=200 | pointsGained=0 | currentBalance=1110
[11:26:42 19/7/2026] [itz-zooz-9101004] [INFO] MOBILE [READ-TO-EARN] Completed Read to Earn | articlesRead=0 | pointsGained=0 | previousBalance=1110 | currentBalance=1110
[11:26:43 19/7/2026] [itz-zooz-9101004] [INFO] MOBILE [REACT-PARSE] Quest list | parents=3 | incomplete=2
[11:26:43 19/7/2026] [itz-zooz-9101004] [INFO] MOBILE [PUNCHCARD] Found 1 incomplete quest(s) on /earn | api-matched=0
[11:26:44 19/7/2026] [itz-zooz-9101004] [INFO] MOBILE [REACT-PARSE] Quest snapshot | children=3 | reportable=3
[11:26:44 19/7/2026] [itz-zooz-9101004] [INFO] MOBILE [PUNCHCARD] Solving "Get started with Rewards" | children=3 | reportable=3
[11:26:45 19/7/2026] [itz-zooz-9101004] [INFO] MOBILE [PUNCHCARD] Reported child | offerId=WW_pcchild2_redesign_newuser_onboarding_offer_punchcard | status=200 | acknowledged=true | pointsGained=0 | currentBalance=1110
[11:26:42 19/7/2026] [itz-zooz-9101004] [WARN] MOBILE [DAILY-CHECK-IN] Daily Check-In completed but no points gained | type=103 | pointsGained=0 | currentBalance=1110
[11:26:57 19/7/2026] [itz-zooz-9101004] [INFO] MOBILE [PUNCHCARD] Reported child | offerId=WW_pcchild7_redesign_newuser_onboarding_offer_punchcard | status=200 | acknowledged=true | pointsGained=0 | currentBalance=1110
[11:27:08 19/7/2026] [itz-zooz-9101004] [INFO] MOBILE [PUNCHCARD] Reported child | offerId=WW_pcchild8_redesign_newuser_onboarding_offer_punchcard | status=200 | acknowledged=true | pointsGained=0 | currentBalance=1110
[11:27:17 19/7/2026] [itz-zooz-9101004] [INFO] MOBILE [PUNCHCARD] Quest "Get started with Rewards" COMPLETE | reported=3 | pointsGained=0 | currentBalance=1110 | targetPoints=1320
[11:27:17 19/7/2026] [itz-zooz-9101004] [INFO] MOBILE [PUNCHCARD] Finished processing quests
[11:27:18 19/7/2026] [itz-zooz-9101004] [INFO] MAIN [SEARCH-MANAGER] Mobile: skip (no points) | Desktop: skip (no points)
[11:27:20 19/7/2026] [itz-zooz-9101004] [WARN] MOBILE [BROWSER] Browser context closed
[11:27:21 19/7/2026] [itz-zooz-9101004] [INFO] MOBILE [CLOSE-BROWSER] All browser resources closed.
[11:27:21 19/7/2026] [itz-zooz-9101004] [INFO] DESKTOP [BROWSER] Launching bundled patched Chromium (Edge UA) | headless: true | platform: win32 | proxy: yes (TLS errors ignored)
[11:27:22 19/7/2026] [itz-zooz-9101004] [INFO] DESKTOP [BROWSER] Created context | User-Agent: "Mozilla/5.0 (Windows NT 10.0; Win64; x64) AppleWebKit/537.36 (KHTML, like Gecko) Chrome/151.0.0.0 Safari/537.36 Edg/150.0.4078.83"
[11:27:22 19/7/2026] [itz-zooz-9101004] [INFO] DESKTOP [BROWSER] Desktop Browser started | itz-zooz-9101004@hotmail.com
[11:27:22 19/7/2026] [itz-zooz-9101004] [INFO] DESKTOP [LOGIN] Starting login process
[11:27:35 19/7/2026] [itz-zooz-9101004] [WARN] DESKTOP [DETECT-STATE] Detected chromewebdata error page
[11:27:35 19/7/2026] [itz-zooz-9101004] [INFO] DESKTOP [LOGIN] Navigating to https://rewards.bing.com
[11:27:35 19/7/2026] [itz-zooz-9101004] [WARN] DESKTOP [LOGIN] chromewebdata error detected, attempting recovery
[11:27:38 19/7/2026] [itz-zooz-9101004] [INFO] DESKTOP [LOGIN] Recovery navigation reached rewards.bing.com (HTTP 200)
[11:27:40 19/7/2026] [itz-zooz-9101004] [INFO] DESKTOP [LOGIN] State transition: CHROMEWEBDATA_ERROR → LOGGED_IN
[11:27:40 19/7/2026] [itz-zooz-9101004] [INFO] DESKTOP [LOGIN] Authentication flow reached Rewards | phase=initial login
[11:27:40 19/7/2026] [itz-zooz-9101004] [INFO] DESKTOP [LOGIN] Finalizing login
[11:27:50 19/7/2026] [itz-zooz-9101004] [INFO] DESKTOP [LOGIN] Rewards landing reached; dashboard verification pending
[11:27:50 19/7/2026] [itz-zooz-9101004] [INFO] DESKTOP [LOGIN] Starting Bing session verification
[11:27:50 19/7/2026] [itz-zooz-9101004] [INFO] DESKTOP [LOGIN-BING] Verifying Bing session
[11:28:18 19/7/2026] [itz-zooz-9101004] [WARN] DESKTOP [LOGIN] Unknown state at www.bing.com/, waiting
[11:28:19 19/7/2026] [itz-zooz-9101004] [INFO] DESKTOP [LOGIN-BING] Bing session verified successfully
[11:28:19 19/7/2026] [itz-zooz-9101004] [INFO] DESKTOP [LOGIN] Acquiring rewards context
[11:28:19 19/7/2026] [itz-zooz-9101004] [INFO] DESKTOP [GET-REWARD-SESSION] Bootstrapping rewards context
[11:28:28 19/7/2026] [itz-zooz-9101004] [INFO] DESKTOP [REACT-PARSE] Snapshot complete | offers=25 | reportable=7 | streaks=4 | streakProtectionEnabled=true | streakProtectionRemainingDays=14 | streakCounter=4 | level=null | account=itz-zooz-9101004@hotmail.com
[11:28:33 19/7/2026] [itz-zooz-9101004] [INFO] DESKTOP [BOOTSTRAP] Context ready | actions=15 | reportable=7 | available=null
[11:28:34 19/7/2026] [itz-zooz-9101004] [INFO] DESKTOP [BUILD] Rewards build | id=unknown
[11:28:34 19/7/2026] [itz-zooz-9101004] [INFO] DESKTOP [GET-REWARD-SESSION] Context ready | actions=15 | reportable=7 | available=null
[11:28:34 19/7/2026] [itz-zooz-9101004] [INFO] DESKTOP [LOGIN] Logged into Microsoft Rewards successfully
[11:28:34 19/7/2026] [itz-zooz-9101004] [INFO] DESKTOP [LOGIN] Login completed, session saved
[11:28:35 19/7/2026] [itz-zooz-9101004] [INFO] DESKTOP [REACT-PARSE] Quest list | parents=4 | incomplete=2
[11:28:35 19/7/2026] [itz-zooz-9101004] [INFO] DESKTOP [PUNCHCARD] Found 1 incomplete quest(s) on /earn | api-matched=0
[11:28:36 19/7/2026] [itz-zooz-9101004] [INFO] DESKTOP [REACT-PARSE] Quest snapshot | children=3 | reportable=3
[11:28:36 19/7/2026] [itz-zooz-9101004] [INFO] DESKTOP [PUNCHCARD] Solving "Get started with Rewards" | children=3 | reportable=3
[11:28:37 19/7/2026] [itz-zooz-9101004] [INFO] DESKTOP [PUNCHCARD] Reported child | offerId=WW_pcchild2_redesign_newuser_onboarding_offer_punchcard | status=200 | acknowledged=true | pointsGained=0 | currentBalance=1110
[11:28:45 19/7/2026] [itz-zooz-9101004] [INFO] DESKTOP [PUNCHCARD] Reported child | offerId=WW_pcchild7_redesign_newuser_onboarding_offer_punchcard | status=200 | acknowledged=true | pointsGained=0 | currentBalance=1110
[11:28:52 19/7/2026] [itz-zooz-9101004] [INFO] DESKTOP [PUNCHCARD] Reported child | offerId=WW_pcchild8_redesign_newuser_onboarding_offer_punchcard | status=200 | acknowledged=true | pointsGained=0 | currentBalance=1110
[11:29:04 19/7/2026] [itz-zooz-9101004] [INFO] DESKTOP [PUNCHCARD] Quest "Get started with Rewards" COMPLETE | reported=3 | pointsGained=0 | currentBalance=1110 | targetPoints=1320
[11:29:04 19/7/2026] [itz-zooz-9101004] [INFO] DESKTOP [PUNCHCARD] Finished processing quests
[11:29:06 19/7/2026] [itz-zooz-9101004] [WARN] DESKTOP [BROWSER] Browser context closed
[11:29:07 19/7/2026] [itz-zooz-9101004] [INFO] DESKTOP [CLOSE-BROWSER] All browser resources closed.
[11:29:07 19/7/2026] [itz-zooz-9101004] [INFO] MAIN [SEARCH-MANAGER] Search summary | mobile=0 | desktop=0 | bonus=0 | total=0
[11:29:07 19/7/2026] [itz-zooz-9101004] [INFO] MOBILE [CLAIM-BONUS-POINTS] Starting ClaimBonusPoints | geo=vn | currentBalance=1110
[11:29:08 19/7/2026] [itz-zooz-9101004] [INFO] MOBILE [CLAIM-BONUS-POINTS] Nothing claimed | status=200 | pointsGained=0 | currentBalance=1110
[11:29:17 19/7/2026] [itz-zooz-9101004] [INFO] MAIN [FLOW] Points collected | pointsGained=0 | currentBalance=1110 | account=itz-zooz-9101004@hotmail.com
[11:29:17 19/7/2026] [itz-zooz-9101004] [INFO] MAIN [ACCOUNT-END] Completed account: itz-zooz-9101004@hotmail.com | pointsGained=0 | previousBalance=1110 | currentBalance=1110 | durationSeconds=194.3
[11:29:17 19/7/2026] [itz-zooz-9101004] [INFO] MAIN [RUN-END] Completed all accounts | accountsProcessed=1 | pointsGained=0 | previousBalance=1110 | currentBalance=1110 | runtimeMinutes=3.2
