(node:22072) ExperimentalWarning: SQLite is an experimental feature and might change at any time
(Use `node --trace-warnings ...` to show where the warning was created)
[20:28:30 18/7/2026] [MAIN] [INFO] MAIN [RUN-START] Starting Microsoft Rewards Script | v4.0.3 | Accounts: 1 | Clusters: 1
[20:28:30 18/7/2026] [smc_abc_abt085] [INFO] MAIN [ACCOUNT-START] Starting account: smc_abc_abt085@hotmail.com | geoLocale: auto
[20:28:30 18/7/2026] [smc_abc_abt085] [INFO] MAIN [PROXY] Proxy route verified for account; direct HTTP fallback is disabled
[20:28:30 18/7/2026] [smc_abc_abt085] [INFO] MAIN [FLOW] Starting session for smc_abc_abt085@hotmail.com
[20:28:31 18/7/2026] [smc_abc_abt085] [INFO] MOBILE [BROWSER] Launching bundled patched Chromium (Edge UA) | headless: true | platform: win32 | proxy: yes (TLS errors ignored)
[20:28:34 18/7/2026] [smc_abc_abt085] [INFO] MOBILE [BROWSER] Created context | User-Agent: "Mozilla/5.0 (Linux; Android 13; K) AppleWebKit/537.36 (KHTML, like Gecko) Chrome/151.0.0.0 Mobile Safari/537.36 EdgA/150.0.4078.65"
[20:28:34 18/7/2026] [smc_abc_abt085] [INFO] MAIN [BROWSER] Mobile Browser started | smc_abc_abt085@hotmail.com
[20:28:34 18/7/2026] [smc_abc_abt085] [INFO] MOBILE [LOGIN] Starting login process
[20:28:43 18/7/2026] [smc_abc_abt085] [INFO] MOBILE [LOGIN] Authentication flow reached Rewards | phase=initial login
[20:28:43 18/7/2026] [smc_abc_abt085] [INFO] MOBILE [LOGIN] Finalizing login
[20:28:49 18/7/2026] [smc_abc_abt085] [INFO] MOBILE [LOGIN] Rewards landing reached; dashboard verification pending
[20:28:50 18/7/2026] [smc_abc_abt085] [INFO] MOBILE [LOGIN] Starting Bing session verification
[20:28:50 18/7/2026] [smc_abc_abt085] [INFO] MOBILE [LOGIN-BING] Verifying Bing session
[20:29:05 18/7/2026] [smc_abc_abt085] [WARN] MOBILE [LOGIN] Unknown state at www.bing.com/, waiting
[20:29:08 18/7/2026] [smc_abc_abt085] [INFO] MOBILE [LOGIN-BING] Bing session verified successfully
[20:29:08 18/7/2026] [smc_abc_abt085] [INFO] MOBILE [LOGIN] Acquiring rewards context
[20:29:08 18/7/2026] [smc_abc_abt085] [INFO] MOBILE [GET-REWARD-SESSION] Bootstrapping rewards context
[20:29:10 18/7/2026] [smc_abc_abt085] [INFO] MOBILE [REACT-PARSE] Snapshot complete | offers=30 | reportable=6 | streaks=3 | streakProtectionEnabled=true | streakProtectionRemainingDays=14 | streakCounter=3 | level=null | account=smc_abc_abt085@hotmail.com
[20:29:13 18/7/2026] [smc_abc_abt085] [INFO] MOBILE [BOOTSTRAP] Context ready | actions=15 | reportable=6 | available=null
[20:29:13 18/7/2026] [smc_abc_abt085] [INFO] MOBILE [BUILD] Rewards build | id=unknown
[20:29:13 18/7/2026] [smc_abc_abt085] [INFO] MOBILE [GET-REWARD-SESSION] Context ready | actions=15 | reportable=6 | available=null
[20:29:13 18/7/2026] [smc_abc_abt085] [INFO] MOBILE [LOGIN] Logged into Microsoft Rewards successfully
[20:29:15 18/7/2026] [smc_abc_abt085] [INFO] MOBILE [LOGIN] Login completed, session saved
[20:29:15 18/7/2026] [smc_abc_abt085] [INFO] MOBILE [GET-APP-TOKEN] Requesting mobile access token
[20:29:23 18/7/2026] [smc_abc_abt085] [INFO] MOBILE [LOGIN-APP] Mobile access token received
[20:29:30 18/7/2026] [smc_abc_abt085] [INFO] MAIN [POINTS] Earnable today | Mobile: 5 | Browser: 0 | App: 5 | smc_abc_abt085@hotmail.com | locale: vn
[20:29:30 18/7/2026] [smc_abc_abt085] [INFO] MOBILE [ENABLE-STREAK-PROTECTION] Already enabled | remainingDays=14
[20:29:30 18/7/2026] [smc_abc_abt085] [INFO] MOBILE [DAILY-SET] All "Daily Set" items have already been completed
[20:29:30 18/7/2026] [smc_abc_abt085] [INFO] MOBILE [MORE-PROMOTIONS] Started solving 3 "More Promotions" items
[20:29:30 18/7/2026] [smc_abc_abt085] [INFO] MOBILE [ACTIVITY] Found activity type "UrlReward" | title="Bees in the city" | offerId=WW_Rewards_locked_level2_Jul26w3_offer1
[20:29:30 18/7/2026] [smc_abc_abt085] [INFO] MOBILE [URL-REWARD] Starting UrlReward | offerId=WW_Rewards_locked_level2_Jul26w3_offer1 | geo=vn | currentBalance=775
[20:29:32 18/7/2026] [smc_abc_abt085] [INFO] MOBILE [URL-REWARD] Completed UrlReward | offerId=WW_Rewards_locked_level2_Jul26w3_offer1 | pointsGained=15 | currentBalance=790
[20:29:51 18/7/2026] [smc_abc_abt085] [INFO] MOBILE [ACTIVITY] Found activity type "UrlReward" | title="Quotes to inspire" | offerId=WW_Rewards_locked_level2_Jul26w3_offer2
[20:29:51 18/7/2026] [smc_abc_abt085] [INFO] MOBILE [URL-REWARD] Starting UrlReward | offerId=WW_Rewards_locked_level2_Jul26w3_offer2 | geo=vn | currentBalance=790
[20:29:53 18/7/2026] [smc_abc_abt085] [INFO] MOBILE [URL-REWARD] Completed UrlReward | offerId=WW_Rewards_locked_level2_Jul26w3_offer2 | pointsGained=15 | currentBalance=805
[20:30:08 18/7/2026] [smc_abc_abt085] [WARN] MOBILE [ACTIVITY] Skipped activity "Take the tour" | offerId=Gamification_FRE_Offer6nonwindows | Reason: Unsupported type "welcometour"
[20:30:17 18/7/2026] [smc_abc_abt085] [INFO] MOBILE [MORE-PROMOTIONS] All "More Promotion" items have been completed
[20:30:17 18/7/2026] [smc_abc_abt085] [INFO] MOBILE [DAILY-CHECK-IN] Starting Daily Check-In | geo=vn | currentBalance=805
[20:30:17 18/7/2026] [smc_abc_abt085] [WARN] MOBILE [DAILY-CHECK-IN] Daily Check-In completed but no points gained | type=103 | pointsGained=0 | currentBalance=805
[20:30:17 18/7/2026] [smc_abc_abt085] [INFO] MOBILE [APP-PROMOTIONS] All "App Promotions" items have already been completed
[20:30:17 18/7/2026] [smc_abc_abt085] [INFO] MOBILE [READ-TO-EARN] Starting Read to Earn | geo=vn | delayRange=30sec-50sec | currentBalance=805
[20:30:17 18/7/2026] [smc_abc_abt085] [INFO] MOBILE [READ-TO-EARN] No points gained, stopping Read to Earn | article=1/10 | status=200 | pointsGained=0 | currentBalance=805
[20:30:17 18/7/2026] [smc_abc_abt085] [INFO] MOBILE [READ-TO-EARN] Completed Read to Earn | articlesRead=0 | pointsGained=0 | previousBalance=805 | currentBalance=805
[20:30:18 18/7/2026] [smc_abc_abt085] [INFO] MOBILE [REACT-PARSE] Quest list | parents=3 | incomplete=3
[20:30:18 18/7/2026] [smc_abc_abt085] [INFO] MOBILE [PUNCHCARD] Found 2 incomplete quest(s) on /earn | api-matched=1
[20:30:19 18/7/2026] [smc_abc_abt085] [INFO] MOBILE [REACT-PARSE] Quest snapshot | children=3 | reportable=3
[20:30:19 18/7/2026] [smc_abc_abt085] [INFO] MOBILE [PUNCHCARD] Solving "Get started with Rewards" | children=3 | reportable=3
[20:30:20 18/7/2026] [smc_abc_abt085] [INFO] MOBILE [PUNCHCARD] Reported child | offerId=WW_pcchild2_redesign_newuser_onboarding_offer_punchcard | status=200 | acknowledged=true | pointsGained=0 | currentBalance=805
[20:30:29 18/7/2026] [smc_abc_abt085] [INFO] MOBILE [PUNCHCARD] Reported child | offerId=WW_pcchild7_redesign_newuser_onboarding_offer_punchcard | status=200 | acknowledged=true | pointsGained=0 | currentBalance=805
[20:30:41 18/7/2026] [smc_abc_abt085] [INFO] MOBILE [PUNCHCARD] Reported child | offerId=WW_pcchild8_redesign_newuser_onboarding_offer_punchcard | status=200 | acknowledged=true | pointsGained=0 | currentBalance=805
[20:30:49 18/7/2026] [smc_abc_abt085] [INFO] MOBILE [PUNCHCARD] Quest "Get started with Rewards" COMPLETE | reported=3 | pointsGained=0 | currentBalance=805 | targetPoints=1320
[20:30:50 18/7/2026] [smc_abc_abt085] [INFO] MOBILE [REACT-PARSE] Quest snapshot | children=1 | reportable=0
[20:30:50 18/7/2026] [smc_abc_abt085] [INFO] MOBILE [PUNCHCARD] Solving "July playbook: travel smart, chase thrills, and shop the latest tech" | children=1 | reportable=0
[20:30:50 18/7/2026] [smc_abc_abt085] [INFO] MOBILE [PUNCHCARD] Quest "July playbook: travel smart, chase thrills, and shop the latest tech" in progress | reported=0 | remaining=1 | pointsGained=0 | currentBalance=805 | targetPoints=50
[20:30:50 18/7/2026] [smc_abc_abt085] [INFO] MOBILE [PUNCHCARD] Finished processing quests
[20:30:51 18/7/2026] [smc_abc_abt085] [INFO] MAIN [SEARCH-MANAGER] Mobile: skip (no points) | Desktop: skip (no points)
[20:30:59 18/7/2026] [smc_abc_abt085] [WARN] MOBILE [BROWSER] Browser context closed
[20:31:03 18/7/2026] [smc_abc_abt085] [INFO] MOBILE [CLOSE-BROWSER] All browser resources closed.
[20:31:03 18/7/2026] [smc_abc_abt085] [INFO] DESKTOP [BROWSER] Launching bundled patched Chromium (Edge UA) | headless: true | platform: win32 | proxy: yes (TLS errors ignored)
[20:31:20 18/7/2026] [smc_abc_abt085] [INFO] DESKTOP [BROWSER] Created context | User-Agent: "Mozilla/5.0 (Windows NT 10.0; Win64; x64) AppleWebKit/537.36 (KHTML, like Gecko) Chrome/151.0.0.0 Safari/537.36 Edg/150.0.4078.83"
[20:31:21 18/7/2026] [smc_abc_abt085] [INFO] DESKTOP [BROWSER] Desktop Browser started | smc_abc_abt085@hotmail.com
[20:31:21 18/7/2026] [smc_abc_abt085] [INFO] DESKTOP [LOGIN] Starting login process
[20:31:31 18/7/2026] [smc_abc_abt085] [INFO] DESKTOP [LOGIN] Authentication flow reached Rewards | phase=initial login
[20:31:31 18/7/2026] [smc_abc_abt085] [INFO] DESKTOP [LOGIN] Finalizing login
[20:31:41 18/7/2026] [smc_abc_abt085] [INFO] DESKTOP [LOGIN] Rewards landing reached; dashboard verification pending
[20:31:42 18/7/2026] [smc_abc_abt085] [INFO] DESKTOP [LOGIN] Starting Bing session verification
[20:31:42 18/7/2026] [smc_abc_abt085] [INFO] DESKTOP [LOGIN-BING] Verifying Bing session
[20:32:09 18/7/2026] [smc_abc_abt085] [WARN] DESKTOP [LOGIN] Unknown state at www.bing.com/, waiting
[20:32:11 18/7/2026] [smc_abc_abt085] [INFO] DESKTOP [LOGIN-BING] Bing session verified successfully
[20:32:11 18/7/2026] [smc_abc_abt085] [INFO] DESKTOP [LOGIN] Acquiring rewards context
[20:32:11 18/7/2026] [smc_abc_abt085] [INFO] DESKTOP [GET-REWARD-SESSION] Bootstrapping rewards context
[20:32:14 18/7/2026] [smc_abc_abt085] [INFO] DESKTOP [REACT-PARSE] Snapshot complete | offers=33 | reportable=6 | streaks=3 | streakProtectionEnabled=true | streakProtectionRemainingDays=14 | streakCounter=3 | level=null | account=smc_abc_abt085@hotmail.com
[20:32:19 18/7/2026] [smc_abc_abt085] [INFO] DESKTOP [BOOTSTRAP] Context ready | actions=15 | reportable=6 | available=null
[20:32:19 18/7/2026] [smc_abc_abt085] [INFO] DESKTOP [BUILD] Rewards build | id=unknown
[20:32:19 18/7/2026] [smc_abc_abt085] [INFO] DESKTOP [GET-REWARD-SESSION] Context ready | actions=15 | reportable=6 | available=null
[20:32:19 18/7/2026] [smc_abc_abt085] [INFO] DESKTOP [LOGIN] Logged into Microsoft Rewards successfully
[20:32:25 18/7/2026] [smc_abc_abt085] [INFO] DESKTOP [LOGIN] Login completed, session saved
[20:32:29 18/7/2026] [smc_abc_abt085] [INFO] DESKTOP [REACT-PARSE] Quest list | parents=4 | incomplete=3
[20:32:29 18/7/2026] [smc_abc_abt085] [INFO] DESKTOP [PUNCHCARD] Found 2 incomplete quest(s) on /earn | api-matched=1
[20:32:30 18/7/2026] [smc_abc_abt085] [INFO] DESKTOP [REACT-PARSE] Quest snapshot | children=3 | reportable=3
[20:32:30 18/7/2026] [smc_abc_abt085] [INFO] DESKTOP [PUNCHCARD] Solving "Get started with Rewards" | children=3 | reportable=3
[20:32:35 18/7/2026] [smc_abc_abt085] [INFO] DESKTOP [PUNCHCARD] Reported child | offerId=WW_pcchild2_redesign_newuser_onboarding_offer_punchcard | status=200 | acknowledged=true | pointsGained=0 | currentBalance=805
[20:32:53 18/7/2026] [smc_abc_abt085] [INFO] DESKTOP [PUNCHCARD] Reported child | offerId=WW_pcchild7_redesign_newuser_onboarding_offer_punchcard | status=200 | acknowledged=true | pointsGained=0 | currentBalance=805
[20:33:08 18/7/2026] [smc_abc_abt085] [INFO] DESKTOP [PUNCHCARD] Reported child | offerId=WW_pcchild8_redesign_newuser_onboarding_offer_punchcard | status=200 | acknowledged=true | pointsGained=0 | currentBalance=805
[20:33:21 18/7/2026] [smc_abc_abt085] [INFO] DESKTOP [PUNCHCARD] Quest "Get started with Rewards" COMPLETE | reported=3 | pointsGained=0 | currentBalance=805 | targetPoints=1320
[20:33:22 18/7/2026] [smc_abc_abt085] [INFO] DESKTOP [REACT-PARSE] Quest snapshot | children=1 | reportable=0
[20:33:22 18/7/2026] [smc_abc_abt085] [INFO] DESKTOP [PUNCHCARD] Solving "July playbook: travel smart, chase thrills, and shop the latest tech" | children=1 | reportable=0
[20:33:22 18/7/2026] [smc_abc_abt085] [INFO] DESKTOP [PUNCHCARD] Quest "July playbook: travel smart, chase thrills, and shop the latest tech" in progress | reported=0 | remaining=1 | pointsGained=0 | currentBalance=805 | targetPoints=50
[20:33:22 18/7/2026] [smc_abc_abt085] [INFO] DESKTOP [PUNCHCARD] Finished processing quests
[20:33:41 18/7/2026] [smc_abc_abt085] [WARN] DESKTOP [BROWSER] Browser context closed
[20:35:57 18/7/2026] [smc_abc_abt085] [INFO] DESKTOP [CLOSE-BROWSER] All browser resources closed.
[20:35:57 18/7/2026] [smc_abc_abt085] [INFO] MAIN [SEARCH-MANAGER] Search summary | mobile=0 | desktop=0 | bonus=0 | total=0
[20:35:57 18/7/2026] [smc_abc_abt085] [INFO] MOBILE [CLAIM-BONUS-POINTS] Starting ClaimBonusPoints | geo=vn | currentBalance=805
[20:35:59 18/7/2026] [smc_abc_abt085] [INFO] MOBILE [CLAIM-BONUS-POINTS] Nothing claimed | status=200 | pointsGained=0 | currentBalance=805
[20:36:06 18/7/2026] [smc_abc_abt085] [INFO] MAIN [FLOW] Points collected | pointsGained=30 | currentBalance=805 | account=smc_abc_abt085@hotmail.com
[20:36:06 18/7/2026] [smc_abc_abt085] [INFO] MAIN [ACCOUNT-END] Completed account: smc_abc_abt085@hotmail.com | pointsGained=30 | previousBalance=775 | currentBalance=805 | durationSeconds=456.2
[20:36:06 18/7/2026] [smc_abc_abt085] [INFO] MAIN [RUN-END] Completed all accounts | accountsProcessed=1 | pointsGained=30 | previousBalance=775 | currentBalance=805 | runtimeMinutes=7.6
