(node:30324) ExperimentalWarning: SQLite is an experimental feature and might change at any time
(Use `node --trace-warnings ...` to show where the warning was created)
[20:20:42 18/7/2026] [MAIN] [INFO] MAIN [RUN-START] Starting Microsoft Rewards Script | v4.0.3 | Accounts: 1 | Clusters: 1
[20:20:42 18/7/2026] [dariusrachelledelila5] [INFO] MAIN [ACCOUNT-START] Starting account: dariusrachelledelila5@hotmail.com | geoLocale: auto
[20:20:43 18/7/2026] [dariusrachelledelila5] [INFO] MAIN [PROXY] Proxy route verified for account; direct HTTP fallback is disabled
[20:20:43 18/7/2026] [dariusrachelledelila5] [INFO] MAIN [FLOW] Starting session for dariusrachelledelila5@hotmail.com
[20:20:43 18/7/2026] [dariusrachelledelila5] [INFO] MOBILE [BROWSER] Launching bundled patched Chromium (Edge UA) | headless: true | platform: win32 | proxy: yes (TLS errors ignored)
[20:20:46 18/7/2026] [dariusrachelledelila5] [INFO] MOBILE [BROWSER] Created context | User-Agent: "Mozilla/5.0 (Linux; Android 14; K) AppleWebKit/537.36 (KHTML, like Gecko) Chrome/151.0.0.0 Mobile Safari/537.36 EdgA/150.0.4078.65"
[20:20:46 18/7/2026] [dariusrachelledelila5] [INFO] MAIN [BROWSER] Mobile Browser started | dariusrachelledelila5@hotmail.com
[20:20:46 18/7/2026] [dariusrachelledelila5] [INFO] MOBILE [LOGIN] Starting login process
[20:20:56 18/7/2026] [dariusrachelledelila5] [INFO] MOBILE [LOGIN] Authentication flow reached Rewards | phase=initial login
[20:20:56 18/7/2026] [dariusrachelledelila5] [INFO] MOBILE [LOGIN] Finalizing login
[20:21:06 18/7/2026] [dariusrachelledelila5] [INFO] MOBILE [LOGIN] Rewards landing reached; dashboard verification pending
[20:21:07 18/7/2026] [dariusrachelledelila5] [INFO] MOBILE [LOGIN] Starting Bing session verification
[20:21:07 18/7/2026] [dariusrachelledelila5] [INFO] MOBILE [LOGIN-BING] Verifying Bing session
[20:21:21 18/7/2026] [dariusrachelledelila5] [WARN] MOBILE [LOGIN] Unknown state at www.bing.com/, waiting
[20:21:24 18/7/2026] [dariusrachelledelila5] [INFO] MOBILE [LOGIN-BING] Bing session verified successfully
[20:21:24 18/7/2026] [dariusrachelledelila5] [INFO] MOBILE [LOGIN] Acquiring rewards context
[20:21:24 18/7/2026] [dariusrachelledelila5] [INFO] MOBILE [GET-REWARD-SESSION] Bootstrapping rewards context
[20:21:27 18/7/2026] [dariusrachelledelila5] [INFO] MOBILE [REACT-PARSE] Snapshot complete | offers=31 | reportable=20 | streaks=3 | streakProtectionEnabled=true | streakProtectionRemainingDays=14 | streakCounter=1 | level=null | account=dariusrachelledelila5@hotmail.com
[20:21:41 18/7/2026] [dariusrachelledelila5] [INFO] MOBILE [BOOTSTRAP] Context ready | actions=15 | reportable=20 | available=null
[20:21:41 18/7/2026] [dariusrachelledelila5] [INFO] MOBILE [BUILD] Rewards build | id=unknown
[20:21:41 18/7/2026] [dariusrachelledelila5] [INFO] MOBILE [GET-REWARD-SESSION] Context ready | actions=15 | reportable=20 | available=null
[20:21:41 18/7/2026] [dariusrachelledelila5] [INFO] MOBILE [LOGIN] Logged into Microsoft Rewards successfully
[20:21:41 18/7/2026] [dariusrachelledelila5] [INFO] MOBILE [LOGIN] Login completed, session saved
[20:21:41 18/7/2026] [dariusrachelledelila5] [INFO] MOBILE [GET-APP-TOKEN] Requesting mobile access token
[20:21:50 18/7/2026] [dariusrachelledelila5] [INFO] MOBILE [LOGIN-APP] Mobile access token received
[20:22:04 18/7/2026] [dariusrachelledelila5] [INFO] MAIN [POINTS] Earnable today | Mobile: 35 | Browser: 0 | App: 35 | dariusrachelledelila5@hotmail.com | locale: vn
[20:22:04 18/7/2026] [dariusrachelledelila5] [INFO] MOBILE [ENABLE-STREAK-PROTECTION] Already enabled | remainingDays=14
[20:22:04 18/7/2026] [dariusrachelledelila5] [INFO] MOBILE [DAILY-SET] Started solving "Daily Set" items
[20:22:04 18/7/2026] [dariusrachelledelila5] [INFO] MOBILE [ACTIVITY] Found activity type "UrlReward" | title="Upcoming comedy events" | offerId=Global_DailySet_20260718_Child1
[20:22:04 18/7/2026] [dariusrachelledelila5] [INFO] MOBILE [URL-REWARD] Starting UrlReward | offerId=Global_DailySet_20260718_Child1 | geo=vn | currentBalance=180
[20:22:10 18/7/2026] [dariusrachelledelila5] [INFO] MOBILE [URL-REWARD] Completed UrlReward | offerId=Global_DailySet_20260718_Child1 | pointsGained=10 | currentBalance=190
[20:22:25 18/7/2026] [dariusrachelledelila5] [INFO] MOBILE [ACTIVITY] Found activity type "UrlReward" | title="Boston’s spring bloom" | offerId=Global_DailySet_20260718_Child2
[20:22:25 18/7/2026] [dariusrachelledelila5] [INFO] MOBILE [URL-REWARD] Starting UrlReward | offerId=Global_DailySet_20260718_Child2 | geo=vn | currentBalance=190
[20:22:28 18/7/2026] [dariusrachelledelila5] [INFO] MOBILE [URL-REWARD] Completed UrlReward | offerId=Global_DailySet_20260718_Child2 | pointsGained=10 | currentBalance=200
[20:22:46 18/7/2026] [dariusrachelledelila5] [INFO] MOBILE [ACTIVITY] Found activity type "UrlReward" | title="Starry Visionary?" | offerId=Global_DailySet_20260718_Child3
[20:22:46 18/7/2026] [dariusrachelledelila5] [INFO] MOBILE [URL-REWARD] Starting UrlReward | offerId=Global_DailySet_20260718_Child3 | geo=vn | currentBalance=200
[20:22:49 18/7/2026] [dariusrachelledelila5] [INFO] MOBILE [URL-REWARD] Completed UrlReward | offerId=Global_DailySet_20260718_Child3 | pointsGained=10 | currentBalance=210
[20:23:04 18/7/2026] [dariusrachelledelila5] [INFO] MOBILE [DAILY-SET] All "Daily Set" items have been completed
[20:23:04 18/7/2026] [dariusrachelledelila5] [INFO] MOBILE [MORE-PROMOTIONS] Started solving 13 "More Promotions" items
[20:23:04 18/7/2026] [dariusrachelledelila5] [INFO] MOBILE [ACTIVITY] Found activity type "UrlReward" | title="Have you heard this quote?" | offerId=ENstar_Rewards_DailyGlobalOffer_Evergreen_Saturday
[20:23:04 18/7/2026] [dariusrachelledelila5] [INFO] MOBILE [URL-REWARD] Starting UrlReward | offerId=ENstar_Rewards_DailyGlobalOffer_Evergreen_Saturday | geo=vn | currentBalance=210
[20:23:09 18/7/2026] [dariusrachelledelila5] [INFO] MOBILE [URL-REWARD] Completed UrlReward | offerId=ENstar_Rewards_DailyGlobalOffer_Evergreen_Saturday | pointsGained=5 | currentBalance=215
[20:23:26 18/7/2026] [dariusrachelledelila5] [WARN] MOBILE [ACTIVITY] Skipped activity "Take the tour" | offerId=Gamification_FRE_Offer6nonwindows | Reason: Unsupported type "welcometour"
[20:23:32 18/7/2026] [dariusrachelledelila5] [INFO] MOBILE [ACTIVITY] Found activity type "UrlReward" | title="Soccer legend" | offerId=WW_Rewards_Campaign_Global_EU_Expansion_BingOffer2
[20:23:32 18/7/2026] [dariusrachelledelila5] [INFO] MOBILE [URL-REWARD] Starting UrlReward | offerId=WW_Rewards_Campaign_Global_EU_Expansion_BingOffer2 | geo=vn | currentBalance=215
[20:23:36 18/7/2026] [dariusrachelledelila5] [INFO] MOBILE [URL-REWARD] Completed UrlReward | offerId=WW_Rewards_Campaign_Global_EU_Expansion_BingOffer2 | pointsGained=5 | currentBalance=220
[20:23:56 18/7/2026] [dariusrachelledelila5] [INFO] MOBILE [ACTIVITY] Found activity type "UrlReward" | title="It's all Greek" | offerId=WW_Rewards_Campaign_Global_EU_Expansion_BingOffer3
[20:23:56 18/7/2026] [dariusrachelledelila5] [INFO] MOBILE [URL-REWARD] Starting UrlReward | offerId=WW_Rewards_Campaign_Global_EU_Expansion_BingOffer3 | geo=vn | currentBalance=220
[20:23:59 18/7/2026] [dariusrachelledelila5] [INFO] MOBILE [URL-REWARD] Completed UrlReward | offerId=WW_Rewards_Campaign_Global_EU_Expansion_BingOffer3 | pointsGained=5 | currentBalance=225
[20:24:20 18/7/2026] [dariusrachelledelila5] [INFO] MOBILE [ACTIVITY] Found activity type "UrlReward" | title="Dinner ideas" | offerId=WW_Rewards_Campaign_Global_EU_Expansion_BingOffer4
[20:24:20 18/7/2026] [dariusrachelledelila5] [INFO] MOBILE [URL-REWARD] Starting UrlReward | offerId=WW_Rewards_Campaign_Global_EU_Expansion_BingOffer4 | geo=vn | currentBalance=225
[20:24:25 18/7/2026] [dariusrachelledelila5] [INFO] MOBILE [URL-REWARD] Completed UrlReward | offerId=WW_Rewards_Campaign_Global_EU_Expansion_BingOffer4 | pointsGained=5 | currentBalance=230
[20:24:49 18/7/2026] [dariusrachelledelila5] [INFO] MOBILE [ACTIVITY] Found activity type "UrlReward" | title="Lock and key" | offerId=WW_Rewards_Campaign_Global_EU_Expansion_EdgeOffer1
[20:24:49 18/7/2026] [dariusrachelledelila5] [INFO] MOBILE [URL-REWARD] Starting UrlReward | offerId=WW_Rewards_Campaign_Global_EU_Expansion_EdgeOffer1 | geo=vn | currentBalance=230
[20:24:55 18/7/2026] [dariusrachelledelila5] [INFO] MOBILE [URL-REWARD] Completed UrlReward | offerId=WW_Rewards_Campaign_Global_EU_Expansion_EdgeOffer1 | pointsGained=5 | currentBalance=235
[20:25:15 18/7/2026] [dariusrachelledelila5] [INFO] MOBILE [ACTIVITY] Found activity type "UrlReward" | title="A new web hero" | offerId=WW_Rewards_Campaign_Global_EU_Expansion_EdgeOffer2
[20:25:15 18/7/2026] [dariusrachelledelila5] [INFO] MOBILE [URL-REWARD] Starting UrlReward | offerId=WW_Rewards_Campaign_Global_EU_Expansion_EdgeOffer2 | geo=vn | currentBalance=235
[20:25:20 18/7/2026] [dariusrachelledelila5] [INFO] MOBILE [URL-REWARD] Completed UrlReward | offerId=WW_Rewards_Campaign_Global_EU_Expansion_EdgeOffer2 | pointsGained=5 | currentBalance=240
[20:25:39 18/7/2026] [dariusrachelledelila5] [INFO] MOBILE [ACTIVITY] Found activity type "UrlReward" | title="Take today's news quiz" | offerId=ENstar_Rewards_DailyGlobalOffer_Evergreen_Friday
[20:25:39 18/7/2026] [dariusrachelledelila5] [INFO] MOBILE [URL-REWARD] Starting UrlReward | offerId=ENstar_Rewards_DailyGlobalOffer_Evergreen_Friday | geo=vn | currentBalance=240
[20:25:45 18/7/2026] [dariusrachelledelila5] [INFO] MOBILE [URL-REWARD] Completed UrlReward | offerId=ENstar_Rewards_DailyGlobalOffer_Evergreen_Friday | pointsGained=5 | currentBalance=245
[20:26:04 18/7/2026] [dariusrachelledelila5] [INFO] MOBILE [ACTIVITY] Found activity type "UrlReward" | title="Complete this puzzle" | offerId=ENstar_Rewards_DailyGlobalOffer_Evergreen_Monday
[20:26:04 18/7/2026] [dariusrachelledelila5] [INFO] MOBILE [URL-REWARD] Starting UrlReward | offerId=ENstar_Rewards_DailyGlobalOffer_Evergreen_Monday | geo=vn | currentBalance=245
[20:26:09 18/7/2026] [dariusrachelledelila5] [INFO] MOBILE [URL-REWARD] Completed UrlReward | offerId=ENstar_Rewards_DailyGlobalOffer_Evergreen_Monday | pointsGained=5 | currentBalance=250
[20:26:29 18/7/2026] [dariusrachelledelila5] [INFO] MOBILE [ACTIVITY] Found activity type "UrlReward" | title="Do you know the answer?" | offerId=ENstar_Rewards_DailyGlobalOffer_Evergreen_Sunday
[20:26:29 18/7/2026] [dariusrachelledelila5] [INFO] MOBILE [URL-REWARD] Starting UrlReward | offerId=ENstar_Rewards_DailyGlobalOffer_Evergreen_Sunday | geo=vn | currentBalance=250
[20:26:34 18/7/2026] [dariusrachelledelila5] [INFO] MOBILE [URL-REWARD] Completed UrlReward | offerId=ENstar_Rewards_DailyGlobalOffer_Evergreen_Sunday | pointsGained=5 | currentBalance=255
[20:26:48 18/7/2026] [dariusrachelledelila5] [INFO] MOBILE [ACTIVITY] Found activity type "UrlReward" | title="Mid-week puzzle" | offerId=ENstar_Rewards_DailyGlobalOffer_Evergreen_Thursday
[20:26:48 18/7/2026] [dariusrachelledelila5] [INFO] MOBILE [URL-REWARD] Starting UrlReward | offerId=ENstar_Rewards_DailyGlobalOffer_Evergreen_Thursday | geo=vn | currentBalance=255
[20:26:55 18/7/2026] [dariusrachelledelila5] [INFO] MOBILE [URL-REWARD] Completed UrlReward | offerId=ENstar_Rewards_DailyGlobalOffer_Evergreen_Thursday | pointsGained=5 | currentBalance=260
[20:27:08 18/7/2026] [dariusrachelledelila5] [INFO] MOBILE [ACTIVITY] Found activity type "UrlReward" | title="Do you know the answer?" | offerId=ENstar_Rewards_DailyGlobalOffer_Evergreen_Tuesday
[20:27:08 18/7/2026] [dariusrachelledelila5] [INFO] MOBILE [URL-REWARD] Starting UrlReward | offerId=ENstar_Rewards_DailyGlobalOffer_Evergreen_Tuesday | geo=vn | currentBalance=260
[20:27:14 18/7/2026] [dariusrachelledelila5] [INFO] MOBILE [URL-REWARD] Completed UrlReward | offerId=ENstar_Rewards_DailyGlobalOffer_Evergreen_Tuesday | pointsGained=5 | currentBalance=265
[20:27:31 18/7/2026] [dariusrachelledelila5] [INFO] MOBILE [ACTIVITY] Found activity type "UrlReward" | title="Quote of the day" | offerId=ENstar_Rewards_DailyGlobalOffer_Evergreen_Wednesday
[20:27:31 18/7/2026] [dariusrachelledelila5] [INFO] MOBILE [URL-REWARD] Starting UrlReward | offerId=ENstar_Rewards_DailyGlobalOffer_Evergreen_Wednesday | geo=vn | currentBalance=265
[20:27:35 18/7/2026] [dariusrachelledelila5] [INFO] MOBILE [URL-REWARD] Completed UrlReward | offerId=ENstar_Rewards_DailyGlobalOffer_Evergreen_Wednesday | pointsGained=5 | currentBalance=270
[20:27:50 18/7/2026] [dariusrachelledelila5] [INFO] MOBILE [MORE-PROMOTIONS] All "More Promotion" items have been completed
[20:27:50 18/7/2026] [dariusrachelledelila5] [INFO] MOBILE [DAILY-CHECK-IN] Starting Daily Check-In | geo=vn | currentBalance=270
[20:27:51 18/7/2026] [dariusrachelledelila5] [INFO] MOBILE [DAILY-CHECK-IN] Completed Daily Check-In | type=103 | pointsGained=5 | currentBalance=275
[20:27:51 18/7/2026] [dariusrachelledelila5] [INFO] MOBILE [APP-PROMOTIONS] All "App Promotions" items have already been completed
[20:27:51 18/7/2026] [dariusrachelledelila5] [INFO] MOBILE [READ-TO-EARN] Starting Read to Earn | geo=vn | delayRange=30sec-50sec | currentBalance=275
[20:27:51 18/7/2026] [dariusrachelledelila5] [INFO] MOBILE [READ-TO-EARN] Read article 1/10 | status=200 | pointsGained=3 | currentBalance=278
[20:28:33 18/7/2026] [dariusrachelledelila5] [INFO] MOBILE [READ-TO-EARN] Read article 2/10 | status=200 | pointsGained=3 | currentBalance=281
[20:29:23 18/7/2026] [dariusrachelledelila5] [INFO] MOBILE [READ-TO-EARN] Read article 3/10 | status=200 | pointsGained=3 | currentBalance=284
[20:29:57 18/7/2026] [dariusrachelledelila5] [INFO] MOBILE [READ-TO-EARN] Read article 4/10 | status=200 | pointsGained=3 | currentBalance=287
[20:30:39 18/7/2026] [dariusrachelledelila5] [INFO] MOBILE [READ-TO-EARN] Read article 5/10 | status=200 | pointsGained=3 | currentBalance=290
[20:31:11 18/7/2026] [dariusrachelledelila5] [INFO] MOBILE [READ-TO-EARN] Read article 6/10 | status=200 | pointsGained=3 | currentBalance=293
[20:31:42 18/7/2026] [dariusrachelledelila5] [INFO] MOBILE [READ-TO-EARN] Read article 7/10 | status=200 | pointsGained=3 | currentBalance=296
[20:32:28 18/7/2026] [dariusrachelledelila5] [INFO] MOBILE [READ-TO-EARN] Read article 8/10 | status=200 | pointsGained=3 | currentBalance=299
[20:33:15 18/7/2026] [dariusrachelledelila5] [INFO] MOBILE [READ-TO-EARN] Read article 9/10 | status=200 | pointsGained=3 | currentBalance=302
[20:33:50 18/7/2026] [dariusrachelledelila5] [INFO] MOBILE [READ-TO-EARN] Read article 10/10 | status=200 | pointsGained=3 | currentBalance=305
[20:34:34 18/7/2026] [dariusrachelledelila5] [INFO] MOBILE [READ-TO-EARN] Completed Read to Earn | articlesRead=10 | pointsGained=30 | previousBalance=275 | currentBalance=305
[20:34:36 18/7/2026] [dariusrachelledelila5] [INFO] MOBILE [REACT-PARSE] Quest list | parents=3 | incomplete=3
[20:34:36 18/7/2026] [dariusrachelledelila5] [INFO] MOBILE [PUNCHCARD] Found 3 incomplete quest(s) on /earn | api-matched=2
[20:34:37 18/7/2026] [dariusrachelledelila5] [INFO] MOBILE [REACT-PARSE] Quest snapshot | children=5 | reportable=5
[20:34:37 18/7/2026] [dariusrachelledelila5] [INFO] MOBILE [PUNCHCARD] Solving "Get started with Rewards" | children=5 | reportable=5
[20:34:40 18/7/2026] [dariusrachelledelila5] [ERROR] MOBILE [GET-DASHBOARD-DATA] Failed to get dashboard data: Configured proxy is unavailable (transport failure); direct fallback is disabled
[20:34:40 18/7/2026] [dariusrachelledelila5] [ERROR] MOBILE [GET-CURRENT-POINTS] An error occurred: Configured proxy is unavailable (transport failure); direct fallback is disabled
[20:34:40 18/7/2026] [dariusrachelledelila5] [ERROR] MOBILE [PUNCHCARD] Error reporting child | offerId=WW_pcchild2_redesign_newuser_onboarding_offer_punchcard | message=Configured proxy is unavailable (transport failure); direct fallback is disabled
[20:34:54 18/7/2026] [dariusrachelledelila5] [ERROR] MOBILE [PUNCHCARD] Error reporting child | offerId=WW_pcchild5_redesign_newuser_onboarding_offer_punchcard | message=Configured proxy is unavailable (transport failure; retry allowed in 46s); direct fallback is disabled
[20:35:07 18/7/2026] [dariusrachelledelila5] [ERROR] MOBILE [PUNCHCARD] Error reporting child | offerId=WW_pcchild6_redesign_newuser_onboarding_offer_punchcard | message=Configured proxy is unavailable (transport failure; retry allowed in 33s); direct fallback is disabled
[20:35:22 18/7/2026] [dariusrachelledelila5] [ERROR] MOBILE [PUNCHCARD] Error reporting child | offerId=WW_pcchild7_redesign_newuser_onboarding_offer_punchcard | message=Configured proxy is unavailable (transport failure; retry allowed in 19s); direct fallback is disabled
[20:35:32 18/7/2026] [dariusrachelledelila5] [ERROR] MOBILE [PUNCHCARD] Error reporting child | offerId=WW_pcchild8_redesign_newuser_onboarding_offer_punchcard | message=Configured proxy is unavailable (transport failure; retry allowed in 8s); direct fallback is disabled
[20:35:41 18/7/2026] [dariusrachelledelila5] [INFO] MOBILE [PUNCHCARD] Quest "Get started with Rewards" COMPLETE | reported=5 | pointsGained=0 | currentBalance=305 | targetPoints=1320
[20:35:42 18/7/2026] [dariusrachelledelila5] [INFO] MOBILE [REACT-PARSE] Quest snapshot | children=4 | reportable=1
[20:35:42 18/7/2026] [dariusrachelledelila5] [INFO] MOBILE [PUNCHCARD] Solving "July playbook: travel smart, chase thrills, and shop the latest tech" | children=4 | reportable=1
[20:35:44 18/7/2026] [dariusrachelledelila5] [INFO] MOBILE [PUNCHCARD] Reported child | offerId=ENWW_pcchild1_urlreward_FY27_BingMonthlyPC_Jul_punchcard | status=200 | acknowledged=true | pointsGained=50 | currentBalance=355
[20:35:52 18/7/2026] [dariusrachelledelila5] [INFO] MOBILE [PUNCHCARD] Quest "July playbook: travel smart, chase thrills, and shop the latest tech" in progress | reported=1 | remaining=3 | pointsGained=50 | currentBalance=355 | targetPoints=50
[20:35:53 18/7/2026] [dariusrachelledelila5] [INFO] MOBILE [REACT-PARSE] Quest snapshot | children=5 | reportable=5
[20:35:53 18/7/2026] [dariusrachelledelila5] [INFO] MOBILE [PUNCHCARD] Solving "Play your way to 50 points" | children=5 | reportable=5
[20:35:55 18/7/2026] [dariusrachelledelila5] [INFO] MOBILE [PUNCHCARD] Reported child | offerId=ENWW_pcchild1_urlreward_FIFA26-ROW_PC_punchcard | status=200 | acknowledged=true | pointsGained=0 | currentBalance=355
[20:36:07 18/7/2026] [dariusrachelledelila5] [INFO] MOBILE [PUNCHCARD] Reported child | offerId=ENWW_pcchild2_urlreward_FIFA26-ROW_PC_punchcard | status=200 | acknowledged=true | pointsGained=0 | currentBalance=355
[20:36:15 18/7/2026] [dariusrachelledelila5] [INFO] MOBILE [PUNCHCARD] Reported child | offerId=ENWW_pcchild3_urlreward_FIFA26-ROW_PC_punchcard | status=200 | acknowledged=true | pointsGained=0 | currentBalance=355
[20:36:29 18/7/2026] [dariusrachelledelila5] [INFO] MOBILE [PUNCHCARD] Reported child | offerId=ENWW_pcchild5_urlreward_FIFA26-ROW_PC_punchcard | status=200 | acknowledged=true | pointsGained=0 | currentBalance=355
[20:36:45 18/7/2026] [dariusrachelledelila5] [INFO] MOBILE [PUNCHCARD] Reported child | offerId=ENWW_pcchild6_urlreward_FIFA26-ROW_PC_punchcard | status=200 | acknowledged=true | pointsGained=50 | currentBalance=405
[20:36:56 18/7/2026] [dariusrachelledelila5] [INFO] MOBILE [PUNCHCARD] Quest "Play your way to 50 points" COMPLETE | reported=5 | pointsGained=50 | currentBalance=405 | targetPoints=50
[20:36:56 18/7/2026] [dariusrachelledelila5] [INFO] MOBILE [PUNCHCARD] Finished processing quests
[20:36:58 18/7/2026] [dariusrachelledelila5] [INFO] MAIN [SEARCH-MANAGER] Mobile: skip (no points) | Desktop: run (missing 30)
[20:37:01 18/7/2026] [dariusrachelledelila5] [WARN] MOBILE [BROWSER] Browser context closed
[20:38:34 18/7/2026] [dariusrachelledelila5] [INFO] MOBILE [CLOSE-BROWSER] All browser resources closed.
[20:38:34 18/7/2026] [dariusrachelledelila5] [INFO] DESKTOP [BROWSER] Launching bundled patched Chromium (Edge UA) | headless: true | platform: win32 | proxy: yes (TLS errors ignored)
[20:38:38 18/7/2026] [dariusrachelledelila5] [INFO] DESKTOP [BROWSER] Created context | User-Agent: "Mozilla/5.0 (Windows NT 10.0; Win64; x64) AppleWebKit/537.36 (KHTML, like Gecko) Chrome/151.0.0.0 Safari/537.36 Edg/150.0.4078.83"
[20:38:38 18/7/2026] [dariusrachelledelila5] [INFO] DESKTOP [BROWSER] Desktop Browser started | dariusrachelledelila5@hotmail.com
[20:38:38 18/7/2026] [dariusrachelledelila5] [INFO] DESKTOP [LOGIN] Starting login process
[20:38:58 18/7/2026] [dariusrachelledelila5] [INFO] DESKTOP [LOGIN] Entering email
[20:39:05 18/7/2026] [dariusrachelledelila5] [INFO] DESKTOP [LOGIN-ENTER-EMAIL] Email submitted
[20:39:10 18/7/2026] [dariusrachelledelila5] [INFO] DESKTOP [LOGIN] Email entered successfully
[20:39:17 18/7/2026] [dariusrachelledelila5] [INFO] DESKTOP [LOGIN] State transition: EMAIL_INPUT → GET_A_CODE
[20:39:17 18/7/2026] [dariusrachelledelila5] [INFO] DESKTOP [LOGIN] Attempting to bypass "Get code" page
[20:39:26 18/7/2026] [dariusrachelledelila5] [INFO] DESKTOP [LOGIN] Other ways to sign in clicked
[20:39:33 18/7/2026] [dariusrachelledelila5] [INFO] DESKTOP [LOGIN] State transition: GET_A_CODE → OTP_CODE_ENTRY
[20:39:33 18/7/2026] [dariusrachelledelila5] [INFO] DESKTOP [LOGIN] OTP code entry page detected, attempting to find password option
[20:39:42 18/7/2026] [dariusrachelledelila5] [INFO] DESKTOP [LOGIN] Footer link clicked
[20:39:42 18/7/2026] [dariusrachelledelila5] [INFO] DESKTOP [LOGIN] Navigated back from OTP entry page
[20:39:48 18/7/2026] [dariusrachelledelila5] [INFO] DESKTOP [LOGIN] State transition: OTP_CODE_ENTRY → PASSWORD_INPUT
[20:39:48 18/7/2026] [dariusrachelledelila5] [INFO] DESKTOP [LOGIN] Entering password
[20:39:54 18/7/2026] [dariusrachelledelila5] [INFO] DESKTOP [LOGIN-ENTER-PASSWORD] Password submitted
[20:39:57 18/7/2026] [dariusrachelledelila5] [INFO] DESKTOP [LOGIN] Password entered successfully
[20:39:59 18/7/2026] [dariusrachelledelila5] [INFO] DESKTOP [LOGIN] State transition: PASSWORD_INPUT → KMSI_PROMPT
[20:39:59 18/7/2026] [dariusrachelledelila5] [INFO] DESKTOP [LOGIN] Accepting KMSI prompt
[20:40:07 18/7/2026] [dariusrachelledelila5] [INFO] DESKTOP [LOGIN] KMSI prompt accepted
[20:40:08 18/7/2026] [dariusrachelledelila5] [INFO] DESKTOP [LOGIN] State transition: KMSI_PROMPT → LOGGED_IN
[20:40:08 18/7/2026] [dariusrachelledelila5] [INFO] DESKTOP [LOGIN] Authentication flow reached Rewards | phase=initial login
[20:40:08 18/7/2026] [dariusrachelledelila5] [INFO] DESKTOP [LOGIN] Finalizing login
[20:40:11 18/7/2026] [dariusrachelledelila5] [INFO] DESKTOP [LOGIN] Rewards landing reached; dashboard verification pending
[20:40:15 18/7/2026] [dariusrachelledelila5] [INFO] DESKTOP [LOGIN] Starting Bing session verification
[20:40:15 18/7/2026] [dariusrachelledelila5] [INFO] DESKTOP [LOGIN-BING] Verifying Bing session
[20:40:37 18/7/2026] [dariusrachelledelila5] [WARN] DESKTOP [LOGIN] Unknown state at www.bing.com/, waiting
[20:40:48 18/7/2026] [dariusrachelledelila5] [INFO] DESKTOP [LOGIN-BING] Bing session verified successfully
[20:40:48 18/7/2026] [dariusrachelledelila5] [INFO] DESKTOP [LOGIN] Acquiring rewards context
[20:40:48 18/7/2026] [dariusrachelledelila5] [INFO] DESKTOP [GET-REWARD-SESSION] Bootstrapping rewards context
[20:40:50 18/7/2026] [dariusrachelledelila5] [WARN] DESKTOP [BOOTSTRAP] Rewards /dashboard navigation stopped | attempt=1/3 | url=login.live.com/oauth20_authorize.srf | error=Rewards authentication is required after redirect to login.live.com/oauth20_authorize.srf
[20:40:50 18/7/2026] [dariusrachelledelila5] [ERROR] DESKTOP [BOOTSTRAP] Failed acquiring context | error=Rewards authentication is required after redirect to login.live.com/oauth20_authorize.srf
[20:40:50 18/7/2026] [dariusrachelledelila5] [WARN] DESKTOP [GET-REWARD-SESSION] Rewards authentication required at login.live.com/oauth20_authorize.srf; resuming Microsoft login flow once
[20:40:55 18/7/2026] [dariusrachelledelila5] [INFO] DESKTOP [LOGIN] Authentication flow reached Rewards | phase=Rewards OAuth recovery
[20:40:59 18/7/2026] [dariusrachelledelila5] [INFO] DESKTOP [REACT-PARSE] Snapshot complete | offers=34 | reportable=7 | streaks=3 | streakProtectionEnabled=true | streakProtectionRemainingDays=14 | streakCounter=2 | level=null | account=dariusrachelledelila5@hotmail.com
[20:41:12 18/7/2026] [dariusrachelledelila5] [INFO] DESKTOP [BOOTSTRAP] Context ready | actions=15 | reportable=7 | available=null
[20:41:12 18/7/2026] [dariusrachelledelila5] [INFO] DESKTOP [BUILD] Rewards build | id=unknown
[20:41:12 18/7/2026] [dariusrachelledelila5] [INFO] DESKTOP [GET-REWARD-SESSION] Context ready | actions=15 | reportable=7 | available=null
[20:41:12 18/7/2026] [dariusrachelledelila5] [INFO] DESKTOP [LOGIN] Logged into Microsoft Rewards successfully
[20:41:14 18/7/2026] [dariusrachelledelila5] [INFO] DESKTOP [LOGIN] Login completed, session saved
[20:41:18 18/7/2026] [dariusrachelledelila5] [INFO] DESKTOP [REACT-PARSE] Quest list | parents=4 | incomplete=4
[20:41:18 18/7/2026] [dariusrachelledelila5] [INFO] DESKTOP [PUNCHCARD] Found 3 incomplete quest(s) on /earn | api-matched=2
[20:41:23 18/7/2026] [dariusrachelledelila5] [INFO] DESKTOP [REACT-PARSE] Quest snapshot | children=5 | reportable=5
[20:41:23 18/7/2026] [dariusrachelledelila5] [INFO] DESKTOP [PUNCHCARD] Solving "Get started with Rewards" | children=5 | reportable=5
[20:41:25 18/7/2026] [dariusrachelledelila5] [INFO] DESKTOP [PUNCHCARD] Reported child | offerId=WW_pcchild2_redesign_newuser_onboarding_offer_punchcard | status=200 | acknowledged=true | pointsGained=0 | currentBalance=405
[20:41:33 18/7/2026] [dariusrachelledelila5] [INFO] DESKTOP [PUNCHCARD] Reported child | offerId=WW_pcchild5_redesign_newuser_onboarding_offer_punchcard | status=200 | acknowledged=true | pointsGained=10 | currentBalance=415
[20:41:46 18/7/2026] [dariusrachelledelila5] [INFO] DESKTOP [PUNCHCARD] Reported child | offerId=WW_pcchild6_redesign_newuser_onboarding_offer_punchcard | status=200 | acknowledged=true | pointsGained=10 | currentBalance=425
[20:41:56 18/7/2026] [dariusrachelledelila5] [INFO] DESKTOP [PUNCHCARD] Reported child | offerId=WW_pcchild7_redesign_newuser_onboarding_offer_punchcard | status=200 | acknowledged=true | pointsGained=0 | currentBalance=425
[20:42:14 18/7/2026] [dariusrachelledelila5] [INFO] DESKTOP [PUNCHCARD] Reported child | offerId=WW_pcchild8_redesign_newuser_onboarding_offer_punchcard | status=200 | acknowledged=true | pointsGained=0 | currentBalance=425
[20:42:23 18/7/2026] [dariusrachelledelila5] [INFO] DESKTOP [PUNCHCARD] Quest "Get started with Rewards" COMPLETE | reported=5 | pointsGained=20 | currentBalance=425 | targetPoints=1320
[20:42:24 18/7/2026] [dariusrachelledelila5] [INFO] DESKTOP [REACT-PARSE] Quest snapshot | children=4 | reportable=4
[20:42:24 18/7/2026] [dariusrachelledelila5] [INFO] DESKTOP [PUNCHCARD] Solving "Get 100 points. Use the search box on the Windows taskbar to search the web, find files, more." | children=4 | reportable=4
[20:42:27 18/7/2026] [dariusrachelledelila5] [INFO] DESKTOP [PUNCHCARD] Reported child | offerId=ENstar_pcchild1_urlreward_FY26_WSB_Dec_punchcard | status=200 | acknowledged=true | pointsGained=0 | currentBalance=425
[20:42:40 18/7/2026] [dariusrachelledelila5] [INFO] DESKTOP [PUNCHCARD] Reported child | offerId=ENstar_pcchild2_urlreward_FY26_WSB_Dec_punchcard | status=200 | acknowledged=true | pointsGained=0 | currentBalance=425
[20:42:48 18/7/2026] [dariusrachelledelila5] [INFO] DESKTOP [PUNCHCARD] Reported child | offerId=ENstar_pcchild3_urlreward_FY26_WSB_Dec_punchcard | status=200 | acknowledged=true | pointsGained=0 | currentBalance=425
[20:43:04 18/7/2026] [dariusrachelledelila5] [INFO] DESKTOP [PUNCHCARD] Reported child | offerId=ENstar_pcchild4_urlreward_FY26_WSB_Dec_punchcard | status=200 | acknowledged=true | pointsGained=100 | currentBalance=525
[20:43:17 18/7/2026] [dariusrachelledelila5] [INFO] DESKTOP [PUNCHCARD] Quest "Get 100 points. Use the search box on the Windows taskbar to search the web, find files, more." COMPLETE | reported=4 | pointsGained=100 | currentBalance=525 | targetPoints=100
[20:43:18 18/7/2026] [dariusrachelledelila5] [INFO] DESKTOP [REACT-PARSE] Quest snapshot | children=3 | reportable=0
[20:43:18 18/7/2026] [dariusrachelledelila5] [INFO] DESKTOP [PUNCHCARD] Solving "July playbook: travel smart, chase thrills, and shop the latest tech" | children=3 | reportable=0
[20:43:18 18/7/2026] [dariusrachelledelila5] [INFO] DESKTOP [PUNCHCARD] Quest "July playbook: travel smart, chase thrills, and shop the latest tech" in progress | reported=0 | remaining=3 | pointsGained=0 | currentBalance=525 | targetPoints=50
[20:43:18 18/7/2026] [dariusrachelledelila5] [INFO] DESKTOP [PUNCHCARD] Finished processing quests
[20:43:18 18/7/2026] [dariusrachelledelila5] [INFO] DESKTOP [SEARCH-BING] Starting Bing searches | currentBalance=525
[20:43:21 18/7/2026] [dariusrachelledelila5] [INFO] DESKTOP [SEARCH-BING] Search points remaining | edge=0 | desktop=90 | mobile=60
[20:43:52 18/7/2026] [dariusrachelledelila5] [INFO] DESKTOP [SEARCH-BING] Query pool ready | count=8089
[20:46:09 18/7/2026] [dariusrachelledelila5] [INFO] DESKTOP [SEARCH-BING] pointsGained=3 | currentBalance=528 | query="best famous museums tips" | remaining=87
[20:47:21 18/7/2026] [dariusrachelledelila5] [INFO] DESKTOP [SEARCH-BING] pointsGained=3 | currentBalance=531 | query="easy resume tips near me" | remaining=84
[20:48:25 18/7/2026] [dariusrachelledelila5] [INFO] DESKTOP [SEARCH-BING] pointsGained=3 | currentBalance=534 | query="quick dinner ideas 2026" | remaining=81
[20:49:33 18/7/2026] [dariusrachelledelila5] [INFO] DESKTOP [SEARCH-BING] pointsGained=3 | currentBalance=537 | query="Popular garlic powder recalled nationwide over bacterial contamination concerns - Fox Business" | remaining=78
[20:50:38 18/7/2026] [dariusrachelledelila5] [INFO] DESKTOP [SEARCH-BING] pointsGained=3 | currentBalance=540 | query="how to maintain wheel alignment" | remaining=75
[20:51:50 18/7/2026] [dariusrachelledelila5] [INFO] DESKTOP [SEARCH-BING] pointsGained=3 | currentBalance=543 | query="quick blog ideas for beginners" | remaining=72
[20:52:57 18/7/2026] [dariusrachelledelila5] [INFO] DESKTOP [SEARCH-BING] pointsGained=3 | currentBalance=546 | query="quick iced tea recipe" | remaining=69
[20:53:59 18/7/2026] [dariusrachelledelila5] [INFO] DESKTOP [SEARCH-BING] pointsGained=3 | currentBalance=549 | query="Kimi K3, and what we can still learn from the pelican benchmark" | remaining=66
[20:55:05 18/7/2026] [dariusrachelledelila5] [INFO] DESKTOP [SEARCH-BING] pointsGained=3 | currentBalance=552 | query="surfing rules explained" | remaining=63
[20:56:10 18/7/2026] [dariusrachelledelila5] [INFO] DESKTOP [SEARCH-BING] pointsGained=3 | currentBalance=555 | query="SpaceX share price drops below stock market debut" | remaining=60
[20:57:08 18/7/2026] [dariusrachelledelila5] [INFO] DESKTOP [SEARCH-BING] pointsGained=3 | currentBalance=558 | query="budget travel guide Antwerp" | remaining=57
[20:58:22 18/7/2026] [dariusrachelledelila5] [INFO] DESKTOP [SEARCH-BING] pointsGained=3 | currentBalance=561 | query="why do the ocean salty" | remaining=54
[20:59:34 18/7/2026] [dariusrachelledelila5] [INFO] DESKTOP [SEARCH-BING] pointsGained=3 | currentBalance=564 | query="pros and cons of thunder" | remaining=51
[21:00:36 18/7/2026] [dariusrachelledelila5] [INFO] DESKTOP [SEARCH-BING] pointsGained=3 | currentBalance=567 | query="best reading habits tips" | remaining=48
[21:01:40 18/7/2026] [dariusrachelledelila5] [INFO] DESKTOP [SEARCH-BING] pointsGained=3 | currentBalance=570 | query="common hybrid cars problems" | remaining=45
[21:02:51 18/7/2026] [dariusrachelledelila5] [INFO] DESKTOP [SEARCH-BING] pointsGained=3 | currentBalance=573 | query="how to boost immune system" | remaining=42
[21:03:58 18/7/2026] [dariusrachelledelila5] [INFO] DESKTOP [SEARCH-BING] pointsGained=3 | currentBalance=576 | query="fptplay" | remaining=39
[21:04:55 18/7/2026] [dariusrachelledelila5] [INFO] DESKTOP [SEARCH-BING] pointsGained=3 | currentBalance=579 | query="common mistakes in woodworking" | remaining=36
[21:05:58 18/7/2026] [dariusrachelledelila5] [INFO] DESKTOP [SEARCH-BING] pointsGained=3 | currentBalance=582 | query="best way to decorate on a budget" | remaining=33
[21:07:20 18/7/2026] [dariusrachelledelila5] [INFO] DESKTOP [SEARCH-BING] pointsGained=3 | currentBalance=585 | query="mobile games recommendations" | remaining=30
[21:08:34 18/7/2026] [dariusrachelledelila5] [INFO] DESKTOP [SEARCH-BING] pointsGained=3 | currentBalance=588 | query="how to make pasta sauce" | remaining=27
[21:09:39 18/7/2026] [dariusrachelledelila5] [INFO] DESKTOP [SEARCH-BING] pointsGained=3 | currentBalance=591 | query="Weather tracker: Typhoon leaves people stranded on rooftops in China" | remaining=24
[21:10:46 18/7/2026] [dariusrachelledelila5] [INFO] DESKTOP [SEARCH-BING] pointsGained=3 | currentBalance=594 | query="how does index funds work" | remaining=21
(node:20040) ExperimentalWarning: SQLite is an experimental feature and might change at any time
(Use `node --trace-warnings ...` to show where the warning was created)
[21:37:44 18/7/2026] [MAIN] [INFO] MAIN [RUN-START] Starting Microsoft Rewards Script | v4.0.3 | Accounts: 1 | Proxy routes: 1 | Workers: 1 (auto)
[21:37:44 18/7/2026] [dariusrachelledelila5] [INFO] MAIN [ACCOUNT-START] Starting account: dariusrachelledelila5@hotmail.com | geoLocale: auto
[21:37:45 18/7/2026] [dariusrachelledelila5] [INFO] MAIN [PROXY] Proxy route verified for account; direct HTTP fallback is disabled
[21:37:45 18/7/2026] [dariusrachelledelila5] [INFO] MAIN [FLOW] Starting session for dariusrachelledelila5@hotmail.com
[21:37:45 18/7/2026] [dariusrachelledelila5] [INFO] MOBILE [BROWSER] Launching bundled patched Chromium (Edge UA) | headless: true | platform: win32 | proxy: yes (TLS errors ignored)
[21:37:47 18/7/2026] [dariusrachelledelila5] [INFO] MOBILE [BROWSER] Created context | User-Agent: "Mozilla/5.0 (Linux; Android 12; K) AppleWebKit/537.36 (KHTML, like Gecko) Chrome/151.0.0.0 Mobile Safari/537.36 EdgA/150.0.4078.65"
[21:37:47 18/7/2026] [dariusrachelledelila5] [INFO] MAIN [BROWSER] Mobile Browser started | dariusrachelledelila5@hotmail.com
[21:37:47 18/7/2026] [dariusrachelledelila5] [INFO] MOBILE [LOGIN] Starting login process
[21:38:01 18/7/2026] [dariusrachelledelila5] [INFO] MOBILE [LOGIN] Entering email
[21:38:07 18/7/2026] [dariusrachelledelila5] [INFO] MOBILE [LOGIN-ENTER-EMAIL] Email submitted
[21:38:12 18/7/2026] [dariusrachelledelila5] [INFO] MOBILE [LOGIN] Email entered successfully
[21:38:18 18/7/2026] [dariusrachelledelila5] [INFO] MOBILE [LOGIN] State transition: EMAIL_INPUT → GET_A_CODE
[21:38:18 18/7/2026] [dariusrachelledelila5] [INFO] MOBILE [LOGIN] Attempting to bypass "Get code" page
[21:38:24 18/7/2026] [dariusrachelledelila5] [INFO] MOBILE [LOGIN] Other ways to sign in clicked
[21:38:31 18/7/2026] [dariusrachelledelila5] [INFO] MOBILE [LOGIN] State transition: GET_A_CODE → OTP_CODE_ENTRY
[21:38:31 18/7/2026] [dariusrachelledelila5] [INFO] MOBILE [LOGIN] OTP code entry page detected, attempting to find password option
[21:38:38 18/7/2026] [dariusrachelledelila5] [INFO] MOBILE [LOGIN] Footer link clicked
[21:38:38 18/7/2026] [dariusrachelledelila5] [INFO] MOBILE [LOGIN] Navigated back from OTP entry page
[21:38:44 18/7/2026] [dariusrachelledelila5] [INFO] MOBILE [LOGIN] State transition: OTP_CODE_ENTRY → PASSWORD_INPUT
[21:38:44 18/7/2026] [dariusrachelledelila5] [INFO] MOBILE [LOGIN] Entering password
[21:38:48 18/7/2026] [dariusrachelledelila5] [INFO] MOBILE [LOGIN-ENTER-PASSWORD] Password submitted
[21:38:51 18/7/2026] [dariusrachelledelila5] [INFO] MOBILE [LOGIN] Password entered successfully
[21:38:53 18/7/2026] [dariusrachelledelila5] [INFO] MOBILE [LOGIN] State transition: PASSWORD_INPUT → KMSI_PROMPT
[21:38:53 18/7/2026] [dariusrachelledelila5] [INFO] MOBILE [LOGIN] Accepting KMSI prompt
[21:38:54 18/7/2026] [dariusrachelledelila5] [INFO] MOBILE [LOGIN] KMSI prompt accepted
[21:39:00 18/7/2026] [dariusrachelledelila5] [INFO] MOBILE [LOGIN] State transition: KMSI_PROMPT → LOGGED_IN
[21:39:00 18/7/2026] [dariusrachelledelila5] [INFO] MOBILE [LOGIN] Authentication flow reached Rewards | phase=initial login
[21:39:00 18/7/2026] [dariusrachelledelila5] [INFO] MOBILE [LOGIN] Finalizing login
[21:39:05 18/7/2026] [dariusrachelledelila5] [INFO] MOBILE [LOGIN] Rewards landing reached; dashboard verification pending
[21:39:08 18/7/2026] [dariusrachelledelila5] [INFO] MOBILE [LOGIN] Starting Bing session verification
[21:39:08 18/7/2026] [dariusrachelledelila5] [INFO] MOBILE [LOGIN-BING] Verifying Bing session
[21:39:16 18/7/2026] [dariusrachelledelila5] [WARN] MOBILE [LOGIN] Unknown state at www.bing.com/, waiting
[21:39:25 18/7/2026] [dariusrachelledelila5] [INFO] MOBILE [LOGIN-BING] Bing session verified successfully
[21:39:25 18/7/2026] [dariusrachelledelila5] [INFO] MOBILE [LOGIN] Acquiring rewards context
[21:39:25 18/7/2026] [dariusrachelledelila5] [INFO] MOBILE [GET-REWARD-SESSION] Bootstrapping rewards context
[21:39:27 18/7/2026] [dariusrachelledelila5] [WARN] MOBILE [BOOTSTRAP] Rewards /dashboard navigation stopped | attempt=1/3 | url=login.live.com/oauth20_authorize.srf | error=Rewards authentication is required after redirect to login.live.com/oauth20_authorize.srf
[21:39:27 18/7/2026] [dariusrachelledelila5] [ERROR] MOBILE [BOOTSTRAP] Failed acquiring context | error=Rewards authentication is required after redirect to login.live.com/oauth20_authorize.srf
[21:39:27 18/7/2026] [dariusrachelledelila5] [WARN] MOBILE [GET-REWARD-SESSION] Rewards authentication required at login.live.com/oauth20_authorize.srf; resuming Microsoft login flow once
[21:39:32 18/7/2026] [dariusrachelledelila5] [INFO] MOBILE [LOGIN] Authentication flow reached Rewards | phase=Rewards OAuth recovery
[21:39:34 18/7/2026] [dariusrachelledelila5] [INFO] MOBILE [REACT-PARSE] Snapshot complete | offers=31 | reportable=7 | streaks=3 | streakProtectionEnabled=true | streakProtectionRemainingDays=14 | streakCounter=2 | level=null | account=dariusrachelledelila5@hotmail.com
[21:39:36 18/7/2026] [dariusrachelledelila5] [INFO] MOBILE [BOOTSTRAP] Context ready | actions=15 | reportable=7 | available=null
[21:39:36 18/7/2026] [dariusrachelledelila5] [INFO] MOBILE [BUILD] Rewards build | id=unknown
[21:39:36 18/7/2026] [dariusrachelledelila5] [INFO] MOBILE [GET-REWARD-SESSION] Context ready | actions=15 | reportable=7 | available=null
[21:39:36 18/7/2026] [dariusrachelledelila5] [INFO] MOBILE [LOGIN] Logged into Microsoft Rewards successfully
[21:39:37 18/7/2026] [dariusrachelledelila5] [INFO] MOBILE [LOGIN] Login completed, session saved
[21:39:37 18/7/2026] [dariusrachelledelila5] [INFO] MOBILE [GET-APP-TOKEN] Requesting mobile access token
[21:39:39 18/7/2026] [dariusrachelledelila5] [INFO] MOBILE [LOGIN-APP] Mobile access token received
[21:39:45 18/7/2026] [dariusrachelledelila5] [INFO] MAIN [POINTS] Earnable today | Mobile: 65 | Browser: 60 | App: 5 | dariusrachelledelila5@hotmail.com | locale: vn
[21:39:45 18/7/2026] [dariusrachelledelila5] [INFO] MOBILE [ENABLE-STREAK-PROTECTION] Already enabled | remainingDays=14
[21:39:45 18/7/2026] [dariusrachelledelila5] [INFO] MOBILE [DAILY-SET] All "Daily Set" items have already been completed
[21:39:45 18/7/2026] [dariusrachelledelila5] [INFO] MOBILE [MORE-PROMOTIONS] Started solving 3 "More Promotions" items
[21:39:45 18/7/2026] [dariusrachelledelila5] [INFO] MOBILE [ACTIVITY] Found activity type "UrlReward" | title="Bees in the city" | offerId=WW_Rewards_locked_level2_Jul26w3_offer1
[21:39:45 18/7/2026] [dariusrachelledelila5] [INFO] MOBILE [URL-REWARD] Starting UrlReward | offerId=WW_Rewards_locked_level2_Jul26w3_offer1 | geo=vn | currentBalance=594
[21:39:47 18/7/2026] [dariusrachelledelila5] [INFO] MOBILE [URL-REWARD] Completed UrlReward | offerId=WW_Rewards_locked_level2_Jul26w3_offer1 | pointsGained=15 | currentBalance=609
[22:23:28 18/7/2026] [MAIN] [INFO] MAIN [RUN-START] Starting Microsoft Rewards Script | v4.0.3 | Accounts: 1 | Proxy routes: 1 | Workers: 1 (auto)
[22:23:28 18/7/2026] [dariusrachelledelila5] [INFO] MAIN [ACCOUNT-START] Starting account: dariusrachelledelila5@hotmail.com | geoLocale: auto
[22:23:29 18/7/2026] [dariusrachelledelila5] [INFO] MAIN [PROXY] Proxy route verified for account; direct HTTP fallback is disabled
[22:23:29 18/7/2026] [dariusrachelledelila5] [INFO] MAIN [FLOW] Starting session for dariusrachelledelila5@hotmail.com
[22:23:29 18/7/2026] [dariusrachelledelila5] [INFO] MOBILE [BROWSER] Launching bundled patched Chromium (Edge UA) | headless: true | platform: win32 | proxy: yes (TLS errors ignored)
[22:23:31 18/7/2026] [dariusrachelledelila5] [INFO] MOBILE [BROWSER] Created context | User-Agent: "Mozilla/5.0 (Linux; Android 11; K) AppleWebKit/537.36 (KHTML, like Gecko) Chrome/151.0.0.0 Mobile Safari/537.36 EdgA/150.0.4078.65"
[22:23:31 18/7/2026] [dariusrachelledelila5] [INFO] MAIN [BROWSER] Mobile Browser started | dariusrachelledelila5@hotmail.com
[22:23:31 18/7/2026] [dariusrachelledelila5] [INFO] MOBILE [LOGIN] Starting login process
[22:23:57 18/7/2026] [dariusrachelledelila5] [WARN] MOBILE [LOGIN] Unknown state at login.live.com/oauth20_authorize.srf, waiting
[22:24:04 18/7/2026] [dariusrachelledelila5] [WARN] MOBILE [LOGIN] Unknown state at login.live.com/oauth20_authorize.srf, waiting
[22:24:11 18/7/2026] [dariusrachelledelila5] [INFO] MOBILE [LOGIN] Entering email
[22:24:18 18/7/2026] [dariusrachelledelila5] [INFO] MOBILE [LOGIN-ENTER-EMAIL] Email submitted
[22:24:23 18/7/2026] [dariusrachelledelila5] [INFO] MOBILE [LOGIN] Email entered successfully
[22:24:29 18/7/2026] [dariusrachelledelila5] [INFO] MOBILE [LOGIN] State transition: EMAIL_INPUT → GET_A_CODE
[22:24:29 18/7/2026] [dariusrachelledelila5] [INFO] MOBILE [LOGIN] Attempting to bypass "Get code" page
[22:24:35 18/7/2026] [dariusrachelledelila5] [INFO] MOBILE [LOGIN] Other ways to sign in clicked
[22:24:42 18/7/2026] [dariusrachelledelila5] [INFO] MOBILE [LOGIN] State transition: GET_A_CODE → OTP_CODE_ENTRY
[22:24:42 18/7/2026] [dariusrachelledelila5] [INFO] MOBILE [LOGIN] OTP code entry page detected, attempting to find password option
[22:24:49 18/7/2026] [dariusrachelledelila5] [INFO] MOBILE [LOGIN] Footer link clicked
[22:24:49 18/7/2026] [dariusrachelledelila5] [INFO] MOBILE [LOGIN] Navigated back from OTP entry page
[22:24:56 18/7/2026] [dariusrachelledelila5] [INFO] MOBILE [LOGIN] State transition: OTP_CODE_ENTRY → PASSWORD_INPUT
[22:24:56 18/7/2026] [dariusrachelledelila5] [INFO] MOBILE [LOGIN] Entering password
[22:25:00 18/7/2026] [dariusrachelledelila5] [INFO] MOBILE [LOGIN-ENTER-PASSWORD] Password submitted
[22:25:01 18/7/2026] [dariusrachelledelila5] [INFO] MOBILE [LOGIN] Password entered successfully
[22:25:03 18/7/2026] [dariusrachelledelila5] [INFO] MOBILE [LOGIN] State transition: PASSWORD_INPUT → KMSI_PROMPT
[22:25:03 18/7/2026] [dariusrachelledelila5] [INFO] MOBILE [LOGIN] Accepting KMSI prompt
[22:25:10 18/7/2026] [dariusrachelledelila5] [INFO] MOBILE [LOGIN] KMSI prompt accepted
[22:25:14 18/7/2026] [dariusrachelledelila5] [INFO] MOBILE [LOGIN] State transition: KMSI_PROMPT → LOGGED_IN
[22:25:14 18/7/2026] [dariusrachelledelila5] [INFO] MOBILE [LOGIN] Authentication flow reached Rewards | phase=initial login
[22:25:14 18/7/2026] [dariusrachelledelila5] [INFO] MOBILE [LOGIN] Finalizing login
[22:25:17 18/7/2026] [dariusrachelledelila5] [INFO] MOBILE [LOGIN] Rewards landing reached; dashboard verification pending
[22:25:22 18/7/2026] [dariusrachelledelila5] [INFO] MOBILE [LOGIN] Starting Bing session verification
[22:25:22 18/7/2026] [dariusrachelledelila5] [INFO] MOBILE [LOGIN-BING] Verifying Bing session
[22:25:33 18/7/2026] [dariusrachelledelila5] [INFO] MOBILE [LOGIN-BING] Bing session verified successfully
[22:25:33 18/7/2026] [dariusrachelledelila5] [INFO] MOBILE [LOGIN] Acquiring rewards context
[22:25:33 18/7/2026] [dariusrachelledelila5] [INFO] MOBILE [GET-REWARD-SESSION] Bootstrapping rewards context
[22:25:35 18/7/2026] [dariusrachelledelila5] [WARN] MOBILE [BOOTSTRAP] Rewards /dashboard navigation stopped | attempt=1/3 | url=login.live.com/oauth20_authorize.srf | error=Rewards authentication is required after redirect to login.live.com/oauth20_authorize.srf
[22:25:35 18/7/2026] [dariusrachelledelila5] [WARN] MOBILE [GET-REWARD-SESSION] Rewards authentication required at login.live.com/oauth20_authorize.srf; resuming Microsoft login flow once
[22:25:38 18/7/2026] [dariusrachelledelila5] [ERROR] MOBILE [ACCOUNT-UNUSABLE] Account cannot be used: dariusrachelledelila5@hotmail.com | Microsoft Rewards account has been suspended
[22:25:38 18/7/2026] [dariusrachelledelila5] [ERROR] MOBILE [GET-REWARD-SESSION] Failed to acquire rewards context: Account cannot be used: dariusrachelledelila5@hotmail.com | Microsoft Rewards account has been suspended
[22:25:38 18/7/2026] [dariusrachelledelila5] [ERROR] MOBILE [LOGIN] Fatal error: Account cannot be used: dariusrachelledelila5@hotmail.com | Microsoft Rewards account has been suspended
[22:25:38 18/7/2026] [dariusrachelledelila5] [WARN] MOBILE [CLOSE-BROWSER] Skipping session save because Rewards authentication was not validated
[22:25:39 18/7/2026] [dariusrachelledelila5] [WARN] MOBILE [BROWSER] Browser context closed
[22:25:39 18/7/2026] [dariusrachelledelila5] [INFO] MOBILE [CLOSE-BROWSER] All browser resources closed.
[22:25:39 18/7/2026] [dariusrachelledelila5] [ERROR] MOBILE [FLOW] Mobile flow failed for dariusrachelledelila5@hotmail.com: Account cannot be used: dariusrachelledelila5@hotmail.com | Microsoft Rewards account has been suspended
[22:25:39 18/7/2026] [dariusrachelledelila5] [INFO] MAIN [RUN-END] Completed all accounts | accountsProcessed=1 | pointsGained=0 | previousBalance=0 | currentBalance=0 | runtimeMinutes=2.2
