[08:26:12 19/7/2026] [MAIN] [INFO] MAIN [RUN-START] Starting Microsoft Rewards Script | v4.0.3 | Accounts: 1 | Proxy routes: 1 | Workers: 1 (auto)
[08:26:12 19/7/2026] [jaidesigridlionel4] [INFO] MAIN [ACCOUNT-START] Starting account: jaidesigridlionel4@hotmail.com | geoLocale: auto
[08:26:13 19/7/2026] [jaidesigridlionel4] [INFO] MAIN [PROXY] Proxy route verified for account; direct HTTP fallback is disabled
[08:26:13 19/7/2026] [jaidesigridlionel4] [INFO] MAIN [FLOW] Starting session for jaidesigridlionel4@hotmail.com
[08:26:13 19/7/2026] [jaidesigridlionel4] [INFO] MOBILE [BROWSER] Launching bundled patched Chromium (Edge UA) | headless: true | platform: win32 | proxy: yes (TLS errors ignored)
[08:26:13 19/7/2026] [jaidesigridlionel4] [INFO] MOBILE [BROWSER] Created context | User-Agent: "Mozilla/5.0 (Linux; Android 13; K) AppleWebKit/537.36 (KHTML, like Gecko) Chrome/151.0.0.0 Mobile Safari/537.36 EdgA/150.0.4078.65"
[08:26:13 19/7/2026] [jaidesigridlionel4] [INFO] MAIN [BROWSER] Mobile Browser started | jaidesigridlionel4@hotmail.com
[08:26:13 19/7/2026] [jaidesigridlionel4] [INFO] MOBILE [LOGIN] Starting login process
[08:26:21 19/7/2026] [jaidesigridlionel4] [INFO] MOBILE [LOGIN] Authentication flow reached Rewards | phase=initial login
[08:26:21 19/7/2026] [jaidesigridlionel4] [INFO] MOBILE [LOGIN] Finalizing login
[08:26:24 19/7/2026] [jaidesigridlionel4] [INFO] MOBILE [LOGIN] Rewards landing reached; dashboard verification pending
[08:26:25 19/7/2026] [jaidesigridlionel4] [INFO] MOBILE [LOGIN] Starting Bing session verification
[08:26:25 19/7/2026] [jaidesigridlionel4] [INFO] MOBILE [LOGIN-BING] Verifying Bing session
[08:26:33 19/7/2026] [jaidesigridlionel4] [INFO] MOBILE [LOGIN-BING] Bing session verified successfully
[08:26:33 19/7/2026] [jaidesigridlionel4] [INFO] MOBILE [LOGIN] Acquiring rewards context
[08:26:33 19/7/2026] [jaidesigridlionel4] [INFO] MOBILE [GET-REWARD-SESSION] Bootstrapping rewards context
[08:26:34 19/7/2026] [jaidesigridlionel4] [INFO] MOBILE [REACT-PARSE] Snapshot complete | offers=24 | reportable=4 | streaks=4 | streakProtectionEnabled=true | streakProtectionRemainingDays=14 | streakCounter=3 | level=null | account=jaidesigridlionel4@hotmail.com
[08:26:36 19/7/2026] [jaidesigridlionel4] [INFO] MOBILE [BOOTSTRAP] Context ready | actions=15 | reportable=4 | available=null
[08:26:36 19/7/2026] [jaidesigridlionel4] [INFO] MOBILE [BUILD] Rewards build | id=unknown
[08:26:36 19/7/2026] [jaidesigridlionel4] [INFO] MOBILE [GET-REWARD-SESSION] Context ready | actions=15 | reportable=4 | available=null
[08:26:36 19/7/2026] [jaidesigridlionel4] [INFO] MOBILE [LOGIN] Logged into Microsoft Rewards successfully
[08:26:36 19/7/2026] [jaidesigridlionel4] [INFO] MOBILE [LOGIN] Login completed, session saved
[08:26:36 19/7/2026] [jaidesigridlionel4] [INFO] MOBILE [GET-APP-TOKEN] Requesting mobile access token
[08:26:38 19/7/2026] [jaidesigridlionel4] [INFO] MOBILE [LOGIN-APP] Mobile access token received
[08:26:41 19/7/2026] [jaidesigridlionel4] [INFO] MAIN [POINTS] Earnable today | Mobile: 62 | Browser: 57 | App: 5 | jaidesigridlionel4@hotmail.com | locale: vn
[08:26:41 19/7/2026] [jaidesigridlionel4] [INFO] MOBILE [ENABLE-STREAK-PROTECTION] Already enabled | remainingDays=14
[08:26:41 19/7/2026] [jaidesigridlionel4] [INFO] MOBILE [DAILY-SET] All "Daily Set" items have already been completed
[08:26:41 19/7/2026] [jaidesigridlionel4] [INFO] MOBILE [MORE-PROMOTIONS] Started solving 1 "More Promotions" items
[08:26:41 19/7/2026] [jaidesigridlionel4] [INFO] MOBILE [ACTIVITY] Ignoring non-actionable welcome tour "Take the tour" | offerId=Gamification_FRE_Offer6nonwindows
[08:26:41 19/7/2026] [jaidesigridlionel4] [INFO] MOBILE [MORE-PROMOTIONS] All "More Promotion" items have been completed
[08:26:41 19/7/2026] [jaidesigridlionel4] [INFO] MOBILE [DAILY-CHECK-IN] Starting Daily Check-In | geo=vn | currentBalance=696
[08:26:41 19/7/2026] [jaidesigridlionel4] [WARN] MOBILE [DAILY-CHECK-IN] Daily Check-In completed but no points gained | type=103 | pointsGained=0 | currentBalance=696
[08:26:41 19/7/2026] [jaidesigridlionel4] [INFO] MOBILE [APP-PROMOTIONS] All "App Promotions" items have already been completed
[08:26:41 19/7/2026] [jaidesigridlionel4] [INFO] MOBILE [READ-TO-EARN] Starting Read to Earn | geo=vn | delayRange=30sec-50sec | currentBalance=696
[08:26:42 19/7/2026] [jaidesigridlionel4] [INFO] MOBILE [READ-TO-EARN] No points gained, stopping Read to Earn | article=1/10 | status=200 | pointsGained=0 | currentBalance=696
[08:26:42 19/7/2026] [jaidesigridlionel4] [INFO] MOBILE [READ-TO-EARN] Completed Read to Earn | articlesRead=0 | pointsGained=0 | previousBalance=696 | currentBalance=696
[08:26:42 19/7/2026] [jaidesigridlionel4] [INFO] MOBILE [REACT-PARSE] Quest list | parents=3 | incomplete=3
[08:26:42 19/7/2026] [jaidesigridlionel4] [INFO] MOBILE [PUNCHCARD] Found 2 incomplete quest(s) on /earn | api-matched=1
[08:26:43 19/7/2026] [jaidesigridlionel4] [INFO] MOBILE [REACT-PARSE] Quest snapshot | children=3 | reportable=3
[08:26:43 19/7/2026] [jaidesigridlionel4] [INFO] MOBILE [PUNCHCARD] Solving "Get started with Rewards" | children=3 | reportable=3
[08:26:44 19/7/2026] [jaidesigridlionel4] [INFO] MOBILE [PUNCHCARD] Reported child | offerId=WW_pcchild2_redesign_newuser_onboarding_offer_punchcard | status=200 | acknowledged=true | pointsGained=0 | currentBalance=696
[08:26:52 19/7/2026] [jaidesigridlionel4] [INFO] MOBILE [PUNCHCARD] Reported child | offerId=WW_pcchild7_redesign_newuser_onboarding_offer_punchcard | status=200 | acknowledged=true | pointsGained=0 | currentBalance=696
[08:27:08 19/7/2026] [jaidesigridlionel4] [INFO] MOBILE [PUNCHCARD] Reported child | offerId=WW_pcchild8_redesign_newuser_onboarding_offer_punchcard | status=200 | acknowledged=true | pointsGained=0 | currentBalance=696
[08:27:18 19/7/2026] [jaidesigridlionel4] [INFO] MOBILE [PUNCHCARD] Quest "Get started with Rewards" COMPLETE | reported=3 | pointsGained=0 | currentBalance=696 | targetPoints=1320
[08:27:24 19/7/2026] [jaidesigridlionel4] [INFO] MOBILE [REACT-PARSE] Quest snapshot | children=2 | reportable=0
[08:27:24 19/7/2026] [jaidesigridlionel4] [INFO] MOBILE [PUNCHCARD] Solving "July playbook: travel smart, chase thrills, and shop the latest tech" | children=2 | reportable=0
[08:27:24 19/7/2026] [jaidesigridlionel4] [INFO] MOBILE [PUNCHCARD] Quest "July playbook: travel smart, chase thrills, and shop the latest tech" in progress | reported=0 | remaining=2 | pointsGained=0 | currentBalance=696 | targetPoints=50
[08:27:24 19/7/2026] [jaidesigridlionel4] [INFO] MOBILE [PUNCHCARD] Finished processing quests
[08:27:24 19/7/2026] [jaidesigridlionel4] [INFO] MAIN [SEARCH-MANAGER] Mobile: run (missing 57) | Desktop: run (missing 90)
[08:27:24 19/7/2026] [jaidesigridlionel4] [INFO] MOBILE [SEARCH-BING] Starting Bing searches | currentBalance=696
[08:27:25 19/7/2026] [jaidesigridlionel4] [INFO] MOBILE [SEARCH-BING] Search points remaining | edge=0 | desktop=90 | mobile=57
[08:27:49 19/7/2026] [jaidesigridlionel4] [INFO] MOBILE [SEARCH-BING] Query pool ready | count=8259
[08:28:53 19/7/2026] [jaidesigridlionel4] [INFO] MOBILE [SEARCH-BING] pointsGained=3 | currentBalance=699 | query="easy homemade pizza recipe" | remaining=54
[08:30:02 19/7/2026] [jaidesigridlionel4] [INFO] MOBILE [SEARCH-BING] pointsGained=3 | currentBalance=702 | query="grafana explained simply" | remaining=51
[08:31:02 19/7/2026] [jaidesigridlionel4] [INFO] MOBILE [SEARCH-BING] pointsGained=3 | currentBalance=705 | query="how to make vegan burgers" | remaining=48
[08:32:13 19/7/2026] [jaidesigridlionel4] [INFO] MOBILE [SEARCH-BING] pointsGained=3 | currentBalance=708 | query="how to edit videos" | remaining=45
[08:33:19 19/7/2026] [jaidesigridlionel4] [INFO] MOBILE [SEARCH-BING] pointsGained=3 | currentBalance=711 | query="what is sqlite" | remaining=42
[08:34:38 19/7/2026] [jaidesigridlionel4] [INFO] MOBILE [SEARCH-BING] pointsGained=3 | currentBalance=714 | query="beginner guide to windows 11" | remaining=39
[08:35:50 19/7/2026] [jaidesigridlionel4] [INFO] MOBILE [SEARCH-BING] pointsGained=3 | currentBalance=717 | query="easy turkish phrases near me" | remaining=36
[08:37:13 19/7/2026] [jaidesigridlionel4] [INFO] MOBILE [SEARCH-BING] pointsGained=3 | currentBalance=720 | query="underrated history podcasts" | remaining=33
[08:38:29 19/7/2026] [jaidesigridlionel4] [INFO] MOBILE [SEARCH-BING] pointsGained=3 | currentBalance=723 | query="dac vi kim tai khoi dong" | remaining=30
[08:40:18 19/7/2026] [jaidesigridlionel4] [INFO] MOBILE [SEARCH-BING] pointsGained=3 | currentBalance=726 | query="why do wifi drop randomly" | remaining=27
[08:41:31 19/7/2026] [jaidesigridlionel4] [INFO] MOBILE [SEARCH-BING] pointsGained=3 | currentBalance=729 | query="how to find quick coding projects" | remaining=24
[08:42:17 19/7/2026] [jaidesigridlionel4] [ERROR] MOBILE [SEARCH-RANDOM-CLICK] Failed during random click | page.goto: net::ERR_TIMED_OUT at https://www.bing.com/search?q=how%20to%20find%20quick%20learning%20resources&qs=n&form=QBRE&sp=-1&lq=0&pq=how%20to%20find%20quick%20learning%20resource&sc=12-35&sk=&cvid=20A2F70C94C442F398AC0447CCBF3907
Call log:
[2m  - navigating to "https://www.bing.com/search?q=how%20to%20find%20quick%20learning%20resources&qs=n&form=QBRE&sp=-1&lq=0&pq=how%20to%20find%20quick%20learning%20resource&sc=12-35&sk=&cvid=20A2F70C94C442F398AC0447CCBF3907", waiting until "load"[22m

[08:43:07 19/7/2026] [jaidesigridlionel4] [ERROR] MOBILE [GET-DASHBOARD-DATA] Failed to get dashboard data: Configured proxy is unavailable (request timed out); direct fallback is disabled
[08:43:07 19/7/2026] [jaidesigridlionel4] [WARN] MOBILE [SEARCH-BING] Could not refresh search progress | failure=1/3 | Configured proxy is unavailable (request timed out); direct fallback is disabled
[08:43:29 19/7/2026] [jaidesigridlionel4] [WARN] MOBILE [SEARCH-BING] Search attempt 1/5 failed | query="how to start piano" | locator.waitFor: Timeout 15000ms exceeded.
Call log:
[2m  - waiting for locator('#sb_form_q') to be visible[22m

[08:43:53 19/7/2026] [jaidesigridlionel4] [ERROR] MOBILE [SEARCH-BING] Search session error | Configured proxy is unavailable (request timed out); direct fallback is disabled
[08:43:53 19/7/2026] [jaidesigridlionel4] [INFO] MOBILE [SEARCH-BING] Completed Bing searches | pointsGained=33 | currentBalance=729 | previousBalance=696 | searches=12 | remaining=24
[08:44:11 19/7/2026] [jaidesigridlionel4] [WARN] MOBILE [BROWSER] Browser context closed
[08:44:12 19/7/2026] [jaidesigridlionel4] [INFO] MOBILE [CLOSE-BROWSER] All browser resources closed.
[08:44:12 19/7/2026] [jaidesigridlionel4] [INFO] DESKTOP [BROWSER] Launching bundled patched Chromium (Edge UA) | headless: true | platform: win32 | proxy: yes (TLS errors ignored)
[08:44:13 19/7/2026] [jaidesigridlionel4] [ERROR] DESKTOP [USERAGENT-EDGE-VERSION] An error occurred: Configured proxy is unavailable (request timed out; retry allowed in 11s); direct fallback is disabled
[08:44:13 19/7/2026] [jaidesigridlionel4] [ERROR] DESKTOP [USER-AGENT-UPDATE] An error occurred: Configured proxy is unavailable (request timed out; retry allowed in 11s); direct fallback is disabled
[08:44:13 19/7/2026] [jaidesigridlionel4] [ERROR] MOBILE [FLOW] Mobile flow failed for jaidesigridlionel4@hotmail.com: Configured proxy is unavailable (request timed out; retry allowed in 11s); direct fallback is disabled
[08:44:13 19/7/2026] [jaidesigridlionel4] [INFO] MAIN [RUN-END] Completed all accounts | accountsProcessed=1 | pointsGained=0 | previousBalance=0 | currentBalance=0 | runtimeMinutes=18.0
