(node:25244) ExperimentalWarning: SQLite is an experimental feature and might change at any time
(Use `node --trace-warnings ...` to show where the warning was created)
[20:35:46 18/7/2026] [MAIN] [INFO] MAIN [RUN-START] Starting Microsoft Rewards Script | v4.0.3 | Accounts: 1 | Clusters: 1
[20:35:47 18/7/2026] [xiii-sexiao7821] [INFO] MAIN [ACCOUNT-START] Starting account: xiii-sexiao7821@hotmail.com | geoLocale: auto
[20:35:48 18/7/2026] [xiii-sexiao7821] [INFO] MAIN [PROXY] Proxy route verified for account; direct HTTP fallback is disabled
[20:35:48 18/7/2026] [xiii-sexiao7821] [INFO] MAIN [FLOW] Starting session for xiii-sexiao7821@hotmail.com
[20:35:48 18/7/2026] [xiii-sexiao7821] [INFO] MOBILE [BROWSER] Launching bundled patched Chromium (Edge UA) | headless: true | platform: win32 | proxy: yes (TLS errors ignored)
[20:35:51 18/7/2026] [xiii-sexiao7821] [INFO] MOBILE [BROWSER] Created context | User-Agent: "Mozilla/5.0 (Linux; Android 10; K) AppleWebKit/537.36 (KHTML, like Gecko) Chrome/151.0.0.0 Mobile Safari/537.36 EdgA/150.0.4078.65"
[20:35:52 18/7/2026] [xiii-sexiao7821] [INFO] MAIN [BROWSER] Mobile Browser started | xiii-sexiao7821@hotmail.com
[20:35:52 18/7/2026] [xiii-sexiao7821] [INFO] MOBILE [LOGIN] Starting login process
[20:35:59 18/7/2026] [xiii-sexiao7821] [INFO] MOBILE [LOGIN] Authentication flow reached Rewards | phase=initial login
[20:35:59 18/7/2026] [xiii-sexiao7821] [INFO] MOBILE [LOGIN] Finalizing login
[20:36:05 18/7/2026] [xiii-sexiao7821] [INFO] MOBILE [LOGIN] Rewards landing reached; dashboard verification pending
[20:36:06 18/7/2026] [xiii-sexiao7821] [INFO] MOBILE [LOGIN] Starting Bing session verification
[20:36:06 18/7/2026] [xiii-sexiao7821] [INFO] MOBILE [LOGIN-BING] Verifying Bing session
[20:36:14 18/7/2026] [xiii-sexiao7821] [WARN] MOBILE [LOGIN] Unknown state at www.bing.com/, waiting
[20:36:18 18/7/2026] [xiii-sexiao7821] [INFO] MOBILE [LOGIN-BING] Bing session verified successfully
[20:36:18 18/7/2026] [xiii-sexiao7821] [INFO] MOBILE [LOGIN] Acquiring rewards context
[20:36:18 18/7/2026] [xiii-sexiao7821] [INFO] MOBILE [GET-REWARD-SESSION] Bootstrapping rewards context
[20:36:21 18/7/2026] [xiii-sexiao7821] [INFO] MOBILE [REACT-PARSE] Snapshot complete | offers=31 | reportable=7 | streaks=3 | streakProtectionEnabled=true | streakProtectionRemainingDays=14 | streakCounter=3 | level=null | account=xiii-sexiao7821@hotmail.com
[20:36:29 18/7/2026] [xiii-sexiao7821] [INFO] MOBILE [BOOTSTRAP] Context ready | actions=15 | reportable=7 | available=null
[20:36:29 18/7/2026] [xiii-sexiao7821] [INFO] MOBILE [BUILD] Rewards build | id=unknown
[20:36:29 18/7/2026] [xiii-sexiao7821] [INFO] MOBILE [GET-REWARD-SESSION] Context ready | actions=15 | reportable=7 | available=null
[20:36:29 18/7/2026] [xiii-sexiao7821] [INFO] MOBILE [LOGIN] Logged into Microsoft Rewards successfully
[20:36:30 18/7/2026] [xiii-sexiao7821] [INFO] MOBILE [LOGIN] Login completed, session saved
[20:36:30 18/7/2026] [xiii-sexiao7821] [INFO] MOBILE [GET-APP-TOKEN] Requesting mobile access token
[20:36:33 18/7/2026] [xiii-sexiao7821] [INFO] MOBILE [LOGIN-APP] Mobile access token received
[20:36:38 18/7/2026] [xiii-sexiao7821] [INFO] MAIN [POINTS] Earnable today | Mobile: 5 | Browser: 0 | App: 5 | xiii-sexiao7821@hotmail.com | locale: vn
[20:36:38 18/7/2026] [xiii-sexiao7821] [INFO] MOBILE [ENABLE-STREAK-PROTECTION] Already enabled | remainingDays=14
[20:36:38 18/7/2026] [xiii-sexiao7821] [INFO] MOBILE [DAILY-SET] All "Daily Set" items have already been completed
[20:36:38 18/7/2026] [xiii-sexiao7821] [INFO] MOBILE [MORE-PROMOTIONS] Started solving 3 "More Promotions" items
[20:36:38 18/7/2026] [xiii-sexiao7821] [INFO] MOBILE [ACTIVITY] Found activity type "UrlReward" | title="Bees in the city" | offerId=WW_Rewards_locked_level2_Jul26w3_offer1
[20:36:38 18/7/2026] [xiii-sexiao7821] [INFO] MOBILE [URL-REWARD] Starting UrlReward | offerId=WW_Rewards_locked_level2_Jul26w3_offer1 | geo=vn | currentBalance=690
[20:36:40 18/7/2026] [xiii-sexiao7821] [INFO] MOBILE [URL-REWARD] Completed UrlReward | offerId=WW_Rewards_locked_level2_Jul26w3_offer1 | pointsGained=15 | currentBalance=705
[20:37:00 18/7/2026] [xiii-sexiao7821] [INFO] MOBILE [ACTIVITY] Found activity type "UrlReward" | title="Quotes to inspire" | offerId=WW_Rewards_locked_level2_Jul26w3_offer2
[20:37:00 18/7/2026] [xiii-sexiao7821] [INFO] MOBILE [URL-REWARD] Starting UrlReward | offerId=WW_Rewards_locked_level2_Jul26w3_offer2 | geo=vn | currentBalance=705
[20:37:03 18/7/2026] [xiii-sexiao7821] [INFO] MOBILE [URL-REWARD] Completed UrlReward | offerId=WW_Rewards_locked_level2_Jul26w3_offer2 | pointsGained=15 | currentBalance=720
[20:37:26 18/7/2026] [xiii-sexiao7821] [WARN] MOBILE [ACTIVITY] Skipped activity "Take the tour" | offerId=Gamification_FRE_Offer6nonwindows | Reason: Unsupported type "welcometour"
[20:37:40 18/7/2026] [xiii-sexiao7821] [INFO] MOBILE [MORE-PROMOTIONS] All "More Promotion" items have been completed
[20:37:40 18/7/2026] [xiii-sexiao7821] [INFO] MOBILE [DAILY-CHECK-IN] Starting Daily Check-In | geo=vn | currentBalance=720
[20:37:40 18/7/2026] [xiii-sexiao7821] [WARN] MOBILE [DAILY-CHECK-IN] Daily Check-In completed but no points gained | type=103 | pointsGained=0 | currentBalance=720
[20:37:40 18/7/2026] [xiii-sexiao7821] [INFO] MOBILE [APP-PROMOTIONS] All "App Promotions" items have already been completed
[20:37:40 18/7/2026] [xiii-sexiao7821] [INFO] MOBILE [READ-TO-EARN] Starting Read to Earn | geo=vn | delayRange=30sec-50sec | currentBalance=720
[20:37:40 18/7/2026] [xiii-sexiao7821] [INFO] MOBILE [READ-TO-EARN] No points gained, stopping Read to Earn | article=1/10 | status=200 | pointsGained=0 | currentBalance=720
[20:37:40 18/7/2026] [xiii-sexiao7821] [INFO] MOBILE [READ-TO-EARN] Completed Read to Earn | articlesRead=0 | pointsGained=0 | previousBalance=720 | currentBalance=720
[20:37:41 18/7/2026] [xiii-sexiao7821] [INFO] MOBILE [REACT-PARSE] Quest list | parents=3 | incomplete=3
[20:37:41 18/7/2026] [xiii-sexiao7821] [INFO] MOBILE [PUNCHCARD] Found 2 incomplete quest(s) on /earn | api-matched=1
[20:37:43 18/7/2026] [xiii-sexiao7821] [INFO] MOBILE [REACT-PARSE] Quest snapshot | children=3 | reportable=3
[20:37:43 18/7/2026] [xiii-sexiao7821] [INFO] MOBILE [PUNCHCARD] Solving "Get started with Rewards" | children=3 | reportable=3
[20:37:46 18/7/2026] [xiii-sexiao7821] [INFO] MOBILE [PUNCHCARD] Reported child | offerId=WW_pcchild2_redesign_newuser_onboarding_offer_punchcard | status=200 | acknowledged=true | pointsGained=0 | currentBalance=720
[20:37:59 18/7/2026] [xiii-sexiao7821] [INFO] MOBILE [PUNCHCARD] Reported child | offerId=WW_pcchild7_redesign_newuser_onboarding_offer_punchcard | status=200 | acknowledged=true | pointsGained=0 | currentBalance=720
[20:38:08 18/7/2026] [xiii-sexiao7821] [INFO] MOBILE [PUNCHCARD] Reported child | offerId=WW_pcchild8_redesign_newuser_onboarding_offer_punchcard | status=200 | acknowledged=true | pointsGained=0 | currentBalance=720
[20:38:17 18/7/2026] [xiii-sexiao7821] [INFO] MOBILE [PUNCHCARD] Quest "Get started with Rewards" COMPLETE | reported=3 | pointsGained=0 | currentBalance=720 | targetPoints=1320
[20:38:18 18/7/2026] [xiii-sexiao7821] [INFO] MOBILE [REACT-PARSE] Quest snapshot | children=1 | reportable=0
[20:38:18 18/7/2026] [xiii-sexiao7821] [INFO] MOBILE [PUNCHCARD] Solving "July playbook: travel smart, chase thrills, and shop the latest tech" | children=1 | reportable=0
[20:38:18 18/7/2026] [xiii-sexiao7821] [INFO] MOBILE [PUNCHCARD] Quest "July playbook: travel smart, chase thrills, and shop the latest tech" in progress | reported=0 | remaining=1 | pointsGained=0 | currentBalance=720 | targetPoints=50
[20:38:18 18/7/2026] [xiii-sexiao7821] [INFO] MOBILE [PUNCHCARD] Finished processing quests
[20:38:20 18/7/2026] [xiii-sexiao7821] [INFO] MAIN [SEARCH-MANAGER] Mobile: skip (no points) | Desktop: run (missing 9)
[20:38:22 18/7/2026] [xiii-sexiao7821] [WARN] MOBILE [BROWSER] Browser context closed
[20:38:37 18/7/2026] [xiii-sexiao7821] [INFO] MOBILE [CLOSE-BROWSER] All browser resources closed.
[20:38:37 18/7/2026] [xiii-sexiao7821] [INFO] DESKTOP [BROWSER] Launching bundled patched Chromium (Edge UA) | headless: true | platform: win32 | proxy: yes (TLS errors ignored)
[20:38:41 18/7/2026] [xiii-sexiao7821] [INFO] DESKTOP [BROWSER] Created context | User-Agent: "Mozilla/5.0 (Windows NT 10.0; Win64; x64) AppleWebKit/537.36 (KHTML, like Gecko) Chrome/151.0.0.0 Safari/537.36 Edg/150.0.4078.83"
[20:38:42 18/7/2026] [xiii-sexiao7821] [INFO] DESKTOP [BROWSER] Desktop Browser started | xiii-sexiao7821@hotmail.com
[20:38:42 18/7/2026] [xiii-sexiao7821] [INFO] DESKTOP [LOGIN] Starting login process
[20:38:56 18/7/2026] [xiii-sexiao7821] [WARN] DESKTOP [LOGIN] Unknown state at login.live.com/oauth20_authorize.srf, waiting
[20:39:03 18/7/2026] [xiii-sexiao7821] [WARN] DESKTOP [LOGIN] Unknown state at login.live.com/oauth20_authorize.srf, waiting
[20:39:11 18/7/2026] [xiii-sexiao7821] [WARN] DESKTOP [LOGIN] Unknown state at login.live.com/oauth20_authorize.srf, waiting
[20:39:18 18/7/2026] [xiii-sexiao7821] [WARN] DESKTOP [LOGIN] Unknown state at login.live.com/oauth20_authorize.srf, waiting
[20:39:26 18/7/2026] [xiii-sexiao7821] [WARN] DESKTOP [LOGIN] Unknown state at login.live.com/oauth20_authorize.srf, waiting
[20:39:32 18/7/2026] [xiii-sexiao7821] [INFO] DESKTOP [LOGIN] Entering email
[20:39:40 18/7/2026] [xiii-sexiao7821] [INFO] DESKTOP [LOGIN-ENTER-EMAIL] Email submitted
[20:39:45 18/7/2026] [xiii-sexiao7821] [INFO] DESKTOP [LOGIN] Email entered successfully
[20:39:52 18/7/2026] [xiii-sexiao7821] [INFO] DESKTOP [LOGIN] State transition: EMAIL_INPUT → UNKNOWN
[20:39:52 18/7/2026] [xiii-sexiao7821] [WARN] DESKTOP [LOGIN] Unknown state at login.live.com/oauth20_authorize.srf, waiting
[20:39:59 18/7/2026] [xiii-sexiao7821] [INFO] DESKTOP [LOGIN] Entering password
[20:40:06 18/7/2026] [xiii-sexiao7821] [INFO] DESKTOP [LOGIN-ENTER-PASSWORD] Password submitted
[20:40:11 18/7/2026] [xiii-sexiao7821] [INFO] DESKTOP [LOGIN] Password entered successfully
[20:40:12 18/7/2026] [xiii-sexiao7821] [INFO] DESKTOP [LOGIN] State transition: PASSWORD_INPUT → LOGGED_IN
[20:40:12 18/7/2026] [xiii-sexiao7821] [INFO] DESKTOP [LOGIN] Authentication flow reached Rewards | phase=initial login
[20:40:12 18/7/2026] [xiii-sexiao7821] [INFO] DESKTOP [LOGIN] Finalizing login
[20:40:15 18/7/2026] [xiii-sexiao7821] [INFO] DESKTOP [LOGIN] Rewards landing reached; dashboard verification pending
[20:40:21 18/7/2026] [xiii-sexiao7821] [INFO] DESKTOP [LOGIN] Starting Bing session verification
[20:40:21 18/7/2026] [xiii-sexiao7821] [INFO] DESKTOP [LOGIN-BING] Verifying Bing session
[20:40:43 18/7/2026] [xiii-sexiao7821] [WARN] DESKTOP [LOGIN] Unknown state at www.bing.com/, waiting
[20:40:57 18/7/2026] [xiii-sexiao7821] [INFO] DESKTOP [LOGIN-BING] Bing session verified successfully
[20:40:57 18/7/2026] [xiii-sexiao7821] [INFO] DESKTOP [LOGIN] Acquiring rewards context
[20:40:57 18/7/2026] [xiii-sexiao7821] [INFO] DESKTOP [GET-REWARD-SESSION] Bootstrapping rewards context
[20:40:59 18/7/2026] [xiii-sexiao7821] [WARN] DESKTOP [BOOTSTRAP] Rewards /dashboard navigation stopped | attempt=1/3 | url=login.live.com/oauth20_authorize.srf | error=Rewards authentication is required after redirect to login.live.com/oauth20_authorize.srf
[20:40:59 18/7/2026] [xiii-sexiao7821] [ERROR] DESKTOP [BOOTSTRAP] Failed acquiring context | error=Rewards authentication is required after redirect to login.live.com/oauth20_authorize.srf
[20:40:59 18/7/2026] [xiii-sexiao7821] [WARN] DESKTOP [GET-REWARD-SESSION] Rewards authentication required at login.live.com/oauth20_authorize.srf; resuming Microsoft login flow once
[20:41:04 18/7/2026] [xiii-sexiao7821] [INFO] DESKTOP [LOGIN] Authentication flow reached Rewards | phase=Rewards OAuth recovery
[20:41:12 18/7/2026] [xiii-sexiao7821] [INFO] DESKTOP [REACT-PARSE] Snapshot complete | offers=34 | reportable=7 | streaks=3 | streakProtectionEnabled=true | streakProtectionRemainingDays=14 | streakCounter=3 | level=null | account=xiii-sexiao7821@hotmail.com
[20:41:23 18/7/2026] [xiii-sexiao7821] [INFO] DESKTOP [BOOTSTRAP] Context ready | actions=15 | reportable=7 | available=null
[20:41:23 18/7/2026] [xiii-sexiao7821] [INFO] DESKTOP [BUILD] Rewards build | id=unknown
[20:41:23 18/7/2026] [xiii-sexiao7821] [INFO] DESKTOP [GET-REWARD-SESSION] Context ready | actions=15 | reportable=7 | available=null
[20:41:23 18/7/2026] [xiii-sexiao7821] [INFO] DESKTOP [LOGIN] Logged into Microsoft Rewards successfully
[20:41:25 18/7/2026] [xiii-sexiao7821] [INFO] DESKTOP [LOGIN] Login completed, session saved
[20:41:29 18/7/2026] [xiii-sexiao7821] [INFO] DESKTOP [REACT-PARSE] Quest list | parents=4 | incomplete=4
[20:41:29 18/7/2026] [xiii-sexiao7821] [INFO] DESKTOP [PUNCHCARD] Found 3 incomplete quest(s) on /earn | api-matched=2
[20:41:30 18/7/2026] [xiii-sexiao7821] [INFO] DESKTOP [REACT-PARSE] Quest snapshot | children=3 | reportable=3
[20:41:30 18/7/2026] [xiii-sexiao7821] [INFO] DESKTOP [PUNCHCARD] Solving "Get started with Rewards" | children=3 | reportable=3
[20:41:32 18/7/2026] [xiii-sexiao7821] [INFO] DESKTOP [PUNCHCARD] Reported child | offerId=WW_pcchild2_redesign_newuser_onboarding_offer_punchcard | status=200 | acknowledged=true | pointsGained=0 | currentBalance=720
[20:41:45 18/7/2026] [xiii-sexiao7821] [INFO] DESKTOP [PUNCHCARD] Reported child | offerId=WW_pcchild7_redesign_newuser_onboarding_offer_punchcard | status=200 | acknowledged=true | pointsGained=0 | currentBalance=720
[20:42:02 18/7/2026] [xiii-sexiao7821] [INFO] DESKTOP [PUNCHCARD] Reported child | offerId=WW_pcchild8_redesign_newuser_onboarding_offer_punchcard | status=200 | acknowledged=true | pointsGained=0 | currentBalance=720
[20:42:09 18/7/2026] [xiii-sexiao7821] [INFO] DESKTOP [PUNCHCARD] Quest "Get started with Rewards" COMPLETE | reported=3 | pointsGained=0 | currentBalance=720 | targetPoints=1320
[20:42:10 18/7/2026] [xiii-sexiao7821] [INFO] DESKTOP [REACT-PARSE] Quest snapshot | children=4 | reportable=4
[20:42:10 18/7/2026] [xiii-sexiao7821] [INFO] DESKTOP [PUNCHCARD] Solving "Get 100 points. Use the search box on the Windows taskbar to search the web, find files, more." | children=4 | reportable=4
[20:42:12 18/7/2026] [xiii-sexiao7821] [INFO] DESKTOP [PUNCHCARD] Reported child | offerId=ENstar_pcchild1_urlreward_FY26_WSB_Dec_punchcard | status=200 | acknowledged=true | pointsGained=0 | currentBalance=720
[20:42:27 18/7/2026] [xiii-sexiao7821] [INFO] DESKTOP [PUNCHCARD] Reported child | offerId=ENstar_pcchild2_urlreward_FY26_WSB_Dec_punchcard | status=200 | acknowledged=true | pointsGained=0 | currentBalance=720
[20:42:40 18/7/2026] [xiii-sexiao7821] [INFO] DESKTOP [PUNCHCARD] Reported child | offerId=ENstar_pcchild3_urlreward_FY26_WSB_Dec_punchcard | status=200 | acknowledged=true | pointsGained=0 | currentBalance=720
[20:42:49 18/7/2026] [xiii-sexiao7821] [INFO] DESKTOP [PUNCHCARD] Reported child | offerId=ENstar_pcchild4_urlreward_FY26_WSB_Dec_punchcard | status=200 | acknowledged=true | pointsGained=100 | currentBalance=820
[20:43:01 18/7/2026] [xiii-sexiao7821] [INFO] DESKTOP [PUNCHCARD] Quest "Get 100 points. Use the search box on the Windows taskbar to search the web, find files, more." COMPLETE | reported=4 | pointsGained=100 | currentBalance=820 | targetPoints=100
[20:43:04 18/7/2026] [xiii-sexiao7821] [INFO] DESKTOP [REACT-PARSE] Quest snapshot | children=1 | reportable=0
[20:43:04 18/7/2026] [xiii-sexiao7821] [INFO] DESKTOP [PUNCHCARD] Solving "July playbook: travel smart, chase thrills, and shop the latest tech" | children=1 | reportable=0
[20:43:04 18/7/2026] [xiii-sexiao7821] [INFO] DESKTOP [PUNCHCARD] Quest "July playbook: travel smart, chase thrills, and shop the latest tech" in progress | reported=0 | remaining=1 | pointsGained=0 | currentBalance=820 | targetPoints=50
[20:43:04 18/7/2026] [xiii-sexiao7821] [INFO] DESKTOP [PUNCHCARD] Finished processing quests
[20:43:04 18/7/2026] [xiii-sexiao7821] [INFO] DESKTOP [SEARCH-BING] Starting Bing searches | currentBalance=820
[20:43:07 18/7/2026] [xiii-sexiao7821] [INFO] DESKTOP [SEARCH-BING] Search points remaining | edge=0 | desktop=9 | mobile=0
[20:43:38 18/7/2026] [xiii-sexiao7821] [INFO] DESKTOP [SEARCH-BING] Query pool ready | count=8089
[20:44:59 18/7/2026] [xiii-sexiao7821] [INFO] DESKTOP [SEARCH-BING] pointsGained=3 | currentBalance=823 | query="easy cleaning tips for beginners" | remaining=6
[20:46:23 18/7/2026] [xiii-sexiao7821] [INFO] DESKTOP [SEARCH-BING] pointsGained=3 | currentBalance=826 | query="Parents want safer phones for kids. These companies are answering the call. - TechCrunch" | remaining=3
[20:47:23 18/7/2026] [xiii-sexiao7821] [INFO] DESKTOP [SEARCH-BING] pointsGained=3 | currentBalance=829 | query="mystery novels explained simply" | remaining=0
[20:47:23 18/7/2026] [xiii-sexiao7821] [INFO] DESKTOP [SEARCH-BING] Completed Bing searches | pointsGained=9 | currentBalance=829 | previousBalance=820 | searches=3 | remaining=0
[20:47:27 18/7/2026] [xiii-sexiao7821] [WARN] DESKTOP [BROWSER] Browser context closed
[20:47:28 18/7/2026] [xiii-sexiao7821] [INFO] DESKTOP [CLOSE-BROWSER] All browser resources closed.
[20:47:28 18/7/2026] [xiii-sexiao7821] [INFO] MAIN [SEARCH-MANAGER] Search summary | mobile=0 | desktop=9 | bonus=0 | total=9
[20:47:28 18/7/2026] [xiii-sexiao7821] [INFO] MOBILE [CLAIM-BONUS-POINTS] Starting ClaimBonusPoints | geo=vn | currentBalance=829
[20:47:29 18/7/2026] [xiii-sexiao7821] [INFO] MOBILE [CLAIM-BONUS-POINTS] Completed ClaimBonusPoints | acknowledged=true | pointsGained=6 | currentBalance=835
[20:47:38 18/7/2026] [xiii-sexiao7821] [INFO] MAIN [FLOW] Points collected | pointsGained=145 | currentBalance=835 | account=xiii-sexiao7821@hotmail.com
[20:47:38 18/7/2026] [xiii-sexiao7821] [INFO] MAIN [ACCOUNT-END] Completed account: xiii-sexiao7821@hotmail.com | pointsGained=145 | previousBalance=690 | currentBalance=835 | durationSeconds=711.7
[20:47:38 18/7/2026] [xiii-sexiao7821] [INFO] MAIN [RUN-END] Completed all accounts | accountsProcessed=1 | pointsGained=145 | previousBalance=690 | currentBalance=835 | runtimeMinutes=11.9
