(node:28700) ExperimentalWarning: SQLite is an experimental feature and might change at any time
(Use `node --trace-warnings ...` to show where the warning was created)
[20:47:41 18/7/2026] [MAIN] [INFO] MAIN [RUN-START] Starting Microsoft Rewards Script | v4.0.3 | Accounts: 1 | Clusters: 1
[20:47:41 18/7/2026] [aldole-reatriz] [INFO] MAIN [ACCOUNT-START] Starting account: aldole-reatriz@hotmail.com | geoLocale: auto
[20:47:42 18/7/2026] [aldole-reatriz] [INFO] MAIN [PROXY] Proxy route verified for account; direct HTTP fallback is disabled
[20:47:42 18/7/2026] [aldole-reatriz] [INFO] MAIN [FLOW] Starting session for aldole-reatriz@hotmail.com
[20:47:42 18/7/2026] [aldole-reatriz] [INFO] MOBILE [BROWSER] Launching bundled patched Chromium (Edge UA) | headless: true | platform: win32 | proxy: yes (TLS errors ignored)
[20:47:43 18/7/2026] [aldole-reatriz] [INFO] MOBILE [BROWSER] Created context | User-Agent: "Mozilla/5.0 (Linux; Android 12; K) AppleWebKit/537.36 (KHTML, like Gecko) Chrome/151.0.0.0 Mobile Safari/537.36 EdgA/150.0.4078.65"
[20:47:43 18/7/2026] [aldole-reatriz] [INFO] MAIN [BROWSER] Mobile Browser started | aldole-reatriz@hotmail.com
[20:47:43 18/7/2026] [aldole-reatriz] [INFO] MOBILE [LOGIN] Starting login process
[20:47:49 18/7/2026] [aldole-reatriz] [INFO] MOBILE [LOGIN] Authentication flow reached Rewards | phase=initial login
[20:47:49 18/7/2026] [aldole-reatriz] [INFO] MOBILE [LOGIN] Finalizing login
[20:47:53 18/7/2026] [aldole-reatriz] [INFO] MOBILE [LOGIN] Rewards landing reached; dashboard verification pending
[20:47:53 18/7/2026] [aldole-reatriz] [INFO] MOBILE [LOGIN] Starting Bing session verification
[20:47:53 18/7/2026] [aldole-reatriz] [INFO] MOBILE [LOGIN-BING] Verifying Bing session
[20:47:59 18/7/2026] [aldole-reatriz] [WARN] MOBILE [LOGIN] Unknown state at www.bing.com/, waiting
[20:48:02 18/7/2026] [aldole-reatriz] [INFO] MOBILE [LOGIN-BING] Bing session verified successfully
[20:48:02 18/7/2026] [aldole-reatriz] [INFO] MOBILE [LOGIN] Acquiring rewards context
[20:48:02 18/7/2026] [aldole-reatriz] [INFO] MOBILE [GET-REWARD-SESSION] Bootstrapping rewards context
[20:48:04 18/7/2026] [aldole-reatriz] [INFO] MOBILE [REACT-PARSE] Snapshot complete | offers=31 | reportable=9 | streaks=4 | streakProtectionEnabled=true | streakProtectionRemainingDays=14 | streakCounter=2 | level=null | account=aldole-reatriz@hotmail.com
[20:48:06 18/7/2026] [aldole-reatriz] [INFO] MOBILE [BOOTSTRAP] Context ready | actions=15 | reportable=9 | available=null
[20:48:06 18/7/2026] [aldole-reatriz] [INFO] MOBILE [BUILD] Rewards build | id=unknown
[20:48:06 18/7/2026] [aldole-reatriz] [INFO] MOBILE [GET-REWARD-SESSION] Context ready | actions=15 | reportable=9 | available=null
[20:48:06 18/7/2026] [aldole-reatriz] [INFO] MOBILE [LOGIN] Logged into Microsoft Rewards successfully
[20:48:06 18/7/2026] [aldole-reatriz] [INFO] MOBILE [LOGIN] Login completed, session saved
[20:48:06 18/7/2026] [aldole-reatriz] [INFO] MOBILE [GET-APP-TOKEN] Requesting mobile access token
[20:48:08 18/7/2026] [aldole-reatriz] [INFO] MOBILE [LOGIN-APP] Mobile access token received
[20:48:11 18/7/2026] [aldole-reatriz] [INFO] MAIN [POINTS] Earnable today | Mobile: 35 | Browser: 0 | App: 35 | aldole-reatriz@hotmail.com | locale: vn
[20:48:11 18/7/2026] [aldole-reatriz] [INFO] MOBILE [ENABLE-STREAK-PROTECTION] Already enabled | remainingDays=14
[20:48:11 18/7/2026] [aldole-reatriz] [INFO] MOBILE [DAILY-SET] Started solving "Daily Set" items
[20:48:11 18/7/2026] [aldole-reatriz] [INFO] MOBILE [ACTIVITY] Found activity type "UrlReward" | title="Upcoming comedy events" | offerId=Global_DailySet_20260718_Child1
[20:48:11 18/7/2026] [aldole-reatriz] [INFO] MOBILE [URL-REWARD] Starting UrlReward | offerId=Global_DailySet_20260718_Child1 | geo=vn | currentBalance=480
[20:48:12 18/7/2026] [aldole-reatriz] [INFO] MOBILE [URL-REWARD] Completed UrlReward | offerId=Global_DailySet_20260718_Child1 | pointsGained=10 | currentBalance=490
[20:48:36 18/7/2026] [aldole-reatriz] [INFO] MOBILE [ACTIVITY] Found activity type "UrlReward" | title="Boston’s spring bloom" | offerId=Global_DailySet_20260718_Child2
[20:48:36 18/7/2026] [aldole-reatriz] [INFO] MOBILE [URL-REWARD] Starting UrlReward | offerId=Global_DailySet_20260718_Child2 | geo=vn | currentBalance=490
[20:48:37 18/7/2026] [aldole-reatriz] [INFO] MOBILE [URL-REWARD] Completed UrlReward | offerId=Global_DailySet_20260718_Child2 | pointsGained=10 | currentBalance=500
[20:48:54 18/7/2026] [aldole-reatriz] [INFO] MOBILE [ACTIVITY] Found activity type "UrlReward" | title="Starry Visionary?" | offerId=Global_DailySet_20260718_Child3
[20:48:54 18/7/2026] [aldole-reatriz] [INFO] MOBILE [URL-REWARD] Starting UrlReward | offerId=Global_DailySet_20260718_Child3 | geo=vn | currentBalance=500
[20:48:55 18/7/2026] [aldole-reatriz] [INFO] MOBILE [URL-REWARD] Completed UrlReward | offerId=Global_DailySet_20260718_Child3 | pointsGained=10 | currentBalance=510
[20:49:08 18/7/2026] [aldole-reatriz] [INFO] MOBILE [DAILY-SET] All "Daily Set" items have been completed
[20:49:08 18/7/2026] [aldole-reatriz] [INFO] MOBILE [MORE-PROMOTIONS] Started solving 2 "More Promotions" items
[20:49:08 18/7/2026] [aldole-reatriz] [INFO] MOBILE [ACTIVITY] Found activity type "UrlReward" | title="Have you heard this quote?" | offerId=ENstar_Rewards_DailyGlobalOffer_Evergreen_Saturday
[20:49:08 18/7/2026] [aldole-reatriz] [INFO] MOBILE [URL-REWARD] Starting UrlReward | offerId=ENstar_Rewards_DailyGlobalOffer_Evergreen_Saturday | geo=vn | currentBalance=510
[20:49:09 18/7/2026] [aldole-reatriz] [INFO] MOBILE [URL-REWARD] Completed UrlReward | offerId=ENstar_Rewards_DailyGlobalOffer_Evergreen_Saturday | pointsGained=5 | currentBalance=515
[20:49:26 18/7/2026] [aldole-reatriz] [WARN] MOBILE [ACTIVITY] Skipped activity "Take the tour" | offerId=Gamification_FRE_Offer6nonwindows | Reason: Unsupported type "welcometour"
[20:49:37 18/7/2026] [aldole-reatriz] [INFO] MOBILE [MORE-PROMOTIONS] All "More Promotion" items have been completed
[20:49:37 18/7/2026] [aldole-reatriz] [INFO] MOBILE [DAILY-CHECK-IN] Starting Daily Check-In | geo=vn | currentBalance=515
[20:49:38 18/7/2026] [aldole-reatriz] [INFO] MOBILE [DAILY-CHECK-IN] Completed Daily Check-In | type=103 | pointsGained=10 | currentBalance=525
[20:49:38 18/7/2026] [aldole-reatriz] [INFO] MOBILE [APP-PROMOTIONS] All "App Promotions" items have already been completed
[20:49:38 18/7/2026] [aldole-reatriz] [INFO] MOBILE [READ-TO-EARN] Starting Read to Earn | geo=vn | delayRange=30sec-50sec | currentBalance=525
[20:49:38 18/7/2026] [aldole-reatriz] [INFO] MOBILE [READ-TO-EARN] Read article 1/10 | status=200 | pointsGained=3 | currentBalance=528
[20:50:21 18/7/2026] [aldole-reatriz] [INFO] MOBILE [READ-TO-EARN] Read article 2/10 | status=200 | pointsGained=3 | currentBalance=531
[20:51:05 18/7/2026] [aldole-reatriz] [INFO] MOBILE [READ-TO-EARN] Read article 3/10 | status=200 | pointsGained=3 | currentBalance=534
[20:51:44 18/7/2026] [aldole-reatriz] [INFO] MOBILE [READ-TO-EARN] Read article 4/10 | status=200 | pointsGained=3 | currentBalance=537
[20:52:14 18/7/2026] [aldole-reatriz] [INFO] MOBILE [READ-TO-EARN] Read article 5/10 | status=200 | pointsGained=3 | currentBalance=540
[20:52:50 18/7/2026] [aldole-reatriz] [INFO] MOBILE [READ-TO-EARN] Read article 6/10 | status=200 | pointsGained=3 | currentBalance=543
[20:53:36 18/7/2026] [aldole-reatriz] [INFO] MOBILE [READ-TO-EARN] Read article 7/10 | status=200 | pointsGained=3 | currentBalance=546
[20:54:08 18/7/2026] [aldole-reatriz] [INFO] MOBILE [READ-TO-EARN] Read article 8/10 | status=200 | pointsGained=3 | currentBalance=549
[20:54:46 18/7/2026] [aldole-reatriz] [INFO] MOBILE [READ-TO-EARN] Read article 9/10 | status=200 | pointsGained=3 | currentBalance=552
[20:55:34 18/7/2026] [aldole-reatriz] [INFO] MOBILE [READ-TO-EARN] Read article 10/10 | status=200 | pointsGained=3 | currentBalance=555
[20:56:18 18/7/2026] [aldole-reatriz] [INFO] MOBILE [READ-TO-EARN] Completed Read to Earn | articlesRead=10 | pointsGained=30 | previousBalance=525 | currentBalance=555
[20:56:19 18/7/2026] [aldole-reatriz] [INFO] MOBILE [REACT-PARSE] Quest list | parents=3 | incomplete=3
[20:56:19 18/7/2026] [aldole-reatriz] [INFO] MOBILE [PUNCHCARD] Found 2 incomplete quest(s) on /earn | api-matched=1
[20:56:20 18/7/2026] [aldole-reatriz] [INFO] MOBILE [REACT-PARSE] Quest snapshot | children=3 | reportable=3
[20:56:20 18/7/2026] [aldole-reatriz] [INFO] MOBILE [PUNCHCARD] Solving "Get started with Rewards" | children=3 | reportable=3
[20:56:21 18/7/2026] [aldole-reatriz] [INFO] MOBILE [PUNCHCARD] Reported child | offerId=WW_pcchild2_redesign_newuser_onboarding_offer_punchcard | status=200 | acknowledged=true | pointsGained=0 | currentBalance=555
[20:56:33 18/7/2026] [aldole-reatriz] [INFO] MOBILE [PUNCHCARD] Reported child | offerId=WW_pcchild7_redesign_newuser_onboarding_offer_punchcard | status=200 | acknowledged=true | pointsGained=0 | currentBalance=555
[20:56:46 18/7/2026] [aldole-reatriz] [INFO] MOBILE [PUNCHCARD] Reported child | offerId=WW_pcchild8_redesign_newuser_onboarding_offer_punchcard | status=200 | acknowledged=true | pointsGained=0 | currentBalance=555
[20:56:55 18/7/2026] [aldole-reatriz] [INFO] MOBILE [PUNCHCARD] Quest "Get started with Rewards" COMPLETE | reported=3 | pointsGained=0 | currentBalance=555 | targetPoints=1320
[20:56:55 18/7/2026] [aldole-reatriz] [INFO] MOBILE [REACT-PARSE] Quest snapshot | children=2 | reportable=1
[20:56:55 18/7/2026] [aldole-reatriz] [INFO] MOBILE [PUNCHCARD] Solving "July playbook: travel smart, chase thrills, and shop the latest tech" | children=2 | reportable=1
[20:56:57 18/7/2026] [aldole-reatriz] [INFO] MOBILE [PUNCHCARD] Reported child | offerId=ENWW_pcchild3_urlreward_FY27_BingMonthlyPC_Jul_punchcard | status=200 | acknowledged=true | pointsGained=0 | currentBalance=555
[20:57:03 18/7/2026] [aldole-reatriz] [INFO] MOBILE [PUNCHCARD] Quest "July playbook: travel smart, chase thrills, and shop the latest tech" in progress | reported=1 | remaining=1 | pointsGained=0 | currentBalance=555 | targetPoints=50
[20:57:03 18/7/2026] [aldole-reatriz] [INFO] MOBILE [PUNCHCARD] Finished processing quests
[20:57:04 18/7/2026] [aldole-reatriz] [INFO] MAIN [SEARCH-MANAGER] Mobile: run (missing 60) | Desktop: run (missing 90)
[20:57:04 18/7/2026] [aldole-reatriz] [INFO] MOBILE [SEARCH-BING] Starting Bing searches | currentBalance=555
[20:57:05 18/7/2026] [aldole-reatriz] [INFO] MOBILE [SEARCH-BING] Search points remaining | edge=0 | desktop=90 | mobile=60
[20:57:28 18/7/2026] [aldole-reatriz] [INFO] MOBILE [SEARCH-BING] Query pool ready | count=8084
[20:58:43 18/7/2026] [aldole-reatriz] [INFO] MOBILE [SEARCH-BING] pointsGained=3 | currentBalance=558 | query="beginner guide to emotional intelligence" | remaining=57
[20:59:56 18/7/2026] [aldole-reatriz] [INFO] MOBILE [SEARCH-BING] pointsGained=3 | currentBalance=561 | query="giá xăng dầu ngày 16 tháng 7" | remaining=54
[21:01:07 18/7/2026] [aldole-reatriz] [INFO] MOBILE [SEARCH-BING] pointsGained=3 | currentBalance=564 | query="common mistakes in swimming" | remaining=51
[21:02:14 18/7/2026] [aldole-reatriz] [INFO] MOBILE [SEARCH-BING] pointsGained=3 | currentBalance=567 | query="what is tornadoes" | remaining=48
[21:03:22 18/7/2026] [aldole-reatriz] [INFO] MOBILE [SEARCH-BING] pointsGained=3 | currentBalance=570 | query="18 tháng 7" | remaining=45
[21:04:27 18/7/2026] [aldole-reatriz] [INFO] MOBILE [SEARCH-BING] pointsGained=3 | currentBalance=573 | query="best emotional intelligence tips" | remaining=42
[21:05:42 18/7/2026] [aldole-reatriz] [INFO] MOBILE [SEARCH-BING] pointsGained=3 | currentBalance=576 | query="how does grafana work" | remaining=39
[21:06:41 18/7/2026] [aldole-reatriz] [INFO] MOBILE [SEARCH-BING] pointsGained=3 | currentBalance=579 | query="video game easter eggs" | remaining=36
[21:07:51 18/7/2026] [aldole-reatriz] [INFO] MOBILE [SEARCH-BING] pointsGained=3 | currentBalance=582 | query="woodworking rules explained" | remaining=33
[21:08:58 18/7/2026] [aldole-reatriz] [INFO] MOBILE [SEARCH-BING] pointsGained=3 | currentBalance=585 | query="what is overtime pay" | remaining=30
[21:10:14 18/7/2026] [aldole-reatriz] [INFO] MOBILE [SEARCH-BING] pointsGained=3 | currentBalance=588 | query="best budget air purifiers" | remaining=27
[21:11:25 18/7/2026] [aldole-reatriz] [INFO] MOBILE [SEARCH-BING] pointsGained=3 | currentBalance=591 | query="weather this weekend" | remaining=24
(node:3160) ExperimentalWarning: SQLite is an experimental feature and might change at any time
(Use `node --trace-warnings ...` to show where the warning was created)
[21:18:32 18/7/2026] [MAIN] [INFO] MAIN [RUN-START] Starting Microsoft Rewards Script | v4.0.3 | Accounts: 1 | Clusters: 1
[21:18:32 18/7/2026] [aldole-reatriz] [INFO] MAIN [ACCOUNT-START] Starting account: aldole-reatriz@hotmail.com | geoLocale: auto
[21:18:33 18/7/2026] [aldole-reatriz] [INFO] MAIN [PROXY] Proxy route verified for account; direct HTTP fallback is disabled
[21:18:33 18/7/2026] [aldole-reatriz] [INFO] MAIN [FLOW] Starting session for aldole-reatriz@hotmail.com
[21:18:33 18/7/2026] [aldole-reatriz] [INFO] MOBILE [BROWSER] Launching bundled patched Chromium (Edge UA) | headless: true | platform: win32 | proxy: yes (TLS errors ignored)
[21:18:35 18/7/2026] [aldole-reatriz] [INFO] MOBILE [BROWSER] Created context | User-Agent: "Mozilla/5.0 (Linux; Android 15; K) AppleWebKit/537.36 (KHTML, like Gecko) Chrome/151.0.0.0 Mobile Safari/537.36 EdgA/150.0.4078.65"
[21:18:35 18/7/2026] [aldole-reatriz] [INFO] MAIN [BROWSER] Mobile Browser started | aldole-reatriz@hotmail.com
[21:18:35 18/7/2026] [aldole-reatriz] [INFO] MOBILE [LOGIN] Starting login process
[21:18:46 18/7/2026] [aldole-reatriz] [INFO] MOBILE [LOGIN] Entering email
[21:18:51 18/7/2026] [aldole-reatriz] [INFO] MOBILE [LOGIN-ENTER-EMAIL] Email submitted
[21:18:56 18/7/2026] [aldole-reatriz] [INFO] MOBILE [LOGIN] Email entered successfully
[21:19:02 18/7/2026] [aldole-reatriz] [INFO] MOBILE [LOGIN] State transition: EMAIL_INPUT → PASSWORD_INPUT
[21:19:02 18/7/2026] [aldole-reatriz] [INFO] MOBILE [LOGIN] Entering password
[21:19:06 18/7/2026] [aldole-reatriz] [INFO] MOBILE [LOGIN-ENTER-PASSWORD] Password submitted
[21:19:11 18/7/2026] [aldole-reatriz] [INFO] MOBILE [LOGIN] Password entered successfully
[21:19:12 18/7/2026] [aldole-reatriz] [INFO] MOBILE [LOGIN] State transition: PASSWORD_INPUT → LOGGED_IN
[21:19:12 18/7/2026] [aldole-reatriz] [INFO] MOBILE [LOGIN] Authentication flow reached Rewards | phase=initial login
[21:19:12 18/7/2026] [aldole-reatriz] [INFO] MOBILE [LOGIN] Finalizing login
[21:19:15 18/7/2026] [aldole-reatriz] [INFO] MOBILE [LOGIN] Rewards landing reached; dashboard verification pending
[21:19:19 18/7/2026] [aldole-reatriz] [INFO] MOBILE [LOGIN] Starting Bing session verification
[21:19:19 18/7/2026] [aldole-reatriz] [INFO] MOBILE [LOGIN-BING] Verifying Bing session
[21:19:24 18/7/2026] [aldole-reatriz] [WARN] MOBILE [LOGIN] Unknown state at www.bing.com/, waiting
[21:19:32 18/7/2026] [aldole-reatriz] [INFO] MOBILE [LOGIN-BING] Bing session verified successfully
[21:19:32 18/7/2026] [aldole-reatriz] [INFO] MOBILE [LOGIN] Acquiring rewards context
[21:19:32 18/7/2026] [aldole-reatriz] [INFO] MOBILE [GET-REWARD-SESSION] Bootstrapping rewards context
[21:19:33 18/7/2026] [aldole-reatriz] [WARN] MOBILE [BOOTSTRAP] Rewards /dashboard navigation stopped | attempt=1/3 | url=login.live.com/oauth20_authorize.srf | error=Rewards authentication is required after redirect to login.live.com/oauth20_authorize.srf
[21:19:33 18/7/2026] [aldole-reatriz] [ERROR] MOBILE [BOOTSTRAP] Failed acquiring context | error=Rewards authentication is required after redirect to login.live.com/oauth20_authorize.srf
[21:19:33 18/7/2026] [aldole-reatriz] [WARN] MOBILE [GET-REWARD-SESSION] Rewards authentication required at login.live.com/oauth20_authorize.srf; resuming Microsoft login flow once
[21:19:39 18/7/2026] [aldole-reatriz] [INFO] MOBILE [LOGIN] Authentication flow reached Rewards | phase=Rewards OAuth recovery
[21:19:42 18/7/2026] [aldole-reatriz] [INFO] MOBILE [REACT-PARSE] Snapshot complete | offers=31 | reportable=7 | streaks=4 | streakProtectionEnabled=true | streakProtectionRemainingDays=14 | streakCounter=3 | level=null | account=aldole-reatriz@hotmail.com
[21:19:47 18/7/2026] [aldole-reatriz] [INFO] MOBILE [BOOTSTRAP] Context ready | actions=15 | reportable=7 | available=null
[21:19:47 18/7/2026] [aldole-reatriz] [INFO] MOBILE [BUILD] Rewards build | id=unknown
[21:19:47 18/7/2026] [aldole-reatriz] [INFO] MOBILE [GET-REWARD-SESSION] Context ready | actions=15 | reportable=7 | available=null
[21:19:47 18/7/2026] [aldole-reatriz] [INFO] MOBILE [LOGIN] Logged into Microsoft Rewards successfully
[21:19:48 18/7/2026] [aldole-reatriz] [INFO] MOBILE [LOGIN] Login completed, session saved
[21:19:48 18/7/2026] [aldole-reatriz] [INFO] MOBILE [GET-APP-TOKEN] Requesting mobile access token
[21:19:50 18/7/2026] [aldole-reatriz] [INFO] MOBILE [LOGIN-APP] Mobile access token received
[21:19:54 18/7/2026] [aldole-reatriz] [INFO] MAIN [POINTS] Earnable today | Mobile: 26 | Browser: 21 | App: 5 | aldole-reatriz@hotmail.com | locale: vn
[21:19:54 18/7/2026] [aldole-reatriz] [INFO] MOBILE [ENABLE-STREAK-PROTECTION] Already enabled | remainingDays=14
[21:19:54 18/7/2026] [aldole-reatriz] [INFO] MOBILE [DAILY-SET] All "Daily Set" items have already been completed
[21:19:54 18/7/2026] [aldole-reatriz] [INFO] MOBILE [MORE-PROMOTIONS] Started solving 3 "More Promotions" items
[21:19:54 18/7/2026] [aldole-reatriz] [INFO] MOBILE [ACTIVITY] Found activity type "UrlReward" | title="Bees in the city" | offerId=WW_Rewards_locked_level2_Jul26w3_offer1
[21:19:54 18/7/2026] [aldole-reatriz] [INFO] MOBILE [URL-REWARD] Starting UrlReward | offerId=WW_Rewards_locked_level2_Jul26w3_offer1 | geo=vn | currentBalance=591
[21:19:55 18/7/2026] [aldole-reatriz] [INFO] MOBILE [URL-REWARD] Completed UrlReward | offerId=WW_Rewards_locked_level2_Jul26w3_offer1 | pointsGained=15 | currentBalance=606
[21:20:09 18/7/2026] [aldole-reatriz] [INFO] MOBILE [ACTIVITY] Found activity type "UrlReward" | title="Quotes to inspire" | offerId=WW_Rewards_locked_level2_Jul26w3_offer2
[21:20:09 18/7/2026] [aldole-reatriz] [INFO] MOBILE [URL-REWARD] Starting UrlReward | offerId=WW_Rewards_locked_level2_Jul26w3_offer2 | geo=vn | currentBalance=606
[21:20:10 18/7/2026] [aldole-reatriz] [INFO] MOBILE [URL-REWARD] Completed UrlReward | offerId=WW_Rewards_locked_level2_Jul26w3_offer2 | pointsGained=15 | currentBalance=621
[21:20:26 18/7/2026] [aldole-reatriz] [WARN] MOBILE [ACTIVITY] Skipped activity "Take the tour" | offerId=Gamification_FRE_Offer6nonwindows | Reason: Unsupported type "welcometour"
[21:20:37 18/7/2026] [aldole-reatriz] [INFO] MOBILE [MORE-PROMOTIONS] All "More Promotion" items have been completed
[21:20:37 18/7/2026] [aldole-reatriz] [INFO] MOBILE [DAILY-CHECK-IN] Starting Daily Check-In | geo=vn | currentBalance=621
[21:20:37 18/7/2026] [aldole-reatriz] [WARN] MOBILE [DAILY-CHECK-IN] Daily Check-In completed but no points gained | type=103 | pointsGained=0 | currentBalance=621
[21:20:37 18/7/2026] [aldole-reatriz] [INFO] MOBILE [APP-PROMOTIONS] All "App Promotions" items have already been completed
[21:20:37 18/7/2026] [aldole-reatriz] [INFO] MOBILE [READ-TO-EARN] Starting Read to Earn | geo=vn | delayRange=30sec-50sec | currentBalance=621
[21:20:38 18/7/2026] [aldole-reatriz] [INFO] MOBILE [READ-TO-EARN] No points gained, stopping Read to Earn | article=1/10 | status=200 | pointsGained=0 | currentBalance=621
[21:20:38 18/7/2026] [aldole-reatriz] [INFO] MOBILE [READ-TO-EARN] Completed Read to Earn | articlesRead=0 | pointsGained=0 | previousBalance=621 | currentBalance=621
[21:20:38 18/7/2026] [aldole-reatriz] [INFO] MOBILE [REACT-PARSE] Quest list | parents=3 | incomplete=3
[21:20:38 18/7/2026] [aldole-reatriz] [INFO] MOBILE [PUNCHCARD] Found 2 incomplete quest(s) on /earn | api-matched=1
[21:20:39 18/7/2026] [aldole-reatriz] [INFO] MOBILE [REACT-PARSE] Quest snapshot | children=3 | reportable=3
[21:20:39 18/7/2026] [aldole-reatriz] [INFO] MOBILE [PUNCHCARD] Solving "Get started with Rewards" | children=3 | reportable=3
[21:20:40 18/7/2026] [aldole-reatriz] [INFO] MOBILE [PUNCHCARD] Reported child | offerId=WW_pcchild2_redesign_newuser_onboarding_offer_punchcard | status=200 | acknowledged=true | pointsGained=0 | currentBalance=621
[21:20:55 18/7/2026] [aldole-reatriz] [INFO] MOBILE [PUNCHCARD] Reported child | offerId=WW_pcchild7_redesign_newuser_onboarding_offer_punchcard | status=200 | acknowledged=true | pointsGained=0 | currentBalance=621
[21:21:10 18/7/2026] [aldole-reatriz] [INFO] MOBILE [PUNCHCARD] Reported child | offerId=WW_pcchild8_redesign_newuser_onboarding_offer_punchcard | status=200 | acknowledged=true | pointsGained=0 | currentBalance=621
[21:21:23 18/7/2026] [aldole-reatriz] [INFO] MOBILE [PUNCHCARD] Quest "Get started with Rewards" COMPLETE | reported=3 | pointsGained=0 | currentBalance=621 | targetPoints=1320
[21:21:24 18/7/2026] [aldole-reatriz] [INFO] MOBILE [REACT-PARSE] Quest snapshot | children=1 | reportable=0
[21:21:24 18/7/2026] [aldole-reatriz] [INFO] MOBILE [PUNCHCARD] Solving "July playbook: travel smart, chase thrills, and shop the latest tech" | children=1 | reportable=0
[21:21:24 18/7/2026] [aldole-reatriz] [INFO] MOBILE [PUNCHCARD] Quest "July playbook: travel smart, chase thrills, and shop the latest tech" in progress | reported=0 | remaining=1 | pointsGained=0 | currentBalance=621 | targetPoints=50
[21:21:24 18/7/2026] [aldole-reatriz] [INFO] MOBILE [PUNCHCARD] Finished processing quests
[21:21:26 18/7/2026] [aldole-reatriz] [INFO] MAIN [SEARCH-MANAGER] Mobile: run (missing 21) | Desktop: run (missing 90)
[21:21:26 18/7/2026] [aldole-reatriz] [INFO] MOBILE [SEARCH-BING] Starting Bing searches | currentBalance=621
[21:21:28 18/7/2026] [aldole-reatriz] [INFO] MOBILE [SEARCH-BING] Search points remaining | edge=0 | desktop=90 | mobile=21
[21:21:58 18/7/2026] [aldole-reatriz] [INFO] MOBILE [SEARCH-BING] Query pool ready | count=8098
[21:23:00 18/7/2026] [aldole-reatriz] [INFO] MOBILE [SEARCH-BING] pointsGained=3 | currentBalance=624 | query="how does reading habits work" | remaining=18
[21:24:16 18/7/2026] [aldole-reatriz] [INFO] MOBILE [SEARCH-BING] pointsGained=3 | currentBalance=627 | query="best computer vision tips" | remaining=15
[21:25:15 18/7/2026] [aldole-reatriz] [INFO] MOBILE [SEARCH-BING] pointsGained=3 | currentBalance=630 | query="best mars tips" | remaining=12
[21:26:27 18/7/2026] [aldole-reatriz] [INFO] MOBILE [SEARCH-BING] pointsGained=3 | currentBalance=633 | query="easy family activities" | remaining=9
[21:27:38 18/7/2026] [aldole-reatriz] [INFO] MOBILE [SEARCH-BING] pointsGained=3 | currentBalance=636 | query="beginner guide to gaming mice" | remaining=6
[21:28:54 18/7/2026] [aldole-reatriz] [INFO] MOBILE [SEARCH-BING] pointsGained=3 | currentBalance=639 | query="what is the milky way" | remaining=3
[21:30:28 18/7/2026] [aldole-reatriz] [INFO] MOBILE [SEARCH-BING] pointsGained=3 | currentBalance=642 | query="easy video ideas for beginners" | remaining=0
[21:30:28 18/7/2026] [aldole-reatriz] [INFO] MOBILE [SEARCH-BING] Completed Bing searches | pointsGained=21 | currentBalance=642 | previousBalance=621 | searches=7 | remaining=0
[21:30:38 18/7/2026] [aldole-reatriz] [WARN] MOBILE [BROWSER] Browser context closed
[21:30:38 18/7/2026] [aldole-reatriz] [INFO] MOBILE [CLOSE-BROWSER] All browser resources closed.
[21:30:38 18/7/2026] [aldole-reatriz] [INFO] DESKTOP [BROWSER] Launching bundled patched Chromium (Edge UA) | headless: true | platform: win32 | proxy: yes (TLS errors ignored)
[21:30:40 18/7/2026] [aldole-reatriz] [INFO] DESKTOP [BROWSER] Created context | User-Agent: "Mozilla/5.0 (Windows NT 10.0; Win64; x64) AppleWebKit/537.36 (KHTML, like Gecko) Chrome/151.0.0.0 Safari/537.36 Edg/150.0.4078.83"
[21:30:40 18/7/2026] [aldole-reatriz] [INFO] DESKTOP [BROWSER] Desktop Browser started | aldole-reatriz@hotmail.com
[21:30:40 18/7/2026] [aldole-reatriz] [INFO] DESKTOP [LOGIN] Starting login process
[21:30:56 18/7/2026] [aldole-reatriz] [INFO] DESKTOP [LOGIN] Entering email
[21:31:02 18/7/2026] [aldole-reatriz] [INFO] DESKTOP [LOGIN-ENTER-EMAIL] Email submitted
[21:31:07 18/7/2026] [aldole-reatriz] [INFO] DESKTOP [LOGIN] Email entered successfully
[21:31:14 18/7/2026] [aldole-reatriz] [INFO] DESKTOP [LOGIN] State transition: EMAIL_INPUT → PASSWORD_INPUT
[21:31:14 18/7/2026] [aldole-reatriz] [INFO] DESKTOP [LOGIN] Entering password
[21:31:22 18/7/2026] [aldole-reatriz] [INFO] DESKTOP [LOGIN-ENTER-PASSWORD] Password submitted
[21:31:27 18/7/2026] [aldole-reatriz] [INFO] DESKTOP [LOGIN] Password entered successfully
[21:31:29 18/7/2026] [aldole-reatriz] [INFO] DESKTOP [LOGIN] State transition: PASSWORD_INPUT → LOGGED_IN
[21:31:29 18/7/2026] [aldole-reatriz] [INFO] DESKTOP [LOGIN] Authentication flow reached Rewards | phase=initial login
[21:31:29 18/7/2026] [aldole-reatriz] [INFO] DESKTOP [LOGIN] Finalizing login
[21:31:36 18/7/2026] [aldole-reatriz] [INFO] DESKTOP [LOGIN] Rewards landing reached; dashboard verification pending
[21:31:40 18/7/2026] [aldole-reatriz] [INFO] DESKTOP [LOGIN] Starting Bing session verification
[21:31:40 18/7/2026] [aldole-reatriz] [INFO] DESKTOP [LOGIN-BING] Verifying Bing session
[21:32:04 18/7/2026] [aldole-reatriz] [WARN] DESKTOP [LOGIN] Unknown state at www.bing.com/, waiting
[21:32:15 18/7/2026] [aldole-reatriz] [INFO] DESKTOP [LOGIN-BING] Bing session verified successfully
[21:32:15 18/7/2026] [aldole-reatriz] [INFO] DESKTOP [LOGIN] Acquiring rewards context
[21:32:15 18/7/2026] [aldole-reatriz] [INFO] DESKTOP [GET-REWARD-SESSION] Bootstrapping rewards context
[21:32:17 18/7/2026] [aldole-reatriz] [WARN] DESKTOP [BOOTSTRAP] Rewards /dashboard navigation stopped | attempt=1/3 | url=login.live.com/oauth20_authorize.srf | error=Rewards authentication is required after redirect to login.live.com/oauth20_authorize.srf
[21:32:17 18/7/2026] [aldole-reatriz] [ERROR] DESKTOP [BOOTSTRAP] Failed acquiring context | error=Rewards authentication is required after redirect to login.live.com/oauth20_authorize.srf
[21:32:17 18/7/2026] [aldole-reatriz] [WARN] DESKTOP [GET-REWARD-SESSION] Rewards authentication required at login.live.com/oauth20_authorize.srf; resuming Microsoft login flow once
[21:32:22 18/7/2026] [aldole-reatriz] [INFO] DESKTOP [LOGIN] Authentication flow reached Rewards | phase=Rewards OAuth recovery
[21:32:25 18/7/2026] [aldole-reatriz] [INFO] DESKTOP [REACT-PARSE] Snapshot complete | offers=34 | reportable=7 | streaks=4 | streakProtectionEnabled=true | streakProtectionRemainingDays=14 | streakCounter=3 | level=null | account=aldole-reatriz@hotmail.com
[21:32:29 18/7/2026] [aldole-reatriz] [INFO] DESKTOP [BOOTSTRAP] Context ready | actions=15 | reportable=7 | available=null
[21:32:29 18/7/2026] [aldole-reatriz] [INFO] DESKTOP [BUILD] Rewards build | id=unknown
[21:32:29 18/7/2026] [aldole-reatriz] [INFO] DESKTOP [GET-REWARD-SESSION] Context ready | actions=15 | reportable=7 | available=null
[21:32:29 18/7/2026] [aldole-reatriz] [INFO] DESKTOP [LOGIN] Logged into Microsoft Rewards successfully
[21:32:29 18/7/2026] [aldole-reatriz] [INFO] DESKTOP [LOGIN] Login completed, session saved
[21:32:37 18/7/2026] [aldole-reatriz] [INFO] DESKTOP [REACT-PARSE] Quest list | parents=4 | incomplete=4
[21:32:37 18/7/2026] [aldole-reatriz] [INFO] DESKTOP [PUNCHCARD] Found 3 incomplete quest(s) on /earn | api-matched=2
[21:32:38 18/7/2026] [aldole-reatriz] [INFO] DESKTOP [REACT-PARSE] Quest snapshot | children=3 | reportable=3
[21:32:38 18/7/2026] [aldole-reatriz] [INFO] DESKTOP [PUNCHCARD] Solving "Get started with Rewards" | children=3 | reportable=3
[21:32:45 18/7/2026] [aldole-reatriz] [INFO] DESKTOP [PUNCHCARD] Reported child | offerId=WW_pcchild2_redesign_newuser_onboarding_offer_punchcard | status=200 | acknowledged=true | pointsGained=0 | currentBalance=642
[21:32:57 18/7/2026] [aldole-reatriz] [INFO] DESKTOP [PUNCHCARD] Reported child | offerId=WW_pcchild7_redesign_newuser_onboarding_offer_punchcard | status=200 | acknowledged=true | pointsGained=0 | currentBalance=642
[21:33:10 18/7/2026] [aldole-reatriz] [INFO] DESKTOP [PUNCHCARD] Reported child | offerId=WW_pcchild8_redesign_newuser_onboarding_offer_punchcard | status=200 | acknowledged=true | pointsGained=0 | currentBalance=642
[21:33:18 18/7/2026] [aldole-reatriz] [INFO] DESKTOP [PUNCHCARD] Quest "Get started with Rewards" COMPLETE | reported=3 | pointsGained=0 | currentBalance=642 | targetPoints=1320
[21:33:19 18/7/2026] [aldole-reatriz] [INFO] DESKTOP [REACT-PARSE] Quest snapshot | children=4 | reportable=4
[21:33:19 18/7/2026] [aldole-reatriz] [INFO] DESKTOP [PUNCHCARD] Solving "Get 100 points. Use the search box on the Windows taskbar to search the web, find files, more." | children=4 | reportable=4
[21:33:22 18/7/2026] [aldole-reatriz] [INFO] DESKTOP [PUNCHCARD] Reported child | offerId=ENstar_pcchild1_urlreward_FY26_WSB_Dec_punchcard | status=200 | acknowledged=true | pointsGained=0 | currentBalance=642
[21:33:34 18/7/2026] [aldole-reatriz] [INFO] DESKTOP [PUNCHCARD] Reported child | offerId=ENstar_pcchild2_urlreward_FY26_WSB_Dec_punchcard | status=200 | acknowledged=true | pointsGained=0 | currentBalance=642
[21:33:54 18/7/2026] [aldole-reatriz] [INFO] DESKTOP [PUNCHCARD] Reported child | offerId=ENstar_pcchild3_urlreward_FY26_WSB_Dec_punchcard | status=200 | acknowledged=true | pointsGained=0 | currentBalance=642
[21:34:10 18/7/2026] [aldole-reatriz] [INFO] DESKTOP [PUNCHCARD] Reported child | offerId=ENstar_pcchild4_urlreward_FY26_WSB_Dec_punchcard | status=200 | acknowledged=true | pointsGained=100 | currentBalance=742
[21:34:22 18/7/2026] [aldole-reatriz] [INFO] DESKTOP [PUNCHCARD] Quest "Get 100 points. Use the search box on the Windows taskbar to search the web, find files, more." COMPLETE | reported=4 | pointsGained=100 | currentBalance=742 | targetPoints=100
[21:34:23 18/7/2026] [aldole-reatriz] [INFO] DESKTOP [REACT-PARSE] Quest snapshot | children=1 | reportable=0
[21:34:23 18/7/2026] [aldole-reatriz] [INFO] DESKTOP [PUNCHCARD] Solving "July playbook: travel smart, chase thrills, and shop the latest tech" | children=1 | reportable=0
[21:34:23 18/7/2026] [aldole-reatriz] [INFO] DESKTOP [PUNCHCARD] Quest "July playbook: travel smart, chase thrills, and shop the latest tech" in progress | reported=0 | remaining=1 | pointsGained=0 | currentBalance=742 | targetPoints=50
[21:34:23 18/7/2026] [aldole-reatriz] [INFO] DESKTOP [PUNCHCARD] Finished processing quests
[21:34:23 18/7/2026] [aldole-reatriz] [INFO] DESKTOP [SEARCH-BING] Starting Bing searches | currentBalance=742
[21:34:28 18/7/2026] [aldole-reatriz] [INFO] DESKTOP [SEARCH-BING] Search points remaining | edge=0 | desktop=90 | mobile=0
[21:35:00 18/7/2026] [aldole-reatriz] [INFO] DESKTOP [SEARCH-BING] Query pool ready | count=8103
[21:36:17 18/7/2026] [aldole-reatriz] [INFO] DESKTOP [SEARCH-BING] pointsGained=3 | currentBalance=745 | query="where to stay in Miami" | remaining=87
[21:37:28 18/7/2026] [aldole-reatriz] [INFO] DESKTOP [SEARCH-BING] pointsGained=3 | currentBalance=748 | query="step by step fixing a squeaky door" | remaining=84
(node:20760) ExperimentalWarning: SQLite is an experimental feature and might change at any time
(Use `node --trace-warnings ...` to show where the warning was created)
[21:40:26 18/7/2026] [MAIN] [INFO] MAIN [RUN-START] Starting Microsoft Rewards Script | v4.0.3 | Accounts: 1 | Proxy routes: 1 | Workers: 1 (auto)
[21:40:26 18/7/2026] [aldole-reatriz] [INFO] MAIN [ACCOUNT-START] Starting account: aldole-reatriz@hotmail.com | geoLocale: auto
[21:40:26 18/7/2026] [aldole-reatriz] [INFO] MAIN [PROXY] Proxy route verified for account; direct HTTP fallback is disabled
[21:40:26 18/7/2026] [aldole-reatriz] [INFO] MAIN [FLOW] Starting session for aldole-reatriz@hotmail.com
[21:40:26 18/7/2026] [aldole-reatriz] [INFO] MOBILE [BROWSER] Launching bundled patched Chromium (Edge UA) | headless: true | platform: win32 | proxy: yes (TLS errors ignored)
[21:40:28 18/7/2026] [aldole-reatriz] [INFO] MOBILE [BROWSER] Created context | User-Agent: "Mozilla/5.0 (Linux; Android 13; K) AppleWebKit/537.36 (KHTML, like Gecko) Chrome/151.0.0.0 Mobile Safari/537.36 EdgA/150.0.4078.65"
[21:40:28 18/7/2026] [aldole-reatriz] [INFO] MAIN [BROWSER] Mobile Browser started | aldole-reatriz@hotmail.com
[21:40:28 18/7/2026] [aldole-reatriz] [INFO] MOBILE [LOGIN] Starting login process
[21:40:39 18/7/2026] [aldole-reatriz] [INFO] MOBILE [LOGIN] Entering email
[21:40:46 18/7/2026] [aldole-reatriz] [INFO] MOBILE [LOGIN-ENTER-EMAIL] Email submitted
[21:40:51 18/7/2026] [aldole-reatriz] [INFO] MOBILE [LOGIN] Email entered successfully
[21:40:57 18/7/2026] [aldole-reatriz] [INFO] MOBILE [LOGIN] State transition: EMAIL_INPUT → PASSWORD_INPUT
[21:40:57 18/7/2026] [aldole-reatriz] [INFO] MOBILE [LOGIN] Entering password
[21:41:02 18/7/2026] [aldole-reatriz] [INFO] MOBILE [LOGIN-ENTER-PASSWORD] Password submitted
[21:41:05 18/7/2026] [aldole-reatriz] [INFO] MOBILE [LOGIN] Password entered successfully
[21:41:06 18/7/2026] [aldole-reatriz] [INFO] MOBILE [LOGIN] State transition: PASSWORD_INPUT → LOGGED_IN
[21:41:06 18/7/2026] [aldole-reatriz] [INFO] MOBILE [LOGIN] Authentication flow reached Rewards | phase=initial login
[21:41:06 18/7/2026] [aldole-reatriz] [INFO] MOBILE [LOGIN] Finalizing login
[21:41:08 18/7/2026] [aldole-reatriz] [INFO] MOBILE [LOGIN] Rewards landing reached; dashboard verification pending
[21:41:12 18/7/2026] [aldole-reatriz] [INFO] MOBILE [LOGIN] Starting Bing session verification
[21:41:12 18/7/2026] [aldole-reatriz] [INFO] MOBILE [LOGIN-BING] Verifying Bing session
[21:41:17 18/7/2026] [aldole-reatriz] [WARN] MOBILE [LOGIN] Unknown state at www.bing.com/, waiting
[21:41:23 18/7/2026] [aldole-reatriz] [INFO] MOBILE [LOGIN-BING] Bing session verified successfully
[21:41:23 18/7/2026] [aldole-reatriz] [INFO] MOBILE [LOGIN] Acquiring rewards context
[21:41:23 18/7/2026] [aldole-reatriz] [INFO] MOBILE [GET-REWARD-SESSION] Bootstrapping rewards context
[21:41:25 18/7/2026] [aldole-reatriz] [WARN] MOBILE [BOOTSTRAP] Rewards /dashboard navigation stopped | attempt=1/3 | url=login.live.com/oauth20_authorize.srf | error=Rewards authentication is required after redirect to login.live.com/oauth20_authorize.srf
[21:41:25 18/7/2026] [aldole-reatriz] [ERROR] MOBILE [BOOTSTRAP] Failed acquiring context | error=Rewards authentication is required after redirect to login.live.com/oauth20_authorize.srf
[21:41:25 18/7/2026] [aldole-reatriz] [WARN] MOBILE [GET-REWARD-SESSION] Rewards authentication required at login.live.com/oauth20_authorize.srf; resuming Microsoft login flow once
[21:41:30 18/7/2026] [aldole-reatriz] [INFO] MOBILE [LOGIN] Authentication flow reached Rewards | phase=Rewards OAuth recovery
[21:41:32 18/7/2026] [aldole-reatriz] [INFO] MOBILE [REACT-PARSE] Snapshot complete | offers=31 | reportable=5 | streaks=3 | streakProtectionEnabled=true | streakProtectionRemainingDays=14 | streakCounter=3 | level=null | account=aldole-reatriz@hotmail.com
[21:41:34 18/7/2026] [aldole-reatriz] [INFO] MOBILE [BOOTSTRAP] Context ready | actions=15 | reportable=5 | available=null
[21:41:34 18/7/2026] [aldole-reatriz] [INFO] MOBILE [BUILD] Rewards build | id=unknown
[21:41:34 18/7/2026] [aldole-reatriz] [INFO] MOBILE [GET-REWARD-SESSION] Context ready | actions=15 | reportable=5 | available=null
[21:41:34 18/7/2026] [aldole-reatriz] [INFO] MOBILE [LOGIN] Logged into Microsoft Rewards successfully
[21:41:34 18/7/2026] [aldole-reatriz] [INFO] MOBILE [LOGIN] Login completed, session saved
[21:41:34 18/7/2026] [aldole-reatriz] [INFO] MOBILE [GET-APP-TOKEN] Requesting mobile access token
[21:41:37 18/7/2026] [aldole-reatriz] [INFO] MOBILE [LOGIN-APP] Mobile access token received
[21:41:41 18/7/2026] [aldole-reatriz] [INFO] MAIN [POINTS] Earnable today | Mobile: 5 | Browser: 0 | App: 5 | aldole-reatriz@hotmail.com | locale: vn
[21:41:41 18/7/2026] [aldole-reatriz] [INFO] MOBILE [ENABLE-STREAK-PROTECTION] Already enabled | remainingDays=14
[21:41:41 18/7/2026] [aldole-reatriz] [INFO] MOBILE [DAILY-SET] All "Daily Set" items have already been completed
[21:41:41 18/7/2026] [aldole-reatriz] [INFO] MOBILE [MORE-PROMOTIONS] Started solving 1 "More Promotions" items
[21:41:41 18/7/2026] [aldole-reatriz] [WARN] MOBILE [ACTIVITY] Skipped activity "Take the tour" | offerId=Gamification_FRE_Offer6nonwindows | Reason: Unsupported type "welcometour"
[21:41:56 18/7/2026] [aldole-reatriz] [INFO] MOBILE [MORE-PROMOTIONS] All "More Promotion" items have been completed
[21:41:56 18/7/2026] [aldole-reatriz] [INFO] MOBILE [DAILY-CHECK-IN] Starting Daily Check-In | geo=vn | currentBalance=748
[21:41:57 18/7/2026] [aldole-reatriz] [WARN] MOBILE [DAILY-CHECK-IN] Daily Check-In completed but no points gained | type=103 | pointsGained=0 | currentBalance=748
[21:41:57 18/7/2026] [aldole-reatriz] [INFO] MOBILE [APP-PROMOTIONS] All "App Promotions" items have already been completed
[21:41:57 18/7/2026] [aldole-reatriz] [INFO] MOBILE [READ-TO-EARN] Starting Read to Earn | geo=vn | delayRange=30sec-50sec | currentBalance=748
[21:41:57 18/7/2026] [aldole-reatriz] [INFO] MOBILE [READ-TO-EARN] No points gained, stopping Read to Earn | article=1/10 | status=200 | pointsGained=0 | currentBalance=748
[21:41:57 18/7/2026] [aldole-reatriz] [INFO] MOBILE [READ-TO-EARN] Completed Read to Earn | articlesRead=0 | pointsGained=0 | previousBalance=748 | currentBalance=748
[21:41:57 18/7/2026] [aldole-reatriz] [INFO] MOBILE [REACT-PARSE] Quest list | parents=3 | incomplete=3
[21:41:57 18/7/2026] [aldole-reatriz] [INFO] MOBILE [PUNCHCARD] Found 2 incomplete quest(s) on /earn | api-matched=1
[21:41:58 18/7/2026] [aldole-reatriz] [INFO] MOBILE [REACT-PARSE] Quest snapshot | children=3 | reportable=3
[21:41:58 18/7/2026] [aldole-reatriz] [INFO] MOBILE [PUNCHCARD] Solving "Get started with Rewards" | children=3 | reportable=3
[21:41:59 18/7/2026] [aldole-reatriz] [INFO] MOBILE [PUNCHCARD] Reported child | offerId=WW_pcchild2_redesign_newuser_onboarding_offer_punchcard | status=200 | acknowledged=true | pointsGained=0 | currentBalance=748
[21:42:15 18/7/2026] [aldole-reatriz] [INFO] MOBILE [PUNCHCARD] Reported child | offerId=WW_pcchild7_redesign_newuser_onboarding_offer_punchcard | status=200 | acknowledged=true | pointsGained=0 | currentBalance=748
[21:42:24 18/7/2026] [aldole-reatriz] [INFO] MOBILE [PUNCHCARD] Reported child | offerId=WW_pcchild8_redesign_newuser_onboarding_offer_punchcard | status=200 | acknowledged=true | pointsGained=0 | currentBalance=748
[21:42:39 18/7/2026] [aldole-reatriz] [INFO] MOBILE [PUNCHCARD] Quest "Get started with Rewards" COMPLETE | reported=3 | pointsGained=0 | currentBalance=748 | targetPoints=1320
[21:42:39 18/7/2026] [aldole-reatriz] [INFO] MOBILE [REACT-PARSE] Quest snapshot | children=1 | reportable=0
[21:42:39 18/7/2026] [aldole-reatriz] [INFO] MOBILE [PUNCHCARD] Solving "July playbook: travel smart, chase thrills, and shop the latest tech" | children=1 | reportable=0
[21:42:39 18/7/2026] [aldole-reatriz] [INFO] MOBILE [PUNCHCARD] Quest "July playbook: travel smart, chase thrills, and shop the latest tech" in progress | reported=0 | remaining=1 | pointsGained=0 | currentBalance=748 | targetPoints=50
[21:42:39 18/7/2026] [aldole-reatriz] [INFO] MOBILE [PUNCHCARD] Finished processing quests
[21:42:41 18/7/2026] [aldole-reatriz] [INFO] MAIN [SEARCH-MANAGER] Mobile: skip (no points) | Desktop: run (missing 81)
[21:42:44 18/7/2026] [aldole-reatriz] [WARN] MOBILE [BROWSER] Browser context closed
[21:42:48 18/7/2026] [aldole-reatriz] [INFO] MOBILE [CLOSE-BROWSER] All browser resources closed.
[21:42:48 18/7/2026] [aldole-reatriz] [INFO] DESKTOP [BROWSER] Launching bundled patched Chromium (Edge UA) | headless: true | platform: win32 | proxy: yes (TLS errors ignored)
[21:42:51 18/7/2026] [aldole-reatriz] [INFO] DESKTOP [BROWSER] Created context | User-Agent: "Mozilla/5.0 (Windows NT 10.0; Win64; x64) AppleWebKit/537.36 (KHTML, like Gecko) Chrome/151.0.0.0 Safari/537.36 Edg/150.0.4078.83"
[21:42:51 18/7/2026] [aldole-reatriz] [INFO] DESKTOP [BROWSER] Desktop Browser started | aldole-reatriz@hotmail.com
[21:42:51 18/7/2026] [aldole-reatriz] [INFO] DESKTOP [LOGIN] Starting login process
[21:43:04 18/7/2026] [aldole-reatriz] [INFO] DESKTOP [LOGIN] Entering email
[21:43:12 18/7/2026] [aldole-reatriz] [INFO] DESKTOP [LOGIN-ENTER-EMAIL] Email submitted
[21:43:17 18/7/2026] [aldole-reatriz] [INFO] DESKTOP [LOGIN] Email entered successfully
[21:43:23 18/7/2026] [aldole-reatriz] [INFO] DESKTOP [LOGIN] State transition: EMAIL_INPUT → PASSWORD_INPUT
[21:43:23 18/7/2026] [aldole-reatriz] [INFO] DESKTOP [LOGIN] Entering password
[21:43:30 18/7/2026] [aldole-reatriz] [INFO] DESKTOP [LOGIN-ENTER-PASSWORD] Password submitted
[21:43:35 18/7/2026] [aldole-reatriz] [INFO] DESKTOP [LOGIN] Password entered successfully
[21:43:36 18/7/2026] [aldole-reatriz] [INFO] DESKTOP [LOGIN] State transition: PASSWORD_INPUT → LOGGED_IN
[21:43:36 18/7/2026] [aldole-reatriz] [INFO] DESKTOP [LOGIN] Authentication flow reached Rewards | phase=initial login
[21:43:36 18/7/2026] [aldole-reatriz] [INFO] DESKTOP [LOGIN] Finalizing login
[21:43:42 18/7/2026] [aldole-reatriz] [INFO] DESKTOP [LOGIN] Rewards landing reached; dashboard verification pending
[21:43:45 18/7/2026] [aldole-reatriz] [INFO] DESKTOP [LOGIN] Starting Bing session verification
[21:43:45 18/7/2026] [aldole-reatriz] [INFO] DESKTOP [LOGIN-BING] Verifying Bing session
[21:44:02 18/7/2026] [aldole-reatriz] [WARN] DESKTOP [LOGIN] Unknown state at www.bing.com/, waiting
[21:44:07 18/7/2026] [aldole-reatriz] [INFO] DESKTOP [LOGIN-BING] Bing session verified successfully
[21:44:07 18/7/2026] [aldole-reatriz] [INFO] DESKTOP [LOGIN] Acquiring rewards context
[21:44:07 18/7/2026] [aldole-reatriz] [INFO] DESKTOP [GET-REWARD-SESSION] Bootstrapping rewards context
[21:44:09 18/7/2026] [aldole-reatriz] [WARN] DESKTOP [BOOTSTRAP] Rewards /dashboard navigation stopped | attempt=1/3 | url=login.live.com/oauth20_authorize.srf | error=Rewards authentication is required after redirect to login.live.com/oauth20_authorize.srf
[21:44:09 18/7/2026] [aldole-reatriz] [ERROR] DESKTOP [BOOTSTRAP] Failed acquiring context | error=Rewards authentication is required after redirect to login.live.com/oauth20_authorize.srf
[21:44:09 18/7/2026] [aldole-reatriz] [WARN] DESKTOP [GET-REWARD-SESSION] Rewards authentication required at login.live.com/oauth20_authorize.srf; resuming Microsoft login flow once
[21:44:14 18/7/2026] [aldole-reatriz] [INFO] DESKTOP [LOGIN] Authentication flow reached Rewards | phase=Rewards OAuth recovery
[21:44:15 18/7/2026] [aldole-reatriz] [INFO] DESKTOP [REACT-PARSE] Snapshot complete | offers=34 | reportable=7 | streaks=4 | streakProtectionEnabled=true | streakProtectionRemainingDays=14 | streakCounter=3 | level=null | account=aldole-reatriz@hotmail.com
[21:44:21 18/7/2026] [aldole-reatriz] [INFO] DESKTOP [BOOTSTRAP] Context ready | actions=15 | reportable=7 | available=null
[21:44:21 18/7/2026] [aldole-reatriz] [INFO] DESKTOP [BUILD] Rewards build | id=unknown
[21:44:21 18/7/2026] [aldole-reatriz] [INFO] DESKTOP [GET-REWARD-SESSION] Context ready | actions=15 | reportable=7 | available=null
[21:44:21 18/7/2026] [aldole-reatriz] [INFO] DESKTOP [LOGIN] Logged into Microsoft Rewards successfully
[21:44:22 18/7/2026] [aldole-reatriz] [INFO] DESKTOP [LOGIN] Login completed, session saved
[21:44:24 18/7/2026] [aldole-reatriz] [INFO] DESKTOP [REACT-PARSE] Quest list | parents=4 | incomplete=3
[21:44:24 18/7/2026] [aldole-reatriz] [INFO] DESKTOP [PUNCHCARD] Found 2 incomplete quest(s) on /earn | api-matched=1
[21:44:25 18/7/2026] [aldole-reatriz] [INFO] DESKTOP [REACT-PARSE] Quest snapshot | children=3 | reportable=3
[21:44:25 18/7/2026] [aldole-reatriz] [INFO] DESKTOP [PUNCHCARD] Solving "Get started with Rewards" | children=3 | reportable=3
[21:44:26 18/7/2026] [aldole-reatriz] [INFO] DESKTOP [PUNCHCARD] Reported child | offerId=WW_pcchild2_redesign_newuser_onboarding_offer_punchcard | status=200 | acknowledged=true | pointsGained=0 | currentBalance=748
[21:44:35 18/7/2026] [aldole-reatriz] [INFO] DESKTOP [PUNCHCARD] Reported child | offerId=WW_pcchild7_redesign_newuser_onboarding_offer_punchcard | status=200 | acknowledged=true | pointsGained=0 | currentBalance=748
[21:44:44 18/7/2026] [aldole-reatriz] [INFO] DESKTOP [PUNCHCARD] Reported child | offerId=WW_pcchild8_redesign_newuser_onboarding_offer_punchcard | status=200 | acknowledged=true | pointsGained=0 | currentBalance=748
[21:44:57 18/7/2026] [aldole-reatriz] [INFO] DESKTOP [PUNCHCARD] Quest "Get started with Rewards" COMPLETE | reported=3 | pointsGained=0 | currentBalance=748 | targetPoints=1320
[21:44:58 18/7/2026] [aldole-reatriz] [INFO] DESKTOP [REACT-PARSE] Quest snapshot | children=1 | reportable=0
[21:44:58 18/7/2026] [aldole-reatriz] [INFO] DESKTOP [PUNCHCARD] Solving "July playbook: travel smart, chase thrills, and shop the latest tech" | children=1 | reportable=0
[21:44:58 18/7/2026] [aldole-reatriz] [INFO] DESKTOP [PUNCHCARD] Quest "July playbook: travel smart, chase thrills, and shop the latest tech" in progress | reported=0 | remaining=1 | pointsGained=0 | currentBalance=748 | targetPoints=50
[21:44:58 18/7/2026] [aldole-reatriz] [INFO] DESKTOP [PUNCHCARD] Finished processing quests
[21:44:58 18/7/2026] [aldole-reatriz] [INFO] DESKTOP [SEARCH-BING] Starting Bing searches | currentBalance=748
[21:45:02 18/7/2026] [aldole-reatriz] [INFO] DESKTOP [SEARCH-BING] Search points remaining | edge=0 | desktop=81 | mobile=0
[21:45:33 18/7/2026] [aldole-reatriz] [INFO] DESKTOP [SEARCH-BING] Query pool ready | count=8107
[21:47:59 18/7/2026] [aldole-reatriz] [INFO] DESKTOP [SEARCH-BING] pointsGained=3 | currentBalance=751 | query="beginner guide to elephants" | remaining=78
[21:49:18 18/7/2026] [aldole-reatriz] [INFO] DESKTOP [SEARCH-BING] pointsGained=3 | currentBalance=754 | query="popular programming tools" | remaining=75
[21:50:31 18/7/2026] [aldole-reatriz] [INFO] DESKTOP [SEARCH-BING] pointsGained=3 | currentBalance=757 | query="Burnham must shift UK mood on racism, chair of Operation Black Vote says" | remaining=72
[21:51:32 18/7/2026] [aldole-reatriz] [INFO] DESKTOP [SEARCH-BING] pointsGained=3 | currentBalance=760 | query="beginner guide to heart function" | remaining=69
[21:52:47 18/7/2026] [aldole-reatriz] [INFO] DESKTOP [SEARCH-BING] pointsGained=3 | currentBalance=763 | query="Clacton by-election attracts 34 candidates" | remaining=66
[21:54:03 18/7/2026] [aldole-reatriz] [INFO] DESKTOP [SEARCH-BING] pointsGained=3 | currentBalance=766 | query="best science fiction books" | remaining=63
[21:55:09 18/7/2026] [aldole-reatriz] [INFO] DESKTOP [SEARCH-BING] pointsGained=3 | currentBalance=769 | query="best way to improve fire safety at home" | remaining=60
[21:56:18 18/7/2026] [aldole-reatriz] [INFO] DESKTOP [SEARCH-BING] pointsGained=3 | currentBalance=772 | query="best gear for graphic design" | remaining=57
[21:57:26 18/7/2026] [aldole-reatriz] [INFO] DESKTOP [SEARCH-BING] pointsGained=3 | currentBalance=775 | query="step by step fire safety at home" | remaining=54
[21:59:23 18/7/2026] [aldole-reatriz] [INFO] DESKTOP [SEARCH-BING] pointsGained=3 | currentBalance=778 | query="common mistakes with pension plans" | remaining=51
[22:00:27 18/7/2026] [aldole-reatriz] [INFO] DESKTOP [SEARCH-BING] pointsGained=3 | currentBalance=781 | query="where to stay in Montreal" | remaining=48
[22:01:28 18/7/2026] [aldole-reatriz] [INFO] DESKTOP [SEARCH-BING] pointsGained=3 | currentBalance=784 | query="how to start portrait photography" | remaining=45
[22:02:44 18/7/2026] [aldole-reatriz] [INFO] DESKTOP [SEARCH-BING] pointsGained=3 | currentBalance=787 | query="easy turkish phrases 2026" | remaining=42
[22:03:44 18/7/2026] [aldole-reatriz] [INFO] DESKTOP [SEARCH-BING] pointsGained=3 | currentBalance=790 | query="how to find quick party ideas" | remaining=39
[22:05:01 18/7/2026] [aldole-reatriz] [INFO] DESKTOP [SEARCH-BING] pointsGained=3 | currentBalance=793 | query="bóng đá hôm nay việt nam nepal" | remaining=36
[22:06:14 18/7/2026] [aldole-reatriz] [INFO] DESKTOP [SEARCH-BING] pointsGained=3 | currentBalance=796 | query="how much does waxing a car cost" | remaining=33
[22:07:27 18/7/2026] [aldole-reatriz] [INFO] DESKTOP [SEARCH-BING] pointsGained=3 | currentBalance=799 | query="best easy car care tips" | remaining=30
[22:08:33 18/7/2026] [aldole-reatriz] [INFO] DESKTOP [SEARCH-BING] pointsGained=3 | currentBalance=802 | query="easy movie recommendations" | remaining=27
[22:09:38 18/7/2026] [aldole-reatriz] [INFO] DESKTOP [SEARCH-BING] pointsGained=3 | currentBalance=805 | query="best easy internet tips" | remaining=24
[22:12:11 18/7/2026] [aldole-reatriz] [INFO] DESKTOP [SEARCH-BING] pointsGained=3 | currentBalance=808 | query="beginner guide to bacteria" | remaining=21
[22:13:38 18/7/2026] [aldole-reatriz] [INFO] DESKTOP [SEARCH-BING] pointsGained=3 | currentBalance=811 | query="travel backpacks buying guide" | remaining=18
[22:14:59 18/7/2026] [aldole-reatriz] [INFO] DESKTOP [SEARCH-BING] pointsGained=3 | currentBalance=814 | query="what is medieval weapons history" | remaining=15
[22:16:13 18/7/2026] [aldole-reatriz] [INFO] DESKTOP [SEARCH-BING] pointsGained=3 | currentBalance=817 | query="pros and cons of famous castles" | remaining=12
[22:17:14 18/7/2026] [aldole-reatriz] [INFO] DESKTOP [SEARCH-BING] pointsGained=3 | currentBalance=820 | query="best space telescopes tips" | remaining=9
[22:18:25 18/7/2026] [aldole-reatriz] [INFO] DESKTOP [SEARCH-BING] pointsGained=3 | currentBalance=823 | query="best alien movie" | remaining=6
[22:19:36 18/7/2026] [aldole-reatriz] [INFO] DESKTOP [SEARCH-BING] pointsGained=3 | currentBalance=826 | query="beginner guide to gps" | remaining=3
[22:21:01 18/7/2026] [aldole-reatriz] [INFO] DESKTOP [SEARCH-BING] pointsGained=3 | currentBalance=829 | query="how to find easy lunch ideas" | remaining=0
[22:21:01 18/7/2026] [aldole-reatriz] [INFO] DESKTOP [SEARCH-BING] Completed Bing searches | pointsGained=81 | currentBalance=829 | previousBalance=748 | searches=27 | remaining=0
[22:21:39 18/7/2026] [aldole-reatriz] [WARN] DESKTOP [BROWSER] Browser context closed
