[08:46:02 19/7/2026] [MAIN] [INFO] MAIN [RUN-START] Starting Microsoft Rewards Script | v4.0.3 | Accounts: 1 | Proxy routes: 1 | Workers: 1 (auto)
[08:46:02 19/7/2026] [mrs.diggsy] [INFO] MAIN [ACCOUNT-START] Starting account: mrs.diggsy@hotmail.com | geoLocale: auto
[08:46:23 19/7/2026] [mrs.diggsy] [INFO] MAIN [PROXY] Proxy route verified for account; direct HTTP fallback is disabled
[08:46:23 19/7/2026] [mrs.diggsy] [INFO] MAIN [FLOW] Starting session for mrs.diggsy@hotmail.com
[08:46:23 19/7/2026] [mrs.diggsy] [INFO] MOBILE [BROWSER] Launching bundled patched Chromium (Edge UA) | headless: true | platform: win32 | proxy: yes (TLS errors ignored)
[08:46:23 19/7/2026] [mrs.diggsy] [INFO] MOBILE [BROWSER] Created context | User-Agent: "Mozilla/5.0 (Linux; Android 12; K) AppleWebKit/537.36 (KHTML, like Gecko) Chrome/151.0.0.0 Mobile Safari/537.36 EdgA/150.0.4078.65"
[08:46:23 19/7/2026] [mrs.diggsy] [INFO] MAIN [BROWSER] Mobile Browser started | mrs.diggsy@hotmail.com
[08:46:23 19/7/2026] [mrs.diggsy] [INFO] MOBILE [LOGIN] Starting login process
[08:46:32 19/7/2026] [mrs.diggsy] [INFO] MOBILE [LOGIN] Authentication flow reached Rewards | phase=initial login
[08:46:32 19/7/2026] [mrs.diggsy] [INFO] MOBILE [LOGIN] Finalizing login
[08:46:38 19/7/2026] [mrs.diggsy] [INFO] MOBILE [LOGIN] Rewards landing reached; dashboard verification pending
[08:46:38 19/7/2026] [mrs.diggsy] [INFO] MOBILE [LOGIN] Starting Bing session verification
[08:46:38 19/7/2026] [mrs.diggsy] [INFO] MOBILE [LOGIN-BING] Verifying Bing session
[08:46:51 19/7/2026] [mrs.diggsy] [INFO] MOBILE [LOGIN-BING] Bing session verified successfully
[08:46:51 19/7/2026] [mrs.diggsy] [INFO] MOBILE [LOGIN] Acquiring rewards context
[08:46:51 19/7/2026] [mrs.diggsy] [INFO] MOBILE [GET-REWARD-SESSION] Bootstrapping rewards context
[08:46:53 19/7/2026] [mrs.diggsy] [INFO] MOBILE [REACT-PARSE] Snapshot complete | offers=24 | reportable=8 | streaks=3 | streakProtectionEnabled=true | streakProtectionRemainingDays=14 | streakCounter=4 | level=null | account=mrs.diggsy@hotmail.com
[08:47:02 19/7/2026] [mrs.diggsy] [INFO] MOBILE [BOOTSTRAP] Context ready | actions=15 | reportable=8 | available=null
[08:47:02 19/7/2026] [mrs.diggsy] [INFO] MOBILE [BUILD] Rewards build | id=unknown
[08:47:02 19/7/2026] [mrs.diggsy] [INFO] MOBILE [GET-REWARD-SESSION] Context ready | actions=15 | reportable=8 | available=null
[08:47:02 19/7/2026] [mrs.diggsy] [INFO] MOBILE [LOGIN] Logged into Microsoft Rewards successfully
[08:47:02 19/7/2026] [mrs.diggsy] [INFO] MOBILE [LOGIN] Login completed, session saved
[08:47:02 19/7/2026] [mrs.diggsy] [INFO] MOBILE [GET-APP-TOKEN] Requesting mobile access token
[08:47:04 19/7/2026] [mrs.diggsy] [INFO] MOBILE [LOGIN-APP] Mobile access token received
[08:47:08 19/7/2026] [mrs.diggsy] [INFO] MAIN [POINTS] Earnable today | Mobile: 29 | Browser: 24 | App: 5 | mrs.diggsy@hotmail.com | locale: vn
[08:47:08 19/7/2026] [mrs.diggsy] [INFO] MOBILE [ENABLE-STREAK-PROTECTION] Already enabled | remainingDays=14
[08:47:08 19/7/2026] [mrs.diggsy] [INFO] MOBILE [DAILY-SET] Started solving "Daily Set" items
[08:47:08 19/7/2026] [mrs.diggsy] [INFO] MOBILE [ACTIVITY] Found activity type "UrlReward" | title="Turn referrals into rewards" | offerId=Global_DailySet_20260719_Child1
[08:47:08 19/7/2026] [mrs.diggsy] [INFO] MOBILE [URL-REWARD] Starting UrlReward | offerId=Global_DailySet_20260719_Child1 | geo=vn | currentBalance=985
[08:47:09 19/7/2026] [mrs.diggsy] [INFO] MOBILE [URL-REWARD] Completed UrlReward | offerId=Global_DailySet_20260719_Child1 | pointsGained=10 | currentBalance=995
[08:47:28 19/7/2026] [mrs.diggsy] [INFO] MOBILE [ACTIVITY] Found activity type "UrlReward" | title="Spring in the Bay" | offerId=Global_DailySet_20260719_Child2
[08:47:28 19/7/2026] [mrs.diggsy] [INFO] MOBILE [URL-REWARD] Starting UrlReward | offerId=Global_DailySet_20260719_Child2 | geo=vn | currentBalance=995
[08:47:29 19/7/2026] [mrs.diggsy] [INFO] MOBILE [URL-REWARD] Completed UrlReward | offerId=Global_DailySet_20260719_Child2 | pointsGained=10 | currentBalance=1005
[08:47:45 19/7/2026] [mrs.diggsy] [INFO] MOBILE [ACTIVITY] Found activity type "UrlReward" | title="Grilled Perfection?" | offerId=Global_DailySet_20260719_Child3
[08:47:45 19/7/2026] [mrs.diggsy] [INFO] MOBILE [URL-REWARD] Starting UrlReward | offerId=Global_DailySet_20260719_Child3 | geo=vn | currentBalance=1005
[08:47:46 19/7/2026] [mrs.diggsy] [INFO] MOBILE [URL-REWARD] Completed UrlReward | offerId=Global_DailySet_20260719_Child3 | pointsGained=13 | currentBalance=1018
[08:48:01 19/7/2026] [mrs.diggsy] [INFO] MOBILE [DAILY-SET] All "Daily Set" items have been completed
[08:48:01 19/7/2026] [mrs.diggsy] [INFO] MOBILE [MORE-PROMOTIONS] Started solving 2 "More Promotions" items
[08:48:01 19/7/2026] [mrs.diggsy] [INFO] MOBILE [ACTIVITY] Found activity type "UrlReward" | title="Do you know the answer?" | offerId=ENstar_Rewards_DailyGlobalOffer_Evergreen_Sunday
[08:48:01 19/7/2026] [mrs.diggsy] [INFO] MOBILE [URL-REWARD] Starting UrlReward | offerId=ENstar_Rewards_DailyGlobalOffer_Evergreen_Sunday | geo=vn | currentBalance=1018
[08:48:02 19/7/2026] [mrs.diggsy] [INFO] MOBILE [URL-REWARD] Completed UrlReward | offerId=ENstar_Rewards_DailyGlobalOffer_Evergreen_Sunday | pointsGained=5 | currentBalance=1023
[08:48:22 19/7/2026] [mrs.diggsy] [INFO] MOBILE [ACTIVITY] Ignoring non-actionable welcome tour "Take the tour" | offerId=Gamification_FRE_Offer6nonwindows
[08:48:22 19/7/2026] [mrs.diggsy] [INFO] MOBILE [MORE-PROMOTIONS] All "More Promotion" items have been completed
[08:48:22 19/7/2026] [mrs.diggsy] [INFO] MOBILE [DAILY-CHECK-IN] Starting Daily Check-In | geo=vn | currentBalance=1023
[08:48:22 19/7/2026] [mrs.diggsy] [INFO] MOBILE [DAILY-CHECK-IN] Completed Daily Check-In | type=103 | pointsGained=3 | currentBalance=1026
[08:48:22 19/7/2026] [mrs.diggsy] [INFO] MOBILE [APP-PROMOTIONS] All "App Promotions" items have already been completed
[08:48:22 19/7/2026] [mrs.diggsy] [INFO] MOBILE [READ-TO-EARN] Starting Read to Earn | geo=vn | delayRange=30sec-50sec | currentBalance=1026
[08:48:22 19/7/2026] [mrs.diggsy] [INFO] MOBILE [READ-TO-EARN] No points gained, stopping Read to Earn | article=1/10 | status=200 | pointsGained=0 | currentBalance=1026
[08:48:22 19/7/2026] [mrs.diggsy] [INFO] MOBILE [READ-TO-EARN] Completed Read to Earn | articlesRead=0 | pointsGained=0 | previousBalance=1026 | currentBalance=1026
[08:48:23 19/7/2026] [mrs.diggsy] [INFO] MOBILE [REACT-PARSE] Quest list | parents=3 | incomplete=2
[08:48:23 19/7/2026] [mrs.diggsy] [INFO] MOBILE [PUNCHCARD] Found 1 incomplete quest(s) on /earn | api-matched=0
[08:48:23 19/7/2026] [mrs.diggsy] [INFO] MOBILE [REACT-PARSE] Quest snapshot | children=3 | reportable=3
[08:48:23 19/7/2026] [mrs.diggsy] [INFO] MOBILE [PUNCHCARD] Solving "Get started with Rewards" | children=3 | reportable=3
[08:48:24 19/7/2026] [mrs.diggsy] [INFO] MOBILE [PUNCHCARD] Reported child | offerId=WW_pcchild2_redesign_newuser_onboarding_offer_punchcard | status=200 | acknowledged=true | pointsGained=0 | currentBalance=1026
[08:48:35 19/7/2026] [mrs.diggsy] [INFO] MOBILE [PUNCHCARD] Reported child | offerId=WW_pcchild7_redesign_newuser_onboarding_offer_punchcard | status=200 | acknowledged=true | pointsGained=0 | currentBalance=1026
[08:48:43 19/7/2026] [mrs.diggsy] [INFO] MOBILE [PUNCHCARD] Reported child | offerId=WW_pcchild8_redesign_newuser_onboarding_offer_punchcard | status=200 | acknowledged=true | pointsGained=0 | currentBalance=1026
[08:48:53 19/7/2026] [mrs.diggsy] [INFO] MOBILE [PUNCHCARD] Quest "Get started with Rewards" COMPLETE | reported=3 | pointsGained=0 | currentBalance=1026 | targetPoints=1320
[08:48:53 19/7/2026] [mrs.diggsy] [INFO] MOBILE [PUNCHCARD] Finished processing quests
[08:48:54 19/7/2026] [mrs.diggsy] [INFO] MAIN [SEARCH-MANAGER] Mobile: run (missing 18) | Desktop: run (missing 57)
[08:48:54 19/7/2026] [mrs.diggsy] [INFO] MOBILE [SEARCH-BING] Starting Bing searches | currentBalance=1026
[08:48:55 19/7/2026] [mrs.diggsy] [INFO] MOBILE [SEARCH-BING] Search points remaining | edge=0 | desktop=57 | mobile=18
[08:49:16 19/7/2026] [mrs.diggsy] [INFO] MOBILE [SEARCH-BING] Query pool ready | count=8266
[08:49:26 19/7/2026] [mrs.diggsy] [ERROR] MOBILE [SEARCH-BING] Search session error | page.goto: net::ERR_EMPTY_RESPONSE at https://www.bing.com/
Call log:
[2m  - navigating to "https://www.bing.com/", waiting until "load"[22m

[08:49:26 19/7/2026] [mrs.diggsy] [INFO] MOBILE [SEARCH-BING] Completed Bing searches | pointsGained=0 | currentBalance=1026 | previousBalance=1026 | searches=0 | remaining=18
[08:49:39 19/7/2026] [mrs.diggsy] [WARN] MOBILE [BROWSER] Browser context closed
[08:49:40 19/7/2026] [mrs.diggsy] [INFO] MOBILE [CLOSE-BROWSER] All browser resources closed.
[08:49:40 19/7/2026] [mrs.diggsy] [INFO] DESKTOP [BROWSER] Launching bundled patched Chromium (Edge UA) | headless: true | platform: win32 | proxy: yes (TLS errors ignored)
[08:49:41 19/7/2026] [mrs.diggsy] [INFO] DESKTOP [BROWSER] Created context | User-Agent: "Mozilla/5.0 (Windows NT 10.0; Win64; x64) AppleWebKit/537.36 (KHTML, like Gecko) Chrome/151.0.0.0 Safari/537.36 Edg/150.0.4078.83"
[08:49:41 19/7/2026] [mrs.diggsy] [INFO] DESKTOP [BROWSER] Desktop Browser started | mrs.diggsy@hotmail.com
[08:49:41 19/7/2026] [mrs.diggsy] [INFO] DESKTOP [LOGIN] Starting login process
[08:49:51 19/7/2026] [mrs.diggsy] [INFO] DESKTOP [LOGIN] Authentication flow reached Rewards | phase=initial login
[08:49:51 19/7/2026] [mrs.diggsy] [INFO] DESKTOP [LOGIN] Finalizing login
[08:49:55 19/7/2026] [mrs.diggsy] [INFO] DESKTOP [LOGIN] Rewards landing reached; dashboard verification pending
[08:49:55 19/7/2026] [mrs.diggsy] [INFO] DESKTOP [LOGIN] Starting Bing session verification
[08:49:55 19/7/2026] [mrs.diggsy] [INFO] DESKTOP [LOGIN-BING] Verifying Bing session
[08:50:21 19/7/2026] [mrs.diggsy] [WARN] DESKTOP [LOGIN] Unknown state at www.bing.com/, waiting
[08:50:22 19/7/2026] [mrs.diggsy] [INFO] DESKTOP [LOGIN-BING] Bing session verified successfully
[08:50:22 19/7/2026] [mrs.diggsy] [INFO] DESKTOP [LOGIN] Acquiring rewards context
[08:50:22 19/7/2026] [mrs.diggsy] [INFO] DESKTOP [GET-REWARD-SESSION] Bootstrapping rewards context
[08:50:23 19/7/2026] [mrs.diggsy] [INFO] DESKTOP [REACT-PARSE] Snapshot complete | offers=27 | reportable=6 | streaks=3 | streakProtectionEnabled=true | streakProtectionRemainingDays=14 | streakCounter=4 | level=null | account=mrs.diggsy@hotmail.com
[08:50:26 19/7/2026] [mrs.diggsy] [INFO] DESKTOP [BOOTSTRAP] Context ready | actions=15 | reportable=6 | available=null
[08:50:26 19/7/2026] [mrs.diggsy] [INFO] DESKTOP [BUILD] Rewards build | id=unknown
[08:50:26 19/7/2026] [mrs.diggsy] [INFO] DESKTOP [GET-REWARD-SESSION] Context ready | actions=15 | reportable=6 | available=null
[08:50:26 19/7/2026] [mrs.diggsy] [INFO] DESKTOP [LOGIN] Logged into Microsoft Rewards successfully
[08:50:26 19/7/2026] [mrs.diggsy] [INFO] DESKTOP [LOGIN] Login completed, session saved
[08:50:28 19/7/2026] [mrs.diggsy] [INFO] DESKTOP [REACT-PARSE] Quest list | parents=4 | incomplete=2
[08:50:28 19/7/2026] [mrs.diggsy] [INFO] DESKTOP [PUNCHCARD] Found 1 incomplete quest(s) on /earn | api-matched=0
[08:50:29 19/7/2026] [mrs.diggsy] [INFO] DESKTOP [REACT-PARSE] Quest snapshot | children=3 | reportable=3
[08:50:29 19/7/2026] [mrs.diggsy] [INFO] DESKTOP [PUNCHCARD] Solving "Get started with Rewards" | children=3 | reportable=3
[08:50:30 19/7/2026] [mrs.diggsy] [INFO] DESKTOP [PUNCHCARD] Reported child | offerId=WW_pcchild2_redesign_newuser_onboarding_offer_punchcard | status=200 | acknowledged=true | pointsGained=12 | currentBalance=1038
[08:50:41 19/7/2026] [mrs.diggsy] [INFO] DESKTOP [PUNCHCARD] Reported child | offerId=WW_pcchild7_redesign_newuser_onboarding_offer_punchcard | status=200 | acknowledged=true | pointsGained=0 | currentBalance=1038
[08:50:55 19/7/2026] [mrs.diggsy] [INFO] DESKTOP [PUNCHCARD] Reported child | offerId=WW_pcchild8_redesign_newuser_onboarding_offer_punchcard | status=200 | acknowledged=true | pointsGained=3 | currentBalance=1041
[08:51:02 19/7/2026] [mrs.diggsy] [INFO] DESKTOP [PUNCHCARD] Quest "Get started with Rewards" COMPLETE | reported=3 | pointsGained=15 | currentBalance=1041 | targetPoints=1320
[08:51:02 19/7/2026] [mrs.diggsy] [INFO] DESKTOP [PUNCHCARD] Finished processing quests
[08:51:02 19/7/2026] [mrs.diggsy] [INFO] DESKTOP [SEARCH-BING] Starting Bing searches | currentBalance=1041
[08:51:03 19/7/2026] [mrs.diggsy] [INFO] DESKTOP [SEARCH-BING] Search points remaining | edge=0 | desktop=51 | mobile=12
[08:51:26 19/7/2026] [mrs.diggsy] [INFO] DESKTOP [SEARCH-BING] Query pool ready | count=8267
[08:52:50 19/7/2026] [mrs.diggsy] [INFO] DESKTOP [SEARCH-BING] pointsGained=9 | currentBalance=1050 | query="common cycling mistakes" | remaining=42
[08:54:04 19/7/2026] [mrs.diggsy] [INFO] DESKTOP [SEARCH-BING] pointsGained=6 | currentBalance=1056 | query="tools for cleaning a monitor" | remaining=36
[08:55:22 19/7/2026] [mrs.diggsy] [INFO] DESKTOP [SEARCH-BING] pointsGained=6 | currentBalance=1062 | query="phone chargers buying guide" | remaining=30
[08:56:25 19/7/2026] [mrs.diggsy] [INFO] DESKTOP [SEARCH-BING] pointsGained=3 | currentBalance=1065 | query="best quick date ideas" | remaining=27
[08:57:38 19/7/2026] [mrs.diggsy] [INFO] DESKTOP [SEARCH-BING] pointsGained=3 | currentBalance=1068 | query="best metabolism tips" | remaining=24
[08:58:50 19/7/2026] [mrs.diggsy] [INFO] DESKTOP [SEARCH-BING] pointsGained=3 | currentBalance=1071 | query="asteroids explained simply" | remaining=21
